Component: ARM Compiler 5.06 update 1 (build 61) Tool: armlink [4d35a8]

==============================================================================

Section Cross References

    main.o(i.Decrement_TimingDelay) refers to main.o(.data) for TimingDelay
    main.o(i.forwardingPutChar) refers to stm32f10x_usart.o(i.USART_SendData) for USART_SendData
    main.o(i.forwardingPutChar) refers to stm32f10x_usart.o(i.USART_GetFlagStatus) for USART_GetFlagStatus
    main.o(i.forwardingSend) refers to main.o(i.forwardingPutChar) for forwardingPutChar
    main.o(i.main) refers to hw_config.o(i.Set_System) for Set_System
    main.o(i.main) refers to hw_config.o(i.Interrupts_Config) for Interrupts_Config
    main.o(i.main) refers to hw_config.o(i.Timer_Config) for Timer_Config
    main.o(i.main) refers to drv_led.o(i.LED_Config) for LED_Config
    main.o(i.main) refers to hw_config.o(i.delay_ms) for delay_ms
    main.o(i.main) refers to lib_configmanager.o(i.ConfigManager_HWInit) for ConfigManager_HWInit
    main.o(i.main) refers to main.o(i.usr_fwdUARTInit) for usr_fwdUARTInit
    main.o(i.main) refers to drv_led.o(i.LED_On) for LED_On
    main.o(i.main) refers to drv_led.o(i.LED_Off) for LED_Off
    main.o(i.main) refers to main.o(i.forwardingSend) for forwardingSend
    main.o(i.main) refers to lib_configmanager.o(i.ConfigManager_TagHunting) for ConfigManager_TagHunting
    main.o(i.main) refers to main.o(i.Hex2Char) for Hex2Char
    main.o(i.main) refers to memcmp.o(.text) for memcmp
    main.o(i.main) refers to strlen.o(.text) for strlen
    main.o(i.main) refers to rt_memcpy_v6.o(.text) for __aeabi_memcpy
    main.o(i.main) refers to main.o(.constdata) for .constdata
    main.o(i.main) refers to lib_configmanager.o(.bss) for TagUID
    main.o(i.main) refers to lib_iso14443apcd.o(.bss) for ISO14443A_Card
    main.o(i.main) refers to lib_iso18092pcd.o(.bss) for FELICA_Card
    main.o(i.main) refers to lib_iso14443bpcd.o(.bss) for ISO14443B_Card
    main.o(i.usr_fwdUARTInit) refers to stm32f10x_rcc.o(i.RCC_APB2PeriphClockCmd) for RCC_APB2PeriphClockCmd
    main.o(i.usr_fwdUARTInit) refers to stm32f10x_gpio.o(i.GPIO_Init) for GPIO_Init
    main.o(i.usr_fwdUARTInit) refers to stm32f10x_usart.o(i.USART_Init) for USART_Init
    main.o(i.usr_fwdUARTInit) refers to stm32f10x_usart.o(i.USART_Cmd) for USART_Cmd
    hw_config.o(i.Interrupts_Config) refers to misc.o(i.NVIC_PriorityGroupConfig) for NVIC_PriorityGroupConfig
    hw_config.o(i.Interrupts_Config) refers to misc.o(i.NVIC_Init) for NVIC_Init
    hw_config.o(i.Set_System) refers to hw_config.o(i.USB_Disconnect_Config) for USB_Disconnect_Config
    hw_config.o(i.Set_System) refers to stm32f10x_rcc.o(i.RCC_APB1PeriphClockCmd) for RCC_APB1PeriphClockCmd
    hw_config.o(i.TimerDelay_ms_Config) refers to stm32f10x_tim.o(i.TIM_TimeBaseInit) for TIM_TimeBaseInit
    hw_config.o(i.TimerDelay_ms_Config) refers to stm32f10x_tim.o(i.TIM_UpdateRequestConfig) for TIM_UpdateRequestConfig
    hw_config.o(i.TimerDelay_ms_Config) refers to stm32f10x_tim.o(i.TIM_ClearITPendingBit) for TIM_ClearITPendingBit
    hw_config.o(i.TimerDelay_ms_Config) refers to stm32f10x_tim.o(i.TIM_ITConfig) for TIM_ITConfig
    hw_config.o(i.TimerDelay_ms_Config) refers to stm32f10x_tim.o(i.TIM_Cmd) for TIM_Cmd
    hw_config.o(i.TimerDelay_us_Config) refers to stm32f10x_tim.o(i.TIM_TimeBaseInit) for TIM_TimeBaseInit
    hw_config.o(i.TimerDelay_us_Config) refers to stm32f10x_tim.o(i.TIM_UpdateRequestConfig) for TIM_UpdateRequestConfig
    hw_config.o(i.TimerDelay_us_Config) refers to stm32f10x_tim.o(i.TIM_ClearITPendingBit) for TIM_ClearITPendingBit
    hw_config.o(i.TimerDelay_us_Config) refers to stm32f10x_tim.o(i.TIM_ITConfig) for TIM_ITConfig
    hw_config.o(i.TimerDelay_us_Config) refers to stm32f10x_tim.o(i.TIM_Cmd) for TIM_Cmd
    hw_config.o(i.Timer_Config) refers to hw_config.o(i.Timer_RCC_Config) for Timer_RCC_Config
    hw_config.o(i.Timer_Config) refers to hw_config.o(i.Timer_Structure_Config) for Timer_Structure_Config
    hw_config.o(i.Timer_RCC_Config) refers to stm32f10x_rcc.o(i.RCC_APB1PeriphClockCmd) for RCC_APB1PeriphClockCmd
    hw_config.o(i.Timer_Structure_Config) refers to drv_interrupt.o(i.drvInt_TimeoutTimerConfig) for drvInt_TimeoutTimerConfig
    hw_config.o(i.Timer_Structure_Config) refers to drv_interrupt.o(i.drvInt_AppliTimeoutTimerConfig) for drvInt_AppliTimeoutTimerConfig
    hw_config.o(i.Timer_Structure_Config) refers to stm32f10x_tim.o(i.TIM_TimeBaseInit) for TIM_TimeBaseInit
    hw_config.o(i.Timer_Structure_Config) refers to stm32f10x_tim.o(i.TIM_UpdateRequestConfig) for TIM_UpdateRequestConfig
    hw_config.o(i.Timer_Structure_Config) refers to stm32f10x_tim.o(i.TIM_ClearITPendingBit) for TIM_ClearITPendingBit
    hw_config.o(i.Timer_Structure_Config) refers to stm32f10x_tim.o(i.TIM_ITConfig) for TIM_ITConfig
    hw_config.o(i.USB_Disconnect_Config) refers to stm32f10x_rcc.o(i.RCC_APB2PeriphClockCmd) for RCC_APB2PeriphClockCmd
[...]
    .ARM.Collect$$libinit$$00000023          0x080001a6   Section        0  libinit2.o(.ARM.Collect$$libinit$$00000023)
    .ARM.Collect$$libinit$$00000025          0x080001a6   Section        0  libinit2.o(.ARM.Collect$$libinit$$00000025)
    .ARM.Collect$$libinit$$0000002C          0x080001a6   Section        0  libinit2.o(.ARM.Collect$$libinit$$0000002C)
    .ARM.Collect$$libinit$$0000002E          0x080001a6   Section        0  libinit2.o(.ARM.Collect$$libinit$$0000002E)
    .ARM.Collect$$libinit$$00000030          0x080001a6   Section        0  libinit2.o(.ARM.Collect$$libinit$$00000030)
    .ARM.Collect$$libinit$$00000032          0x080001a6   Section        0  libinit2.o(.ARM.Collect$$libinit$$00000032)
    .ARM.Collect$$libinit$$00000033          0x080001a6   Section        2  libinit2.o(.ARM.Collect$$libinit$$00000033)
    .ARM.Collect$$libshutdown$$00000000      0x080001a8   Section        2  libshutdown.o(.ARM.Collect$$libshutdown$$00000000)
    .ARM.Collect$$libshutdown$$00000002      0x080001aa   Section        0  libshutdown2.o(.ARM.Collect$$libshutdown$$00000002)
    .ARM.Collect$$libshutdown$$00000004      0x080001aa   Section        0  libshutdown2.o(.ARM.Collect$$libshutdown$$00000004)
    .ARM.Collect$$libshutdown$$00000007      0x080001aa   Section        0  libshutdown2.o(.ARM.Collect$$libshutdown$$00000007)
    .ARM.Collect$$libshutdown$$0000000A      0x080001aa   Section        0  libshutdown2.o(.ARM.Collect$$libshutdown$$0000000A)
    .ARM.Collect$$libshutdown$$0000000C      0x080001aa   Section        0  libshutdown2.o(.ARM.Collect$$libshutdown$$0000000C)
    .ARM.Collect$$libshutdown$$0000000F      0x080001aa   Section        0  libshutdown2.o(.ARM.Collect$$libshutdown$$0000000F)
    .ARM.Collect$$libshutdown$$00000010      0x080001aa   Section        2  libshutdown2.o(.ARM.Collect$$libshutdown$$00000010)
    .ARM.Collect$$rtentry$$00000000          0x080001ac   Section        0  __rtentry.o(.ARM.Collect$$rtentry$$00000000)
    .ARM.Collect$$rtentry$$00000002          0x080001ac   Section        0  __rtentry2.o(.ARM.Collect$$rtentry$$00000002)
    .ARM.Collect$$rtentry$$00000004          0x080001ac   Section        6  __rtentry4.o(.ARM.Collect$$rtentry$$00000004)
    .ARM.Collect$$rtentry$$00000009          0x080001b2   Section        0  __rtentry2.o(.ARM.Collect$$rtentry$$00000009)
    .ARM.Collect$$rtentry$$0000000A          0x080001b2   Section        4  __rtentry2.o(.ARM.Collect$$rtentry$$0000000A)
    .ARM.Collect$$rtentry$$0000000C          0x080001b6   Section        0  __rtentry2.o(.ARM.Collect$$rtentry$$0000000C)
    .ARM.Collect$$rtentry$$0000000D          0x080001b6   Section        8  __rtentry2.o(.ARM.Collect$$rtentry$$0000000D)
    .ARM.Collect$$rtexit$$00000000           0x080001be   Section        2  rtexit.o(.ARM.Collect$$rtexit$$00000000)
    .ARM.Collect$$rtexit$$00000002           0x080001c0   Section        0  rtexit2.o(.ARM.Collect$$rtexit$$00000002)
    .ARM.Collect$$rtexit$$00000003           0x080001c0   Section        4  rtexit2.o(.ARM.Collect$$rtexit$$00000003)
    .ARM.Collect$$rtexit$$00000004           0x080001c4   Section        6  rtexit2.o(.ARM.Collect$$rtexit$$00000004)
    .text                                    0x080001cc   Section       64  startup_stm32f10x_xl.o(.text)
    .text                                    0x0800020c   Section        0  memcmp.o(.text)
    .text                                    0x08000264   Section        0  strlen.o(.text)
    .text                                    0x080002a2   Section      138  rt_memcpy_v6.o(.text)
    .text                                    0x0800032c   Section       68  rt_memclr.o(.text)
    .text                                    0x08000370   Section       78  rt_memclr_w.o(.text)
    .text                                    0x080003be   Section        0  heapauxi.o(.text)
    .text                                    0x080003c4   Section      100  rt_memcpy_w.o(.text)
    .text                                    0x08000428   Section       74  sys_stackheap_outer.o(.text)
    .text                                    0x08000472   Section        0  exit.o(.text)
    .text                                    0x08000484   Section        8  libspace.o(.text)
    .text                                    0x0800048c   Section        0  sys_exit.o(.text)
    .text                                    0x08000498   Section        2  use_no_semi.o(.text)
    .text                                    0x0800049a   Section        0  indicate_semi.o(.text)
    i.BusFault_Handler                       0x0800049a   Section        0  stm32f10x_it.o(i.BusFault_Handler)
    i.ConfigManager_HWInit                   0x080004a0   Section        0  lib_configmanager.o(i.ConfigManager_HWInit)
    i.ConfigManager_IDN                      0x080004c4   Section        0  lib_configmanager.o(i.ConfigManager_IDN)
    ConfigManager_IDN                        0x080004c5   Thumb Code    22  lib_configmanager.o(i.ConfigManager_IDN)
    i.ConfigManager_Init                     0x080004e0   Section        0  lib_configmanager.o(i.ConfigManager_Init)
    ConfigManager_Init                       0x080004e1   Thumb Code    16  lib_configmanager.o(i.ConfigManager_Init)
    i.ConfigManager_PORsequence              0x080004f0   Section        0  lib_configmanager.o(i.ConfigManager_PORsequence)
    ConfigManager_PORsequence                0x080004f1   Thumb Code   126  lib_configmanager.o(i.ConfigManager_PORsequence)
    i.ConfigManager_Start                    0x08000578   Section        0  lib_configmanager.o(i.ConfigManager_Start)
    ConfigManager_Start                      0x08000579   Thumb Code    20  lib_configmanager.o(i.ConfigManager_Start)
    i.ConfigManager_TagHunting               0x0800059c   Section        0  lib_configmanager.o(i.ConfigManager_TagHunting)
    i.DebugMon_Handler                       0x08000684   Section        0  stm32f10x_it.o(i.DebugMon_Handler)
    i.EXTI3_IRQHandler                       0x08000688   Section        0  stm32f10x_it.o(i.EXTI3_IRQHandler)
    i.EXTI_ClearITPendingBit                 0x080006c8   Section        0  stm32f10x_exti.o(i.EXTI_ClearITPendingBit)
    i.EXTI_GetITStatus                       0x080006d4   Section        0  stm32f10x_exti.o(i.EXTI_GetITStatus)
    i.EXTI_Init                              0x080006f4   Section        0  stm32f10x_exti.o(i.EXTI_Init)
    i.FELICA_Init                            0x08000764   Section        0  lib_iso18092pcd.o(i.FELICA_Init)
    FELICA_Init                              0x08000765   Thumb Code   130  lib_iso18092pcd.o(i.FELICA_Init)
    i.FELICA_Initialization                  0x080007f8   Section        0  lib_iso18092pcd.o(i.FELICA_Initialization)
    i.FELICA_IsPresent                       0x0800080c   Section        0  lib_iso18092pcd.o(i.FELICA_IsPresent)
    i.FELICA_REQC                            0x0800086c   Section        0  lib_iso18092pcd.o(i.FELICA_REQC)
    FELICA_REQC                              0x0800086d   Thumb Code    36  lib_iso18092pcd.o(i.FELICA_REQC)
    i.FSCIToFSC                              0x08000894   Section        0  lib_iso14443apcd.o(i.FSCIToFSC)
    FSCIToFSC                                0x08000895   Thumb Code    70  lib_iso14443apcd.o(i.FSCIToFSC)
    i.GPIO_Init                              0x080008dc   Section        0  stm32f10x_gpio.o(i.GPIO_Init)
    i.GPIO_ReadInputDataBit                  0x0800097e   Section        0  stm32f10x_gpio.o(i.GPIO_ReadInputDataBit)
    i.GPIO_ResetBits                         0x0800098c   Section        0  stm32f10x_gpio.o(i.GPIO_ResetBits)
    i.GPIO_SetBits                           0x08000990   Section        0  stm32f10x_gpio.o(i.GPIO_SetBits)
    i.GPIO_WriteBit                          0x08000994   Section        0  stm32f10x_gpio.o(i.GPIO_WriteBit)
    i.HardFault_Handler                      0x0800099e   Section        0  stm32f10x_it.o(i.HardFault_Handler)
    i.Hex2Char                               0x080009a2   Section        0  main.o(i.Hex2Char)
    i.IRQOut_Config                          0x080009ea   Section        0  drv_interrupt.o(i.IRQOut_Config)
    i.IRQOut_GPIO_Config                     0x080009f4   Section        0  drv_interrupt.o(i.IRQOut_GPIO_Config)
    IRQOut_GPIO_Config                       0x080009f5   Thumb Code    40  drv_interrupt.o(i.IRQOut_GPIO_Config)
    i.ISO14443A_AC                           0x08000a20   Section        0  lib_iso14443apcd.o(i.ISO14443A_AC)
    ISO14443A_AC                             0x08000a21   Thumb Code   688  lib_iso14443apcd.o(i.ISO14443A_AC)
    i.ISO14443A_ACLevel1                     0x08000cd8   Section        0  lib_iso14443apcd.o(i.ISO14443A_ACLevel1)
    ISO14443A_ACLevel1                       0x08000cd9   Thumb Code   198  lib_iso14443apcd.o(i.ISO14443A_ACLevel1)
    i.ISO14443A_ACLevel2                     0x08000da8   Section        0  lib_iso14443apcd.o(i.ISO14443A_ACLevel2)
    ISO14443A_ACLevel2                       0x08000da9   Thumb Code   206  lib_iso14443apcd.o(i.ISO14443A_ACLevel2)
    i.ISO14443A_ACLevel3                     0x08000e80   Section        0  lib_iso14443apcd.o(i.ISO14443A_ACLevel3)
    ISO14443A_ACLevel3                       0x08000e81   Thumb Code   152  lib_iso14443apcd.o(i.ISO14443A_ACLevel3)
    i.ISO14443A_Anticollision                0x08000f20   Section        0  lib_iso14443apcd.o(i.ISO14443A_Anticollision)
    i.ISO14443A_CompleteStructure            0x08000fe4   Section        0  lib_iso14443apcd.o(i.ISO14443A_CompleteStructure)
    ISO14443A_CompleteStructure              0x08000fe5   Thumb Code    58  lib_iso14443apcd.o(i.ISO14443A_CompleteStructure)
    i.ISO14443A_ConfigFDT                    0x08001024   Section        0  lib_iso14443apcd.o(i.ISO14443A_ConfigFDT)
    i.ISO14443A_ConfigFDTforAnticollision    0x080010ec   Section        0  lib_iso14443apcd.o(i.ISO14443A_ConfigFDTforAnticollision)
    i.ISO14443A_ConfigFDTforRATS             0x08001190   Section        0  lib_iso14443apcd.o(i.ISO14443A_ConfigFDTforRATS)
    i.ISO14443A_Init                         0x08001244   Section        0  lib_iso14443apcd.o(i.ISO14443A_Init)
    i.ISO14443A_InitStructure                0x08001278   Section        0  lib_iso14443apcd.o(i.ISO14443A_InitStructure)
    ISO14443A_InitStructure                  0x08001279   Thumb Code    26  lib_iso14443apcd.o(i.ISO14443A_InitStructure)
    i.ISO14443A_IsPresent                    0x08001298   Section        0  lib_iso14443apcd.o(i.ISO14443A_IsPresent)
    i.ISO14443A_RATS                         0x080012dc   Section        0  lib_iso14443apcd.o(i.ISO14443A_RATS)
    ISO14443A_RATS                           0x080012dd   Thumb Code   140  lib_iso14443apcd.o(i.ISO14443A_RATS)
    i.ISO14443A_REQA                         0x08001374   Section        0  lib_iso14443apcd.o(i.ISO14443A_REQA)
    ISO14443A_REQA                           0x08001375   Thumb Code    52  lib_iso14443apcd.o(i.ISO14443A_REQA)
    i.ISO14443BReadARConfigB                 0x080013b0   Section        0  lib_iso14443bpcd.o(i.ISO14443BReadARConfigB)
    ISO14443BReadARConfigB                   0x080013b1   Thumb Code    72  lib_iso14443bpcd.o(i.ISO14443BReadARConfigB)
    i.ISO14443B_Anticollision                0x080013f8   Section        0  lib_iso14443bpcd.o(i.ISO14443B_Anticollision)
    i.ISO14443B_AttriB                       0x08001454   Section        0  lib_iso14443bpcd.o(i.ISO14443B_AttriB)
    i.ISO14443B_CompleteStruture             0x080014ac   Section        0  lib_iso14443bpcd.o(i.ISO14443B_CompleteStruture)
    ISO14443B_CompleteStruture               0x080014ad   Thumb Code    40  lib_iso14443bpcd.o(i.ISO14443B_CompleteStruture)
    i.ISO14443B_Init                         0x080014d8   Section        0  lib_iso14443bpcd.o(i.ISO14443B_Init)
    i.ISO14443B_InitStructure                0x08001558   Section        0  lib_iso14443bpcd.o(i.ISO14443B_InitStructure)
    ISO14443B_InitStructure                  0x08001559   Thumb Code    36  lib_iso14443bpcd.o(i.ISO14443B_InitStructure)
    i.ISO14443B_IsPresent                    0x08001580   Section        0  lib_iso14443bpcd.o(i.ISO14443B_IsPresent)
    i.ISO14443B_ReqB                         0x080015b8   Section        0  lib_iso14443bpcd.o(i.ISO14443B_ReqB)
    i.ISO14443B_WriteARConfigB               0x080015f8   Section        0  lib_iso14443bpcd.o(i.ISO14443B_WriteARConfigB)
    ISO14443B_WriteARConfigB                 0x080015f9   Thumb Code    46  lib_iso14443bpcd.o(i.ISO14443B_WriteARConfigB)
    i.ISO14443B_WriteAndCheckARConfigB       0x08001630   Section        0  lib_iso14443bpcd.o(i.ISO14443B_WriteAndCheckARConfigB)
    ISO14443B_WriteAndCheckARConfigB         0x08001631   Thumb Code    66  lib_iso14443bpcd.o(i.ISO14443B_WriteAndCheckARConfigB)
    i.ISO15693_CreateRequestFlag             0x08001678   Section        0  lib_iso15693pcd.o(i.ISO15693_CreateRequestFlag)
    ISO15693_CreateRequestFlag               0x08001679   Thumb Code    82  lib_iso15693pcd.o(i.ISO15693_CreateRequestFlag)
    i.ISO15693_GetSelectOrAFIFlag            0x080016ca   Section        0  lib_iso15693pcd.o(i.ISO15693_GetSelectOrAFIFlag)
    ISO15693_GetSelectOrAFIFlag              0x080016cb   Thumb Code    16  lib_iso15693pcd.o(i.ISO15693_GetSelectOrAFIFlag)
    i.ISO15693_GetUID                        0x080016dc   Section        0  lib_iso15693pcd.o(i.ISO15693_GetUID)
    i.ISO15693_Init                          0x08001770   Section        0  lib_iso15693pcd.o(i.ISO15693_Init)
    i.ISO15693_Inventory                     0x080017e4   Section        0  lib_iso15693pcd.o(i.ISO15693_Inventory)
    ISO15693_Inventory                       0x080017e5   Thumb Code   302  lib_iso15693pcd.o(i.ISO15693_Inventory)
    i.ISO15693_IsInventoryFlag               0x08001912   Section        0  lib_iso15693pcd.o(i.ISO15693_IsInventoryFlag)
    ISO15693_IsInventoryFlag                 0x08001913   Thumb Code    18  lib_iso15693pcd.o(i.ISO15693_IsInventoryFlag)
    i.Interrupts_Config                      0x08001924   Section        0  hw_config.o(i.Interrupts_Config)
    i.IsAnAvailableProtocol                  0x080019d8   Section        0  lib_pcd.o(i.IsAnAvailableProtocol)
    IsAnAvailableProtocol                    0x080019d9   Thumb Code    40  lib_pcd.o(i.IsAnAvailableProtocol)
    i.LED_Config                             0x08001a00   Section        0  drv_led.o(i.LED_Config)
    i.LED_Off                                0x08001a40   Section        0  drv_led.o(i.LED_Off)
    i.LED_On                                 0x08001a58   Section        0  drv_led.o(i.LED_On)
    i.MemManage_Handler                      0x08001a70   Section        0  stm32f10x_it.o(i.MemManage_Handler)
    i.NMI_Handler                            0x08001a74   Section        0  stm32f10x_it.o(i.NMI_Handler)
    i.NVIC_Init                              0x08001a78   Section        0  misc.o(i.NVIC_Init)
    i.NVIC_PriorityGroupConfig               0x08001adc   Section        0  misc.o(i.NVIC_PriorityGroupConfig)
    i.PCD_CheckSendReceive                   0x08001af0   Section        0  lib_pcd.o(i.PCD_CheckSendReceive)
    i.PCD_Echo                               0x08001b10   Section        0  lib_pcd.o(i.PCD_Echo)
    i.PCD_FieldOff                           0x08001b2c   Section        0  lib_pcd.o(i.PCD_FieldOff)
    i.PCD_IsCRCOk                            0x08001b40   Section        0  lib_pcd.o(i.PCD_IsCRCOk)
    i.PCD_IsReaderResultCodeOk               0x08001baa   Section        0  lib_pcd.o(i.PCD_IsReaderResultCodeOk)
    i.PCD_PORsequence                        0x08001ca8   Section        0  lib_pcd.o(i.PCD_PORsequence)
    i.PCD_ProtocolSelect                     0x08001d20   Section        0  lib_pcd.o(i.PCD_ProtocolSelect)
    i.PCD_ReadRegister                       0x08001d90   Section        0  lib_pcd.o(i.PCD_ReadRegister)
    i.PCD_SendRecv                           0x08001dd2   Section        0  lib_pcd.o(i.PCD_SendRecv)
    i.PCD_WriteRegister                      0x08001e34   Section        0  lib_pcd.o(i.PCD_WriteRegister)
    i.PendSV_Handler                         0x08001e72   Section        0  stm32f10x_it.o(i.PendSV_Handler)
    i.RCC_APB1PeriphClockCmd                 0x08001e74   Section        0  stm32f10x_rcc.o(i.RCC_APB1PeriphClockCmd)
    i.RCC_APB1PeriphResetCmd                 0x08001e8c   Section        0  stm32f10x_rcc.o(i.RCC_APB1PeriphResetCmd)
    i.RCC_APB2PeriphClockCmd                 0x08001ea4   Section        0  stm32f10x_rcc.o(i.RCC_APB2PeriphClockCmd)
    i.RCC_APB2PeriphResetCmd                 0x08001ebc   Section        0  stm32f10x_rcc.o(i.RCC_APB2PeriphResetCmd)
    i.RCC_GetClocksFreq                      0x08001ed4   Section        0  stm32f10x_rcc.o(i.RCC_GetClocksFreq)
    i.SPI_Cmd                                0x08001f64   Section        0  stm32f10x_spi.o(i.SPI_Cmd)
    i.SPI_I2S_DeInit                         0x08001f78   Section        0  stm32f10x_spi.o(i.SPI_I2S_DeInit)
    i.SPI_I2S_GetFlagStatus                  0x08001fcc   Section        0  stm32f10x_spi.o(i.SPI_I2S_GetFlagStatus)
    i.SPI_I2S_ReceiveData                    0x08001fda   Section        0  stm32f10x_spi.o(i.SPI_I2S_ReceiveData)
    i.SPI_I2S_SendData                       0x08001fde   Section        0  stm32f10x_spi.o(i.SPI_I2S_SendData)
    i.SPI_Init                               0x08001fe2   Section        0  stm32f10x_spi.o(i.SPI_Init)
    i.SPI_SendReceiveBuffer                  0x0800201a   Section        0  drv_spi.o(i.SPI_SendReceiveBuffer)
    i.SPI_SendReceiveByte                    0x08002050   Section        0  drv_spi.o(i.SPI_SendReceiveByte)
    i.SPI_StructInit                         0x08002084   Section        0  stm32f10x_spi.o(i.SPI_StructInit)
    i.SVC_Handler                            0x0800209c   Section        0  stm32f10x_it.o(i.SVC_Handler)
    i.SetSysClock                            0x0800209e   Section        0  system_stm32f10x.o(i.SetSysClock)
    SetSysClock                              0x0800209f   Thumb Code     8  system_stm32f10x.o(i.SetSysClock)
    i.SetSysClockTo72                        0x080020a8   Section        0  system_stm32f10x.o(i.SetSysClockTo72)
    SetSysClockTo72                          0x080020a9   Thumb Code   214  system_stm32f10x.o(i.SetSysClockTo72)
    i.Set_System                             0x08002188   Section        0  hw_config.o(i.Set_System)
    i.StartTimeOut                           0x08002198   Section        0  drv_interrupt.o(i.StartTimeOut)
    i.StopTimeOut                            0x080021c4   Section        0  drv_interrupt.o(i.StopTimeOut)
    i.SysTick_Handler                        0x080021d4   Section        0  stm32f10x_it.o(i.SysTick_Handler)
    i.SystemInit                             0x080021d8   Section        0  system_stm32f10x.o(i.SystemInit)
    i.TIM2_IRQHandler                        0x08002238   Section        0  stm32f10x_it.o(i.TIM2_IRQHandler)
    i.TIM3_IRQHandler                        0x08002248   Section        0  drv_interrupt.o(i.TIM3_IRQHandler)
    i.TIM4_IRQHandler                        0x08002284   Section        0  drv_interrupt.o(i.TIM4_IRQHandler)
    i.TIM_ClearITPendingBit                  0x080022c0   Section        0  stm32f10x_tim.o(i.TIM_ClearITPendingBit)
    i.TIM_Cmd                                0x080022c6   Section        0  stm32f10x_tim.o(i.TIM_Cmd)
    i.TIM_ITConfig                           0x080022da   Section        0  stm32f10x_tim.o(i.TIM_ITConfig)
    i.TIM_SetCounter                         0x080022ea   Section        0  stm32f10x_tim.o(i.TIM_SetCounter)
    i.TIM_TimeBaseInit                       0x080022f0   Section        0  stm32f10x_tim.o(i.TIM_TimeBaseInit)
    i.TIM_UpdateRequestConfig                0x0800238c   Section        0  stm32f10x_tim.o(i.TIM_UpdateRequestConfig)
    i.TOPAZ_ID                               0x080023a0   Section        0  lib_iso14443apcd.o(i.TOPAZ_ID)
    i.TimerDelay_ms_Config                   0x08002400   Section        0  hw_config.o(i.TimerDelay_ms_Config)
    TimerDelay_ms_Config                     0x08002401   Thumb Code    76  hw_config.o(i.TimerDelay_ms_Config)
    i.TimerDelay_us_Config                   0x0800244c   Section        0  hw_config.o(i.TimerDelay_us_Config)
    TimerDelay_us_Config                     0x0800244d   Thumb Code    74  hw_config.o(i.TimerDelay_us_Config)
    i.Timer_Config                           0x08002496   Section        0  hw_config.o(i.Timer_Config)
    i.Timer_RCC_Config                       0x080024a2   Section        0  hw_config.o(i.Timer_RCC_Config)
    i.Timer_Structure_Config                 0x080024ae   Section        0  hw_config.o(i.Timer_Structure_Config)
    i.UART_ReceiveBuffer                     0x080024f8   Section        0  drv_uart.o(i.UART_ReceiveBuffer)
    i.UART_ReceiveByte                       0x0800252c   Section        0  drv_uart.o(i.UART_ReceiveByte)
    i.UART_SendBuffer                        0x08002560   Section        0  drv_uart.o(i.UART_SendBuffer)
    i.UART_SendByte                          0x08002582   Section        0  drv_uart.o(i.UART_SendByte)
    i.USART_Cmd                              0x080025a0   Section        0  stm32f10x_usart.o(i.USART_Cmd)
    i.USART_DeInit                           0x080025b4   Section        0  stm32f10x_usart.o(i.USART_DeInit)
    i.USART_GetFlagStatus                    0x08002628   Section        0  stm32f10x_usart.o(i.USART_GetFlagStatus)
    i.USART_Init                             0x08002638   Section        0  stm32f10x_usart.o(i.USART_Init)
    i.USART_ReceiveData                      0x080026e4   Section        0  stm32f10x_usart.o(i.USART_ReceiveData)
    i.USART_SendData                         0x080026ec   Section        0  stm32f10x_usart.o(i.USART_SendData)
    i.USB_Disconnect_Config                  0x080026f4   Section        0  hw_config.o(i.USB_Disconnect_Config)
    i.UsageFault_Handler                     0x08002720   Section        0  stm32f10x_it.o(i.UsageFault_Handler)
    i.decrement_delay                        0x08002724   Section        0  hw_config.o(i.decrement_delay)
    i.delayHighPriority_ms                   0x0800273c   Section        0  hw_config.o(i.delayHighPriority_ms)
    i.delay_ms                               0x080027b4   Section        0  hw_config.o(i.delay_ms)
    i.delay_us                               0x080027f0   Section        0  hw_config.o(i.delay_us)
    i.drv95HF_EnableInterrupt                0x08002828   Section        0  drv_95hf.o(i.drv95HF_EnableInterrupt)
    i.drv95HF_GPIOConfigSPI                  0x0800283c   Section        0  drv_95hf.o(i.drv95HF_GPIOConfigSPI)
    drv95HF_GPIOConfigSPI                    0x0800283d   Thumb Code    90  drv_95hf.o(i.drv95HF_GPIOConfigSPI)
    i.drv95HF_GPIOConfigUART                 0x0800289c   Section        0  drv_95hf.o(i.drv95HF_GPIOConfigUART)
    drv95HF_GPIOConfigUART                   0x0800289d   Thumb Code    50  drv_95hf.o(i.drv95HF_GPIOConfigUART)
    i.drv95HF_GetInterfacePinState           0x080028d4   Section        0  drv_95hf.o(i.drv95HF_GetInterfacePinState)
    i.drv95HF_GetSerialInterface             0x080028e8   Section        0  drv_95hf.o(i.drv95HF_GetSerialInterface)
    i.drv95HF_InitConfigStructure            0x080028f4   Section        0  drv_95hf.o(i.drv95HF_InitConfigStructure)
    i.drv95HF_InitializeSPI                  0x08002910   Section        0  drv_95hf.o(i.drv95HF_InitializeSPI)
    drv95HF_InitializeSPI                    0x08002911   Thumb Code    22  drv_95hf.o(i.drv95HF_InitializeSPI)
    i.drv95HF_InitializeUART                 0x0800292c   Section        0  drv_95hf.o(i.drv95HF_InitializeUART)
    i.drv95HF_InitilizeSerialInterface       0x0800294c   Section        0  drv_95hf.o(i.drv95HF_InitilizeSerialInterface)
    i.drv95HF_RCCConfigSPI                   0x08002978   Section        0  drv_95hf.o(i.drv95HF_RCCConfigSPI)
    drv95HF_RCCConfigSPI                     0x08002979   Thumb Code    20  drv_95hf.o(i.drv95HF_RCCConfigSPI)
    i.drv95HF_RCCConfigUART                  0x0800298c   Section        0  drv_95hf.o(i.drv95HF_RCCConfigUART)
    drv95HF_RCCConfigUART                    0x0800298d   Thumb Code    20  drv_95hf.o(i.drv95HF_RCCConfigUART)
    i.drv95HF_ReceiveSPIResponse             0x080029a0   Section        0  drv_95hf.o(i.drv95HF_ReceiveSPIResponse)
    i.drv95HF_ReceiveUARTResponse            0x08002a4c   Section        0  drv_95hf.o(i.drv95HF_ReceiveUARTResponse)
    drv95HF_ReceiveUARTResponse              0x08002a4d   Thumb Code    48  drv_95hf.o(i.drv95HF_ReceiveUARTResponse)
    i.drv95HF_ResetSPI                       0x08002a80   Section        0  drv_95hf.o(i.drv95HF_ResetSPI)
    i.drv95HF_SPIPollingCommand              0x08002ac4   Section        0  drv_95hf.o(i.drv95HF_SPIPollingCommand)
    drv95HF_SPIPollingCommand                0x08002ac5   Thumb Code   144  drv_95hf.o(i.drv95HF_SPIPollingCommand)
    i.drv95HF_SendIRQINPulse                 0x08002b70   Section        0  drv_95hf.o(i.drv95HF_SendIRQINPulse)
    i.drv95HF_SendReceive                    0x08002bc8   Section        0  drv_95hf.o(i.drv95HF_SendReceive)
    i.drv95HF_SendSPICommand                 0x08002c2c   Section        0  drv_95hf.o(i.drv95HF_SendSPICommand)
    i.drv95HF_SendSPIResetByte               0x08002c98   Section        0  drv_95hf.o(i.drv95HF_SendSPIResetByte)
    drv95HF_SendSPIResetByte                 0x08002c99   Thumb Code    12  drv_95hf.o(i.drv95HF_SendSPIResetByte)
    i.drv95HF_SendUARTCommand                0x08002ca8   Section        0  drv_95hf.o(i.drv95HF_SendUARTCommand)
    drv95HF_SendUARTCommand                  0x08002ca9   Thumb Code    66  drv_95hf.o(i.drv95HF_SendUARTCommand)
    i.drv95HF_StructureConfigSPI             0x08002cf0   Section        0  drv_95hf.o(i.drv95HF_StructureConfigSPI)
    drv95HF_StructureConfigSPI               0x08002cf1   Thumb Code    64  drv_95hf.o(i.drv95HF_StructureConfigSPI)
    i.drv95HF_StructureConfigUART            0x08002d34   Section        0  drv_95hf.o(i.drv95HF_StructureConfigUART)
    drv95HF_StructureConfigUART              0x08002d35   Thumb Code    48  drv_95hf.o(i.drv95HF_StructureConfigUART)
    i.drvInt_AppliTimeoutTimerConfig         0x08002d68   Section        0  drv_interrupt.o(i.drvInt_AppliTimeoutTimerConfig)
    i.drvInt_Enable_RFEvent_IRQ              0x08002dbc   Section        0  drv_interrupt.o(i.drvInt_Enable_RFEvent_IRQ)
    i.drvInt_Enable_Reply_IRQ                0x08002df0   Section        0  drv_interrupt.o(i.drvInt_Enable_Reply_IRQ)
    i.drvInt_TimeoutTimerConfig              0x08002e24   Section        0  drv_interrupt.o(i.drvInt_TimeoutTimerConfig)
    i.forwardingPutChar                      0x08002e70   Section        0  main.o(i.forwardingPutChar)
    i.forwardingSend                         0x08002e90   Section        0  main.o(i.forwardingSend)
    i.main                                   0x08002eac   Section        0  main.o(i.main)
    i.usr_fwdUARTInit                        0x080031a4   Section        0  main.o(i.usr_fwdUARTInit)
    .constdata                               0x08003220   Section       12  main.o(.constdata)
    .constdata                               0x0800322c   Section       10  lib_iso14443apcd.o(.constdata)
    TOPAZ                                    0x0800322c   Data          10  lib_iso14443apcd.o(.constdata)
    .constdata                               0x08003238   Section       13  lib_iso14443bpcd.o(.constdata)
    .constdata                               0x08003245   Section        7  lib_iso18092pcd.o(.constdata)
    REQC                                     0x08003245   Data           7  lib_iso18092pcd.o(.constdata)
    .constdata                               0x0800324c   Section        6  drv_led.o(.constdata)
    .data                                    0x20000000   Section        2  hw_config.o(.data)
    counter_delay_ms                         0x20000000   Data           2  hw_config.o(.data)
    .data                                    0x20000004   Section       12  stm32f10x_it.o(.data)
    .data                                    0x20000010   Section        7  drv_95hf.o(.data)
    .data                                    0x20000018   Section        4  drv_interrupt.o(.data)
    .data                                    0x2000001c   Section        6  lib_iso14443apcd.o(.data)
    RemainingID                              0x2000001c   Data           1  lib_iso14443apcd.o(.data)
    .data                                    0x20000022   Section        1  lib_pcd.o(.data)
    .data                                    0x20000023   Section        6  lib_configmanager.o(.data)
    .data                                    0x20000029   Section       20  stm32f10x_rcc.o(.data)
    ADCPrescTable                            0x20000029   Data           4  stm32f10x_rcc.o(.data)
    APBAHBPrescTable                         0x2000002d   Data          16  stm32f10x_rcc.o(.data)
    .data                                    0x20000040   Section        4  drv_led.o(.data)
    .bss                                     0x20000044   Section      529  drv_95hf.o(.bss)
    .bss                                     0x20000255   Section      934  lib_iso14443apcd.o(.bss)
    MultiID                                  0x20000255   Data         200  lib_iso14443apcd.o(.bss)
    MultiIDPart2                             0x2000031d   Data          64  lib_iso14443apcd.o(.bss)
    .bss                                     0x200005fb   Section       86  lib_iso14443bpcd.o(.bss)
    .bss                                     0x20000651   Section       41  lib_iso18092pcd.o(.bss)
    .bss                                     0x2000067a   Section       16  lib_configmanager.o(.bss)
    .bss                                     0x2000068c   Section       96  libspace.o(.bss)
    HEAP                                     0x200006f0   Section     1024  startup_stm32f10x_xl.o(HEAP)
    Heap_Mem                                 0x200006f0   Data        1024  startup_stm32f10x_xl.o(HEAP)
    STACK                                    0x20000af0   Section     2048  startup_stm32f10x_xl.o(STACK)
    Stack_Mem                                0x20000af0   Data        2048  startup_stm32f10x_xl.o(STACK)
    __initial_sp                             0x200012f0   Data           0  startup_stm32f10x_xl.o(STACK)

    Global Symbols

    Symbol Name                              Value     Ov Type        Size  Object(Section)

    BuildAttributes$$THM_ISAv4$P$D$K$B$S$PE$A:L22UL41UL21$X:L11$S22US41US21$IEEE1$IW$USESV6$~STKCKD$USESV7$~SHL$OSPACE$ROPI$EBA8$UX$STANDARDLIB$REQ8$PRES8$EABIv2 0x00000000   Number         0  anon$$obj.o ABSOLUTE
    __ARM_use_no_argv                        0x00000000   Number         0  main.o ABSOLUTE
    __ARM_exceptions_init                     - Undefined Weak Reference
    __alloca_initialize                       - Undefined Weak Reference
    __arm_preinit_                            - Undefined Weak Reference
    __cpp_initialize__aeabi_                  - Undefined Weak Reference
    __cxa_finalize                            - Undefined Weak Reference
    __rt_locale                               - Undefined Weak Reference
    __sigvec_lookup                           - Undefined Weak Reference
    _atexit_init                              - Undefined Weak Reference
    _call_atexit_fns                          - Undefined Weak Reference
    _clock_init                               - Undefined Weak Reference
    _fp_trap_init                             - Undefined Weak Reference
    _fp_trap_shutdown                         - Undefined Weak Reference
    _get_lc_collate                           - Undefined Weak Reference
    _get_lc_ctype                             - Undefined Weak Reference
    _get_lc_monetary                          - Undefined Weak Reference
    _get_lc_numeric                           - Undefined Weak Reference
    _get_lc_time                              - Undefined Weak Reference
    _getenv_init                              - Undefined Weak Reference
    _handle_redirection                       - Undefined Weak Reference
    _init_alloc                               - Undefined Weak Reference
    _init_user_alloc                          - Undefined Weak Reference
    _initio                                   - Undefined Weak Reference
    _rand_init                                - Undefined Weak Reference
    _signal_finish                            - Undefined Weak Reference
    _signal_init                              - Undefined Weak Reference
    _terminate_alloc                          - Undefined Weak Reference
    _terminate_user_alloc                     - Undefined Weak Reference
    _terminateio                              - Undefined Weak Reference
    __Vectors_Size                           0x00000130   Number         0  startup_stm32f10x_xl.o ABSOLUTE
    __Vectors                                0x08000000   Data           4  startup_stm32f10x_xl.o(RESET)
    __Vectors_End                            0x08000130   Data           0  startup_stm32f10x_xl.o(RESET)
    __main                                   0x08000131   Thumb Code     8  __main.o(!!!main)
    __scatterload                            0x08000139   Thumb Code     0  __scatter.o(!!!scatter)
    __scatterload_rt2                        0x08000139   Thumb Code    44  __scatter.o(!!!scatter)
    __scatterload_rt2_thumb_only             0x08000139   Thumb Code     0  __scatter.o(!!!scatter)
    __scatterload_null                       0x08000147   Thumb Code     0  __scatter.o(!!!scatter)
    __scatterload_copy                       0x0800016d   Thumb Code    26  __scatter_copy.o(!!handler_copy)
    __scatterload_zeroinit                   0x08000189   Thumb Code    28  __scatter_zi.o(!!handler_zi)
    __rt_lib_init                            0x080001a5   Thumb Code     0  libinit.o(.ARM.Collect$$libinit$$00000000)
    __rt_lib_init_alloca_1                   0x080001a7   Thumb Code     0  libinit2.o(.ARM.Collect$$libinit$$0000002E)
    __rt_lib_init_argv_1                     0x080001a7   Thumb Code     0  libinit2.o(.ARM.Collect$$libinit$$0000002C)
    __rt_lib_init_atexit_1                   0x080001a7   Thumb Code     0  libinit2.o(.ARM.Collect$$libinit$$0000001B)
    __rt_lib_init_clock_1                    0x080001a7   Thumb Code     0  libinit2.o(.ARM.Collect$$libinit$$00000021)
    __rt_lib_init_cpp_1                      0x080001a7   Thumb Code     0  libinit2.o(.ARM.Collect$$libinit$$00000032)
    __rt_lib_init_exceptions_1               0x080001a7   Thumb Code     0  libinit2.o(.ARM.Collect$$libinit$$00000030)
    __rt_lib_init_fp_1                       0x080001a7   Thumb Code     0  libinit2.o(.ARM.Collect$$libinit$$00000002)
    __rt_lib_init_fp_trap_1                  0x080001a7   Thumb Code     0  libinit2.o(.ARM.Collect$$libinit$$0000001F)
    __rt_lib_init_getenv_1                   0x080001a7   Thumb Code     0  libinit2.o(.ARM.Collect$$libinit$$00000023)
    __rt_lib_init_heap_1                     0x080001a7   Thumb Code     0  libinit2.o(.ARM.Collect$$libinit$$0000000A)
    __rt_lib_init_lc_collate_1               0x080001a7   Thumb Code     0  libinit2.o(.ARM.Collect$$libinit$$00000011)
    __rt_lib_init_lc_ctype_1                 0x080001a7   Thumb Code     0  libinit2.o(.ARM.Collect$$libinit$$00000013)
    __rt_lib_init_lc_monetary_1              0x080001a7   Thumb Code     0  libinit2.o(.ARM.Collect$$libinit$$00000015)
    __rt_lib_init_lc_numeric_1               0x080001a7   Thumb Code     0  libinit2.o(.ARM.Collect$$libinit$$00000017)
    __rt_lib_init_lc_time_1                  0x080001a7   Thumb Code     0  libinit2.o(.ARM.Collect$$libinit$$00000019)
    __rt_lib_init_preinit_1                  0x080001a7   Thumb Code     0  libinit2.o(.ARM.Collect$$libinit$$00000004)
    __rt_lib_init_rand_1                     0x080001a7   Thumb Code     0  libinit2.o(.ARM.Collect$$libinit$$0000000E)
    __rt_lib_init_return                     0x080001a7   Thumb Code     0  libinit2.o(.ARM.Collect$$libinit$$00000033)
    __rt_lib_init_signal_1                   0x080001a7   Thumb Code     0  libinit2.o(.ARM.Collect$$libinit$$0000001D)
    __rt_lib_init_stdio_1                    0x080001a7   Thumb Code     0  libinit2.o(.ARM.Collect$$libinit$$00000025)
    __rt_lib_init_user_alloc_1               0x080001a7   Thumb Code     0  libinit2.o(.ARM.Collect$$libinit$$0000000C)
    __rt_lib_shutdown                        0x080001a9   Thumb Code     0  libshutdown.o(.ARM.Collect$$libshutdown$$00000000)
    __rt_lib_shutdown_cpp_1                  0x080001ab   Thumb Code     0  libshutdown2.o(.ARM.Collect$$libshutdown$$00000002)
    __rt_lib_shutdown_fp_trap_1              0x080001ab   Thumb Code     0  libshutdown2.o(.ARM.Collect$$libshutdown$$00000007)
    __rt_lib_shutdown_heap_1                 0x080001ab   Thumb Code     0  libshutdown2.o(.ARM.Collect$$libshutdown$$0000000F)
    __rt_lib_shutdown_return                 0x080001ab   Thumb Code     0  libshutdown2.o(.ARM.Collect$$libshutdown$$00000010)
    __rt_lib_shutdown_signal_1               0x080001ab   Thumb Code     0  libshutdown2.o(.ARM.Collect$$libshutdown$$0000000A)
    __rt_lib_shutdown_stdio_1                0x080001ab   Thumb Code     0  libshutdown2.o(.ARM.Collect$$libshutdown$$00000004)
    __rt_lib_shutdown_user_alloc_1           0x080001ab   Thumb Code     0  libshutdown2.o(.ARM.Collect$$libshutdown$$0000000C)
    __rt_entry                               0x080001ad   Thumb Code     0  __rtentry.o(.ARM.Collect$$rtentry$$00000000)
    __rt_entry_presh_1                       0x080001ad   Thumb Code     0  __rtentry2.o(.ARM.Collect$$rtentry$$00000002)
    __rt_entry_sh                            0x080001ad   Thumb Code     0  __rtentry4.o(.ARM.Collect$$rtentry$$00000004)
    __rt_entry_li                            0x080001b3   Thumb Code     0  __rtentry2.o(.ARM.Collect$$rtentry$$0000000A)
    __rt_entry_postsh_1                      0x080001b3   Thumb Code     0  __rtentry2.o(.ARM.Collect$$rtentry$$00000009)
    __rt_entry_main                          0x080001b7   Thumb Code     0  __rtentry2.o(.ARM.Collect$$rtentry$$0000000D)
    __rt_entry_postli_1                      0x080001b7   Thumb Code     0  __rtentry2.o(.ARM.Collect$$rtentry$$0000000C)
    __rt_exit                                0x080001bf   Thumb Code     0  rtexit.o(.ARM.Collect$$rtexit$$00000000)
    __rt_exit_ls                             0x080001c1   Thumb Code     0  rtexit2.o(.ARM.Collect$$rtexit$$00000003)
    __rt_exit_prels_1                        0x080001c1   Thumb Code     0  rtexit2.o(.ARM.Collect$$rtexit$$00000002)
    __rt_exit_exit                           0x080001c5   Thumb Code     0  rtexit2.o(.ARM.Collect$$rtexit$$00000004)
    Reset_Handler                            0x080001cd   Thumb Code     8  startup_stm32f10x_xl.o(.text)
    ADC1_2_IRQHandler                        0x080001e7   Thumb Code     0  startup_stm32f10x_xl.o(.text)
    ADC3_IRQHandler                          0x080001e7   Thumb Code     0  startup_stm32f10x_xl.o(.text)
    CAN1_RX1_IRQHandler                      0x080001e7   Thumb Code     0  startup_stm32f10x_xl.o(.text)
    CAN1_SCE_IRQHandler                      0x080001e7   Thumb Code     0  startup_stm32f10x_xl.o(.text)
    DMA1_Channel1_IRQHandler                 0x080001e7   Thumb Code     0  startup_stm32f10x_xl.o(.text)
    DMA1_Channel2_IRQHandler                 0x080001e7   Thumb Code     0  startup_stm32f10x_xl.o(.text)
    DMA1_Channel3_IRQHandler                 0x080001e7   Thumb Code     0  startup_stm32f10x_xl.o(.text)
    DMA1_Channel4_IRQHandler                 0x080001e7   Thumb Code     0  startup_stm32f10x_xl.o(.text)
    DMA1_Channel5_IRQHandler                 0x080001e7   Thumb Code     0  startup_stm32f10x_xl.o(.text)
    DMA1_Channel6_IRQHandler                 0x080001e7   Thumb Code     0  startup_stm32f10x_xl.o(.text)
    DMA1_Channel7_IRQHandler                 0x080001e7   Thumb Code     0  startup_stm32f10x_xl.o(.text)
    DMA2_Channel1_IRQHandler                 0x080001e7   Thumb Code     0  startup_stm32f10x_xl.o(.text)
    DMA2_Channel2_IRQHandler                 0x080001e7   Thumb Code     0  startup_stm32f10x_xl.o(.text)
    DMA2_Channel3_IRQHandler                 0x080001e7   Thumb Code     0  startup_stm32f10x_xl.o(.text)
    DMA2_Channel4_5_IRQHandler               0x080001e7   Thumb Code     0  startup_stm32f10x_xl.o(.text)
    EXTI0_IRQHandler                         0x080001e7   Thumb Code     0  startup_stm32f10x_xl.o(.text)
    EXTI15_10_IRQHandler                     0x080001e7   Thumb Code     0  startup_stm32f10x_xl.o(.text)
    EXTI1_IRQHandler                         0x080001e7   Thumb Code     0  startup_stm32f10x_xl.o(.text)
    EXTI2_IRQHandler                         0x080001e7   Thumb Code     0  startup_stm32f10x_xl.o(.text)
    EXTI4_IRQHandler                         0x080001e7   Thumb Code     0  startup_stm32f10x_xl.o(.text)
    EXTI9_5_IRQHandler                       0x080001e7   Thumb Code     0  startup_stm32f10x_xl.o(.text)
    FLASH_IRQHandler                         0x080001e7   Thumb Code     0  startup_stm32f10x_xl.o(.text)
    FSMC_IRQHandler                          0x080001e7   Thumb Code     0  startup_stm32f10x_xl.o(.text)
    I2C1_ER_IRQHandler                       0x080001e7   Thumb Code     0  startup_stm32f10x_xl.o(.text)
    I2C1_EV_IRQHandler                       0x080001e7   Thumb Code     0  startup_stm32f10x_xl.o(.text)
    I2C2_ER_IRQHandler                       0x080001e7   Thumb Code     0  startup_stm32f10x_xl.o(.text)
    I2C2_EV_IRQHandler                       0x080001e7   Thumb Code     0  startup_stm32f10x_xl.o(.text)
    PVD_IRQHandler                           0x080001e7   Thumb Code     0  startup_stm32f10x_xl.o(.text)
    RCC_IRQHandler                           0x080001e7   Thumb Code     0  startup_stm32f10x_xl.o(.text)
    RTCAlarm_IRQHandler                      0x080001e7   Thumb Code     0  startup_stm32f10x_xl.o(.text)
    RTC_IRQHandler                           0x080001e7   Thumb Code     0  startup_stm32f10x_xl.o(.text)
    SDIO_IRQHandler                          0x080001e7   Thumb Code     0  startup_stm32f10x_xl.o(.text)
    SPI1_IRQHandler                          0x080001e7   Thumb Code     0  startup_stm32f10x_xl.o(.text)
    SPI2_IRQHandler                          0x080001e7   Thumb Code     0  startup_stm32f10x_xl.o(.text)
    SPI3_IRQHandler                          0x080001e7   Thumb Code     0  startup_stm32f10x_xl.o(.text)
    TAMPER_IRQHandler                        0x080001e7   Thumb Code     0  startup_stm32f10x_xl.o(.text)
    TIM1_BRK_TIM9_IRQHandler                 0x080001e7   Thumb Code     0  startup_stm32f10x_xl.o(.text)
    TIM1_CC_IRQHandler                       0x080001e7   Thumb Code     0  startup_stm32f10x_xl.o(.text)
    TIM1_TRG_COM_TIM11_IRQHandler            0x080001e7   Thumb Code     0  startup_stm32f10x_xl.o(.text)
    TIM1_UP_TIM10_IRQHandler                 0x080001e7   Thumb Code     0  startup_stm32f10x_xl.o(.text)
    TIM5_IRQHandler                          0x080001e7   Thumb Code     0  startup_stm32f10x_xl.o(.text)
    TIM6_IRQHandler                          0x080001e7   Thumb Code     0  startup_stm32f10x_xl.o(.text)
    TIM7_IRQHandler                          0x080001e7   Thumb Code     0  startup_stm32f10x_xl.o(.text)
    TIM8_BRK_TIM12_IRQHandler                0x080001e7   Thumb Code     0  startup_stm32f10x_xl.o(.text)
    TIM8_CC_IRQHandler                       0x080001e7   Thumb Code     0  startup_stm32f10x_xl.o(.text)
    TIM8_TRG_COM_TIM14_IRQHandler            0x080001e7   Thumb Code     0  startup_stm32f10x_xl.o(.text)
    TIM8_UP_TIM13_IRQHandler                 0x080001e7   Thumb Code     0  startup_stm32f10x_xl.o(.text)
    UART4_IRQHandler                         0x080001e7   Thumb Code     0  startup_stm32f10x_xl.o(.text)
    UART5_IRQHandler                         0x080001e7   Thumb Code     0  startup_stm32f10x_xl.o(.text)
    USART1_IRQHandler                        0x080001e7   Thumb Code     0  startup_stm32f10x_xl.o(.text)
    USART2_IRQHandler                        0x080001e7   Thumb Code     0  startup_stm32f10x_xl.o(.text)
    USART3_IRQHandler                        0x080001e7   Thumb Code     0  startup_stm32f10x_xl.o(.text)
    USBWakeUp_IRQHandler                     0x080001e7   Thumb Code     0  startup_stm32f10x_xl.o(.text)
    USB_HP_CAN1_TX_IRQHandler                0x080001e7   Thumb Code     0  startup_stm32f10x_xl.o(.text)
    USB_LP_CAN1_RX0_IRQHandler               0x080001e7   Thumb Code     0  startup_stm32f10x_xl.o(.text)
    WWDG_IRQHandler                          0x080001e7   Thumb Code     0  startup_stm32f10x_xl.o(.text)
    __user_initial_stackheap                 0x080001e9   Thumb Code     0  startup_stm32f10x_xl.o(.text)
    memcmp                                   0x0800020d   Thumb Code    88  memcmp.o(.text)
    strlen                                   0x08000265   Thumb Code    62  strlen.o(.text)
    __aeabi_memcpy                           0x080002a3   Thumb Code     0  rt_memcpy_v6.o(.text)
    __rt_memcpy                              0x080002a3   Thumb Code   138  rt_memcpy_v6.o(.text)
    _memcpy_lastbytes                        0x08000309   Thumb Code     0  rt_memcpy_v6.o(.text)
    __aeabi_memclr                           0x0800032d   Thumb Code     0  rt_memclr.o(.text)
    __rt_memclr                              0x0800032d   Thumb Code    68  rt_memclr.o(.text)
    _memset                                  0x08000331   Thumb Code     0  rt_memclr.o(.text)
    __aeabi_memclr4                          0x08000371   Thumb Code     0  rt_memclr_w.o(.text)
    __aeabi_memclr8                          0x08000371   Thumb Code     0  rt_memclr_w.o(.text)
    __rt_memclr_w                            0x08000371   Thumb Code    78  rt_memclr_w.o(.text)
    _memset_w                                0x08000375   Thumb Code     0  rt_memclr_w.o(.text)
    __use_two_region_memory                  0x080003bf   Thumb Code     2  heapauxi.o(.text)
    __rt_heap_escrow$2region                 0x080003c1   Thumb Code     2  heapauxi.o(.text)
    __rt_heap_expand$2region                 0x080003c3   Thumb Code     2  heapauxi.o(.text)
    __aeabi_memcpy4                          0x080003c5   Thumb Code     0  rt_memcpy_w.o(.text)
    __aeabi_memcpy8                          0x080003c5   Thumb Code     0  rt_memcpy_w.o(.text)
    __rt_memcpy_w                            0x080003c5   Thumb Code   100  rt_memcpy_w.o(.text)
    _memcpy_lastbytes_aligned                0x0800040d   Thumb Code     0  rt_memcpy_w.o(.text)
    __user_setup_stackheap                   0x08000429   Thumb Code    74  sys_stackheap_outer.o(.text)
    exit                                     0x08000473   Thumb Code    18  exit.o(.text)
    __user_libspace                          0x08000485   Thumb Code     8  libspace.o(.text)
    __user_perproc_libspace                  0x08000485   Thumb Code     0  libspace.o(.text)
    __user_perthread_libspace                0x08000485   Thumb Code     0  libspace.o(.text)
    _sys_exit                                0x0800048d   Thumb Code     8  sys_exit.o(.text)
    __I$use$semihosting                      0x08000499   Thumb Code     0  use_no_semi.o(.text)
    __use_no_semihosting_swi                 0x08000499   Thumb Code     2  use_no_semi.o(.text)
    BusFault_Handler                         0x0800049b   Thumb Code     4  stm32f10x_it.o(i.BusFault_Handler)
    __semihosting_library_function           0x0800049b   Thumb Code     0  indicate_semi.o(.text)
    ConfigManager_HWInit                     0x080004a1   Thumb Code    26  lib_configmanager.o(i.ConfigManager_HWInit)
    ConfigManager_TagHunting                 0x0800059d   Thumb Code   222  lib_configmanager.o(i.ConfigManager_TagHunting)
    DebugMon_Handler                         0x08000685   Thumb Code     2  stm32f10x_it.o(i.DebugMon_Handler)
    EXTI3_IRQHandler                         0x08000689   Thumb Code    48  stm32f10x_it.o(i.EXTI3_IRQHandler)
    EXTI_ClearITPendingBit                   0x080006c9   Thumb Code     6  stm32f10x_exti.o(i.EXTI_ClearITPendingBit)
    EXTI_GetITStatus                         0x080006d5   Thumb Code    28  stm32f10x_exti.o(i.EXTI_GetITStatus)
    EXTI_Init                                0x080006f5   Thumb Code   108  stm32f10x_exti.o(i.EXTI_Init)
    FELICA_Initialization                    0x080007f9   Thumb Code    18  lib_iso18092pcd.o(i.FELICA_Initialization)
    FELICA_IsPresent                         0x0800080d   Thumb Code    82  lib_iso18092pcd.o(i.FELICA_IsPresent)
    GPIO_Init                                0x080008dd   Thumb Code   162  stm32f10x_gpio.o(i.GPIO_Init)
    GPIO_ReadInputDataBit                    0x0800097f   Thumb Code    14  stm32f10x_gpio.o(i.GPIO_ReadInputDataBit)
    GPIO_ResetBits                           0x0800098d   Thumb Code     4  stm32f10x_gpio.o(i.GPIO_ResetBits)
    GPIO_SetBits                             0x08000991   Thumb Code     4  stm32f10x_gpio.o(i.GPIO_SetBits)
    GPIO_WriteBit                            0x08000995   Thumb Code    10  stm32f10x_gpio.o(i.GPIO_WriteBit)
    HardFault_Handler                        0x0800099f   Thumb Code     4  stm32f10x_it.o(i.HardFault_Handler)
    Hex2Char                                 0x080009a3   Thumb Code    72  main.o(i.Hex2Char)
    IRQOut_Config                            0x080009eb   Thumb Code     8  drv_interrupt.o(i.IRQOut_Config)
    ISO14443A_Anticollision                  0x08000f21   Thumb Code   180  lib_iso14443apcd.o(i.ISO14443A_Anticollision)
    ISO14443A_ConfigFDT                      0x08001025   Thumb Code   172  lib_iso14443apcd.o(i.ISO14443A_ConfigFDT)
    ISO14443A_ConfigFDTforAnticollision      0x080010ed   Thumb Code   138  lib_iso14443apcd.o(i.ISO14443A_ConfigFDTforAnticollision)
    ISO14443A_ConfigFDTforRATS               0x08001191   Thumb Code   156  lib_iso14443apcd.o(i.ISO14443A_ConfigFDTforRATS)
    ISO14443A_Init                           0x08001245   Thumb Code    46  lib_iso14443apcd.o(i.ISO14443A_Init)
    ISO14443A_IsPresent                      0x08001299   Thumb Code    60  lib_iso14443apcd.o(i.ISO14443A_IsPresent)
    ISO14443B_Anticollision                  0x080013f9   Thumb Code    76  lib_iso14443bpcd.o(i.ISO14443B_Anticollision)
    ISO14443B_AttriB                         0x08001455   Thumb Code    78  lib_iso14443bpcd.o(i.ISO14443B_AttriB)
    ISO14443B_Init                           0x080014d9   Thumb Code   106  lib_iso14443bpcd.o(i.ISO14443B_Init)
    ISO14443B_IsPresent                      0x08001581   Thumb Code    50  lib_iso14443bpcd.o(i.ISO14443B_IsPresent)
    ISO14443B_ReqB                           0x080015b9   Thumb Code    54  lib_iso14443bpcd.o(i.ISO14443B_ReqB)
    ISO15693_GetUID                          0x080016dd   Thumb Code   140  lib_iso15693pcd.o(i.ISO15693_GetUID)
    ISO15693_Init                            0x08001771   Thumb Code   108  lib_iso15693pcd.o(i.ISO15693_Init)
    Interrupts_Config                        0x08001925   Thumb Code   180  hw_config.o(i.Interrupts_Config)
    LED_Config                               0x08001a01   Thumb Code    52  drv_led.o(i.LED_Config)
    LED_Off                                  0x08001a41   Thumb Code    16  drv_led.o(i.LED_Off)
    LED_On                                   0x08001a59   Thumb Code    16  drv_led.o(i.LED_On)
    MemManage_Handler                        0x08001a71   Thumb Code     4  stm32f10x_it.o(i.MemManage_Handler)
    NMI_Handler                              0x08001a75   Thumb Code     2  stm32f10x_it.o(i.NMI_Handler)
    NVIC_Init                                0x08001a79   Thumb Code    94  misc.o(i.NVIC_Init)
    NVIC_PriorityGroupConfig                 0x08001add   Thumb Code    10  misc.o(i.NVIC_PriorityGroupConfig)
    PCD_CheckSendReceive                     0x08001af1   Thumb Code    32  lib_pcd.o(i.PCD_CheckSendReceive)
    PCD_Echo                                 0x08001b11   Thumb Code    22  lib_pcd.o(i.PCD_Echo)
    PCD_FieldOff                             0x08001b2d   Thumb Code    20  lib_pcd.o(i.PCD_FieldOff)
    PCD_IsCRCOk                              0x08001b41   Thumb Code   106  lib_pcd.o(i.PCD_IsCRCOk)
    PCD_IsReaderResultCodeOk                 0x08001bab   Thumb Code   254  lib_pcd.o(i.PCD_IsReaderResultCodeOk)
    PCD_PORsequence                          0x08001ca9   Thumb Code   110  lib_pcd.o(i.PCD_PORsequence)
    PCD_ProtocolSelect                       0x08001d21   Thumb Code   108  lib_pcd.o(i.PCD_ProtocolSelect)
    PCD_ReadRegister                         0x08001d91   Thumb Code    66  lib_pcd.o(i.PCD_ReadRegister)
    PCD_SendRecv                             0x08001dd3   Thumb Code    98  lib_pcd.o(i.PCD_SendRecv)
    PCD_WriteRegister                        0x08001e35   Thumb Code    62  lib_pcd.o(i.PCD_WriteRegister)
    PendSV_Handler                           0x08001e73   Thumb Code     2  stm32f10x_it.o(i.PendSV_Handler)
    RCC_APB1PeriphClockCmd                   0x08001e75   Thumb Code    18  stm32f10x_rcc.o(i.RCC_APB1PeriphClockCmd)
    RCC_APB1PeriphResetCmd                   0x08001e8d   Thumb Code    18  stm32f10x_rcc.o(i.RCC_APB1PeriphResetCmd)
    RCC_APB2PeriphClockCmd                   0x08001ea5   Thumb Code    18  stm32f10x_rcc.o(i.RCC_APB2PeriphClockCmd)
    RCC_APB2PeriphResetCmd                   0x08001ebd   Thumb Code    18  stm32f10x_rcc.o(i.RCC_APB2PeriphResetCmd)
    RCC_GetClocksFreq                        0x08001ed5   Thumb Code   128  stm32f10x_rcc.o(i.RCC_GetClocksFreq)
    SPI_Cmd                                  0x08001f65   Thumb Code    20  stm32f10x_spi.o(i.SPI_Cmd)
    SPI_I2S_DeInit                           0x08001f79   Thumb Code    72  stm32f10x_spi.o(i.SPI_I2S_DeInit)
    SPI_I2S_GetFlagStatus                    0x08001fcd   Thumb Code    14  stm32f10x_spi.o(i.SPI_I2S_GetFlagStatus)
    SPI_I2S_ReceiveData                      0x08001fdb   Thumb Code     4  stm32f10x_spi.o(i.SPI_I2S_ReceiveData)
    SPI_I2S_SendData                         0x08001fdf   Thumb Code     4  stm32f10x_spi.o(i.SPI_I2S_SendData)
    SPI_Init                                 0x08001fe3   Thumb Code    56  stm32f10x_spi.o(i.SPI_Init)
    SPI_SendReceiveBuffer                    0x0800201b   Thumb Code    54  drv_spi.o(i.SPI_SendReceiveBuffer)
    SPI_SendReceiveByte                      0x08002051   Thumb Code    52  drv_spi.o(i.SPI_SendReceiveByte)
    SPI_StructInit                           0x08002085   Thumb Code    24  stm32f10x_spi.o(i.SPI_StructInit)
    SVC_Handler                              0x0800209d   Thumb Code     2  stm32f10x_it.o(i.SVC_Handler)
    Set_System                               0x08002189   Thumb Code    16  hw_config.o(i.Set_System)
    StartTimeOut                             0x08002199   Thumb Code    32  drv_interrupt.o(i.StartTimeOut)
    StopTimeOut                              0x080021c5   Thumb Code    12  drv_interrupt.o(i.StopTimeOut)
    SysTick_Handler                          0x080021d5   Thumb Code     2  stm32f10x_it.o(i.SysTick_Handler)
    SystemInit                               0x080021d9   Thumb Code    78  system_stm32f10x.o(i.SystemInit)
    TIM2_IRQHandler                          0x08002239   Thumb Code    16  stm32f10x_it.o(i.TIM2_IRQHandler)
    TIM3_IRQHandler                          0x08002249   Thumb Code    46  drv_interrupt.o(i.TIM3_IRQHandler)
    TIM4_IRQHandler                          0x08002285   Thumb Code    46  drv_interrupt.o(i.TIM4_IRQHandler)
    TIM_ClearITPendingBit                    0x080022c1   Thumb Code     6  stm32f10x_tim.o(i.TIM_ClearITPendingBit)
    TIM_Cmd                                  0x080022c7   Thumb Code    20  stm32f10x_tim.o(i.TIM_Cmd)
    TIM_ITConfig                             0x080022db   Thumb Code    16  stm32f10x_tim.o(i.TIM_ITConfig)
    TIM_SetCounter                           0x080022eb   Thumb Code     4  stm32f10x_tim.o(i.TIM_SetCounter)
    TIM_TimeBaseInit                         0x080022f1   Thumb Code   114  stm32f10x_tim.o(i.TIM_TimeBaseInit)
    TIM_UpdateRequestConfig                  0x0800238d   Thumb Code    20  stm32f10x_tim.o(i.TIM_UpdateRequestConfig)
    TOPAZ_ID                                 0x080023a1   Thumb Code    82  lib_iso14443apcd.o(i.TOPAZ_ID)
    Timer_Config                             0x08002497   Thumb Code    12  hw_config.o(i.Timer_Config)
    Timer_RCC_Config                         0x080024a3   Thumb Code    12  hw_config.o(i.Timer_RCC_Config)
    Timer_Structure_Config                   0x080024af   Thumb Code    74  hw_config.o(i.Timer_Structure_Config)
    UART_ReceiveBuffer                       0x080024f9   Thumb Code    50  drv_uart.o(i.UART_ReceiveBuffer)
    UART_ReceiveByte                         0x0800252d   Thumb Code    46  drv_uart.o(i.UART_ReceiveByte)
    UART_SendBuffer                          0x08002561   Thumb Code    34  drv_uart.o(i.UART_SendBuffer)
    UART_SendByte                            0x08002583   Thumb Code    30  drv_uart.o(i.UART_SendByte)
    USART_Cmd                                0x080025a1   Thumb Code    20  stm32f10x_usart.o(i.USART_Cmd)
    USART_DeInit                             0x080025b5   Thumb Code    96  stm32f10x_usart.o(i.USART_DeInit)
    USART_GetFlagStatus                      0x08002629   Thumb Code    14  stm32f10x_usart.o(i.USART_GetFlagStatus)
    USART_Init                               0x08002639   Thumb Code   166  stm32f10x_usart.o(i.USART_Init)
    USART_ReceiveData                        0x080026e5   Thumb Code     8  stm32f10x_usart.o(i.USART_ReceiveData)
    USART_SendData                           0x080026ed   Thumb Code     8  stm32f10x_usart.o(i.USART_SendData)
    USB_Disconnect_Config                    0x080026f5   Thumb Code    38  hw_config.o(i.USB_Disconnect_Config)
    UsageFault_Handler                       0x08002721   Thumb Code     4  stm32f10x_it.o(i.UsageFault_Handler)
    decrement_delay                          0x08002725   Thumb Code    18  hw_config.o(i.decrement_delay)
    delayHighPriority_ms                     0x0800273d   Thumb Code   116  hw_config.o(i.delayHighPriority_ms)
    delay_ms                                 0x080027b5   Thumb Code    54  hw_config.o(i.delay_ms)
    delay_us                                 0x080027f1   Thumb Code    52  hw_config.o(i.delay_us)
    drv95HF_EnableInterrupt                  0x08002829   Thumb Code    14  drv_95hf.o(i.drv95HF_EnableInterrupt)
    drv95HF_GetInterfacePinState             0x080028d5   Thumb Code    14  drv_95hf.o(i.drv95HF_GetInterfacePinState)
    drv95HF_GetSerialInterface               0x080028e9   Thumb Code     6  drv_95hf.o(i.drv95HF_GetSerialInterface)
    drv95HF_InitConfigStructure              0x080028f5   Thumb Code    22  drv_95hf.o(i.drv95HF_InitConfigStructure)
    drv95HF_InitializeUART                   0x0800292d   Thumb Code    26  drv_95hf.o(i.drv95HF_InitializeUART)
    drv95HF_InitilizeSerialInterface         0x0800294d   Thumb Code    40  drv_95hf.o(i.drv95HF_InitilizeSerialInterface)
    drv95HF_ReceiveSPIResponse               0x080029a1   Thumb Code   162  drv_95hf.o(i.drv95HF_ReceiveSPIResponse)
    drv95HF_ResetSPI                         0x08002a81   Thumb Code    60  drv_95hf.o(i.drv95HF_ResetSPI)
    drv95HF_SendIRQINPulse                   0x08002b71   Thumb Code    76  drv_95hf.o(i.drv95HF_SendIRQINPulse)
    drv95HF_SendReceive                      0x08002bc9   Thumb Code    94  drv_95hf.o(i.drv95HF_SendReceive)
    drv95HF_SendSPICommand                   0x08002c2d   Thumb Code   100  drv_95hf.o(i.drv95HF_SendSPICommand)
    drvInt_AppliTimeoutTimerConfig           0x08002d69   Thumb Code    78  drv_interrupt.o(i.drvInt_AppliTimeoutTimerConfig)
    drvInt_Enable_RFEvent_IRQ                0x08002dbd   Thumb Code    44  drv_interrupt.o(i.drvInt_Enable_RFEvent_IRQ)
    drvInt_Enable_Reply_IRQ                  0x08002df1   Thumb Code    42  drv_interrupt.o(i.drvInt_Enable_Reply_IRQ)
    drvInt_TimeoutTimerConfig                0x08002e25   Thumb Code    72  drv_interrupt.o(i.drvInt_TimeoutTimerConfig)
    forwardingPutChar                        0x08002e71   Thumb Code    28  main.o(i.forwardingPutChar)
    forwardingSend                           0x08002e91   Thumb Code    28  main.o(i.forwardingSend)
    main                                     0x08002ead   Thumb Code   688  main.o(i.main)
    usr_fwdUARTInit                          0x080031a5   Thumb Code   114  main.o(i.usr_fwdUARTInit)
    GPIO_CLK                                 0x0800324c   Data           4  drv_led.o(.constdata)
    GPIO_PIN                                 0x08003250   Data           2  drv_led.o(.constdata)
    Region$$Table$$Base                      0x08003254   Number         0  anon$$obj.o(Region$$Table)
    Region$$Table$$Limit                     0x08003274   Number         0  anon$$obj.o(Region$$Table)
    uDataReady                               0x20000004   Data           1  stm32f10x_it.o(.data)
    RF_DataExpected                          0x20000005   Data           1  stm32f10x_it.o(.data)
    RF_DataReady                             0x20000006   Data           1  stm32f10x_it.o(.data)
    screenRotated                            0x20000007   Data           1  stm32f10x_it.o(.data)
    disableRotate                            0x20000008   Data           1  stm32f10x_it.o(.data)
    nb_ms_elapsed                            0x2000000c   Data           4  stm32f10x_it.o(.data)
    uTimeOut                                 0x20000010   Data           1  drv_95hf.o(.data)
    EnableTimeOut                            0x20000011   Data           1  drv_95hf.o(.data)
    drv95HFConfig                            0x20000012   Data           5  drv_95hf.o(.data)
    delay_appli                              0x20000018   Data           2  drv_interrupt.o(.data)
    delay_timeout                            0x2000001a   Data           2  drv_interrupt.o(.data)
    FSC                                      0x2000001e   Data           2  lib_iso14443apcd.o(.data)
    FWI                                      0x20000020   Data           2  lib_iso14443apcd.o(.data)
    TechnoSelected                           0x20000022   Data           1  lib_pcd.o(.data)
    devicemode                               0x20000023   Data           1  lib_configmanager.o(.data)
    nfc_tagtype                              0x20000024   Data           1  lib_configmanager.o(.data)
    IcVers                                   0x20000025   Data           1  lib_configmanager.o(.data)
    TargetMode                               0x20000026   Data           1  lib_configmanager.o(.data)
    uAppliTimeOut                            0x20000027   Data           1  lib_configmanager.o(.data)
    StopProcess                              0x20000028   Data           1  lib_configmanager.o(.data)
    GPIO_PORT                                0x20000040   Data           4  drv_led.o(.data)
    u95HFBuffer                              0x20000044   Data         529  drv_95hf.o(.bss)
    ISO14443A_Card                           0x2000035d   Data         141  lib_iso14443apcd.o(.bss)
    u95HFBufferAntiCol                       0x200003ea   Data         529  lib_iso14443apcd.o(.bss)
    ISO14443B_Card                           0x200005fb   Data          86  lib_iso14443bpcd.o(.bss)
    FELICA_Card                              0x20000651   Data          41  lib_iso18092pcd.o(.bss)
    TagUID                                   0x2000067a   Data          16  lib_configmanager.o(.bss)
    __libspace_start                         0x2000068c   Data          96  libspace.o(.bss)
    __temporary_stack_top$libspace           0x200006ec   Data           0  libspace.o(.bss)



==============================================================================

Memory Map of the image

  Image Entry point : 0x08000131

  Load Region LR_IROM1 (Base: 0x08000000, Size: 0x000032b8, Max: 0x00020000, ABSOLUTE)

    Execution Region ER_IROM1 (Base: 0x08000000, Size: 0x00003274, Max: 0x00020000, ABSOLUTE)

    Base Addr    Size         Type   Attr      Idx    E Section Name        Object

    0x08000000   0x00000130   Data   RO         2910    RESET               startup_stm32f10x_xl.o
    0x08000130   0x00000008   Code   RO         2974  * !!!main             c_w.l(__main.o)
    0x08000138   0x00000034   Code   RO         3152    !!!scatter          c_w.l(__scatter.o)
    0x0800016c   0x0000001a   Code   RO         3154    !!handler_copy      c_w.l(__scatter_copy.o)
    0x08000186   0x00000002   PAD
    0x08000188   0x0000001c   Code   RO         3156    !!handler_zi        c_w.l(__scatter_zi.o)
    0x080001a4   0x00000002   Code   RO         3022    .ARM.Collect$$libinit$$00000000  c_w.l(libinit.o)
    0x080001a6   0x00000000   Code   RO         3029    .ARM.Collect$$libinit$$00000002  c_w.l(libinit2.o)
    0x080001a6   0x00000000   Code   RO         3031    .ARM.Collect$$libinit$$00000004  c_w.l(libinit2.o)
    0x080001a6   0x00000000   Code   RO         3034    .ARM.Collect$$libinit$$0000000A  c_w.l(libinit2.o)
    0x080001a6   0x00000000   Code   RO         3036    .ARM.Collect$$libinit$$0000000C  c_w.l(libinit2.o)
    0x080001a6   0x00000000   Code   RO         3038    .ARM.Collect$$libinit$$0000000E  c_w.l(libinit2.o)
    0x080001a6   0x00000000   Code   RO         3041    .ARM.Collect$$libinit$$00000011  c_w.l(libinit2.o)
    0x080001a6   0x00000000   Code   RO         3043    .ARM.Collect$$libinit$$00000013  c_w.l(libinit2.o)
    0x080001a6   0x00000000   Code   RO         3045    .ARM.Collect$$libinit$$00000015  c_w.l(libinit2.o)
    0x080001a6   0x00000000   Code   RO         3047    .ARM.Collect$$libinit$$00000017  c_w.l(libinit2.o)
    0x080001a6   0x00000000   Code   RO         3049    .ARM.Collect$$libinit$$00000019  c_w.l(libinit2.o)
    0x080001a6   0x00000000   Code   RO         3051    .ARM.Collect$$libinit$$0000001B  c_w.l(libinit2.o)
    0x080001a6   0x00000000   Code   RO         3053    .ARM.Collect$$libinit$$0000001D  c_w.l(libinit2.o)
    0x080001a6   0x00000000   Code   RO         3055    .ARM.Collect$$libinit$$0000001F  c_w.l(libinit2.o)
    0x080001a6   0x00000000   Code   RO         3057    .ARM.Collect$$libinit$$00000021  c_w.l(libinit2.o)
    0x080001a6   0x00000000   Code   RO         3059    .ARM.Collect$$libinit$$00000023  c_w.l(libinit2.o)
    0x080001a6   0x00000000   Code   RO         3061    .ARM.Collect$$libinit$$00000025  c_w.l(libinit2.o)
    0x080001a6   0x00000000   Code   RO         3065    .ARM.Collect$$libinit$$0000002C  c_w.l(libinit2.o)
    0x080001a6   0x00000000   Code   RO         3067    .ARM.Collect$$libinit$$0000002E  c_w.l(libinit2.o)
    0x080001a6   0x00000000   Code   RO         3069    .ARM.Collect$$libinit$$00000030  c_w.l(libinit2.o)
    0x080001a6   0x00000000   Code   RO         3071    .ARM.Collect$$libinit$$00000032  c_w.l(libinit2.o)
    0x080001a6   0x00000002   Code   RO         3072    .ARM.Collect$$libinit$$00000033  c_w.l(libinit2.o)
    0x080001a8   0x00000002   Code   RO         3092    .ARM.Collect$$libshutdown$$00000000  c_w.l(libshutdown.o)
    0x080001aa   0x00000000   Code   RO         3105    .ARM.Collect$$libshutdown$$00000002  c_w.l(libshutdown2.o)
    0x080001aa   0x00000000   Code   RO         3107    .ARM.Collect$$libshutdown$$00000004  c_w.l(libshutdown2.o)
    0x080001aa   0x00000000   Code   RO         3110    .ARM.Collect$$libshutdown$$00000007  c_w.l(libshutdown2.o)
    0x080001aa   0x00000000   Code   RO         3113    .ARM.Collect$$libshutdown$$0000000A  c_w.l(libshutdown2.o)
    0x080001aa   0x00000000   Code   RO         3115    .ARM.Collect$$libshutdown$$0000000C  c_w.l(libshutdown2.o)
    0x080001aa   0x00000000   Code   RO         3118    .ARM.Collect$$libshutdown$$0000000F  c_w.l(libshutdown2.o)
    0x080001aa   0x00000002   Code   RO         3119    .ARM.Collect$$libshutdown$$00000010  c_w.l(libshutdown2.o)
    0x080001ac   0x00000000   Code   RO         2990    .ARM.Collect$$rtentry$$00000000  c_w.l(__rtentry.o)
    0x080001ac   0x00000000   Code   RO         2999    .ARM.Collect$$rtentry$$00000002  c_w.l(__rtentry2.o)
    0x080001ac   0x00000006   Code   RO         3011    .ARM.Collect$$rtentry$$00000004  c_w.l(__rtentry4.o)
    0x080001b2   0x00000000   Code   RO         3001    .ARM.Collect$$rtentry$$00000009  c_w.l(__rtentry2.o)
    0x080001b2   0x00000004   Code   RO         3002    .ARM.Collect$$rtentry$$0000000A  c_w.l(__rtentry2.o)
    0x080001b6   0x00000000   Code   RO         3004    .ARM.Collect$$rtentry$$0000000C  c_w.l(__rtentry2.o)
    0x080001b6   0x00000008   Code   RO         3005    .ARM.Collect$$rtentry$$0000000D  c_w.l(__rtentry2.o)
    0x080001be   0x00000002   Code   RO         3026    .ARM.Collect$$rtexit$$00000000  c_w.l(rtexit.o)
    0x080001c0   0x00000000   Code   RO         3074    .ARM.Collect$$rtexit$$00000002  c_w.l(rtexit2.o)
    0x080001c0   0x00000004   Code   RO         3075    .ARM.Collect$$rtexit$$00000003  c_w.l(rtexit2.o)
    0x080001c4   0x00000006   Code   RO         3076    .ARM.Collect$$rtexit$$00000004  c_w.l(rtexit2.o)
    0x080001ca   0x00000002   PAD
    0x080001cc   0x00000040   Code   RO         2911    .text               startup_stm32f10x_xl.o
    0x0800020c   0x00000058   Code   RO         2962    .text               c_w.l(memcmp.o)
    0x08000264   0x0000003e   Code   RO         2964    .text               c_w.l(strlen.o)
    0x080002a2   0x0000008a   Code   RO         2966    .text               c_w.l(rt_memcpy_v6.o)
    0x0800032c   0x00000044   Code   RO         2968    .text               c_w.l(rt_memclr.o)
    0x08000370   0x0000004e   Code   RO         2970    .text               c_w.l(rt_memclr_w.o)
    0x080003be   0x00000006   Code   RO         2972    .text               c_w.l(heapauxi.o)
    0x080003c4   0x00000064   Code   RO         2991    .text               c_w.l(rt_memcpy_w.o)
    0x08000428   0x0000004a   Code   RO         3013    .text               c_w.l(sys_stackheap_outer.o)
    0x08000472   0x00000012   Code   RO         3015    .text               c_w.l(exit.o)
    0x08000484   0x00000008   Code   RO         3023    .text               c_w.l(libspace.o)
    0x0800048c   0x0000000c   Code   RO         3084    .text               c_w.l(sys_exit.o)
    0x08000498   0x00000002   Code   RO         3095    .text               c_w.l(use_no_semi.o)
    0x0800049a   0x00000000   Code   RO         3097    .text               c_w.l(indicate_semi.o)
    0x0800049a   0x00000004   Code   RO          267    i.BusFault_Handler  stm32f10x_it.o
    0x0800049e   0x00000002   PAD
    0x080004a0   0x00000024   Code   RO         1278    i.ConfigManager_HWInit  lib_configmanager.o
    0x080004c4   0x0000001c   Code   RO         1279    i.ConfigManager_IDN  lib_configmanager.o
    0x080004e0   0x00000010   Code   RO         1280    i.ConfigManager_Init  lib_configmanager.o
    0x080004f0   0x00000088   Code   RO         1281    i.ConfigManager_PORsequence  lib_configmanager.o
    0x08000578   0x00000024   Code   RO         1282    i.ConfigManager_Start  lib_configmanager.o
    0x0800059c   0x000000e8   Code   RO         1284    i.ConfigManager_TagHunting  lib_configmanager.o
    0x08000684   0x00000002   Code   RO          268    i.DebugMon_Handler  stm32f10x_it.o
    0x08000686   0x00000002   PAD
    0x08000688   0x00000040   Code   RO          269    i.EXTI3_IRQHandler  stm32f10x_it.o
    0x080006c8   0x0000000c   Code   RO         1478    i.EXTI_ClearITPendingBit  stm32f10x_exti.o
    0x080006d4   0x00000020   Code   RO         1482    i.EXTI_GetITStatus  stm32f10x_exti.o
    0x080006f4   0x00000070   Code   RO         1483    i.EXTI_Init         stm32f10x_exti.o
    0x08000764   0x00000094   Code   RO         1113    i.FELICA_Init       lib_iso18092pcd.o
    0x080007f8   0x00000012   Code   RO         1114    i.FELICA_Initialization  lib_iso18092pcd.o
    0x0800080a   0x00000002   PAD
    0x0800080c   0x00000060   Code   RO         1115    i.FELICA_IsPresent  lib_iso18092pcd.o
    0x0800086c   0x00000028   Code   RO         1116    i.FELICA_REQC       lib_iso18092pcd.o
    0x08000894   0x00000046   Code   RO          721    i.FSCIToFSC         lib_iso14443apcd.o
    0x080008da   0x00000002   PAD
    0x080008dc   0x000000a2   Code   RO         1709    i.GPIO_Init         stm32f10x_gpio.o
    0x0800097e   0x0000000e   Code   RO         1713    i.GPIO_ReadInputDataBit  stm32f10x_gpio.o
    0x0800098c   0x00000004   Code   RO         1716    i.GPIO_ResetBits    stm32f10x_gpio.o
    0x08000990   0x00000004   Code   RO         1717    i.GPIO_SetBits      stm32f10x_gpio.o
    0x08000994   0x0000000a   Code   RO         1720    i.GPIO_WriteBit     stm32f10x_gpio.o
    0x0800099e   0x00000004   Code   RO          270    i.HardFault_Handler  stm32f10x_it.o
    0x080009a2   0x00000048   Code   RO            2    i.Hex2Char          main.o
    0x080009ea   0x00000008   Code   RO          557    i.IRQOut_Config     drv_interrupt.o
    0x080009f2   0x00000002   PAD
    0x080009f4   0x0000002c   Code   RO          558    i.IRQOut_GPIO_Config  drv_interrupt.o
    0x08000a20   0x000002b8   Code   RO          722    i.ISO14443A_AC      lib_iso14443apcd.o
    0x08000cd8   0x000000d0   Code   RO          723    i.ISO14443A_ACLevel1  lib_iso14443apcd.o
    0x08000da8   0x000000d8   Code   RO          724    i.ISO14443A_ACLevel2  lib_iso14443apcd.o
    0x08000e80   0x000000a0   Code   RO          725    i.ISO14443A_ACLevel3  lib_iso14443apcd.o
    0x08000f20   0x000000c4   Code   RO          726    i.ISO14443A_Anticollision  lib_iso14443apcd.o
    0x08000fe4   0x00000040   Code   RO          727    i.ISO14443A_CompleteStructure  lib_iso14443apcd.o
    0x08001024   0x000000c8   Code   RO          728    i.ISO14443A_ConfigFDT  lib_iso14443apcd.o
    0x080010ec   0x000000a4   Code   RO          729    i.ISO14443A_ConfigFDTforAnticollision  lib_iso14443apcd.o
    0x08001190   0x000000b4   Code   RO          730    i.ISO14443A_ConfigFDTforRATS  lib_iso14443apcd.o
    0x08001244   0x00000034   Code   RO          732    i.ISO14443A_Init    lib_iso14443apcd.o
    0x08001278   0x00000020   Code   RO          733    i.ISO14443A_InitStructure  lib_iso14443apcd.o
    0x08001298   0x00000044   Code   RO          734    i.ISO14443A_IsPresent  lib_iso14443apcd.o
    0x080012dc   0x00000098   Code   RO          738    i.ISO14443A_RATS    lib_iso14443apcd.o
    0x08001374   0x0000003c   Code   RO          739    i.ISO14443A_REQA    lib_iso14443apcd.o
    0x080013b0   0x00000048   Code   RO          842    i.ISO14443BReadARConfigB  lib_iso14443bpcd.o
    0x080013f8   0x0000005c   Code   RO          843    i.ISO14443B_Anticollision  lib_iso14443bpcd.o
    0x08001454   0x00000058   Code   RO          844    i.ISO14443B_AttriB  lib_iso14443bpcd.o
    0x080014ac   0x0000002c   Code   RO          845    i.ISO14443B_CompleteStruture  lib_iso14443bpcd.o
    0x080014d8   0x00000080   Code   RO          846    i.ISO14443B_Init    lib_iso14443bpcd.o
    0x08001558   0x00000028   Code   RO          847    i.ISO14443B_InitStructure  lib_iso14443bpcd.o
    0x08001580   0x00000038   Code   RO          849    i.ISO14443B_IsPresent  lib_iso14443bpcd.o
    0x080015b8   0x00000040   Code   RO          850    i.ISO14443B_ReqB    lib_iso14443bpcd.o
    0x080015f8   0x00000038   Code   RO          851    i.ISO14443B_WriteARConfigB  lib_iso14443bpcd.o
    0x08001630   0x00000048   Code   RO          852    i.ISO14443B_WriteAndCheckARConfigB  lib_iso14443bpcd.o
    0x08001678   0x00000052   Code   RO          915    i.ISO15693_CreateRequestFlag  lib_iso15693pcd.o
    0x080016ca   0x00000010   Code   RO          923    i.ISO15693_GetSelectOrAFIFlag  lib_iso15693pcd.o
    0x080016da   0x00000002   PAD
    0x080016dc   0x00000094   Code   RO          926    i.ISO15693_GetUID   lib_iso15693pcd.o
    0x08001770   0x00000074   Code   RO          927    i.ISO15693_Init     lib_iso15693pcd.o
    0x080017e4   0x0000012e   Code   RO          928    i.ISO15693_Inventory  lib_iso15693pcd.o
    0x08001912   0x00000012   Code   RO          935    i.ISO15693_IsInventoryFlag  lib_iso15693pcd.o
    0x08001924   0x000000b4   Code   RO          189    i.Interrupts_Config  hw_config.o
    0x080019d8   0x00000028   Code   RO         1156    i.IsAnAvailableProtocol  lib_pcd.o
    0x08001a00   0x00000040   Code   RO         2875    i.LED_Config        drv_led.o
    0x08001a40   0x00000018   Code   RO         2876    i.LED_Off           drv_led.o
    0x08001a58   0x00000018   Code   RO         2877    i.LED_On            drv_led.o
    0x08001a70   0x00000004   Code   RO          271    i.MemManage_Handler  stm32f10x_it.o
    0x08001a74   0x00000002   Code   RO          272    i.NMI_Handler       stm32f10x_it.o
    0x08001a76   0x00000002   PAD
    0x08001a78   0x00000064   Code   RO         1327    i.NVIC_Init         misc.o
    0x08001adc   0x00000014   Code   RO         1328    i.NVIC_PriorityGroupConfig  misc.o
    0x08001af0   0x00000020   Code   RO         1159    i.PCD_CheckSendReceive  lib_pcd.o
    0x08001b10   0x0000001c   Code   RO         1161    i.PCD_Echo          lib_pcd.o
    0x08001b2c   0x00000014   Code   RO         1162    i.PCD_FieldOff      lib_pcd.o
    0x08001b40   0x0000006a   Code   RO         1165    i.PCD_IsCRCOk       lib_pcd.o
    0x08001baa   0x000000fe   Code   RO         1166    i.PCD_IsReaderResultCodeOk  lib_pcd.o
    0x08001ca8   0x00000078   Code   RO         1167    i.PCD_PORsequence   lib_pcd.o
    0x08001d20   0x00000070   Code   RO         1168    i.PCD_ProtocolSelect  lib_pcd.o
    0x08001d90   0x00000042   Code   RO         1169    i.PCD_ReadRegister  lib_pcd.o
    0x08001dd2   0x00000062   Code   RO         1171    i.PCD_SendRecv      lib_pcd.o
    0x08001e34   0x0000003e   Code   RO         1174    i.PCD_WriteRegister  lib_pcd.o
    0x08001e72   0x00000002   Code   RO          273    i.PendSV_Handler    stm32f10x_it.o
    0x08001e74   0x00000018   Code   RO         1819    i.RCC_APB1PeriphClockCmd  stm32f10x_rcc.o
    0x08001e8c   0x00000018   Code   RO         1820    i.RCC_APB1PeriphResetCmd  stm32f10x_rcc.o
    0x08001ea4   0x00000018   Code   RO         1821    i.RCC_APB2PeriphClockCmd  stm32f10x_rcc.o
    0x08001ebc   0x00000018   Code   RO         1822    i.RCC_APB2PeriphResetCmd  stm32f10x_rcc.o
    0x08001ed4   0x00000090   Code   RO         1829    i.RCC_GetClocksFreq  stm32f10x_rcc.o
    0x08001f64   0x00000014   Code   RO         2022    i.SPI_Cmd           stm32f10x_spi.o
    0x08001f78   0x00000054   Code   RO         2029    i.SPI_I2S_DeInit    stm32f10x_spi.o
    0x08001fcc   0x0000000e   Code   RO         2030    i.SPI_I2S_GetFlagStatus  stm32f10x_spi.o
    0x08001fda   0x00000004   Code   RO         2033    i.SPI_I2S_ReceiveData  stm32f10x_spi.o
    0x08001fde   0x00000004   Code   RO         2034    i.SPI_I2S_SendData  stm32f10x_spi.o
    0x08001fe2   0x00000038   Code   RO         2035    i.SPI_Init          stm32f10x_spi.o
    0x0800201a   0x00000036   Code   RO          528    i.SPI_SendReceiveBuffer  drv_spi.o
    0x08002050   0x00000034   Code   RO          529    i.SPI_SendReceiveByte  drv_spi.o
    0x08002084   0x00000018   Code   RO         2038    i.SPI_StructInit    stm32f10x_spi.o
    0x0800209c   0x00000002   Code   RO          274    i.SVC_Handler       stm32f10x_it.o
    0x0800209e   0x00000008   Code   RO         2926    i.SetSysClock       system_stm32f10x.o
    0x080020a6   0x00000002   PAD
    0x080020a8   0x000000e0   Code   RO         2927    i.SetSysClockTo72   system_stm32f10x.o
    0x08002188   0x00000010   Code   RO          190    i.Set_System        hw_config.o
    0x08002198   0x0000002c   Code   RO          562    i.StartTimeOut      drv_interrupt.o
    0x080021c4   0x00000010   Code   RO          564    i.StopTimeOut       drv_interrupt.o
    0x080021d4   0x00000002   Code   RO          275    i.SysTick_Handler   stm32f10x_it.o
    0x080021d6   0x00000002   PAD
    0x080021d8   0x00000060   Code   RO         2929    i.SystemInit        system_stm32f10x.o
    0x08002238   0x00000010   Code   RO          276    i.TIM2_IRQHandler   stm32f10x_it.o
    0x08002248   0x0000003c   Code   RO          565    i.TIM3_IRQHandler   drv_interrupt.o
    0x08002284   0x0000003c   Code   RO          566    i.TIM4_IRQHandler   drv_interrupt.o
    0x080022c0   0x00000006   Code   RO         2170    i.TIM_ClearITPendingBit  stm32f10x_tim.o
    0x080022c6   0x00000014   Code   RO         2175    i.TIM_Cmd           stm32f10x_tim.o
    0x080022da   0x00000010   Code   RO         2200    i.TIM_ITConfig      stm32f10x_tim.o
    0x080022ea   0x00000004   Code   RO         2240    i.TIM_SetCounter    stm32f10x_tim.o
    0x080022ee   0x00000002   PAD
    0x080022f0   0x0000009c   Code   RO         2246    i.TIM_TimeBaseInit  stm32f10x_tim.o
    0x0800238c   0x00000014   Code   RO         2249    i.TIM_UpdateRequestConfig  stm32f10x_tim.o
    0x080023a0   0x00000060   Code   RO          740    i.TOPAZ_ID          lib_iso14443apcd.o
    0x08002400   0x0000004c   Code   RO          191    i.TimerDelay_ms_Config  hw_config.o
    0x0800244c   0x0000004a   Code   RO          192    i.TimerDelay_us_Config  hw_config.o
    0x08002496   0x0000000c   Code   RO          193    i.Timer_Config      hw_config.o
    0x080024a2   0x0000000c   Code   RO          194    i.Timer_RCC_Config  hw_config.o
    0x080024ae   0x0000004a   Code   RO          195    i.Timer_Structure_Config  hw_config.o
    0x080024f8   0x00000032   Code   RO          656    i.UART_ReceiveBuffer  drv_uart.o
    0x0800252a   0x00000002   PAD
    0x0800252c   0x00000034   Code   RO          657    i.UART_ReceiveByte  drv_uart.o
    0x08002560   0x00000022   Code   RO          658    i.UART_SendBuffer   drv_uart.o
    0x08002582   0x0000001e   Code   RO          659    i.UART_SendByte     drv_uart.o
    0x080025a0   0x00000014   Code   RO         2698    i.USART_Cmd         stm32f10x_usart.o
    0x080025b4   0x00000074   Code   RO         2700    i.USART_DeInit      stm32f10x_usart.o
    0x08002628   0x0000000e   Code   RO         2701    i.USART_GetFlagStatus  stm32f10x_usart.o
    0x08002636   0x00000002   PAD
    0x08002638   0x000000ac   Code   RO         2705    i.USART_Init        stm32f10x_usart.o
    0x080026e4   0x00000008   Code   RO         2712    i.USART_ReceiveData  stm32f10x_usart.o
    0x080026ec   0x00000008   Code   RO         2715    i.USART_SendData    stm32f10x_usart.o
    0x080026f4   0x0000002c   Code   RO          196    i.USB_Disconnect_Config  hw_config.o
    0x08002720   0x00000004   Code   RO          277    i.UsageFault_Handler  stm32f10x_it.o
    0x08002724   0x00000018   Code   RO          197    i.decrement_delay   hw_config.o
    0x0800273c   0x00000078   Code   RO          198    i.delayHighPriority_ms  hw_config.o
    0x080027b4   0x0000003c   Code   RO          199    i.delay_ms          hw_config.o
    0x080027f0   0x00000038   Code   RO          200    i.delay_us          hw_config.o
    0x08002828   0x00000014   Code   RO          366    i.drv95HF_EnableInterrupt  drv_95hf.o
    0x0800283c   0x00000060   Code   RO          367    i.drv95HF_GPIOConfigSPI  drv_95hf.o
    0x0800289c   0x00000038   Code   RO          368    i.drv95HF_GPIOConfigUART  drv_95hf.o
    0x080028d4   0x00000014   Code   RO          370    i.drv95HF_GetInterfacePinState  drv_95hf.o
    0x080028e8   0x0000000c   Code   RO          371    i.drv95HF_GetSerialInterface  drv_95hf.o
    0x080028f4   0x0000001c   Code   RO          373    i.drv95HF_InitConfigStructure  drv_95hf.o
    0x08002910   0x0000001c   Code   RO          374    i.drv95HF_InitializeSPI  drv_95hf.o
    0x0800292c   0x00000020   Code   RO          375    i.drv95HF_InitializeUART  drv_95hf.o
    0x0800294c   0x0000002c   Code   RO          376    i.drv95HF_InitilizeSerialInterface  drv_95hf.o
    0x08002978   0x00000014   Code   RO          378    i.drv95HF_RCCConfigSPI  drv_95hf.o
    0x0800298c   0x00000014   Code   RO          379    i.drv95HF_RCCConfigUART  drv_95hf.o
    0x080029a0   0x000000ac   Code   RO          380    i.drv95HF_ReceiveSPIResponse  drv_95hf.o
    0x08002a4c   0x00000034   Code   RO          381    i.drv95HF_ReceiveUARTResponse  drv_95hf.o
    0x08002a80   0x00000044   Code   RO          382    i.drv95HF_ResetSPI  drv_95hf.o
    0x08002ac4   0x000000ac   Code   RO          383    i.drv95HF_SPIPollingCommand  drv_95hf.o
    0x08002b70   0x00000058   Code   RO          385    i.drv95HF_SendIRQINPulse  drv_95hf.o
    0x08002bc8   0x00000064   Code   RO          386    i.drv95HF_SendReceive  drv_95hf.o
    0x08002c2c   0x0000006c   Code   RO          387    i.drv95HF_SendSPICommand  drv_95hf.o
    0x08002c98   0x00000010   Code   RO          388    i.drv95HF_SendSPIResetByte  drv_95hf.o
    0x08002ca8   0x00000048   Code   RO          389    i.drv95HF_SendUARTCommand  drv_95hf.o
    0x08002cf0   0x00000044   Code   RO          390    i.drv95HF_StructureConfigSPI  drv_95hf.o
    0x08002d34   0x00000034   Code   RO          391    i.drv95HF_StructureConfigUART  drv_95hf.o
    0x08002d68   0x00000054   Code   RO          567    i.drvInt_AppliTimeoutTimerConfig  drv_interrupt.o
    0x08002dbc   0x00000034   Code   RO          569    i.drvInt_Enable_RFEvent_IRQ  drv_interrupt.o
    0x08002df0   0x00000034   Code   RO          570    i.drvInt_Enable_Reply_IRQ  drv_interrupt.o
    0x08002e24   0x0000004c   Code   RO          571    i.drvInt_TimeoutTimerConfig  drv_interrupt.o
    0x08002e70   0x00000020   Code   RO            3    i.forwardingPutChar  main.o
    0x08002e90   0x0000001c   Code   RO            4    i.forwardingSend    main.o
    0x08002eac   0x000002f8   Code   RO            5    i.main              main.o
    0x080031a4   0x0000007c   Code   RO            6    i.usr_fwdUARTInit   main.o
    0x08003220   0x0000000c   Data   RO            7    .constdata          main.o
    0x0800322c   0x0000000a   Data   RO          742    .constdata          lib_iso14443apcd.o
    0x08003236   0x00000002   PAD
    0x08003238   0x0000000d   Data   RO          854    .constdata          lib_iso14443bpcd.o
    0x08003245   0x00000007   Data   RO         1118    .constdata          lib_iso18092pcd.o
    0x0800324c   0x00000006   Data   RO         2878    .constdata          drv_led.o
    0x08003252   0x00000002   PAD
    0x08003254   0x00000020   Data   RO         3150    Region$$Table       anon$$obj.o


    Execution Region RW_IRAM1 (Base: 0x20000000, Size: 0x000012f0, Max: 0x00005000, ABSOLUTE)

    Base Addr    Size         Type   Attr      Idx    E Section Name        Object

    0x20000000   0x00000002   Data   RW          201    .data               hw_config.o
    0x20000002   0x00000002   PAD
    0x20000004   0x0000000c   Data   RW          278    .data               stm32f10x_it.o
    0x20000010   0x00000007   Data   RW          393    .data               drv_95hf.o
    0x20000017   0x00000001   PAD
    0x20000018   0x00000004   Data   RW          572    .data               drv_interrupt.o
    0x2000001c   0x00000006   Data   RW          743    .data               lib_iso14443apcd.o
    0x20000022   0x00000001   Data   RW         1175    .data               lib_pcd.o
    0x20000023   0x00000006   Data   RW         1286    .data               lib_configmanager.o
    0x20000029   0x00000014   Data   RW         1849    .data               stm32f10x_rcc.o
    0x2000003d   0x00000003   PAD
    0x20000040   0x00000004   Data   RW         2879    .data               drv_led.o
    0x20000044   0x00000211   Zero   RW          392    .bss                drv_95hf.o
    0x20000255   0x000003a6   Zero   RW          741    .bss                lib_iso14443apcd.o
    0x200005fb   0x00000056   Zero   RW          853    .bss                lib_iso14443bpcd.o
    0x20000651   0x00000029   Zero   RW         1117    .bss                lib_iso18092pcd.o
    0x2000067a   0x00000010   Zero   RW         1285    .bss                lib_configmanager.o
    0x2000068a   0x00000002   PAD
    0x2000068c   0x00000060   Zero   RW         3024    .bss                c_w.l(libspace.o)
    0x200006ec   0x00000004   PAD
    0x200006f0   0x00000400   Zero   RW         2909    HEAP                startup_stm32f10x_xl.o
    0x20000af0   0x00000800   Zero   RW         2908    STACK               startup_stm32f10x_xl.o


==============================================================================

Image component sizes


      Code (inc. data)   RO Data    RW Data    ZI Data      Debug   Object Name

      1344        146          0          7        529      15756   drv_95hf.o
       496         76          0          4          0       6932   drv_interrupt.o
       112         28          6          4          0       3110   drv_led.o
       106          0          0          0          0       2074   drv_spi.o
       166          6          0          0          0       3521   drv_uart.o
       748         26          0          2          0       7911   hw_config.o
       484         52          0          6         16       5644   lib_configmanager.o
      2614        190         10          6        934      15728   lib_iso14443apcd.o
       712         88         13          0         86       8885   lib_iso14443bpcd.o
       682         16          0          0          0       6298   lib_iso15693pcd.o
       302         36          7          0         41       4069   lib_iso18092pcd.o
       938         44          0          1          0      10205   lib_pcd.o
      1016         86         12          0          0     283206   main.o
       120         16          0          0          0       2035   misc.o
        64         26        304          0       3072        916   startup_stm32f10x_xl.o
       156         14          0          0          0       2880   stm32f10x_exti.o
       194          0          0          0          0       5204   stm32f10x_gpio.o
       106         16          0         12          0       7058   stm32f10x_it.o
       240         40          0         20          0       6852   stm32f10x_rcc.o
       206         12          0          0          0       6392   stm32f10x_spi.o
       222         42          0          0          0       6086   stm32f10x_tim.o
       338         26          0          0          0       6519   stm32f10x_usart.o
       328         28          0          0          0       2757   system_stm32f10x.o

    ----------------------------------------------------------------------
     11718       1014        388         68       4680     420038   Object Totals
         0          0         32          0          0          0   (incl. Generated)
        24          0          4          6          2          0   (incl. Padding)

    ----------------------------------------------------------------------

      Code (inc. data)   RO Data    RW Data    ZI Data      Debug   Library Member Name

         8          0          0          0          0         68   __main.o
         0          0          0          0          0          0   __rtentry.o
        12          0          0          0          0          0   __rtentry2.o
         6          0          0          0          0          0   __rtentry4.o
        52          8          0          0          0          0   __scatter.o
        26          0          0          0          0          0   __scatter_copy.o
        28          0          0          0          0          0   __scatter_zi.o
        18          0          0          0          0         80   exit.o
         6          0          0          0          0        152   heapauxi.o
         0          0          0          0          0          0   indicate_semi.o
         2          0          0          0          0          0   libinit.o
         2          0          0          0          0          0   libinit2.o
         2          0          0          0          0          0   libshutdown.o
         2          0          0          0          0          0   libshutdown2.o
         8          4          0          0         96         68   libspace.o
        88          0          0          0          0         76   memcmp.o
        68          0          0          0          0         68   rt_memclr.o
        78          0          0          0          0         80   rt_memclr_w.o
       138          0          0          0          0         68   rt_memcpy_v6.o
       100          0          0          0          0         80   rt_memcpy_w.o
         2          0          0          0          0          0   rtexit.o
        10          0          0          0          0          0   rtexit2.o
        62          0          0          0          0         76   strlen.o
        12          4          0          0          0         68   sys_exit.o
        74          0          0          0          0         80   sys_stackheap_outer.o
         2          0          0          0          0         68   use_no_semi.o

    ----------------------------------------------------------------------
       810         16          0          0        100       1032   Library Totals
         4          0          0          0          4          0   (incl. Padding)

    ----------------------------------------------------------------------

      Code (inc. data)   RO Data    RW Data    ZI Data      Debug   Library Name

       806         16          0          0         96       1032   c_w.l

    ----------------------------------------------------------------------
       810         16          0          0        100       1032   Library Totals

    ----------------------------------------------------------------------

==============================================================================


      Code (inc. data)   RO Data    RW Data    ZI Data      Debug   

     12528       1030        388         68       4780     412798   Grand Totals
     12528       1030        388         68       4780     412798   ELF Image Totals
     12528       1030        388         68          0          0   ROM Totals

==============================================================================

    Total RO  Size (Code + RO Data)                12916 (  12.61kB)
    Total RW  Size (RW Data + ZI Data)              4848 (   4.73kB)
    Total ROM Size (Code + RO Data + RW Data)      12984 (  12.68kB)

==============================================================================

