<!doctype html public "-//w3c//dtd html 4.0 transitional//en">
<html><head>
<title>Static Call Graph - [.\Obj\DEMO_BOARD_CR95HF.axf]</title></head>
<body><HR>
<H1>Static Call Graph for image .\Obj\DEMO_BOARD_CR95HF.axf</H1><HR>
<BR><P>#&#060CALLGRAPH&#062# ARM Linker, 5060061: Last Updated: Mon Jan 29 09:00:50 2018
<BR><P>
<H3>Maximum Stack Usage =       1528 bytes + Unknown(Functions without stacksize, Cycles, Untraceable Function Pointers)</H3><H3>
Call chain for Maximum Stack Depth:</H3>
__rt_entry_main &rArr; main &rArr; ConfigManager_TagHunting &rArr; FELICA_Initialization &rArr; FELICA_Init &rArr; PCD_WriteRegister &rArr; drv95HF_SendReceive &rArr; drv95HF_SendSPICommand &rArr; SPI_SendReceiveBuffer &rArr; SPI_SendReceiveByte
<P>
<H3>
Functions with no stack information
</H3><UL>
 <LI><a href="#[60]">__user_initial_stackheap</a>
</UL>
</UL>
<P>
<H3>
Mutually Recursive functions
</H3> <LI><a href="#[1f]">ADC1_2_IRQHandler</a>&nbsp;&nbsp;&nbsp;&rArr;&nbsp;&nbsp;&nbsp;<a href="#[1f]">ADC1_2_IRQHandler</a><BR>
</UL>
<P>
<H3>
Function Pointers
</H3><UL>
 <LI><a href="#[1f]">ADC1_2_IRQHandler</a> from startup_stm32f10x_xl.o(.text) referenced from startup_stm32f10x_xl.o(RESET)
 <LI><a href="#[3c]">ADC3_IRQHandler</a> from startup_stm32f10x_xl.o(.text) referenced from startup_stm32f10x_xl.o(RESET)
 <LI><a href="#[7]">BusFault_Handler</a> from stm32f10x_it.o(i.BusFault_Handler) referenced from startup_stm32f10x_xl.o(RESET)
 <LI><a href="#[22]">CAN1_RX1_IRQHandler</a> from startup_stm32f10x_xl.o(.text) referenced from startup_stm32f10x_xl.o(RESET)
 <LI><a href="#[23]">CAN1_SCE_IRQHandler</a> from startup_stm32f10x_xl.o(.text) referenced from startup_stm32f10x_xl.o(RESET)
 <LI><a href="#[18]">DMA1_Channel1_IRQHandler</a> from startup_stm32f10x_xl.o(.text) referenced from startup_stm32f10x_xl.o(RESET)
 <LI><a href="#[19]">DMA1_Channel2_IRQHandler</a> from startup_stm32f10x_xl.o(.text) referenced from startup_stm32f10x_xl.o(RESET)
 <LI><a href="#[1a]">DMA1_Channel3_IRQHandler</a> from startup_stm32f10x_xl.o(.text) referenced from startup_stm32f10x_xl.o(RESET)
 <LI><a href="#[1b]">DMA1_Channel4_IRQHandler</a> from startup_stm32f10x_xl.o(.text) referenced from startup_stm32f10x_xl.o(RESET)
 <LI><a href="#[1c]">DMA1_Channel5_IRQHandler</a> from startup_stm32f10x_xl.o(.text) referenced from startup_stm32f10x_xl.o(RESET)
 <LI><a href="#[1d]">DMA1_Channel6_IRQHandler</a> from startup_stm32f10x_xl.o(.text) referenced from startup_stm32f10x_xl.o(RESET)
 <LI><a href="#[1e]">DMA1_Channel7_IRQHandler</a> from startup_stm32f10x_xl.o(.text) referenced from startup_stm32f10x_xl.o(RESET)
 <LI><a href="#[45]">DMA2_Channel1_IRQHandler</a> from startup_stm32f10x_xl.o(.text) referenced from startup_stm32f10x_xl.o(RESET)
 <LI><a href="#[46]">DMA2_Channel2_IRQHandler</a> from startup_stm32f10x_xl.o(.text) referenced from startup_stm32f10x_xl.o(RESET)
 <LI><a href="#[47]">DMA2_Channel3_IRQHandler</a> from startup_stm32f10x_xl.o(.text) referenced from startup_stm32f10x_xl.o(RESET)
 <LI><a href="#[48]">DMA2_Channel4_5_IRQHandler</a> from startup_stm32f10x_xl.o(.text) referenced from startup_stm32f10x_xl.o(RESET)
 <LI><a href="#[a]">DebugMon_Handler</a> from stm32f10x_it.o(i.DebugMon_Handler) referenced from startup_stm32f10x_xl.o(RESET)
 <LI><a href="#[13]">EXTI0_IRQHandler</a> from startup_stm32f10x_xl.o(.text) referenced from startup_stm32f10x_xl.o(RESET)
 <LI><a href="#[35]">EXTI15_10_IRQHandler</a> from startup_stm32f10x_xl.o(.text) referenced from startup_stm32f10x_xl.o(RESET)
 <LI><a href="#[14]">EXTI1_IRQHandler</a> from startup_stm32f10x_xl.o(.text) referenced from startup_stm32f10x_xl.o(RESET)
 <LI><a href="#[15]">EXTI2_IRQHandler</a> from startup_stm32f10x_xl.o(.text) referenced from startup_stm32f10x_xl.o(RESET)
 <LI><a href="#[16]">EXTI3_IRQHandler</a> from stm32f10x_it.o(i.EXTI3_IRQHandler) referenced from startup_stm32f10x_xl.o(RESET)
 <LI><a href="#[17]">EXTI4_IRQHandler</a> from startup_stm32f10x_xl.o(.text) referenced from startup_stm32f10x_xl.o(RESET)
 <LI><a href="#[24]">EXTI9_5_IRQHandler</a> from startup_stm32f10x_xl.o(.text) referenced from startup_stm32f10x_xl.o(RESET)
 <LI><a href="#[11]">FLASH_IRQHandler</a> from startup_stm32f10x_xl.o(.text) referenced from startup_stm32f10x_xl.o(RESET)
 <LI><a href="#[3d]">FSMC_IRQHandler</a> from startup_stm32f10x_xl.o(.text) referenced from startup_stm32f10x_xl.o(RESET)
 <LI><a href="#[5]">HardFault_Handler</a> from stm32f10x_it.o(i.HardFault_Handler) referenced from startup_stm32f10x_xl.o(RESET)
 <LI><a href="#[2d]">I2C1_ER_IRQHandler</a> from startup_stm32f10x_xl.o(.text) referenced from startup_stm32f10x_xl.o(RESET)
 <LI><a href="#[2c]">I2C1_EV_IRQHandler</a> from startup_stm32f10x_xl.o(.text) referenced from startup_stm32f10x_xl.o(RESET)
 <LI><a href="#[2f]">I2C2_ER_IRQHandler</a> from startup_stm32f10x_xl.o(.text) referenced from startup_stm32f10x_xl.o(RESET)
 <LI><a href="#[2e]">I2C2_EV_IRQHandler</a> from startup_stm32f10x_xl.o(.text) referenced from startup_stm32f10x_xl.o(RESET)
 <LI><a href="#[6]">MemManage_Handler</a> from stm32f10x_it.o(i.MemManage_Handler) referenced from startup_stm32f10x_xl.o(RESET)
 <LI><a href="#[4]">NMI_Handler</a> from stm32f10x_it.o(i.NMI_Handler) referenced from startup_stm32f10x_xl.o(RESET)
 <LI><a href="#[e]">PVD_IRQHandler</a> from startup_stm32f10x_xl.o(.text) referenced from startup_stm32f10x_xl.o(RESET)
 <LI><a href="#[b]">PendSV_Handler</a> from stm32f10x_it.o(i.PendSV_Handler) referenced from startup_stm32f10x_xl.o(RESET)
 <LI><a href="#[12]">RCC_IRQHandler</a> from startup_stm32f10x_xl.o(.text) referenced from startup_stm32f10x_xl.o(RESET)
 <LI><a href="#[36]">RTCAlarm_IRQHandler</a> from startup_stm32f10x_xl.o(.text) referenced from startup_stm32f10x_xl.o(RESET)
 <LI><a href="#[10]">RTC_IRQHandler</a> from startup_stm32f10x_xl.o(.text) referenced from startup_stm32f10x_xl.o(RESET)
 <LI><a href="#[3]">Reset_Handler</a> from startup_stm32f10x_xl.o(.text) referenced from startup_stm32f10x_xl.o(RESET)
 <LI><a href="#[3e]">SDIO_IRQHandler</a> from startup_stm32f10x_xl.o(.text) referenced from startup_stm32f10x_xl.o(RESET)
 <LI><a href="#[30]">SPI1_IRQHandler</a> from startup_stm32f10x_xl.o(.text) referenced from startup_stm32f10x_xl.o(RESET)
 <LI><a href="#[31]">SPI2_IRQHandler</a> from startup_stm32f10x_xl.o(.text) referenced from startup_stm32f10x_xl.o(RESET)
 <LI><a href="#[40]">SPI3_IRQHandler</a> from startup_stm32f10x_xl.o(.text) referenced from startup_stm32f10x_xl.o(RESET)
 <LI><a href="#[9]">SVC_Handler</a> from stm32f10x_it.o(i.SVC_Handler) referenced from startup_stm32f10x_xl.o(RESET)
 <LI><a href="#[c]">SysTick_Handler</a> from stm32f10x_it.o(i.SysTick_Handler) referenced from startup_stm32f10x_xl.o(RESET)
 <LI><a href="#[49]">SystemInit</a> from system_stm32f10x.o(i.SystemInit) referenced from startup_stm32f10x_xl.o(.text)
 <LI><a href="#[f]">TAMPER_IRQHandler</a> from startup_stm32f10x_xl.o(.text) referenced from startup_stm32f10x_xl.o(RESET)
 <LI><a href="#[25]">TIM1_BRK_TIM9_IRQHandler</a> from startup_stm32f10x_xl.o(.text) referenced from startup_stm32f10x_xl.o(RESET)
 <LI><a href="#[28]">TIM1_CC_IRQHandler</a> from startup_stm32f10x_xl.o(.text) referenced from startup_stm32f10x_xl.o(RESET)
 <LI><a href="#[27]">TIM1_TRG_COM_TIM11_IRQHandler</a> from startup_stm32f10x_xl.o(.text) referenced from startup_stm32f10x_xl.o(RESET)
 <LI><a href="#[26]">TIM1_UP_TIM10_IRQHandler</a> from startup_stm32f10x_xl.o(.text) referenced from startup_stm32f10x_xl.o(RESET)
 <LI><a href="#[29]">TIM2_IRQHandler</a> from stm32f10x_it.o(i.TIM2_IRQHandler) referenced from startup_stm32f10x_xl.o(RESET)
 <LI><a href="#[2a]">TIM3_IRQHandler</a> from drv_interrupt.o(i.TIM3_IRQHandler) referenced from startup_stm32f10x_xl.o(RESET)
 <LI><a href="#[2b]">TIM4_IRQHandler</a> from drv_interrupt.o(i.TIM4_IRQHandler) referenced from startup_stm32f10x_xl.o(RESET)
 <LI><a href="#[3f]">TIM5_IRQHandler</a> from startup_stm32f10x_xl.o(.text) referenced from startup_stm32f10x_xl.o(RESET)
 <LI><a href="#[43]">TIM6_IRQHandler</a> from startup_stm32f10x_xl.o(.text) referenced from startup_stm32f10x_xl.o(RESET)
 <LI><a href="#[44]">TIM7_IRQHandler</a> from startup_stm32f10x_xl.o(.text) referenced from startup_stm32f10x_xl.o(RESET)
 <LI><a href="#[38]">TIM8_BRK_TIM12_IRQHandler</a> from startup_stm32f10x_xl.o(.text) referenced from startup_stm32f10x_xl.o(RESET)
 <LI><a href="#[3b]">TIM8_CC_IRQHandler</a> from startup_stm32f10x_xl.o(.text) referenced from startup_stm32f10x_xl.o(RESET)
 <LI><a href="#[3a]">TIM8_TRG_COM_TIM14_IRQHandler</a> from startup_stm32f10x_xl.o(.text) referenced from startup_stm32f10x_xl.o(RESET)
 <LI><a href="#[39]">TIM8_UP_TIM13_IRQHandler</a> from startup_stm32f10x_xl.o(.text) referenced from startup_stm32f10x_xl.o(RESET)
 <LI><a href="#[41]">UART4_IRQHandler</a> from startup_stm32f10x_xl.o(.text) referenced from startup_stm32f10x_xl.o(RESET)
 <LI><a href="#[42]">UART5_IRQHandler</a> from startup_stm32f10x_xl.o(.text) referenced from startup_stm32f10x_xl.o(RESET)
 <LI><a href="#[32]">USART1_IRQHandler</a> from startup_stm32f10x_xl.o(.text) referenced from startup_stm32f10x_xl.o(RESET)
 <LI><a href="#[33]">USART2_IRQHandler</a> from startup_stm32f10x_xl.o(.text) referenced from startup_stm32f10x_xl.o(RESET)
 <LI><a href="#[34]">USART3_IRQHandler</a> from startup_stm32f10x_xl.o(.text) referenced from startup_stm32f10x_xl.o(RESET)
 <LI><a href="#[37]">USBWakeUp_IRQHandler</a> from startup_stm32f10x_xl.o(.text) referenced from startup_stm32f10x_xl.o(RESET)
 <LI><a href="#[20]">USB_HP_CAN1_TX_IRQHandler</a> from startup_stm32f10x_xl.o(.text) referenced from startup_stm32f10x_xl.o(RESET)
 <LI><a href="#[21]">USB_LP_CAN1_RX0_IRQHandler</a> from startup_stm32f10x_xl.o(.text) referenced from startup_stm32f10x_xl.o(RESET)
 <LI><a href="#[8]">UsageFault_Handler</a> from stm32f10x_it.o(i.UsageFault_Handler) referenced from startup_stm32f10x_xl.o(RESET)
 <LI><a href="#[d]">WWDG_IRQHandler</a> from startup_stm32f10x_xl.o(.text) referenced from startup_stm32f10x_xl.o(RESET)
 <LI><a href="#[4b]">__main</a> from __main.o(!!!main) referenced from startup_stm32f10x_xl.o(.text)
</UL>
<P>
<H3>
Global Symbols
</H3>
<P><STRONG><a name="[4b]"></a>__main</STRONG> (Thumb, 8 bytes, Stack size 0 bytes, __main.o(!!!main))
<BR><BR>[Calls]<UL><LI><a href="#[4d]">&gt;&gt;</a>&nbsp;&nbsp;&nbsp;__rt_entry
<LI><a href="#[4c]">&gt;&gt;</a>&nbsp;&nbsp;&nbsp;__scatterload
</UL>

<P><STRONG><a name="[4c]"></a>__scatterload</STRONG> (Thumb, 0 bytes, Stack size unknown bytes, __scatter.o(!!!scatter))
<BR><BR>[Called By]<UL><LI><a href="#[4b]">&gt;&gt;</a>&nbsp;&nbsp;&nbsp;__main
</UL>

<P><STRONG><a name="[4e]"></a>__scatterload_rt2</STRONG> (Thumb, 44 bytes, Stack size unknown bytes, __scatter.o(!!!scatter), UNUSED)
<BR><BR>[Calls]<UL><LI><a href="#[4d]">&gt;&gt;</a>&nbsp;&nbsp;&nbsp;__rt_entry
</UL>

<P><STRONG><a name="[f7]"></a>__scatterload_rt2_thumb_only</STRONG> (Thumb, 0 bytes, Stack size unknown bytes, __scatter.o(!!!scatter), UNUSED)

<P><STRONG><a name="[f8]"></a>__scatterload_null</STRONG> (Thumb, 0 bytes, Stack size unknown bytes, __scatter.o(!!!scatter), UNUSED)

<P><STRONG><a name="[4f]"></a>__scatterload_copy</STRONG> (Thumb, 26 bytes, Stack size unknown bytes, __scatter_copy.o(!!handler_copy), UNUSED)
<BR><BR>[Calls]<UL><LI><a href="#[4f]">&gt;&gt;</a>&nbsp;&nbsp;&nbsp;__scatterload_copy
</UL>
<BR>[Called By]<UL><LI><a href="#[4f]">&gt;&gt;</a>&nbsp;&nbsp;&nbsp;__scatterload_copy
</UL>

<P><STRONG><a name="[f9]"></a>__scatterload_zeroinit</STRONG> (Thumb, 28 bytes, Stack size unknown bytes, __scatter_zi.o(!!handler_zi), UNUSED)

<P><STRONG><a name="[53]"></a>__rt_lib_init</STRONG> (Thumb, 0 bytes, Stack size unknown bytes, libinit.o(.ARM.Collect$$libinit$$00000000))
<BR><BR>[Called By]<UL><LI><a href="#[52]">&gt;&gt;</a>&nbsp;&nbsp;&nbsp;__rt_entry_li
</UL>

<P><STRONG><a name="[fa]"></a>__rt_lib_init_alloca_1</STRONG> (Thumb, 0 bytes, Stack size unknown bytes, libinit2.o(.ARM.Collect$$libinit$$0000002E))

<P><STRONG><a name="[fb]"></a>__rt_lib_init_argv_1</STRONG> (Thumb, 0 bytes, Stack size unknown bytes, libinit2.o(.ARM.Collect$$libinit$$0000002C))

<P><STRONG><a name="[fc]"></a>__rt_lib_init_atexit_1</STRONG> (Thumb, 0 bytes, Stack size unknown bytes, libinit2.o(.ARM.Collect$$libinit$$0000001B))

<P><STRONG><a name="[fd]"></a>__rt_lib_init_clock_1</STRONG> (Thumb, 0 bytes, Stack size unknown bytes, libinit2.o(.ARM.Collect$$libinit$$00000021))

<P><STRONG><a name="[fe]"></a>__rt_lib_init_cpp_1</STRONG> (Thumb, 0 bytes, Stack size unknown bytes, libinit2.o(.ARM.Collect$$libinit$$00000032))

<P><STRONG><a name="[ff]"></a>__rt_lib_init_exceptions_1</STRONG> (Thumb, 0 bytes, Stack size unknown bytes, libinit2.o(.ARM.Collect$$libinit$$00000030))

<P><STRONG><a name="[100]"></a>__rt_lib_init_fp_1</STRONG> (Thumb, 0 bytes, Stack size unknown bytes, libinit2.o(.ARM.Collect$$libinit$$00000002))

<P><STRONG><a name="[101]"></a>__rt_lib_init_fp_trap_1</STRONG> (Thumb, 0 bytes, Stack size unknown bytes, libinit2.o(.ARM.Collect$$libinit$$0000001F))

<P><STRONG><a name="[102]"></a>__rt_lib_init_getenv_1</STRONG> (Thumb, 0 bytes, Stack size unknown bytes, libinit2.o(.ARM.Collect$$libinit$$00000023))

<P><STRONG><a name="[103]"></a>__rt_lib_init_heap_1</STRONG> (Thumb, 0 bytes, Stack size unknown bytes, libinit2.o(.ARM.Collect$$libinit$$0000000A))

<P><STRONG><a name="[104]"></a>__rt_lib_init_lc_collate_1</STRONG> (Thumb, 0 bytes, Stack size unknown bytes, libinit2.o(.ARM.Collect$$libinit$$00000011))

<P><STRONG><a name="[105]"></a>__rt_lib_init_lc_ctype_1</STRONG> (Thumb, 0 bytes, Stack size unknown bytes, libinit2.o(.ARM.Collect$$libinit$$00000013))

<P><STRONG><a name="[106]"></a>__rt_lib_init_lc_monetary_1</STRONG> (Thumb, 0 bytes, Stack size unknown bytes, libinit2.o(.ARM.Collect$$libinit$$00000015))

<P><STRONG><a name="[107]"></a>__rt_lib_init_lc_numeric_1</STRONG> (Thumb, 0 bytes, Stack size unknown bytes, libinit2.o(.ARM.Collect$$libinit$$00000017))

<P><STRONG><a name="[108]"></a>__rt_lib_init_lc_time_1</STRONG> (Thumb, 0 bytes, Stack size unknown bytes, libinit2.o(.ARM.Collect$$libinit$$00000019))

<P><STRONG><a name="[109]"></a>__rt_lib_init_preinit_1</STRONG> (Thumb, 0 bytes, Stack size unknown bytes, libinit2.o(.ARM.Collect$$libinit$$00000004))

<P><STRONG><a name="[10a]"></a>__rt_lib_init_rand_1</STRONG> (Thumb, 0 bytes, Stack size unknown bytes, libinit2.o(.ARM.Collect$$libinit$$0000000E))

<P><STRONG><a name="[10b]"></a>__rt_lib_init_return</STRONG> (Thumb, 0 bytes, Stack size unknown bytes, libinit2.o(.ARM.Collect$$libinit$$00000033))

<P><STRONG><a name="[10c]"></a>__rt_lib_init_signal_1</STRONG> (Thumb, 0 bytes, Stack size unknown bytes, libinit2.o(.ARM.Collect$$libinit$$0000001D))

<P><STRONG><a name="[10d]"></a>__rt_lib_init_stdio_1</STRONG> (Thumb, 0 bytes, Stack size unknown bytes, libinit2.o(.ARM.Collect$$libinit$$00000025))

<P><STRONG><a name="[10e]"></a>__rt_lib_init_user_alloc_1</STRONG> (Thumb, 0 bytes, Stack size unknown bytes, libinit2.o(.ARM.Collect$$libinit$$0000000C))

<P><STRONG><a name="[58]"></a>__rt_lib_shutdown</STRONG> (Thumb, 0 bytes, Stack size unknown bytes, libshutdown.o(.ARM.Collect$$libshutdown$$00000000))
<BR><BR>[Called By]<UL><LI><a href="#[57]">&gt;&gt;</a>&nbsp;&nbsp;&nbsp;__rt_exit_ls
</UL>

<P><STRONG><a name="[10f]"></a>__rt_lib_shutdown_cpp_1</STRONG> (Thumb, 0 bytes, Stack size unknown bytes, libshutdown2.o(.ARM.Collect$$libshutdown$$00000002))

<P><STRONG><a name="[110]"></a>__rt_lib_shutdown_fp_trap_1</STRONG> (Thumb, 0 bytes, Stack size unknown bytes, libshutdown2.o(.ARM.Collect$$libshutdown$$00000007))

<P><STRONG><a name="[111]"></a>__rt_lib_shutdown_heap_1</STRONG> (Thumb, 0 bytes, Stack size unknown bytes, libshutdown2.o(.ARM.Collect$$libshutdown$$0000000F))

<P><STRONG><a name="[112]"></a>__rt_lib_shutdown_return</STRONG> (Thumb, 0 bytes, Stack size unknown bytes, libshutdown2.o(.ARM.Collect$$libshutdown$$00000010))

<P><STRONG><a name="[113]"></a>__rt_lib_shutdown_signal_1</STRONG> (Thumb, 0 bytes, Stack size unknown bytes, libshutdown2.o(.ARM.Collect$$libshutdown$$0000000A))

<P><STRONG><a name="[114]"></a>__rt_lib_shutdown_stdio_1</STRONG> (Thumb, 0 bytes, Stack size unknown bytes, libshutdown2.o(.ARM.Collect$$libshutdown$$00000004))

<P><STRONG><a name="[115]"></a>__rt_lib_shutdown_user_alloc_1</STRONG> (Thumb, 0 bytes, Stack size unknown bytes, libshutdown2.o(.ARM.Collect$$libshutdown$$0000000C))

<P><STRONG><a name="[4d]"></a>__rt_entry</STRONG> (Thumb, 0 bytes, Stack size unknown bytes, __rtentry.o(.ARM.Collect$$rtentry$$00000000))
<BR><BR>[Called By]<UL><LI><a href="#[4b]">&gt;&gt;</a>&nbsp;&nbsp;&nbsp;__main
<LI><a href="#[4e]">&gt;&gt;</a>&nbsp;&nbsp;&nbsp;__scatterload_rt2
</UL>

<P><STRONG><a name="[116]"></a>__rt_entry_presh_1</STRONG> (Thumb, 0 bytes, Stack size unknown bytes, __rtentry2.o(.ARM.Collect$$rtentry$$00000002))

<P><STRONG><a name="[50]"></a>__rt_entry_sh</STRONG> (Thumb, 0 bytes, Stack size unknown bytes, __rtentry4.o(.ARM.Collect$$rtentry$$00000004))
<BR><BR>[Stack]<UL><LI>Max Depth = 8 + Unknown Stack Size
<LI>Call Chain = __rt_entry_sh &rArr; __user_setup_stackheap
</UL>
<BR>[Calls]<UL><LI><a href="#[51]">&gt;&gt;</a>&nbsp;&nbsp;&nbsp;__user_setup_stackheap
</UL>

<P><STRONG><a name="[52]"></a>__rt_entry_li</STRONG> (Thumb, 0 bytes, Stack size unknown bytes, __rtentry2.o(.ARM.Collect$$rtentry$$0000000A))
<BR><BR>[Calls]<UL><LI><a href="#[53]">&gt;&gt;</a>&nbsp;&nbsp;&nbsp;__rt_lib_init
</UL>

<P><STRONG><a name="[117]"></a>__rt_entry_postsh_1</STRONG> (Thumb, 0 bytes, Stack size unknown bytes, __rtentry2.o(.ARM.Collect$$rtentry$$00000009))

<P><STRONG><a name="[54]"></a>__rt_entry_main</STRONG> (Thumb, 0 bytes, Stack size unknown bytes, __rtentry2.o(.ARM.Collect$$rtentry$$0000000D))
<BR><BR>[Stack]<UL><LI>Max Depth = 1528 + Unknown Stack Size
<LI>Call Chain = __rt_entry_main &rArr; main &rArr; ConfigManager_TagHunting &rArr; FELICA_Initialization &rArr; FELICA_Init &rArr; PCD_WriteRegister &rArr; drv95HF_SendReceive &rArr; drv95HF_SendSPICommand &rArr; SPI_SendReceiveBuffer &rArr; SPI_SendReceiveByte
</UL>
<BR>[Calls]<UL><LI><a href="#[55]">&gt;&gt;</a>&nbsp;&nbsp;&nbsp;main
<LI><a href="#[56]">&gt;&gt;</a>&nbsp;&nbsp;&nbsp;exit
</UL>

<P><STRONG><a name="[118]"></a>__rt_entry_postli_1</STRONG> (Thumb, 0 bytes, Stack size unknown bytes, __rtentry2.o(.ARM.Collect$$rtentry$$0000000C))

<P><STRONG><a name="[61]"></a>__rt_exit</STRONG> (Thumb, 0 bytes, Stack size unknown bytes, rtexit.o(.ARM.Collect$$rtexit$$00000000))
<BR><BR>[Called By]<UL><LI><a href="#[56]">&gt;&gt;</a>&nbsp;&nbsp;&nbsp;exit
</UL>

<P><STRONG><a name="[57]"></a>__rt_exit_ls</STRONG> (Thumb, 0 bytes, Stack size unknown bytes, rtexit2.o(.ARM.Collect$$rtexit$$00000003))
<BR><BR>[Calls]<UL><LI><a href="#[58]">&gt;&gt;</a>&nbsp;&nbsp;&nbsp;__rt_lib_shutdown
</UL>

<P><STRONG><a name="[119]"></a>__rt_exit_prels_1</STRONG> (Thumb, 0 bytes, Stack size unknown bytes, rtexit2.o(.ARM.Collect$$rtexit$$00000002))

<P><STRONG><a name="[59]"></a>__rt_exit_exit</STRONG> (Thumb, 0 bytes, Stack size unknown bytes, rtexit2.o(.ARM.Collect$$rtexit$$00000004))
<BR><BR>[Calls]<UL><LI><a href="#[5a]">&gt;&gt;</a>&nbsp;&nbsp;&nbsp;_sys_exit
</UL>

<P><STRONG><a name="[3]"></a>Reset_Handler</STRONG> (Thumb, 8 bytes, Stack size 0 bytes, startup_stm32f10x_xl.o(.text))
<BR>[Address Reference Count : 1]<UL><LI> startup_stm32f10x_xl.o(RESET)
</UL>
<P><STRONG><a name="[1f]"></a>ADC1_2_IRQHandler</STRONG> (Thumb, 0 bytes, Stack size 0 bytes, startup_stm32f10x_xl.o(.text))
<BR><BR>[Calls]<UL><LI><a href="#[1f]">&gt;&gt;</a>&nbsp;&nbsp;&nbsp;ADC1_2_IRQHandler
</UL>
<BR>[Called By]<UL><LI><a href="#[1f]">&gt;&gt;</a>&nbsp;&nbsp;&nbsp;ADC1_2_IRQHandler
</UL>
<BR>[Address Reference Count : 1]<UL><LI> startup_stm32f10x_xl.o(RESET)
</UL>
<P><STRONG><a name="[3c]"></a>ADC3_IRQHandler</STRONG> (Thumb, 0 bytes, Stack size 0 bytes, startup_stm32f10x_xl.o(.text))
<BR>[Address Reference Count : 1]<UL><LI> startup_stm32f10x_xl.o(RESET)
</UL>
<P><STRONG><a name="[22]"></a>CAN1_RX1_IRQHandler</STRONG> (Thumb, 0 bytes, Stack size 0 bytes, startup_stm32f10x_xl.o(.text))
<BR>[Address Reference Count : 1]<UL><LI> startup_stm32f10x_xl.o(RESET)
</UL>
<P><STRONG><a name="[23]"></a>CAN1_SCE_IRQHandler</STRONG> (Thumb, 0 bytes, Stack size 0 bytes, startup_stm32f10x_xl.o(.text))
<BR>[Address Reference Count : 1]<UL><LI> startup_stm32f10x_xl.o(RESET)
</UL>
<P><STRONG><a name="[18]"></a>DMA1_Channel1_IRQHandler</STRONG> (Thumb, 0 bytes, Stack size 0 bytes, startup_stm32f10x_xl.o(.text))
<BR>[Address Reference Count : 1]<UL><LI> startup_stm32f10x_xl.o(RESET)
</UL>
<P><STRONG><a name="[19]"></a>DMA1_Channel2_IRQHandler</STRONG> (Thumb, 0 bytes, Stack size 0 bytes, startup_stm32f10x_xl.o(.text))
<BR>[Address Reference Count : 1]<UL><LI> startup_stm32f10x_xl.o(RESET)
</UL>
<P><STRONG><a name="[1a]"></a>DMA1_Channel3_IRQHandler</STRONG> (Thumb, 0 bytes, Stack size 0 bytes, startup_stm32f10x_xl.o(.text))
<BR>[Address Reference Count : 1]<UL><LI> startup_stm32f10x_xl.o(RESET)
</UL>
<P><STRONG><a name="[1b]"></a>DMA1_Channel4_IRQHandler</STRONG> (Thumb, 0 bytes, Stack size 0 bytes, startup_stm32f10x_xl.o(.text))
<BR>[Address Reference Count : 1]<UL><LI> startup_stm32f10x_xl.o(RESET)
</UL>
<P><STRONG><a name="[1c]"></a>DMA1_Channel5_IRQHandler</STRONG> (Thumb, 0 bytes, Stack size 0 bytes, startup_stm32f10x_xl.o(.text))
<BR>[Address Reference Count : 1]<UL><LI> startup_stm32f10x_xl.o(RESET)
</UL>
<P><STRONG><a name="[1d]"></a>DMA1_Channel6_IRQHandler</STRONG> (Thumb, 0 bytes, Stack size 0 bytes, startup_stm32f10x_xl.o(.text))
<BR>[Address Reference Count : 1]<UL><LI> startup_stm32f10x_xl.o(RESET)
</UL>
<P><STRONG><a name="[1e]"></a>DMA1_Channel7_IRQHandler</STRONG> (Thumb, 0 bytes, Stack size 0 bytes, startup_stm32f10x_xl.o(.text))
<BR>[Address Reference Count : 1]<UL><LI> startup_stm32f10x_xl.o(RESET)
</UL>
<P><STRONG><a name="[45]"></a>DMA2_Channel1_IRQHandler</STRONG> (Thumb, 0 bytes, Stack size 0 bytes, startup_stm32f10x_xl.o(.text))
<BR>[Address Reference Count : 1]<UL><LI> startup_stm32f10x_xl.o(RESET)
</UL>
<P><STRONG><a name="[46]"></a>DMA2_Channel2_IRQHandler</STRONG> (Thumb, 0 bytes, Stack size 0 bytes, startup_stm32f10x_xl.o(.text))
<BR>[Address Reference Count : 1]<UL><LI> startup_stm32f10x_xl.o(RESET)
</UL>
<P><STRONG><a name="[47]"></a>DMA2_Channel3_IRQHandler</STRONG> (Thumb, 0 bytes, Stack size 0 bytes, startup_stm32f10x_xl.o(.text))
<BR>[Address Reference Count : 1]<UL><LI> startup_stm32f10x_xl.o(RESET)
</UL>
<P><STRONG><a name="[48]"></a>DMA2_Channel4_5_IRQHandler</STRONG> (Thumb, 0 bytes, Stack size 0 bytes, startup_stm32f10x_xl.o(.text))
<BR>[Address Reference Count : 1]<UL><LI> startup_stm32f10x_xl.o(RESET)
</UL>
<P><STRONG><a name="[13]"></a>EXTI0_IRQHandler</STRONG> (Thumb, 0 bytes, Stack size 0 bytes, startup_stm32f10x_xl.o(.text))
<BR>[Address Reference Count : 1]<UL><LI> startup_stm32f10x_xl.o(RESET)
</UL>
<P><STRONG><a name="[35]"></a>EXTI15_10_IRQHandler</STRONG> (Thumb, 0 bytes, Stack size 0 bytes, startup_stm32f10x_xl.o(.text))
<BR>[Address Reference Count : 1]<UL><LI> startup_stm32f10x_xl.o(RESET)
</UL>
<P><STRONG><a name="[14]"></a>EXTI1_IRQHandler</STRONG> (Thumb, 0 bytes, Stack size 0 bytes, startup_stm32f10x_xl.o(.text))
<BR>[Address Reference Count : 1]<UL><LI> startup_stm32f10x_xl.o(RESET)
</UL>
<P><STRONG><a name="[15]"></a>EXTI2_IRQHandler</STRONG> (Thumb, 0 bytes, Stack size 0 bytes, startup_stm32f10x_xl.o(.text))
<BR>[Address Reference Count : 1]<UL><LI> startup_stm32f10x_xl.o(RESET)
</UL>
<P><STRONG><a name="[17]"></a>EXTI4_IRQHandler</STRONG> (Thumb, 0 bytes, Stack size 0 bytes, startup_stm32f10x_xl.o(.text))
<BR>[Address Reference Count : 1]<UL><LI> startup_stm32f10x_xl.o(RESET)
</UL>
<P><STRONG><a name="[24]"></a>EXTI9_5_IRQHandler</STRONG> (Thumb, 0 bytes, Stack size 0 bytes, startup_stm32f10x_xl.o(.text))
<BR>[Address Reference Count : 1]<UL><LI> startup_stm32f10x_xl.o(RESET)
</UL>
<P><STRONG><a name="[11]"></a>FLASH_IRQHandler</STRONG> (Thumb, 0 bytes, Stack size 0 bytes, startup_stm32f10x_xl.o(.text))
<BR>[Address Reference Count : 1]<UL><LI> startup_stm32f10x_xl.o(RESET)
</UL>
<P><STRONG><a name="[3d]"></a>FSMC_IRQHandler</STRONG> (Thumb, 0 bytes, Stack size 0 bytes, startup_stm32f10x_xl.o(.text))
<BR>[Address Reference Count : 1]<UL><LI> startup_stm32f10x_xl.o(RESET)
</UL>
<P><STRONG><a name="[2d]"></a>I2C1_ER_IRQHandler</STRONG> (Thumb, 0 bytes, Stack size 0 bytes, startup_stm32f10x_xl.o(.text))
<BR>[Address Reference Count : 1]<UL><LI> startup_stm32f10x_xl.o(RESET)
</UL>
<P><STRONG><a name="[2c]"></a>I2C1_EV_IRQHandler</STRONG> (Thumb, 0 bytes, Stack size 0 bytes, startup_stm32f10x_xl.o(.text))
<BR>[Address Reference Count : 1]<UL><LI> startup_stm32f10x_xl.o(RESET)
</UL>
<P><STRONG><a name="[2f]"></a>I2C2_ER_IRQHandler</STRONG> (Thumb, 0 bytes, Stack size 0 bytes, startup_stm32f10x_xl.o(.text))
<BR>[Address Reference Count : 1]<UL><LI> startup_stm32f10x_xl.o(RESET)
</UL>
<P><STRONG><a name="[2e]"></a>I2C2_EV_IRQHandler</STRONG> (Thumb, 0 bytes, Stack size 0 bytes, startup_stm32f10x_xl.o(.text))
<BR>[Address Reference Count : 1]<UL><LI> startup_stm32f10x_xl.o(RESET)
</UL>
<P><STRONG><a name="[e]"></a>PVD_IRQHandler</STRONG> (Thumb, 0 bytes, Stack size 0 bytes, startup_stm32f10x_xl.o(.text))
<BR>[Address Reference Count : 1]<UL><LI> startup_stm32f10x_xl.o(RESET)
</UL>
<P><STRONG><a name="[12]"></a>RCC_IRQHandler</STRONG> (Thumb, 0 bytes, Stack size 0 bytes, startup_stm32f10x_xl.o(.text))
<BR>[Address Reference Count : 1]<UL><LI> startup_stm32f10x_xl.o(RESET)
</UL>
<P><STRONG><a name="[36]"></a>RTCAlarm_IRQHandler</STRONG> (Thumb, 0 bytes, Stack size 0 bytes, startup_stm32f10x_xl.o(.text))
<BR>[Address Reference Count : 1]<UL><LI> startup_stm32f10x_xl.o(RESET)
</UL>
<P><STRONG><a name="[10]"></a>RTC_IRQHandler</STRONG> (Thumb, 0 bytes, Stack size 0 bytes, startup_stm32f10x_xl.o(.text))
<BR>[Address Reference Count : 1]<UL><LI> startup_stm32f10x_xl.o(RESET)
</UL>
<P><STRONG><a name="[3e]"></a>SDIO_IRQHandler</STRONG> (Thumb, 0 bytes, Stack size 0 bytes, startup_stm32f10x_xl.o(.text))
<BR>[Address Reference Count : 1]<UL><LI> startup_stm32f10x_xl.o(RESET)
</UL>
<P><STRONG><a name="[30]"></a>SPI1_IRQHandler</STRONG> (Thumb, 0 bytes, Stack size 0 bytes, startup_stm32f10x_xl.o(.text))
<BR>[Address Reference Count : 1]<UL><LI> startup_stm32f10x_xl.o(RESET)
</UL>
<P><STRONG><a name="[31]"></a>SPI2_IRQHandler</STRONG> (Thumb, 0 bytes, Stack size 0 bytes, startup_stm32f10x_xl.o(.text))
<BR>[Address Reference Count : 1]<UL><LI> startup_stm32f10x_xl.o(RESET)
</UL>
<P><STRONG><a name="[40]"></a>SPI3_IRQHandler</STRONG> (Thumb, 0 bytes, Stack size 0 bytes, startup_stm32f10x_xl.o(.text))
<BR>[Address Reference Count : 1]<UL><LI> startup_stm32f10x_xl.o(RESET)
</UL>
<P><STRONG><a name="[f]"></a>TAMPER_IRQHandler</STRONG> (Thumb, 0 bytes, Stack size 0 bytes, startup_stm32f10x_xl.o(.text))
<BR>[Address Reference Count : 1]<UL><LI> startup_stm32f10x_xl.o(RESET)
</UL>
<P><STRONG><a name="[25]"></a>TIM1_BRK_TIM9_IRQHandler</STRONG> (Thumb, 0 bytes, Stack size 0 bytes, startup_stm32f10x_xl.o(.text))
<BR>[Address Reference Count : 1]<UL><LI> startup_stm32f10x_xl.o(RESET)
</UL>
<P><STRONG><a name="[28]"></a>TIM1_CC_IRQHandler</STRONG> (Thumb, 0 bytes, Stack size 0 bytes, startup_stm32f10x_xl.o(.text))
<BR>[Address Reference Count : 1]<UL><LI> startup_stm32f10x_xl.o(RESET)
</UL>
<P><STRONG><a name="[27]"></a>TIM1_TRG_COM_TIM11_IRQHandler</STRONG> (Thumb, 0 bytes, Stack size 0 bytes, startup_stm32f10x_xl.o(.text))
<BR>[Address Reference Count : 1]<UL><LI> startup_stm32f10x_xl.o(RESET)
</UL>
<P><STRONG><a name="[26]"></a>TIM1_UP_TIM10_IRQHandler</STRONG> (Thumb, 0 bytes, Stack size 0 bytes, startup_stm32f10x_xl.o(.text))
<BR>[Address Reference Count : 1]<UL><LI> startup_stm32f10x_xl.o(RESET)
</UL>
<P><STRONG><a name="[3f]"></a>TIM5_IRQHandler</STRONG> (Thumb, 0 bytes, Stack size 0 bytes, startup_stm32f10x_xl.o(.text))
<BR>[Address Reference Count : 1]<UL><LI> startup_stm32f10x_xl.o(RESET)
</UL>
<P><STRONG><a name="[43]"></a>TIM6_IRQHandler</STRONG> (Thumb, 0 bytes, Stack size 0 bytes, startup_stm32f10x_xl.o(.text))
<BR>[Address Reference Count : 1]<UL><LI> startup_stm32f10x_xl.o(RESET)
</UL>
<P><STRONG><a name="[44]"></a>TIM7_IRQHandler</STRONG> (Thumb, 0 bytes, Stack size 0 bytes, startup_stm32f10x_xl.o(.text))
<BR>[Address Reference Count : 1]<UL><LI> startup_stm32f10x_xl.o(RESET)
</UL>
<P><STRONG><a name="[38]"></a>TIM8_BRK_TIM12_IRQHandler</STRONG> (Thumb, 0 bytes, Stack size 0 bytes, startup_stm32f10x_xl.o(.text))
<BR>[Address Reference Count : 1]<UL><LI> startup_stm32f10x_xl.o(RESET)
</UL>
<P><STRONG><a name="[3b]"></a>TIM8_CC_IRQHandler</STRONG> (Thumb, 0 bytes, Stack size 0 bytes, startup_stm32f10x_xl.o(.text))
<BR>[Address Reference Count : 1]<UL><LI> startup_stm32f10x_xl.o(RESET)
</UL>
<P><STRONG><a name="[3a]"></a>TIM8_TRG_COM_TIM14_IRQHandler</STRONG> (Thumb, 0 bytes, Stack size 0 bytes, startup_stm32f10x_xl.o(.text))
<BR>[Address Reference Count : 1]<UL><LI> startup_stm32f10x_xl.o(RESET)
</UL>
<P><STRONG><a name="[39]"></a>TIM8_UP_TIM13_IRQHandler</STRONG> (Thumb, 0 bytes, Stack size 0 bytes, startup_stm32f10x_xl.o(.text))
<BR>[Address Reference Count : 1]<UL><LI> startup_stm32f10x_xl.o(RESET)
</UL>
<P><STRONG><a name="[41]"></a>UART4_IRQHandler</STRONG> (Thumb, 0 bytes, Stack size 0 bytes, startup_stm32f10x_xl.o(.text))
<BR>[Address Reference Count : 1]<UL><LI> startup_stm32f10x_xl.o(RESET)
</UL>
<P><STRONG><a name="[42]"></a>UART5_IRQHandler</STRONG> (Thumb, 0 bytes, Stack size 0 bytes, startup_stm32f10x_xl.o(.text))
<BR>[Address Reference Count : 1]<UL><LI> startup_stm32f10x_xl.o(RESET)
</UL>
<P><STRONG><a name="[32]"></a>USART1_IRQHandler</STRONG> (Thumb, 0 bytes, Stack size 0 bytes, startup_stm32f10x_xl.o(.text))
<BR>[Address Reference Count : 1]<UL><LI> startup_stm32f10x_xl.o(RESET)
</UL>
<P><STRONG><a name="[33]"></a>USART2_IRQHandler</STRONG> (Thumb, 0 bytes, Stack size 0 bytes, startup_stm32f10x_xl.o(.text))
<BR>[Address Reference Count : 1]<UL><LI> startup_stm32f10x_xl.o(RESET)
</UL>
<P><STRONG><a name="[34]"></a>USART3_IRQHandler</STRONG> (Thumb, 0 bytes, Stack size 0 bytes, startup_stm32f10x_xl.o(.text))
<BR>[Address Reference Count : 1]<UL><LI> startup_stm32f10x_xl.o(RESET)
</UL>
<P><STRONG><a name="[37]"></a>USBWakeUp_IRQHandler</STRONG> (Thumb, 0 bytes, Stack size 0 bytes, startup_stm32f10x_xl.o(.text))
<BR>[Address Reference Count : 1]<UL><LI> startup_stm32f10x_xl.o(RESET)
</UL>
<P><STRONG><a name="[20]"></a>USB_HP_CAN1_TX_IRQHandler</STRONG> (Thumb, 0 bytes, Stack size 0 bytes, startup_stm32f10x_xl.o(.text))
<BR>[Address Reference Count : 1]<UL><LI> startup_stm32f10x_xl.o(RESET)
</UL>
<P><STRONG><a name="[21]"></a>USB_LP_CAN1_RX0_IRQHandler</STRONG> (Thumb, 0 bytes, Stack size 0 bytes, startup_stm32f10x_xl.o(.text))
<BR>[Address Reference Count : 1]<UL><LI> startup_stm32f10x_xl.o(RESET)
</UL>
<P><STRONG><a name="[d]"></a>WWDG_IRQHandler</STRONG> (Thumb, 0 bytes, Stack size 0 bytes, startup_stm32f10x_xl.o(.text))
<BR>[Address Reference Count : 1]<UL><LI> startup_stm32f10x_xl.o(RESET)
</UL>
<P><STRONG><a name="[60]"></a>__user_initial_stackheap</STRONG> (Thumb, 0 bytes, Stack size unknown bytes, startup_stm32f10x_xl.o(.text))
<BR><BR>[Called By]<UL><LI><a href="#[51]">&gt;&gt;</a>&nbsp;&nbsp;&nbsp;__user_setup_stackheap
</UL>

<P><STRONG><a name="[f5]"></a>memcmp</STRONG> (Thumb, 88 bytes, Stack size 8 bytes, memcmp.o(.text))
<BR><BR>[Stack]<UL><LI>Max Depth = 8<LI>Call Chain = memcmp
</UL>
<BR>[Called By]<UL><LI><a href="#[55]">&gt;&gt;</a>&nbsp;&nbsp;&nbsp;main
</UL>

<P><STRONG><a name="[f6]"></a>strlen</STRONG> (Thumb, 62 bytes, Stack size 8 bytes, strlen.o(.text))
<BR><BR>[Stack]<UL><LI>Max Depth = 8<LI>Call Chain = strlen
</UL>
<BR>[Called By]<UL><LI><a href="#[55]">&gt;&gt;</a>&nbsp;&nbsp;&nbsp;main
</UL>

<P><STRONG><a name="[82]"></a>__aeabi_memcpy</STRONG> (Thumb, 0 bytes, Stack size 0 bytes, rt_memcpy_v6.o(.text))
<BR><BR>[Called By]<UL><LI><a href="#[89]">&gt;&gt;</a>&nbsp;&nbsp;&nbsp;PCD_SendRecv
<LI><a href="#[55]">&gt;&gt;</a>&nbsp;&nbsp;&nbsp;main
<LI><a href="#[76]">&gt;&gt;</a>&nbsp;&nbsp;&nbsp;FELICA_IsPresent
<LI><a href="#[9a]">&gt;&gt;</a>&nbsp;&nbsp;&nbsp;ISO14443B_CompleteStruture
<LI><a href="#[7e]">&gt;&gt;</a>&nbsp;&nbsp;&nbsp;PCD_WriteRegister
<LI><a href="#[7d]">&gt;&gt;</a>&nbsp;&nbsp;&nbsp;PCD_ProtocolSelect
</UL>

<P><STRONG><a name="[5b]"></a>__rt_memcpy</STRONG> (Thumb, 138 bytes, Stack size 0 bytes, rt_memcpy_v6.o(.text), UNUSED)
<BR><BR>[Calls]<UL><LI><a href="#[5c]">&gt;&gt;</a>&nbsp;&nbsp;&nbsp;__aeabi_memcpy4
</UL>

<P><STRONG><a name="[11a]"></a>_memcpy_lastbytes</STRONG> (Thumb, 0 bytes, Stack size unknown bytes, rt_memcpy_v6.o(.text), UNUSED)

<P><STRONG><a name="[9e]"></a>__aeabi_memclr</STRONG> (Thumb, 0 bytes, Stack size 0 bytes, rt_memclr.o(.text))
<BR><BR>[Called By]<UL><LI><a href="#[9c]">&gt;&gt;</a>&nbsp;&nbsp;&nbsp;ISO14443B_InitStructure
</UL>

<P><STRONG><a name="[5d]"></a>__rt_memclr</STRONG> (Thumb, 68 bytes, Stack size 0 bytes, rt_memclr.o(.text), UNUSED)
<BR><BR>[Calls]<UL><LI><a href="#[5e]">&gt;&gt;</a>&nbsp;&nbsp;&nbsp;_memset_w
</UL>

<P><STRONG><a name="[11b]"></a>_memset</STRONG> (Thumb, 0 bytes, Stack size unknown bytes, rt_memclr.o(.text), UNUSED)

<P><STRONG><a name="[80]"></a>__aeabi_memclr4</STRONG> (Thumb, 0 bytes, Stack size 4 bytes, rt_memclr_w.o(.text))
<BR><BR>[Stack]<UL><LI>Max Depth = 4<LI>Call Chain = __aeabi_memclr4
</UL>
<BR>[Called By]<UL><LI><a href="#[76]">&gt;&gt;</a>&nbsp;&nbsp;&nbsp;FELICA_IsPresent
</UL>

<P><STRONG><a name="[11c]"></a>__aeabi_memclr8</STRONG> (Thumb, 0 bytes, Stack size 4 bytes, rt_memclr_w.o(.text), UNUSED)

<P><STRONG><a name="[11d]"></a>__rt_memclr_w</STRONG> (Thumb, 78 bytes, Stack size 4 bytes, rt_memclr_w.o(.text), UNUSED)

<P><STRONG><a name="[5e]"></a>_memset_w</STRONG> (Thumb, 0 bytes, Stack size unknown bytes, rt_memclr_w.o(.text), UNUSED)
<BR><BR>[Called By]<UL><LI><a href="#[5d]">&gt;&gt;</a>&nbsp;&nbsp;&nbsp;__rt_memclr
</UL>

<P><STRONG><a name="[11e]"></a>__use_two_region_memory</STRONG> (Thumb, 2 bytes, Stack size 0 bytes, heapauxi.o(.text), UNUSED)

<P><STRONG><a name="[11f]"></a>__rt_heap_escrow$2region</STRONG> (Thumb, 2 bytes, Stack size 0 bytes, heapauxi.o(.text), UNUSED)

<P><STRONG><a name="[120]"></a>__rt_heap_expand$2region</STRONG> (Thumb, 2 bytes, Stack size 0 bytes, heapauxi.o(.text), UNUSED)

<P><STRONG><a name="[5c]"></a>__aeabi_memcpy4</STRONG> (Thumb, 0 bytes, Stack size 8 bytes, rt_memcpy_w.o(.text), UNUSED)
<BR><BR>[Called By]<UL><LI><a href="#[5b]">&gt;&gt;</a>&nbsp;&nbsp;&nbsp;__rt_memcpy
</UL>

<P><STRONG><a name="[121]"></a>__aeabi_memcpy8</STRONG> (Thumb, 0 bytes, Stack size 8 bytes, rt_memcpy_w.o(.text), UNUSED)

<P><STRONG><a name="[122]"></a>__rt_memcpy_w</STRONG> (Thumb, 100 bytes, Stack size 8 bytes, rt_memcpy_w.o(.text), UNUSED)

<P><STRONG><a name="[123]"></a>_memcpy_lastbytes_aligned</STRONG> (Thumb, 0 bytes, Stack size unknown bytes, rt_memcpy_w.o(.text), UNUSED)

<P><STRONG><a name="[51]"></a>__user_setup_stackheap</STRONG> (Thumb, 74 bytes, Stack size 8 bytes, sys_stackheap_outer.o(.text))
<BR><BR>[Stack]<UL><LI>Max Depth = 8 + Unknown Stack Size
<LI>Call Chain = __user_setup_stackheap
</UL>
<BR>[Calls]<UL><LI><a href="#[5f]">&gt;&gt;</a>&nbsp;&nbsp;&nbsp;__user_perproc_libspace
<LI><a href="#[60]">&gt;&gt;</a>&nbsp;&nbsp;&nbsp;__user_initial_stackheap
</UL>
<BR>[Called By]<UL><LI><a href="#[50]">&gt;&gt;</a>&nbsp;&nbsp;&nbsp;__rt_entry_sh
</UL>

<P><STRONG><a name="[56]"></a>exit</STRONG> (Thumb, 18 bytes, Stack size 8 bytes, exit.o(.text))
<BR><BR>[Stack]<UL><LI>Max Depth = 8 + Unknown Stack Size
<LI>Call Chain = exit
</UL>
<BR>[Calls]<UL><LI><a href="#[61]">&gt;&gt;</a>&nbsp;&nbsp;&nbsp;__rt_exit
</UL>
<BR>[Called By]<UL><LI><a href="#[54]">&gt;&gt;</a>&nbsp;&nbsp;&nbsp;__rt_entry_main
</UL>

<P><STRONG><a name="[124]"></a>__user_libspace</STRONG> (Thumb, 8 bytes, Stack size 0 bytes, libspace.o(.text), UNUSED)

<P><STRONG><a name="[5f]"></a>__user_perproc_libspace</STRONG> (Thumb, 0 bytes, Stack size 0 bytes, libspace.o(.text))
<BR><BR>[Called By]<UL><LI><a href="#[51]">&gt;&gt;</a>&nbsp;&nbsp;&nbsp;__user_setup_stackheap
</UL>

<P><STRONG><a name="[125]"></a>__user_perthread_libspace</STRONG> (Thumb, 0 bytes, Stack size 0 bytes, libspace.o(.text), UNUSED)

<P><STRONG><a name="[5a]"></a>_sys_exit</STRONG> (Thumb, 8 bytes, Stack size 0 bytes, sys_exit.o(.text))
<BR><BR>[Called By]<UL><LI><a href="#[59]">&gt;&gt;</a>&nbsp;&nbsp;&nbsp;__rt_exit_exit
</UL>

<P><STRONG><a name="[126]"></a>__I$use$semihosting</STRONG> (Thumb, 0 bytes, Stack size 0 bytes, use_no_semi.o(.text), UNUSED)

<P><STRONG><a name="[127]"></a>__use_no_semihosting_swi</STRONG> (Thumb, 2 bytes, Stack size 0 bytes, use_no_semi.o(.text), UNUSED)

<P><STRONG><a name="[7]"></a>BusFault_Handler</STRONG> (Thumb, 4 bytes, Stack size 0 bytes, stm32f10x_it.o(i.BusFault_Handler))
<BR>[Address Reference Count : 1]<UL><LI> startup_stm32f10x_xl.o(RESET)
</UL>
<P><STRONG><a name="[128]"></a>__semihosting_library_function</STRONG> (Thumb, 0 bytes, Stack size 0 bytes, indicate_semi.o(.text), UNUSED)

<P><STRONG><a name="[62]"></a>ConfigManager_HWInit</STRONG> (Thumb, 26 bytes, Stack size 8 bytes, lib_configmanager.o(i.ConfigManager_HWInit))
<BR><BR>[Stack]<UL><LI>Max Depth = 624<LI>Call Chain = ConfigManager_HWInit &rArr; ConfigManager_PORsequence &rArr; drv95HF_SendReceive &rArr; drv95HF_SendSPICommand &rArr; SPI_SendReceiveBuffer &rArr; SPI_SendReceiveByte
</UL>
<BR>[Calls]<UL><LI><a href="#[64]">&gt;&gt;</a>&nbsp;&nbsp;&nbsp;ConfigManager_PORsequence
<LI><a href="#[63]">&gt;&gt;</a>&nbsp;&nbsp;&nbsp;ConfigManager_Init
<LI><a href="#[65]">&gt;&gt;</a>&nbsp;&nbsp;&nbsp;ConfigManager_IDN
</UL>
<BR>[Called By]<UL><LI><a href="#[55]">&gt;&gt;</a>&nbsp;&nbsp;&nbsp;main
</UL>

<P><STRONG><a name="[6d]"></a>ConfigManager_TagHunting</STRONG> (Thumb, 222 bytes, Stack size 8 bytes, lib_configmanager.o(i.ConfigManager_TagHunting))
<BR><BR>[Stack]<UL><LI>Max Depth = 1464<LI>Call Chain = ConfigManager_TagHunting &rArr; FELICA_Initialization &rArr; FELICA_Init &rArr; PCD_WriteRegister &rArr; drv95HF_SendReceive &rArr; drv95HF_SendSPICommand &rArr; SPI_SendReceiveBuffer &rArr; SPI_SendReceiveByte
</UL>
<BR>[Calls]<UL><LI><a href="#[70]">&gt;&gt;</a>&nbsp;&nbsp;&nbsp;delay_ms
<LI><a href="#[6e]">&gt;&gt;</a>&nbsp;&nbsp;&nbsp;ConfigManager_Start
<LI><a href="#[6f]">&gt;&gt;</a>&nbsp;&nbsp;&nbsp;PCD_FieldOff
<LI><a href="#[76]">&gt;&gt;</a>&nbsp;&nbsp;&nbsp;FELICA_IsPresent
<LI><a href="#[75]">&gt;&gt;</a>&nbsp;&nbsp;&nbsp;FELICA_Initialization
<LI><a href="#[79]">&gt;&gt;</a>&nbsp;&nbsp;&nbsp;ISO15693_GetUID
<LI><a href="#[77]">&gt;&gt;</a>&nbsp;&nbsp;&nbsp;ISO14443B_IsPresent
<LI><a href="#[78]">&gt;&gt;</a>&nbsp;&nbsp;&nbsp;ISO14443B_Anticollision
<LI><a href="#[73]">&gt;&gt;</a>&nbsp;&nbsp;&nbsp;TOPAZ_ID
<LI><a href="#[72]">&gt;&gt;</a>&nbsp;&nbsp;&nbsp;ISO14443A_IsPresent
<LI><a href="#[71]">&gt;&gt;</a>&nbsp;&nbsp;&nbsp;ISO14443A_Init
<LI><a href="#[74]">&gt;&gt;</a>&nbsp;&nbsp;&nbsp;ISO14443A_Anticollision
</UL>
<BR>[Called By]<UL><LI><a href="#[55]">&gt;&gt;</a>&nbsp;&nbsp;&nbsp;main
</UL>

<P><STRONG><a name="[a]"></a>DebugMon_Handler</STRONG> (Thumb, 2 bytes, Stack size 0 bytes, stm32f10x_it.o(i.DebugMon_Handler))
<BR>[Address Reference Count : 1]<UL><LI> startup_stm32f10x_xl.o(RESET)
</UL>
<P><STRONG><a name="[16]"></a>EXTI3_IRQHandler</STRONG> (Thumb, 48 bytes, Stack size 8 bytes, stm32f10x_it.o(i.EXTI3_IRQHandler))
<BR><BR>[Stack]<UL><LI>Max Depth = 8<LI>Call Chain = EXTI3_IRQHandler
</UL>
<BR>[Calls]<UL><LI><a href="#[7a]">&gt;&gt;</a>&nbsp;&nbsp;&nbsp;EXTI_GetITStatus
<LI><a href="#[7b]">&gt;&gt;</a>&nbsp;&nbsp;&nbsp;EXTI_ClearITPendingBit
</UL>
<BR>[Address Reference Count : 1]<UL><LI> startup_stm32f10x_xl.o(RESET)
</UL>
<P><STRONG><a name="[7b]"></a>EXTI_ClearITPendingBit</STRONG> (Thumb, 6 bytes, Stack size 0 bytes, stm32f10x_exti.o(i.EXTI_ClearITPendingBit))
<BR><BR>[Called By]<UL><LI><a href="#[16]">&gt;&gt;</a>&nbsp;&nbsp;&nbsp;EXTI3_IRQHandler
</UL>

<P><STRONG><a name="[7a]"></a>EXTI_GetITStatus</STRONG> (Thumb, 28 bytes, Stack size 0 bytes, stm32f10x_exti.o(i.EXTI_GetITStatus))
<BR><BR>[Called By]<UL><LI><a href="#[16]">&gt;&gt;</a>&nbsp;&nbsp;&nbsp;EXTI3_IRQHandler
</UL>

<P><STRONG><a name="[ee]"></a>EXTI_Init</STRONG> (Thumb, 108 bytes, Stack size 12 bytes, stm32f10x_exti.o(i.EXTI_Init))
<BR><BR>[Stack]<UL><LI>Max Depth = 12<LI>Call Chain = EXTI_Init
</UL>
<BR>[Called By]<UL><LI><a href="#[d6]">&gt;&gt;</a>&nbsp;&nbsp;&nbsp;drvInt_Enable_Reply_IRQ
<LI><a href="#[e9]">&gt;&gt;</a>&nbsp;&nbsp;&nbsp;drvInt_Enable_RFEvent_IRQ
</UL>

<P><STRONG><a name="[75]"></a>FELICA_Initialization</STRONG> (Thumb, 18 bytes, Stack size 536 bytes, lib_iso18092pcd.o(i.FELICA_Initialization))
<BR><BR>[Stack]<UL><LI>Max Depth = 1456<LI>Call Chain = FELICA_Initialization &rArr; FELICA_Init &rArr; PCD_WriteRegister &rArr; drv95HF_SendReceive &rArr; drv95HF_SendSPICommand &rArr; SPI_SendReceiveBuffer &rArr; SPI_SendReceiveByte
</UL>
<BR>[Calls]<UL><LI><a href="#[7c]">&gt;&gt;</a>&nbsp;&nbsp;&nbsp;FELICA_Init
</UL>
<BR>[Called By]<UL><LI><a href="#[6d]">&gt;&gt;</a>&nbsp;&nbsp;&nbsp;ConfigManager_TagHunting
</UL>

<P><STRONG><a name="[76]"></a>FELICA_IsPresent</STRONG> (Thumb, 82 bytes, Stack size 536 bytes, lib_iso18092pcd.o(i.FELICA_IsPresent))
<BR><BR>[Stack]<UL><LI>Max Depth = 1160<LI>Call Chain = FELICA_IsPresent &rArr; FELICA_REQC &rArr; PCD_CheckSendReceive &rArr; drv95HF_SendReceive &rArr; drv95HF_SendSPICommand &rArr; SPI_SendReceiveBuffer &rArr; SPI_SendReceiveByte
</UL>
<BR>[Calls]<UL><LI><a href="#[81]">&gt;&gt;</a>&nbsp;&nbsp;&nbsp;FELICA_REQC
<LI><a href="#[80]">&gt;&gt;</a>&nbsp;&nbsp;&nbsp;__aeabi_memclr4
<LI><a href="#[82]">&gt;&gt;</a>&nbsp;&nbsp;&nbsp;__aeabi_memcpy
</UL>
<BR>[Called By]<UL><LI><a href="#[6d]">&gt;&gt;</a>&nbsp;&nbsp;&nbsp;ConfigManager_TagHunting
</UL>

<P><STRONG><a name="[86]"></a>GPIO_Init</STRONG> (Thumb, 162 bytes, Stack size 20 bytes, stm32f10x_gpio.o(i.GPIO_Init))
<BR><BR>[Stack]<UL><LI>Max Depth = 20<LI>Call Chain = GPIO_Init
</UL>
<BR>[Called By]<UL><LI><a href="#[85]">&gt;&gt;</a>&nbsp;&nbsp;&nbsp;IRQOut_GPIO_Config
<LI><a href="#[d9]">&gt;&gt;</a>&nbsp;&nbsp;&nbsp;drv95HF_GPIOConfigUART
<LI><a href="#[d7]">&gt;&gt;</a>&nbsp;&nbsp;&nbsp;drv95HF_GPIOConfigSPI
<LI><a href="#[b9]">&gt;&gt;</a>&nbsp;&nbsp;&nbsp;USB_Disconnect_Config
<LI><a href="#[a9]">&gt;&gt;</a>&nbsp;&nbsp;&nbsp;LED_Config
<LI><a href="#[f1]">&gt;&gt;</a>&nbsp;&nbsp;&nbsp;usr_fwdUARTInit
</UL>

<P><STRONG><a name="[db]"></a>GPIO_ReadInputDataBit</STRONG> (Thumb, 14 bytes, Stack size 0 bytes, stm32f10x_gpio.o(i.GPIO_ReadInputDataBit))
<BR><BR>[Called By]<UL><LI><a href="#[da]">&gt;&gt;</a>&nbsp;&nbsp;&nbsp;drv95HF_GetInterfacePinState
</UL>

<P><STRONG><a name="[e3]"></a>GPIO_ResetBits</STRONG> (Thumb, 4 bytes, Stack size 0 bytes, stm32f10x_gpio.o(i.GPIO_ResetBits))
<BR><BR>[Called By]<UL><LI><a href="#[e7]">&gt;&gt;</a>&nbsp;&nbsp;&nbsp;drv95HF_SendSPICommand
<LI><a href="#[6c]">&gt;&gt;</a>&nbsp;&nbsp;&nbsp;drv95HF_ResetSPI
<LI><a href="#[e2]">&gt;&gt;</a>&nbsp;&nbsp;&nbsp;drv95HF_ReceiveSPIResponse
<LI><a href="#[e6]">&gt;&gt;</a>&nbsp;&nbsp;&nbsp;drv95HF_SPIPollingCommand
</UL>

<P><STRONG><a name="[d8]"></a>GPIO_SetBits</STRONG> (Thumb, 4 bytes, Stack size 0 bytes, stm32f10x_gpio.o(i.GPIO_SetBits))
<BR><BR>[Called By]<UL><LI><a href="#[e7]">&gt;&gt;</a>&nbsp;&nbsp;&nbsp;drv95HF_SendSPICommand
<LI><a href="#[6c]">&gt;&gt;</a>&nbsp;&nbsp;&nbsp;drv95HF_ResetSPI
<LI><a href="#[e2]">&gt;&gt;</a>&nbsp;&nbsp;&nbsp;drv95HF_ReceiveSPIResponse
<LI><a href="#[e6]">&gt;&gt;</a>&nbsp;&nbsp;&nbsp;drv95HF_SPIPollingCommand
<LI><a href="#[d7]">&gt;&gt;</a>&nbsp;&nbsp;&nbsp;drv95HF_GPIOConfigSPI
</UL>

<P><STRONG><a name="[87]"></a>GPIO_WriteBit</STRONG> (Thumb, 10 bytes, Stack size 0 bytes, stm32f10x_gpio.o(i.GPIO_WriteBit))
<BR><BR>[Called By]<UL><LI><a href="#[85]">&gt;&gt;</a>&nbsp;&nbsp;&nbsp;IRQOut_GPIO_Config
<LI><a href="#[6a]">&gt;&gt;</a>&nbsp;&nbsp;&nbsp;drv95HF_SendIRQINPulse
</UL>

<P><STRONG><a name="[5]"></a>HardFault_Handler</STRONG> (Thumb, 4 bytes, Stack size 0 bytes, stm32f10x_it.o(i.HardFault_Handler))
<BR>[Address Reference Count : 1]<UL><LI> startup_stm32f10x_xl.o(RESET)
</UL>
<P><STRONG><a name="[f4]"></a>Hex2Char</STRONG> (Thumb, 72 bytes, Stack size 12 bytes, main.o(i.Hex2Char))
<BR><BR>[Stack]<UL><LI>Max Depth = 12<LI>Call Chain = Hex2Char
</UL>
<BR>[Called By]<UL><LI><a href="#[55]">&gt;&gt;</a>&nbsp;&nbsp;&nbsp;main
</UL>

<P><STRONG><a name="[84]"></a>IRQOut_Config</STRONG> (Thumb, 8 bytes, Stack size 8 bytes, drv_interrupt.o(i.IRQOut_Config))
<BR><BR>[Stack]<UL><LI>Max Depth = 36<LI>Call Chain = IRQOut_Config &rArr; IRQOut_GPIO_Config &rArr; GPIO_Init
</UL>
<BR>[Calls]<UL><LI><a href="#[85]">&gt;&gt;</a>&nbsp;&nbsp;&nbsp;IRQOut_GPIO_Config
</UL>
<BR>[Called By]<UL><LI><a href="#[69]">&gt;&gt;</a>&nbsp;&nbsp;&nbsp;drv95HF_InitilizeSerialInterface
</UL>

<P><STRONG><a name="[74]"></a>ISO14443A_Anticollision</STRONG> (Thumb, 180 bytes, Stack size 16 bytes, lib_iso14443apcd.o(i.ISO14443A_Anticollision))
<BR><BR>[Stack]<UL><LI>Max Depth = 984<LI>Call Chain = ISO14443A_Anticollision &rArr; ISO14443A_ACLevel3 &rArr; ISO14443A_AC &rArr; PCD_SendRecv &rArr; drv95HF_SendReceive &rArr; drv95HF_SendSPICommand &rArr; SPI_SendReceiveBuffer &rArr; SPI_SendReceiveByte
</UL>
<BR>[Calls]<UL><LI><a href="#[8f]">&gt;&gt;</a>&nbsp;&nbsp;&nbsp;ISO14443A_ConfigFDT
<LI><a href="#[8d]">&gt;&gt;</a>&nbsp;&nbsp;&nbsp;ISO14443A_ConfigFDTforRATS
<LI><a href="#[8e]">&gt;&gt;</a>&nbsp;&nbsp;&nbsp;ISO14443A_RATS
<LI><a href="#[8c]">&gt;&gt;</a>&nbsp;&nbsp;&nbsp;ISO14443A_ACLevel3
<LI><a href="#[8b]">&gt;&gt;</a>&nbsp;&nbsp;&nbsp;ISO14443A_ACLevel2
<LI><a href="#[8a]">&gt;&gt;</a>&nbsp;&nbsp;&nbsp;ISO14443A_ACLevel1
</UL>
<BR>[Called By]<UL><LI><a href="#[6d]">&gt;&gt;</a>&nbsp;&nbsp;&nbsp;ConfigManager_TagHunting
</UL>

<P><STRONG><a name="[8f]"></a>ISO14443A_ConfigFDT</STRONG> (Thumb, 172 bytes, Stack size 40 bytes, lib_iso14443apcd.o(i.ISO14443A_ConfigFDT))
<BR><BR>[Stack]<UL><LI>Max Depth = 928<LI>Call Chain = ISO14443A_ConfigFDT &rArr; PCD_WriteRegister &rArr; drv95HF_SendReceive &rArr; drv95HF_SendSPICommand &rArr; SPI_SendReceiveBuffer &rArr; SPI_SendReceiveByte
</UL>
<BR>[Calls]<UL><LI><a href="#[7e]">&gt;&gt;</a>&nbsp;&nbsp;&nbsp;PCD_WriteRegister
<LI><a href="#[7d]">&gt;&gt;</a>&nbsp;&nbsp;&nbsp;PCD_ProtocolSelect
</UL>
<BR>[Called By]<UL><LI><a href="#[74]">&gt;&gt;</a>&nbsp;&nbsp;&nbsp;ISO14443A_Anticollision
</UL>

<P><STRONG><a name="[90]"></a>ISO14443A_ConfigFDTforAnticollision</STRONG> (Thumb, 138 bytes, Stack size 40 bytes, lib_iso14443apcd.o(i.ISO14443A_ConfigFDTforAnticollision))
<BR><BR>[Stack]<UL><LI>Max Depth = 928<LI>Call Chain = ISO14443A_ConfigFDTforAnticollision &rArr; PCD_WriteRegister &rArr; drv95HF_SendReceive &rArr; drv95HF_SendSPICommand &rArr; SPI_SendReceiveBuffer &rArr; SPI_SendReceiveByte
</UL>
<BR>[Calls]<UL><LI><a href="#[7e]">&gt;&gt;</a>&nbsp;&nbsp;&nbsp;PCD_WriteRegister
<LI><a href="#[7d]">&gt;&gt;</a>&nbsp;&nbsp;&nbsp;PCD_ProtocolSelect
</UL>
<BR>[Called By]<UL><LI><a href="#[71]">&gt;&gt;</a>&nbsp;&nbsp;&nbsp;ISO14443A_Init
</UL>

<P><STRONG><a name="[8d]"></a>ISO14443A_ConfigFDTforRATS</STRONG> (Thumb, 156 bytes, Stack size 40 bytes, lib_iso14443apcd.o(i.ISO14443A_ConfigFDTforRATS))
<BR><BR>[Stack]<UL><LI>Max Depth = 928<LI>Call Chain = ISO14443A_ConfigFDTforRATS &rArr; PCD_WriteRegister &rArr; drv95HF_SendReceive &rArr; drv95HF_SendSPICommand &rArr; SPI_SendReceiveBuffer &rArr; SPI_SendReceiveByte
</UL>
<BR>[Calls]<UL><LI><a href="#[7e]">&gt;&gt;</a>&nbsp;&nbsp;&nbsp;PCD_WriteRegister
<LI><a href="#[7d]">&gt;&gt;</a>&nbsp;&nbsp;&nbsp;PCD_ProtocolSelect
</UL>
<BR>[Called By]<UL><LI><a href="#[74]">&gt;&gt;</a>&nbsp;&nbsp;&nbsp;ISO14443A_Anticollision
</UL>

<P><STRONG><a name="[71]"></a>ISO14443A_Init</STRONG> (Thumb, 46 bytes, Stack size 8 bytes, lib_iso14443apcd.o(i.ISO14443A_Init))
<BR><BR>[Stack]<UL><LI>Max Depth = 936<LI>Call Chain = ISO14443A_Init &rArr; ISO14443A_ConfigFDTforAnticollision &rArr; PCD_WriteRegister &rArr; drv95HF_SendReceive &rArr; drv95HF_SendSPICommand &rArr; SPI_SendReceiveBuffer &rArr; SPI_SendReceiveByte
</UL>
<BR>[Calls]<UL><LI><a href="#[7f]">&gt;&gt;</a>&nbsp;&nbsp;&nbsp;delay_us
<LI><a href="#[90]">&gt;&gt;</a>&nbsp;&nbsp;&nbsp;ISO14443A_ConfigFDTforAnticollision
<LI><a href="#[91]">&gt;&gt;</a>&nbsp;&nbsp;&nbsp;ISO14443A_InitStructure
</UL>
<BR>[Called By]<UL><LI><a href="#[6d]">&gt;&gt;</a>&nbsp;&nbsp;&nbsp;ConfigManager_TagHunting
</UL>

<P><STRONG><a name="[72]"></a>ISO14443A_IsPresent</STRONG> (Thumb, 60 bytes, Stack size 16 bytes, lib_iso14443apcd.o(i.ISO14443A_IsPresent))
<BR><BR>[Stack]<UL><LI>Max Depth = 912<LI>Call Chain = ISO14443A_IsPresent &rArr; ISO14443A_REQA &rArr; PCD_SendRecv &rArr; drv95HF_SendReceive &rArr; drv95HF_SendSPICommand &rArr; SPI_SendReceiveBuffer &rArr; SPI_SendReceiveByte
</UL>
<BR>[Calls]<UL><LI><a href="#[93]">&gt;&gt;</a>&nbsp;&nbsp;&nbsp;PCD_IsReaderResultCodeOk
<LI><a href="#[92]">&gt;&gt;</a>&nbsp;&nbsp;&nbsp;ISO14443A_REQA
</UL>
<BR>[Called By]<UL><LI><a href="#[6d]">&gt;&gt;</a>&nbsp;&nbsp;&nbsp;ConfigManager_TagHunting
</UL>

<P><STRONG><a name="[78]"></a>ISO14443B_Anticollision</STRONG> (Thumb, 76 bytes, Stack size 16 bytes, lib_iso14443bpcd.o(i.ISO14443B_Anticollision))
<BR><BR>[Stack]<UL><LI>Max Depth = 928<LI>Call Chain = ISO14443B_Anticollision &rArr; ISO14443B_AttriB &rArr; PCD_SendRecv &rArr; drv95HF_SendReceive &rArr; drv95HF_SendSPICommand &rArr; SPI_SendReceiveBuffer &rArr; SPI_SendReceiveByte
</UL>
<BR>[Calls]<UL><LI><a href="#[99]">&gt;&gt;</a>&nbsp;&nbsp;&nbsp;ISO14443B_AttriB
<LI><a href="#[7d]">&gt;&gt;</a>&nbsp;&nbsp;&nbsp;PCD_ProtocolSelect
</UL>
<BR>[Called By]<UL><LI><a href="#[6d]">&gt;&gt;</a>&nbsp;&nbsp;&nbsp;ConfigManager_TagHunting
</UL>

<P><STRONG><a name="[99]"></a>ISO14443B_AttriB</STRONG> (Thumb, 78 bytes, Stack size 32 bytes, lib_iso14443bpcd.o(i.ISO14443B_AttriB))
<BR><BR>[Stack]<UL><LI>Max Depth = 912<LI>Call Chain = ISO14443B_AttriB &rArr; PCD_SendRecv &rArr; drv95HF_SendReceive &rArr; drv95HF_SendSPICommand &rArr; SPI_SendReceiveBuffer &rArr; SPI_SendReceiveByte
</UL>
<BR>[Calls]<UL><LI><a href="#[89]">&gt;&gt;</a>&nbsp;&nbsp;&nbsp;PCD_SendRecv
<LI><a href="#[94]">&gt;&gt;</a>&nbsp;&nbsp;&nbsp;PCD_IsCRCOk
</UL>
<BR>[Called By]<UL><LI><a href="#[78]">&gt;&gt;</a>&nbsp;&nbsp;&nbsp;ISO14443B_Anticollision
</UL>

<P><STRONG><a name="[9b]"></a>ISO14443B_Init</STRONG> (Thumb, 106 bytes, Stack size 32 bytes, lib_iso14443bpcd.o(i.ISO14443B_Init))
<BR><BR>[Stack]<UL><LI>Max Depth = 960<LI>Call Chain = ISO14443B_Init &rArr; ISO14443B_WriteAndCheckARConfigB &rArr; ISO14443B_WriteARConfigB &rArr; PCD_WriteRegister &rArr; drv95HF_SendReceive &rArr; drv95HF_SendSPICommand &rArr; SPI_SendReceiveBuffer &rArr; SPI_SendReceiveByte
</UL>
<BR>[Calls]<UL><LI><a href="#[7f]">&gt;&gt;</a>&nbsp;&nbsp;&nbsp;delay_us
<LI><a href="#[9d]">&gt;&gt;</a>&nbsp;&nbsp;&nbsp;ISO14443B_WriteAndCheckARConfigB
<LI><a href="#[9c]">&gt;&gt;</a>&nbsp;&nbsp;&nbsp;ISO14443B_InitStructure
<LI><a href="#[7d]">&gt;&gt;</a>&nbsp;&nbsp;&nbsp;PCD_ProtocolSelect
</UL>
<BR>[Called By]<UL><LI><a href="#[77]">&gt;&gt;</a>&nbsp;&nbsp;&nbsp;ISO14443B_IsPresent
</UL>

<P><STRONG><a name="[77]"></a>ISO14443B_IsPresent</STRONG> (Thumb, 50 bytes, Stack size 16 bytes, lib_iso14443bpcd.o(i.ISO14443B_IsPresent))
<BR><BR>[Stack]<UL><LI>Max Depth = 976<LI>Call Chain = ISO14443B_IsPresent &rArr; ISO14443B_Init &rArr; ISO14443B_WriteAndCheckARConfigB &rArr; ISO14443B_WriteARConfigB &rArr; PCD_WriteRegister &rArr; drv95HF_SendReceive &rArr; drv95HF_SendSPICommand &rArr; SPI_SendReceiveBuffer &rArr; SPI_SendReceiveByte
</UL>
<BR>[Calls]<UL><LI><a href="#[9f]">&gt;&gt;</a>&nbsp;&nbsp;&nbsp;ISO14443B_ReqB
<LI><a href="#[9b]">&gt;&gt;</a>&nbsp;&nbsp;&nbsp;ISO14443B_Init
</UL>
<BR>[Called By]<UL><LI><a href="#[6d]">&gt;&gt;</a>&nbsp;&nbsp;&nbsp;ConfigManager_TagHunting
</UL>

<P><STRONG><a name="[9f]"></a>ISO14443B_ReqB</STRONG> (Thumb, 54 bytes, Stack size 16 bytes, lib_iso14443bpcd.o(i.ISO14443B_ReqB))
<BR><BR>[Stack]<UL><LI>Max Depth = 896<LI>Call Chain = ISO14443B_ReqB &rArr; PCD_SendRecv &rArr; drv95HF_SendReceive &rArr; drv95HF_SendSPICommand &rArr; SPI_SendReceiveBuffer &rArr; SPI_SendReceiveByte
</UL>
<BR>[Calls]<UL><LI><a href="#[89]">&gt;&gt;</a>&nbsp;&nbsp;&nbsp;PCD_SendRecv
<LI><a href="#[9a]">&gt;&gt;</a>&nbsp;&nbsp;&nbsp;ISO14443B_CompleteStruture
</UL>
<BR>[Called By]<UL><LI><a href="#[77]">&gt;&gt;</a>&nbsp;&nbsp;&nbsp;ISO14443B_IsPresent
</UL>

<P><STRONG><a name="[79]"></a>ISO15693_GetUID</STRONG> (Thumb, 140 bytes, Stack size 56 bytes, lib_iso15693pcd.o(i.ISO15693_GetUID))
<BR><BR>[Stack]<UL><LI>Max Depth = 1008<LI>Call Chain = ISO15693_GetUID &rArr; ISO15693_Inventory &rArr; PCD_SendRecv &rArr; drv95HF_SendReceive &rArr; drv95HF_SendSPICommand &rArr; SPI_SendReceiveBuffer &rArr; SPI_SendReceiveByte
</UL>
<BR>[Calls]<UL><LI><a href="#[70]">&gt;&gt;</a>&nbsp;&nbsp;&nbsp;delay_ms
<LI><a href="#[a1]">&gt;&gt;</a>&nbsp;&nbsp;&nbsp;ISO15693_Init
<LI><a href="#[a3]">&gt;&gt;</a>&nbsp;&nbsp;&nbsp;ISO15693_Inventory
<LI><a href="#[a2]">&gt;&gt;</a>&nbsp;&nbsp;&nbsp;ISO15693_CreateRequestFlag
</UL>
<BR>[Called By]<UL><LI><a href="#[6d]">&gt;&gt;</a>&nbsp;&nbsp;&nbsp;ConfigManager_TagHunting
</UL>

<P><STRONG><a name="[a1]"></a>ISO15693_Init</STRONG> (Thumb, 108 bytes, Stack size 24 bytes, lib_iso15693pcd.o(i.ISO15693_Init))
<BR><BR>[Stack]<UL><LI>Max Depth = 912<LI>Call Chain = ISO15693_Init &rArr; PCD_WriteRegister &rArr; drv95HF_SendReceive &rArr; drv95HF_SendSPICommand &rArr; SPI_SendReceiveBuffer &rArr; SPI_SendReceiveByte
</UL>
<BR>[Calls]<UL><LI><a href="#[7e]">&gt;&gt;</a>&nbsp;&nbsp;&nbsp;PCD_WriteRegister
<LI><a href="#[7d]">&gt;&gt;</a>&nbsp;&nbsp;&nbsp;PCD_ProtocolSelect
<LI><a href="#[93]">&gt;&gt;</a>&nbsp;&nbsp;&nbsp;PCD_IsReaderResultCodeOk
</UL>
<BR>[Called By]<UL><LI><a href="#[79]">&gt;&gt;</a>&nbsp;&nbsp;&nbsp;ISO15693_GetUID
</UL>

<P><STRONG><a name="[a6]"></a>Interrupts_Config</STRONG> (Thumb, 180 bytes, Stack size 8 bytes, hw_config.o(i.Interrupts_Config))
<BR><BR>[Stack]<UL><LI>Max Depth = 24<LI>Call Chain = Interrupts_Config &rArr; NVIC_Init
</UL>
<BR>[Calls]<UL><LI><a href="#[a7]">&gt;&gt;</a>&nbsp;&nbsp;&nbsp;NVIC_PriorityGroupConfig
<LI><a href="#[a8]">&gt;&gt;</a>&nbsp;&nbsp;&nbsp;NVIC_Init
</UL>
<BR>[Called By]<UL><LI><a href="#[55]">&gt;&gt;</a>&nbsp;&nbsp;&nbsp;main
</UL>

<P><STRONG><a name="[a9]"></a>LED_Config</STRONG> (Thumb, 52 bytes, Stack size 16 bytes, drv_led.o(i.LED_Config))
<BR><BR>[Stack]<UL><LI>Max Depth = 36<LI>Call Chain = LED_Config &rArr; GPIO_Init
</UL>
<BR>[Calls]<UL><LI><a href="#[aa]">&gt;&gt;</a>&nbsp;&nbsp;&nbsp;RCC_APB2PeriphClockCmd
<LI><a href="#[86]">&gt;&gt;</a>&nbsp;&nbsp;&nbsp;GPIO_Init
</UL>
<BR>[Called By]<UL><LI><a href="#[55]">&gt;&gt;</a>&nbsp;&nbsp;&nbsp;main
</UL>

<P><STRONG><a name="[f3]"></a>LED_Off</STRONG> (Thumb, 16 bytes, Stack size 0 bytes, drv_led.o(i.LED_Off))
<BR><BR>[Called By]<UL><LI><a href="#[55]">&gt;&gt;</a>&nbsp;&nbsp;&nbsp;main
</UL>

<P><STRONG><a name="[f2]"></a>LED_On</STRONG> (Thumb, 16 bytes, Stack size 0 bytes, drv_led.o(i.LED_On))
<BR><BR>[Called By]<UL><LI><a href="#[55]">&gt;&gt;</a>&nbsp;&nbsp;&nbsp;main
</UL>

<P><STRONG><a name="[6]"></a>MemManage_Handler</STRONG> (Thumb, 4 bytes, Stack size 0 bytes, stm32f10x_it.o(i.MemManage_Handler))
<BR>[Address Reference Count : 1]<UL><LI> startup_stm32f10x_xl.o(RESET)
</UL>
<P><STRONG><a name="[4]"></a>NMI_Handler</STRONG> (Thumb, 2 bytes, Stack size 0 bytes, stm32f10x_it.o(i.NMI_Handler))
<BR>[Address Reference Count : 1]<UL><LI> startup_stm32f10x_xl.o(RESET)
</UL>
<P><STRONG><a name="[a8]"></a>NVIC_Init</STRONG> (Thumb, 94 bytes, Stack size 16 bytes, misc.o(i.NVIC_Init))
<BR><BR>[Stack]<UL><LI>Max Depth = 16<LI>Call Chain = NVIC_Init
</UL>
<BR>[Called By]<UL><LI><a href="#[d5]">&gt;&gt;</a>&nbsp;&nbsp;&nbsp;delayHighPriority_ms
<LI><a href="#[a6]">&gt;&gt;</a>&nbsp;&nbsp;&nbsp;Interrupts_Config
</UL>

<P><STRONG><a name="[a7]"></a>NVIC_PriorityGroupConfig</STRONG> (Thumb, 10 bytes, Stack size 0 bytes, misc.o(i.NVIC_PriorityGroupConfig))
<BR><BR>[Called By]<UL><LI><a href="#[a6]">&gt;&gt;</a>&nbsp;&nbsp;&nbsp;Interrupts_Config
</UL>

<P><STRONG><a name="[83]"></a>PCD_CheckSendReceive</STRONG> (Thumb, 32 bytes, Stack size 16 bytes, lib_pcd.o(i.PCD_CheckSendReceive))
<BR><BR>[Stack]<UL><LI>Max Depth = 616<LI>Call Chain = PCD_CheckSendReceive &rArr; drv95HF_SendReceive &rArr; drv95HF_SendSPICommand &rArr; SPI_SendReceiveBuffer &rArr; SPI_SendReceiveByte
</UL>
<BR>[Calls]<UL><LI><a href="#[66]">&gt;&gt;</a>&nbsp;&nbsp;&nbsp;drv95HF_SendReceive
<LI><a href="#[93]">&gt;&gt;</a>&nbsp;&nbsp;&nbsp;PCD_IsReaderResultCodeOk
</UL>
<BR>[Called By]<UL><LI><a href="#[81]">&gt;&gt;</a>&nbsp;&nbsp;&nbsp;FELICA_REQC
<LI><a href="#[73]">&gt;&gt;</a>&nbsp;&nbsp;&nbsp;TOPAZ_ID
</UL>

<P><STRONG><a name="[ab]"></a>PCD_Echo</STRONG> (Thumb, 22 bytes, Stack size 16 bytes, lib_pcd.o(i.PCD_Echo))
<BR><BR>[Stack]<UL><LI>Max Depth = 616<LI>Call Chain = PCD_Echo &rArr; drv95HF_SendReceive &rArr; drv95HF_SendSPICommand &rArr; SPI_SendReceiveBuffer &rArr; SPI_SendReceiveByte
</UL>
<BR>[Calls]<UL><LI><a href="#[66]">&gt;&gt;</a>&nbsp;&nbsp;&nbsp;drv95HF_SendReceive
</UL>
<BR>[Called By]<UL><LI><a href="#[ac]">&gt;&gt;</a>&nbsp;&nbsp;&nbsp;PCD_PORsequence
<LI><a href="#[7d]">&gt;&gt;</a>&nbsp;&nbsp;&nbsp;PCD_ProtocolSelect
</UL>

<P><STRONG><a name="[6f]"></a>PCD_FieldOff</STRONG> (Thumb, 20 bytes, Stack size 24 bytes, lib_pcd.o(i.PCD_FieldOff))
<BR><BR>[Stack]<UL><LI>Max Depth = 688<LI>Call Chain = PCD_FieldOff &rArr; PCD_ProtocolSelect &rArr; PCD_PORsequence &rArr; PCD_Echo &rArr; drv95HF_SendReceive &rArr; drv95HF_SendSPICommand &rArr; SPI_SendReceiveBuffer &rArr; SPI_SendReceiveByte
</UL>
<BR>[Calls]<UL><LI><a href="#[7d]">&gt;&gt;</a>&nbsp;&nbsp;&nbsp;PCD_ProtocolSelect
</UL>
<BR>[Called By]<UL><LI><a href="#[6d]">&gt;&gt;</a>&nbsp;&nbsp;&nbsp;ConfigManager_TagHunting
</UL>

<P><STRONG><a name="[94]"></a>PCD_IsCRCOk</STRONG> (Thumb, 106 bytes, Stack size 0 bytes, lib_pcd.o(i.PCD_IsCRCOk))
<BR><BR>[Called By]<UL><LI><a href="#[99]">&gt;&gt;</a>&nbsp;&nbsp;&nbsp;ISO14443B_AttriB
<LI><a href="#[8e]">&gt;&gt;</a>&nbsp;&nbsp;&nbsp;ISO14443A_RATS
</UL>

<P><STRONG><a name="[93]"></a>PCD_IsReaderResultCodeOk</STRONG> (Thumb, 254 bytes, Stack size 0 bytes, lib_pcd.o(i.PCD_IsReaderResultCodeOk))
<BR><BR>[Called By]<UL><LI><a href="#[89]">&gt;&gt;</a>&nbsp;&nbsp;&nbsp;PCD_SendRecv
<LI><a href="#[a1]">&gt;&gt;</a>&nbsp;&nbsp;&nbsp;ISO15693_Init
<LI><a href="#[a3]">&gt;&gt;</a>&nbsp;&nbsp;&nbsp;ISO15693_Inventory
<LI><a href="#[98]">&gt;&gt;</a>&nbsp;&nbsp;&nbsp;PCD_ReadRegister
<LI><a href="#[83]">&gt;&gt;</a>&nbsp;&nbsp;&nbsp;PCD_CheckSendReceive
<LI><a href="#[72]">&gt;&gt;</a>&nbsp;&nbsp;&nbsp;ISO14443A_IsPresent
<LI><a href="#[8e]">&gt;&gt;</a>&nbsp;&nbsp;&nbsp;ISO14443A_RATS
</UL>

<P><STRONG><a name="[ac]"></a>PCD_PORsequence</STRONG> (Thumb, 110 bytes, Stack size 8 bytes, lib_pcd.o(i.PCD_PORsequence))
<BR><BR>[Stack]<UL><LI>Max Depth = 624<LI>Call Chain = PCD_PORsequence &rArr; PCD_Echo &rArr; drv95HF_SendReceive &rArr; drv95HF_SendSPICommand &rArr; SPI_SendReceiveBuffer &rArr; SPI_SendReceiveByte
</UL>
<BR>[Calls]<UL><LI><a href="#[6c]">&gt;&gt;</a>&nbsp;&nbsp;&nbsp;drv95HF_ResetSPI
<LI><a href="#[ab]">&gt;&gt;</a>&nbsp;&nbsp;&nbsp;PCD_Echo
</UL>
<BR>[Called By]<UL><LI><a href="#[7d]">&gt;&gt;</a>&nbsp;&nbsp;&nbsp;PCD_ProtocolSelect
</UL>

<P><STRONG><a name="[7d]"></a>PCD_ProtocolSelect</STRONG> (Thumb, 108 bytes, Stack size 40 bytes, lib_pcd.o(i.PCD_ProtocolSelect))
<BR><BR>[Stack]<UL><LI>Max Depth = 664<LI>Call Chain = PCD_ProtocolSelect &rArr; PCD_PORsequence &rArr; PCD_Echo &rArr; drv95HF_SendReceive &rArr; drv95HF_SendSPICommand &rArr; SPI_SendReceiveBuffer &rArr; SPI_SendReceiveByte
</UL>
<BR>[Calls]<UL><LI><a href="#[66]">&gt;&gt;</a>&nbsp;&nbsp;&nbsp;drv95HF_SendReceive
<LI><a href="#[ac]">&gt;&gt;</a>&nbsp;&nbsp;&nbsp;PCD_PORsequence
<LI><a href="#[ab]">&gt;&gt;</a>&nbsp;&nbsp;&nbsp;PCD_Echo
<LI><a href="#[ad]">&gt;&gt;</a>&nbsp;&nbsp;&nbsp;IsAnAvailableProtocol
<LI><a href="#[82]">&gt;&gt;</a>&nbsp;&nbsp;&nbsp;__aeabi_memcpy
</UL>
<BR>[Called By]<UL><LI><a href="#[8f]">&gt;&gt;</a>&nbsp;&nbsp;&nbsp;ISO14443A_ConfigFDT
<LI><a href="#[6f]">&gt;&gt;</a>&nbsp;&nbsp;&nbsp;PCD_FieldOff
<LI><a href="#[7c]">&gt;&gt;</a>&nbsp;&nbsp;&nbsp;FELICA_Init
<LI><a href="#[a1]">&gt;&gt;</a>&nbsp;&nbsp;&nbsp;ISO15693_Init
<LI><a href="#[9b]">&gt;&gt;</a>&nbsp;&nbsp;&nbsp;ISO14443B_Init
<LI><a href="#[78]">&gt;&gt;</a>&nbsp;&nbsp;&nbsp;ISO14443B_Anticollision
<LI><a href="#[8d]">&gt;&gt;</a>&nbsp;&nbsp;&nbsp;ISO14443A_ConfigFDTforRATS
<LI><a href="#[90]">&gt;&gt;</a>&nbsp;&nbsp;&nbsp;ISO14443A_ConfigFDTforAnticollision
</UL>

<P><STRONG><a name="[98]"></a>PCD_ReadRegister</STRONG> (Thumb, 66 bytes, Stack size 32 bytes, lib_pcd.o(i.PCD_ReadRegister))
<BR><BR>[Stack]<UL><LI>Max Depth = 632<LI>Call Chain = PCD_ReadRegister &rArr; drv95HF_SendReceive &rArr; drv95HF_SendSPICommand &rArr; SPI_SendReceiveBuffer &rArr; SPI_SendReceiveByte
</UL>
<BR>[Calls]<UL><LI><a href="#[66]">&gt;&gt;</a>&nbsp;&nbsp;&nbsp;drv95HF_SendReceive
<LI><a href="#[93]">&gt;&gt;</a>&nbsp;&nbsp;&nbsp;PCD_IsReaderResultCodeOk
</UL>
<BR>[Called By]<UL><LI><a href="#[97]">&gt;&gt;</a>&nbsp;&nbsp;&nbsp;ISO14443BReadARConfigB
</UL>

<P><STRONG><a name="[89]"></a>PCD_SendRecv</STRONG> (Thumb, 98 bytes, Stack size 280 bytes, lib_pcd.o(i.PCD_SendRecv))
<BR><BR>[Stack]<UL><LI>Max Depth = 880<LI>Call Chain = PCD_SendRecv &rArr; drv95HF_SendReceive &rArr; drv95HF_SendSPICommand &rArr; SPI_SendReceiveBuffer &rArr; SPI_SendReceiveByte
</UL>
<BR>[Calls]<UL><LI><a href="#[66]">&gt;&gt;</a>&nbsp;&nbsp;&nbsp;drv95HF_SendReceive
<LI><a href="#[93]">&gt;&gt;</a>&nbsp;&nbsp;&nbsp;PCD_IsReaderResultCodeOk
<LI><a href="#[82]">&gt;&gt;</a>&nbsp;&nbsp;&nbsp;__aeabi_memcpy
</UL>
<BR>[Called By]<UL><LI><a href="#[a3]">&gt;&gt;</a>&nbsp;&nbsp;&nbsp;ISO15693_Inventory
<LI><a href="#[9f]">&gt;&gt;</a>&nbsp;&nbsp;&nbsp;ISO14443B_ReqB
<LI><a href="#[99]">&gt;&gt;</a>&nbsp;&nbsp;&nbsp;ISO14443B_AttriB
<LI><a href="#[92]">&gt;&gt;</a>&nbsp;&nbsp;&nbsp;ISO14443A_REQA
<LI><a href="#[8e]">&gt;&gt;</a>&nbsp;&nbsp;&nbsp;ISO14443A_RATS
<LI><a href="#[8c]">&gt;&gt;</a>&nbsp;&nbsp;&nbsp;ISO14443A_ACLevel3
<LI><a href="#[8b]">&gt;&gt;</a>&nbsp;&nbsp;&nbsp;ISO14443A_ACLevel2
<LI><a href="#[8a]">&gt;&gt;</a>&nbsp;&nbsp;&nbsp;ISO14443A_ACLevel1
<LI><a href="#[88]">&gt;&gt;</a>&nbsp;&nbsp;&nbsp;ISO14443A_AC
</UL>

<P><STRONG><a name="[7e]"></a>PCD_WriteRegister</STRONG> (Thumb, 62 bytes, Stack size 288 bytes, lib_pcd.o(i.PCD_WriteRegister))
<BR><BR>[Stack]<UL><LI>Max Depth = 888<LI>Call Chain = PCD_WriteRegister &rArr; drv95HF_SendReceive &rArr; drv95HF_SendSPICommand &rArr; SPI_SendReceiveBuffer &rArr; SPI_SendReceiveByte
</UL>
<BR>[Calls]<UL><LI><a href="#[66]">&gt;&gt;</a>&nbsp;&nbsp;&nbsp;drv95HF_SendReceive
<LI><a href="#[82]">&gt;&gt;</a>&nbsp;&nbsp;&nbsp;__aeabi_memcpy
</UL>
<BR>[Called By]<UL><LI><a href="#[8f]">&gt;&gt;</a>&nbsp;&nbsp;&nbsp;ISO14443A_ConfigFDT
<LI><a href="#[7c]">&gt;&gt;</a>&nbsp;&nbsp;&nbsp;FELICA_Init
<LI><a href="#[a1]">&gt;&gt;</a>&nbsp;&nbsp;&nbsp;ISO15693_Init
<LI><a href="#[a0]">&gt;&gt;</a>&nbsp;&nbsp;&nbsp;ISO14443B_WriteARConfigB
<LI><a href="#[97]">&gt;&gt;</a>&nbsp;&nbsp;&nbsp;ISO14443BReadARConfigB
<LI><a href="#[8d]">&gt;&gt;</a>&nbsp;&nbsp;&nbsp;ISO14443A_ConfigFDTforRATS
<LI><a href="#[90]">&gt;&gt;</a>&nbsp;&nbsp;&nbsp;ISO14443A_ConfigFDTforAnticollision
</UL>

<P><STRONG><a name="[b]"></a>PendSV_Handler</STRONG> (Thumb, 2 bytes, Stack size 0 bytes, stm32f10x_it.o(i.PendSV_Handler))
<BR>[Address Reference Count : 1]<UL><LI> startup_stm32f10x_xl.o(RESET)
</UL>
<P><STRONG><a name="[ba]"></a>RCC_APB1PeriphClockCmd</STRONG> (Thumb, 18 bytes, Stack size 0 bytes, stm32f10x_rcc.o(i.RCC_APB1PeriphClockCmd))
<BR><BR>[Called By]<UL><LI><a href="#[e0]">&gt;&gt;</a>&nbsp;&nbsp;&nbsp;drv95HF_RCCConfigUART
<LI><a href="#[c7]">&gt;&gt;</a>&nbsp;&nbsp;&nbsp;Timer_RCC_Config
<LI><a href="#[b8]">&gt;&gt;</a>&nbsp;&nbsp;&nbsp;Set_System
</UL>

<P><STRONG><a name="[b0]"></a>RCC_APB1PeriphResetCmd</STRONG> (Thumb, 18 bytes, Stack size 0 bytes, stm32f10x_rcc.o(i.RCC_APB1PeriphResetCmd))
<BR><BR>[Called By]<UL><LI><a href="#[d2]">&gt;&gt;</a>&nbsp;&nbsp;&nbsp;USART_DeInit
<LI><a href="#[ae]">&gt;&gt;</a>&nbsp;&nbsp;&nbsp;SPI_I2S_DeInit
</UL>

<P><STRONG><a name="[aa]"></a>RCC_APB2PeriphClockCmd</STRONG> (Thumb, 18 bytes, Stack size 0 bytes, stm32f10x_rcc.o(i.RCC_APB2PeriphClockCmd))
<BR><BR>[Called By]<UL><LI><a href="#[e0]">&gt;&gt;</a>&nbsp;&nbsp;&nbsp;drv95HF_RCCConfigUART
<LI><a href="#[dd]">&gt;&gt;</a>&nbsp;&nbsp;&nbsp;drv95HF_RCCConfigSPI
<LI><a href="#[b9]">&gt;&gt;</a>&nbsp;&nbsp;&nbsp;USB_Disconnect_Config
<LI><a href="#[a9]">&gt;&gt;</a>&nbsp;&nbsp;&nbsp;LED_Config
<LI><a href="#[f1]">&gt;&gt;</a>&nbsp;&nbsp;&nbsp;usr_fwdUARTInit
</UL>

<P><STRONG><a name="[af]"></a>RCC_APB2PeriphResetCmd</STRONG> (Thumb, 18 bytes, Stack size 0 bytes, stm32f10x_rcc.o(i.RCC_APB2PeriphResetCmd))
<BR><BR>[Called By]<UL><LI><a href="#[d2]">&gt;&gt;</a>&nbsp;&nbsp;&nbsp;USART_DeInit
<LI><a href="#[ae]">&gt;&gt;</a>&nbsp;&nbsp;&nbsp;SPI_I2S_DeInit
</UL>

<P><STRONG><a name="[d4]"></a>RCC_GetClocksFreq</STRONG> (Thumb, 128 bytes, Stack size 12 bytes, stm32f10x_rcc.o(i.RCC_GetClocksFreq))
<BR><BR>[Stack]<UL><LI>Max Depth = 12<LI>Call Chain = RCC_GetClocksFreq
</UL>
<BR>[Called By]<UL><LI><a href="#[d3]">&gt;&gt;</a>&nbsp;&nbsp;&nbsp;USART_Init
</UL>

<P><STRONG><a name="[ec]"></a>SPI_Cmd</STRONG> (Thumb, 20 bytes, Stack size 0 bytes, stm32f10x_spi.o(i.SPI_Cmd))
<BR><BR>[Called By]<UL><LI><a href="#[de]">&gt;&gt;</a>&nbsp;&nbsp;&nbsp;drv95HF_StructureConfigSPI
</UL>

<P><STRONG><a name="[ae]"></a>SPI_I2S_DeInit</STRONG> (Thumb, 72 bytes, Stack size 8 bytes, stm32f10x_spi.o(i.SPI_I2S_DeInit))
<BR><BR>[Stack]<UL><LI>Max Depth = 8<LI>Call Chain = SPI_I2S_DeInit
</UL>
<BR>[Calls]<UL><LI><a href="#[b0]">&gt;&gt;</a>&nbsp;&nbsp;&nbsp;RCC_APB1PeriphResetCmd
<LI><a href="#[af]">&gt;&gt;</a>&nbsp;&nbsp;&nbsp;RCC_APB2PeriphResetCmd
</UL>
<BR>[Called By]<UL><LI><a href="#[dc]">&gt;&gt;</a>&nbsp;&nbsp;&nbsp;drv95HF_InitializeSPI
</UL>

<P><STRONG><a name="[b3]"></a>SPI_I2S_GetFlagStatus</STRONG> (Thumb, 14 bytes, Stack size 0 bytes, stm32f10x_spi.o(i.SPI_I2S_GetFlagStatus))
<BR><BR>[Called By]<UL><LI><a href="#[b2]">&gt;&gt;</a>&nbsp;&nbsp;&nbsp;SPI_SendReceiveByte
</UL>

<P><STRONG><a name="[b5]"></a>SPI_I2S_ReceiveData</STRONG> (Thumb, 4 bytes, Stack size 0 bytes, stm32f10x_spi.o(i.SPI_I2S_ReceiveData))
<BR><BR>[Called By]<UL><LI><a href="#[b2]">&gt;&gt;</a>&nbsp;&nbsp;&nbsp;SPI_SendReceiveByte
</UL>

<P><STRONG><a name="[b4]"></a>SPI_I2S_SendData</STRONG> (Thumb, 4 bytes, Stack size 0 bytes, stm32f10x_spi.o(i.SPI_I2S_SendData))
<BR><BR>[Called By]<UL><LI><a href="#[b2]">&gt;&gt;</a>&nbsp;&nbsp;&nbsp;SPI_SendReceiveByte
</UL>

<P><STRONG><a name="[eb]"></a>SPI_Init</STRONG> (Thumb, 56 bytes, Stack size 12 bytes, stm32f10x_spi.o(i.SPI_Init))
<BR><BR>[Stack]<UL><LI>Max Depth = 12<LI>Call Chain = SPI_Init
</UL>
<BR>[Called By]<UL><LI><a href="#[de]">&gt;&gt;</a>&nbsp;&nbsp;&nbsp;drv95HF_StructureConfigSPI
</UL>

<P><STRONG><a name="[b1]"></a>SPI_SendReceiveBuffer</STRONG> (Thumb, 54 bytes, Stack size 24 bytes, drv_spi.o(i.SPI_SendReceiveBuffer))
<BR><BR>[Stack]<UL><LI>Max Depth = 40<LI>Call Chain = SPI_SendReceiveBuffer &rArr; SPI_SendReceiveByte
</UL>
<BR>[Calls]<UL><LI><a href="#[b2]">&gt;&gt;</a>&nbsp;&nbsp;&nbsp;SPI_SendReceiveByte
</UL>
<BR>[Called By]<UL><LI><a href="#[e7]">&gt;&gt;</a>&nbsp;&nbsp;&nbsp;drv95HF_SendSPICommand
<LI><a href="#[e2]">&gt;&gt;</a>&nbsp;&nbsp;&nbsp;drv95HF_ReceiveSPIResponse
</UL>

<P><STRONG><a name="[b2]"></a>SPI_SendReceiveByte</STRONG> (Thumb, 52 bytes, Stack size 16 bytes, drv_spi.o(i.SPI_SendReceiveByte))
<BR><BR>[Stack]<UL><LI>Max Depth = 16<LI>Call Chain = SPI_SendReceiveByte
</UL>
<BR>[Calls]<UL><LI><a href="#[b4]">&gt;&gt;</a>&nbsp;&nbsp;&nbsp;SPI_I2S_SendData
<LI><a href="#[b5]">&gt;&gt;</a>&nbsp;&nbsp;&nbsp;SPI_I2S_ReceiveData
<LI><a href="#[b3]">&gt;&gt;</a>&nbsp;&nbsp;&nbsp;SPI_I2S_GetFlagStatus
</UL>
<BR>[Called By]<UL><LI><a href="#[b1]">&gt;&gt;</a>&nbsp;&nbsp;&nbsp;SPI_SendReceiveBuffer
<LI><a href="#[e7]">&gt;&gt;</a>&nbsp;&nbsp;&nbsp;drv95HF_SendSPICommand
<LI><a href="#[e2]">&gt;&gt;</a>&nbsp;&nbsp;&nbsp;drv95HF_ReceiveSPIResponse
<LI><a href="#[e5]">&gt;&gt;</a>&nbsp;&nbsp;&nbsp;drv95HF_SendSPIResetByte
<LI><a href="#[e6]">&gt;&gt;</a>&nbsp;&nbsp;&nbsp;drv95HF_SPIPollingCommand
</UL>

<P><STRONG><a name="[ea]"></a>SPI_StructInit</STRONG> (Thumb, 24 bytes, Stack size 0 bytes, stm32f10x_spi.o(i.SPI_StructInit))
<BR><BR>[Called By]<UL><LI><a href="#[de]">&gt;&gt;</a>&nbsp;&nbsp;&nbsp;drv95HF_StructureConfigSPI
</UL>

<P><STRONG><a name="[9]"></a>SVC_Handler</STRONG> (Thumb, 2 bytes, Stack size 0 bytes, stm32f10x_it.o(i.SVC_Handler))
<BR>[Address Reference Count : 1]<UL><LI> startup_stm32f10x_xl.o(RESET)
</UL>
<P><STRONG><a name="[b8]"></a>Set_System</STRONG> (Thumb, 16 bytes, Stack size 8 bytes, hw_config.o(i.Set_System))
<BR><BR>[Stack]<UL><LI>Max Depth = 36<LI>Call Chain = Set_System &rArr; USB_Disconnect_Config &rArr; GPIO_Init
</UL>
<BR>[Calls]<UL><LI><a href="#[ba]">&gt;&gt;</a>&nbsp;&nbsp;&nbsp;RCC_APB1PeriphClockCmd
<LI><a href="#[b9]">&gt;&gt;</a>&nbsp;&nbsp;&nbsp;USB_Disconnect_Config
</UL>
<BR>[Called By]<UL><LI><a href="#[55]">&gt;&gt;</a>&nbsp;&nbsp;&nbsp;main
</UL>

<P><STRONG><a name="[bb]"></a>StartTimeOut</STRONG> (Thumb, 32 bytes, Stack size 8 bytes, drv_interrupt.o(i.StartTimeOut))
<BR><BR>[Stack]<UL><LI>Max Depth = 8<LI>Call Chain = StartTimeOut
</UL>
<BR>[Calls]<UL><LI><a href="#[bc]">&gt;&gt;</a>&nbsp;&nbsp;&nbsp;TIM_SetCounter
<LI><a href="#[bd]">&gt;&gt;</a>&nbsp;&nbsp;&nbsp;TIM_Cmd
</UL>
<BR>[Called By]<UL><LI><a href="#[cc]">&gt;&gt;</a>&nbsp;&nbsp;&nbsp;UART_ReceiveByte
<LI><a href="#[e6]">&gt;&gt;</a>&nbsp;&nbsp;&nbsp;drv95HF_SPIPollingCommand
</UL>

<P><STRONG><a name="[be]"></a>StopTimeOut</STRONG> (Thumb, 12 bytes, Stack size 8 bytes, drv_interrupt.o(i.StopTimeOut))
<BR><BR>[Stack]<UL><LI>Max Depth = 8<LI>Call Chain = StopTimeOut
</UL>
<BR>[Calls]<UL><LI><a href="#[bd]">&gt;&gt;</a>&nbsp;&nbsp;&nbsp;TIM_Cmd
</UL>
<BR>[Called By]<UL><LI><a href="#[cc]">&gt;&gt;</a>&nbsp;&nbsp;&nbsp;UART_ReceiveByte
<LI><a href="#[e6]">&gt;&gt;</a>&nbsp;&nbsp;&nbsp;drv95HF_SPIPollingCommand
</UL>

<P><STRONG><a name="[c]"></a>SysTick_Handler</STRONG> (Thumb, 2 bytes, Stack size 0 bytes, stm32f10x_it.o(i.SysTick_Handler))
<BR>[Address Reference Count : 1]<UL><LI> startup_stm32f10x_xl.o(RESET)
</UL>
<P><STRONG><a name="[49]"></a>SystemInit</STRONG> (Thumb, 78 bytes, Stack size 8 bytes, system_stm32f10x.o(i.SystemInit))
<BR><BR>[Stack]<UL><LI>Max Depth = 28<LI>Call Chain = SystemInit &rArr; SetSysClock &rArr; SetSysClockTo72
</UL>
<BR>[Calls]<UL><LI><a href="#[b6]">&gt;&gt;</a>&nbsp;&nbsp;&nbsp;SetSysClock
</UL>
<BR>[Address Reference Count : 1]<UL><LI> startup_stm32f10x_xl.o(.text)
</UL>
<P><STRONG><a name="[29]"></a>TIM2_IRQHandler</STRONG> (Thumb, 16 bytes, Stack size 8 bytes, stm32f10x_it.o(i.TIM2_IRQHandler))
<BR><BR>[Stack]<UL><LI>Max Depth = 8<LI>Call Chain = TIM2_IRQHandler
</UL>
<BR>[Calls]<UL><LI><a href="#[bf]">&gt;&gt;</a>&nbsp;&nbsp;&nbsp;TIM_ClearITPendingBit
<LI><a href="#[c0]">&gt;&gt;</a>&nbsp;&nbsp;&nbsp;decrement_delay
</UL>
<BR>[Address Reference Count : 1]<UL><LI> startup_stm32f10x_xl.o(RESET)
</UL>
<P><STRONG><a name="[2a]"></a>TIM3_IRQHandler</STRONG> (Thumb, 46 bytes, Stack size 8 bytes, drv_interrupt.o(i.TIM3_IRQHandler))
<BR><BR>[Stack]<UL><LI>Max Depth = 8<LI>Call Chain = TIM3_IRQHandler
</UL>
<BR>[Calls]<UL><LI><a href="#[bd]">&gt;&gt;</a>&nbsp;&nbsp;&nbsp;TIM_Cmd
<LI><a href="#[bf]">&gt;&gt;</a>&nbsp;&nbsp;&nbsp;TIM_ClearITPendingBit
</UL>
<BR>[Address Reference Count : 1]<UL><LI> startup_stm32f10x_xl.o(RESET)
</UL>
<P><STRONG><a name="[2b]"></a>TIM4_IRQHandler</STRONG> (Thumb, 46 bytes, Stack size 8 bytes, drv_interrupt.o(i.TIM4_IRQHandler))
<BR><BR>[Stack]<UL><LI>Max Depth = 8<LI>Call Chain = TIM4_IRQHandler
</UL>
<BR>[Calls]<UL><LI><a href="#[bd]">&gt;&gt;</a>&nbsp;&nbsp;&nbsp;TIM_Cmd
<LI><a href="#[bf]">&gt;&gt;</a>&nbsp;&nbsp;&nbsp;TIM_ClearITPendingBit
</UL>
<BR>[Address Reference Count : 1]<UL><LI> startup_stm32f10x_xl.o(RESET)
</UL>
<P><STRONG><a name="[bf]"></a>TIM_ClearITPendingBit</STRONG> (Thumb, 6 bytes, Stack size 0 bytes, stm32f10x_tim.o(i.TIM_ClearITPendingBit))
<BR><BR>[Called By]<UL><LI><a href="#[2b]">&gt;&gt;</a>&nbsp;&nbsp;&nbsp;TIM4_IRQHandler
<LI><a href="#[2a]">&gt;&gt;</a>&nbsp;&nbsp;&nbsp;TIM3_IRQHandler
<LI><a href="#[29]">&gt;&gt;</a>&nbsp;&nbsp;&nbsp;TIM2_IRQHandler
<LI><a href="#[c9]">&gt;&gt;</a>&nbsp;&nbsp;&nbsp;drvInt_TimeoutTimerConfig
<LI><a href="#[ca]">&gt;&gt;</a>&nbsp;&nbsp;&nbsp;drvInt_AppliTimeoutTimerConfig
<LI><a href="#[d5]">&gt;&gt;</a>&nbsp;&nbsp;&nbsp;delayHighPriority_ms
<LI><a href="#[c8]">&gt;&gt;</a>&nbsp;&nbsp;&nbsp;Timer_Structure_Config
<LI><a href="#[c5]">&gt;&gt;</a>&nbsp;&nbsp;&nbsp;TimerDelay_us_Config
<LI><a href="#[c1]">&gt;&gt;</a>&nbsp;&nbsp;&nbsp;TimerDelay_ms_Config
</UL>

<P><STRONG><a name="[bd]"></a>TIM_Cmd</STRONG> (Thumb, 20 bytes, Stack size 0 bytes, stm32f10x_tim.o(i.TIM_Cmd))
<BR><BR>[Called By]<UL><LI><a href="#[2b]">&gt;&gt;</a>&nbsp;&nbsp;&nbsp;TIM4_IRQHandler
<LI><a href="#[2a]">&gt;&gt;</a>&nbsp;&nbsp;&nbsp;TIM3_IRQHandler
<LI><a href="#[be]">&gt;&gt;</a>&nbsp;&nbsp;&nbsp;StopTimeOut
<LI><a href="#[bb]">&gt;&gt;</a>&nbsp;&nbsp;&nbsp;StartTimeOut
<LI><a href="#[e6]">&gt;&gt;</a>&nbsp;&nbsp;&nbsp;drv95HF_SPIPollingCommand
<LI><a href="#[c9]">&gt;&gt;</a>&nbsp;&nbsp;&nbsp;drvInt_TimeoutTimerConfig
<LI><a href="#[ca]">&gt;&gt;</a>&nbsp;&nbsp;&nbsp;drvInt_AppliTimeoutTimerConfig
<LI><a href="#[7f]">&gt;&gt;</a>&nbsp;&nbsp;&nbsp;delay_us
<LI><a href="#[d5]">&gt;&gt;</a>&nbsp;&nbsp;&nbsp;delayHighPriority_ms
<LI><a href="#[c5]">&gt;&gt;</a>&nbsp;&nbsp;&nbsp;TimerDelay_us_Config
<LI><a href="#[c1]">&gt;&gt;</a>&nbsp;&nbsp;&nbsp;TimerDelay_ms_Config
<LI><a href="#[70]">&gt;&gt;</a>&nbsp;&nbsp;&nbsp;delay_ms
</UL>

<P><STRONG><a name="[c4]"></a>TIM_ITConfig</STRONG> (Thumb, 16 bytes, Stack size 0 bytes, stm32f10x_tim.o(i.TIM_ITConfig))
<BR><BR>[Called By]<UL><LI><a href="#[c9]">&gt;&gt;</a>&nbsp;&nbsp;&nbsp;drvInt_TimeoutTimerConfig
<LI><a href="#[ca]">&gt;&gt;</a>&nbsp;&nbsp;&nbsp;drvInt_AppliTimeoutTimerConfig
<LI><a href="#[c8]">&gt;&gt;</a>&nbsp;&nbsp;&nbsp;Timer_Structure_Config
<LI><a href="#[c5]">&gt;&gt;</a>&nbsp;&nbsp;&nbsp;TimerDelay_us_Config
<LI><a href="#[c1]">&gt;&gt;</a>&nbsp;&nbsp;&nbsp;TimerDelay_ms_Config
</UL>

<P><STRONG><a name="[bc]"></a>TIM_SetCounter</STRONG> (Thumb, 4 bytes, Stack size 0 bytes, stm32f10x_tim.o(i.TIM_SetCounter))
<BR><BR>[Called By]<UL><LI><a href="#[bb]">&gt;&gt;</a>&nbsp;&nbsp;&nbsp;StartTimeOut
<LI><a href="#[7f]">&gt;&gt;</a>&nbsp;&nbsp;&nbsp;delay_us
<LI><a href="#[d5]">&gt;&gt;</a>&nbsp;&nbsp;&nbsp;delayHighPriority_ms
<LI><a href="#[70]">&gt;&gt;</a>&nbsp;&nbsp;&nbsp;delay_ms
</UL>

<P><STRONG><a name="[c2]"></a>TIM_TimeBaseInit</STRONG> (Thumb, 114 bytes, Stack size 12 bytes, stm32f10x_tim.o(i.TIM_TimeBaseInit))
<BR><BR>[Stack]<UL><LI>Max Depth = 12<LI>Call Chain = TIM_TimeBaseInit
</UL>
<BR>[Called By]<UL><LI><a href="#[c9]">&gt;&gt;</a>&nbsp;&nbsp;&nbsp;drvInt_TimeoutTimerConfig
<LI><a href="#[ca]">&gt;&gt;</a>&nbsp;&nbsp;&nbsp;drvInt_AppliTimeoutTimerConfig
<LI><a href="#[c8]">&gt;&gt;</a>&nbsp;&nbsp;&nbsp;Timer_Structure_Config
<LI><a href="#[c5]">&gt;&gt;</a>&nbsp;&nbsp;&nbsp;TimerDelay_us_Config
<LI><a href="#[c1]">&gt;&gt;</a>&nbsp;&nbsp;&nbsp;TimerDelay_ms_Config
</UL>

<P><STRONG><a name="[c3]"></a>TIM_UpdateRequestConfig</STRONG> (Thumb, 20 bytes, Stack size 0 bytes, stm32f10x_tim.o(i.TIM_UpdateRequestConfig))
<BR><BR>[Called By]<UL><LI><a href="#[c9]">&gt;&gt;</a>&nbsp;&nbsp;&nbsp;drvInt_TimeoutTimerConfig
<LI><a href="#[ca]">&gt;&gt;</a>&nbsp;&nbsp;&nbsp;drvInt_AppliTimeoutTimerConfig
<LI><a href="#[c8]">&gt;&gt;</a>&nbsp;&nbsp;&nbsp;Timer_Structure_Config
<LI><a href="#[c5]">&gt;&gt;</a>&nbsp;&nbsp;&nbsp;TimerDelay_us_Config
<LI><a href="#[c1]">&gt;&gt;</a>&nbsp;&nbsp;&nbsp;TimerDelay_ms_Config
</UL>

<P><STRONG><a name="[73]"></a>TOPAZ_ID</STRONG> (Thumb, 82 bytes, Stack size 16 bytes, lib_iso14443apcd.o(i.TOPAZ_ID))
<BR><BR>[Stack]<UL><LI>Max Depth = 632<LI>Call Chain = TOPAZ_ID &rArr; PCD_CheckSendReceive &rArr; drv95HF_SendReceive &rArr; drv95HF_SendSPICommand &rArr; SPI_SendReceiveBuffer &rArr; SPI_SendReceiveByte
</UL>
<BR>[Calls]<UL><LI><a href="#[83]">&gt;&gt;</a>&nbsp;&nbsp;&nbsp;PCD_CheckSendReceive
</UL>
<BR>[Called By]<UL><LI><a href="#[6d]">&gt;&gt;</a>&nbsp;&nbsp;&nbsp;ConfigManager_TagHunting
</UL>

<P><STRONG><a name="[c6]"></a>Timer_Config</STRONG> (Thumb, 12 bytes, Stack size 8 bytes, hw_config.o(i.Timer_Config))
<BR><BR>[Stack]<UL><LI>Max Depth = 52<LI>Call Chain = Timer_Config &rArr; Timer_Structure_Config &rArr; drvInt_TimeoutTimerConfig &rArr; TIM_TimeBaseInit
</UL>
<BR>[Calls]<UL><LI><a href="#[c8]">&gt;&gt;</a>&nbsp;&nbsp;&nbsp;Timer_Structure_Config
<LI><a href="#[c7]">&gt;&gt;</a>&nbsp;&nbsp;&nbsp;Timer_RCC_Config
</UL>
<BR>[Called By]<UL><LI><a href="#[55]">&gt;&gt;</a>&nbsp;&nbsp;&nbsp;main
</UL>

<P><STRONG><a name="[c7]"></a>Timer_RCC_Config</STRONG> (Thumb, 12 bytes, Stack size 8 bytes, hw_config.o(i.Timer_RCC_Config))
<BR><BR>[Stack]<UL><LI>Max Depth = 8<LI>Call Chain = Timer_RCC_Config
</UL>
<BR>[Calls]<UL><LI><a href="#[ba]">&gt;&gt;</a>&nbsp;&nbsp;&nbsp;RCC_APB1PeriphClockCmd
</UL>
<BR>[Called By]<UL><LI><a href="#[c6]">&gt;&gt;</a>&nbsp;&nbsp;&nbsp;Timer_Config
</UL>

<P><STRONG><a name="[c8]"></a>Timer_Structure_Config</STRONG> (Thumb, 74 bytes, Stack size 16 bytes, hw_config.o(i.Timer_Structure_Config))
<BR><BR>[Stack]<UL><LI>Max Depth = 44<LI>Call Chain = Timer_Structure_Config &rArr; drvInt_TimeoutTimerConfig &rArr; TIM_TimeBaseInit
</UL>
<BR>[Calls]<UL><LI><a href="#[c9]">&gt;&gt;</a>&nbsp;&nbsp;&nbsp;drvInt_TimeoutTimerConfig
<LI><a href="#[ca]">&gt;&gt;</a>&nbsp;&nbsp;&nbsp;drvInt_AppliTimeoutTimerConfig
<LI><a href="#[c3]">&gt;&gt;</a>&nbsp;&nbsp;&nbsp;TIM_UpdateRequestConfig
<LI><a href="#[c2]">&gt;&gt;</a>&nbsp;&nbsp;&nbsp;TIM_TimeBaseInit
<LI><a href="#[c4]">&gt;&gt;</a>&nbsp;&nbsp;&nbsp;TIM_ITConfig
<LI><a href="#[bf]">&gt;&gt;</a>&nbsp;&nbsp;&nbsp;TIM_ClearITPendingBit
</UL>
<BR>[Called By]<UL><LI><a href="#[c6]">&gt;&gt;</a>&nbsp;&nbsp;&nbsp;Timer_Config
</UL>

<P><STRONG><a name="[cb]"></a>UART_ReceiveBuffer</STRONG> (Thumb, 50 bytes, Stack size 24 bytes, drv_uart.o(i.UART_ReceiveBuffer))
<BR><BR>[Stack]<UL><LI>Max Depth = 40<LI>Call Chain = UART_ReceiveBuffer &rArr; UART_ReceiveByte &rArr; StopTimeOut
</UL>
<BR>[Calls]<UL><LI><a href="#[cc]">&gt;&gt;</a>&nbsp;&nbsp;&nbsp;UART_ReceiveByte
</UL>
<BR>[Called By]<UL><LI><a href="#[e4]">&gt;&gt;</a>&nbsp;&nbsp;&nbsp;drv95HF_ReceiveUARTResponse
</UL>

<P><STRONG><a name="[cc]"></a>UART_ReceiveByte</STRONG> (Thumb, 46 bytes, Stack size 8 bytes, drv_uart.o(i.UART_ReceiveByte))
<BR><BR>[Stack]<UL><LI>Max Depth = 16<LI>Call Chain = UART_ReceiveByte &rArr; StopTimeOut
</UL>
<BR>[Calls]<UL><LI><a href="#[ce]">&gt;&gt;</a>&nbsp;&nbsp;&nbsp;USART_ReceiveData
<LI><a href="#[be]">&gt;&gt;</a>&nbsp;&nbsp;&nbsp;StopTimeOut
<LI><a href="#[bb]">&gt;&gt;</a>&nbsp;&nbsp;&nbsp;StartTimeOut
<LI><a href="#[cd]">&gt;&gt;</a>&nbsp;&nbsp;&nbsp;USART_GetFlagStatus
</UL>
<BR>[Called By]<UL><LI><a href="#[cb]">&gt;&gt;</a>&nbsp;&nbsp;&nbsp;UART_ReceiveBuffer
<LI><a href="#[e4]">&gt;&gt;</a>&nbsp;&nbsp;&nbsp;drv95HF_ReceiveUARTResponse
</UL>

<P><STRONG><a name="[cf]"></a>UART_SendBuffer</STRONG> (Thumb, 34 bytes, Stack size 24 bytes, drv_uart.o(i.UART_SendBuffer))
<BR><BR>[Stack]<UL><LI>Max Depth = 40<LI>Call Chain = UART_SendBuffer &rArr; UART_SendByte
</UL>
<BR>[Calls]<UL><LI><a href="#[d0]">&gt;&gt;</a>&nbsp;&nbsp;&nbsp;UART_SendByte
</UL>
<BR>[Called By]<UL><LI><a href="#[e8]">&gt;&gt;</a>&nbsp;&nbsp;&nbsp;drv95HF_SendUARTCommand
</UL>

[...]
<LI><a href="#[c2]">&gt;&gt;</a>&nbsp;&nbsp;&nbsp;TIM_TimeBaseInit
<LI><a href="#[c4]">&gt;&gt;</a>&nbsp;&nbsp;&nbsp;TIM_ITConfig
<LI><a href="#[bd]">&gt;&gt;</a>&nbsp;&nbsp;&nbsp;TIM_Cmd
<LI><a href="#[bf]">&gt;&gt;</a>&nbsp;&nbsp;&nbsp;TIM_ClearITPendingBit
</UL>
<BR>[Called By]<UL><LI><a href="#[7f]">&gt;&gt;</a>&nbsp;&nbsp;&nbsp;delay_us
</UL>

<P><STRONG><a name="[d7]"></a>drv95HF_GPIOConfigSPI</STRONG> (Thumb, 90 bytes, Stack size 8 bytes, drv_95hf.o(i.drv95HF_GPIOConfigSPI))
<BR><BR>[Stack]<UL><LI>Max Depth = 28<LI>Call Chain = drv95HF_GPIOConfigSPI &rArr; GPIO_Init
</UL>
<BR>[Calls]<UL><LI><a href="#[d8]">&gt;&gt;</a>&nbsp;&nbsp;&nbsp;GPIO_SetBits
<LI><a href="#[86]">&gt;&gt;</a>&nbsp;&nbsp;&nbsp;GPIO_Init
</UL>
<BR>[Called By]<UL><LI><a href="#[dc]">&gt;&gt;</a>&nbsp;&nbsp;&nbsp;drv95HF_InitializeSPI
</UL>

<P><STRONG><a name="[d9]"></a>drv95HF_GPIOConfigUART</STRONG> (Thumb, 50 bytes, Stack size 8 bytes, drv_95hf.o(i.drv95HF_GPIOConfigUART))
<BR><BR>[Stack]<UL><LI>Max Depth = 28<LI>Call Chain = drv95HF_GPIOConfigUART &rArr; GPIO_Init
</UL>
<BR>[Calls]<UL><LI><a href="#[86]">&gt;&gt;</a>&nbsp;&nbsp;&nbsp;GPIO_Init
</UL>
<BR>[Called By]<UL><LI><a href="#[df]">&gt;&gt;</a>&nbsp;&nbsp;&nbsp;drv95HF_InitializeUART
</UL>

<P><STRONG><a name="[dc]"></a>drv95HF_InitializeSPI</STRONG> (Thumb, 22 bytes, Stack size 8 bytes, drv_95hf.o(i.drv95HF_InitializeSPI))
<BR><BR>[Stack]<UL><LI>Max Depth = 44<LI>Call Chain = drv95HF_InitializeSPI &rArr; drv95HF_StructureConfigSPI &rArr; SPI_Init
</UL>
<BR>[Calls]<UL><LI><a href="#[ae]">&gt;&gt;</a>&nbsp;&nbsp;&nbsp;SPI_I2S_DeInit
<LI><a href="#[de]">&gt;&gt;</a>&nbsp;&nbsp;&nbsp;drv95HF_StructureConfigSPI
<LI><a href="#[dd]">&gt;&gt;</a>&nbsp;&nbsp;&nbsp;drv95HF_RCCConfigSPI
<LI><a href="#[d7]">&gt;&gt;</a>&nbsp;&nbsp;&nbsp;drv95HF_GPIOConfigSPI
</UL>
<BR>[Called By]<UL><LI><a href="#[69]">&gt;&gt;</a>&nbsp;&nbsp;&nbsp;drv95HF_InitilizeSerialInterface
</UL>

<P><STRONG><a name="[dd]"></a>drv95HF_RCCConfigSPI</STRONG> (Thumb, 20 bytes, Stack size 8 bytes, drv_95hf.o(i.drv95HF_RCCConfigSPI))
<BR><BR>[Stack]<UL><LI>Max Depth = 8<LI>Call Chain = drv95HF_RCCConfigSPI
</UL>
<BR>[Calls]<UL><LI><a href="#[aa]">&gt;&gt;</a>&nbsp;&nbsp;&nbsp;RCC_APB2PeriphClockCmd
</UL>
<BR>[Called By]<UL><LI><a href="#[dc]">&gt;&gt;</a>&nbsp;&nbsp;&nbsp;drv95HF_InitializeSPI
</UL>

<P><STRONG><a name="[e0]"></a>drv95HF_RCCConfigUART</STRONG> (Thumb, 20 bytes, Stack size 8 bytes, drv_95hf.o(i.drv95HF_RCCConfigUART))
<BR><BR>[Stack]<UL><LI>Max Depth = 8<LI>Call Chain = drv95HF_RCCConfigUART
</UL>
<BR>[Calls]<UL><LI><a href="#[ba]">&gt;&gt;</a>&nbsp;&nbsp;&nbsp;RCC_APB1PeriphClockCmd
<LI><a href="#[aa]">&gt;&gt;</a>&nbsp;&nbsp;&nbsp;RCC_APB2PeriphClockCmd
</UL>
<BR>[Called By]<UL><LI><a href="#[df]">&gt;&gt;</a>&nbsp;&nbsp;&nbsp;drv95HF_InitializeUART
</UL>

<P><STRONG><a name="[e4]"></a>drv95HF_ReceiveUARTResponse</STRONG> (Thumb, 48 bytes, Stack size 8 bytes, drv_95hf.o(i.drv95HF_ReceiveUARTResponse))
<BR><BR>[Stack]<UL><LI>Max Depth = 48<LI>Call Chain = drv95HF_ReceiveUARTResponse &rArr; UART_ReceiveBuffer &rArr; UART_ReceiveByte &rArr; StopTimeOut
</UL>
<BR>[Calls]<UL><LI><a href="#[cc]">&gt;&gt;</a>&nbsp;&nbsp;&nbsp;UART_ReceiveByte
<LI><a href="#[cb]">&gt;&gt;</a>&nbsp;&nbsp;&nbsp;UART_ReceiveBuffer
</UL>
<BR>[Called By]<UL><LI><a href="#[66]">&gt;&gt;</a>&nbsp;&nbsp;&nbsp;drv95HF_SendReceive
</UL>

<P><STRONG><a name="[e6]"></a>drv95HF_SPIPollingCommand</STRONG> (Thumb, 144 bytes, Stack size 8 bytes, drv_95hf.o(i.drv95HF_SPIPollingCommand))
<BR><BR>[Stack]<UL><LI>Max Depth = 44<LI>Call Chain = drv95HF_SPIPollingCommand &rArr; delay_ms &rArr; TimerDelay_ms_Config &rArr; TIM_TimeBaseInit
</UL>
<BR>[Calls]<UL><LI><a href="#[be]">&gt;&gt;</a>&nbsp;&nbsp;&nbsp;StopTimeOut
<LI><a href="#[bb]">&gt;&gt;</a>&nbsp;&nbsp;&nbsp;StartTimeOut
<LI><a href="#[b2]">&gt;&gt;</a>&nbsp;&nbsp;&nbsp;SPI_SendReceiveByte
<LI><a href="#[d8]">&gt;&gt;</a>&nbsp;&nbsp;&nbsp;GPIO_SetBits
<LI><a href="#[e3]">&gt;&gt;</a>&nbsp;&nbsp;&nbsp;GPIO_ResetBits
<LI><a href="#[bd]">&gt;&gt;</a>&nbsp;&nbsp;&nbsp;TIM_Cmd
<LI><a href="#[70]">&gt;&gt;</a>&nbsp;&nbsp;&nbsp;delay_ms
</UL>
<BR>[Called By]<UL><LI><a href="#[66]">&gt;&gt;</a>&nbsp;&nbsp;&nbsp;drv95HF_SendReceive
</UL>

<P><STRONG><a name="[e5]"></a>drv95HF_SendSPIResetByte</STRONG> (Thumb, 12 bytes, Stack size 8 bytes, drv_95hf.o(i.drv95HF_SendSPIResetByte))
<BR><BR>[Stack]<UL><LI>Max Depth = 24<LI>Call Chain = drv95HF_SendSPIResetByte &rArr; SPI_SendReceiveByte
</UL>
<BR>[Calls]<UL><LI><a href="#[b2]">&gt;&gt;</a>&nbsp;&nbsp;&nbsp;SPI_SendReceiveByte
</UL>
<BR>[Called By]<UL><LI><a href="#[6c]">&gt;&gt;</a>&nbsp;&nbsp;&nbsp;drv95HF_ResetSPI
</UL>

<P><STRONG><a name="[e8]"></a>drv95HF_SendUARTCommand</STRONG> (Thumb, 66 bytes, Stack size 16 bytes, drv_95hf.o(i.drv95HF_SendUARTCommand))
<BR><BR>[Stack]<UL><LI>Max Depth = 56<LI>Call Chain = drv95HF_SendUARTCommand &rArr; UART_SendBuffer &rArr; UART_SendByte
</UL>
<BR>[Calls]<UL><LI><a href="#[d0]">&gt;&gt;</a>&nbsp;&nbsp;&nbsp;UART_SendByte
<LI><a href="#[cf]">&gt;&gt;</a>&nbsp;&nbsp;&nbsp;UART_SendBuffer
</UL>
<BR>[Called By]<UL><LI><a href="#[66]">&gt;&gt;</a>&nbsp;&nbsp;&nbsp;drv95HF_SendReceive
</UL>

<P><STRONG><a name="[de]"></a>drv95HF_StructureConfigSPI</STRONG> (Thumb, 64 bytes, Stack size 24 bytes, drv_95hf.o(i.drv95HF_StructureConfigSPI))
<BR><BR>[Stack]<UL><LI>Max Depth = 36<LI>Call Chain = drv95HF_StructureConfigSPI &rArr; SPI_Init
</UL>
<BR>[Calls]<UL><LI><a href="#[ea]">&gt;&gt;</a>&nbsp;&nbsp;&nbsp;SPI_StructInit
<LI><a href="#[eb]">&gt;&gt;</a>&nbsp;&nbsp;&nbsp;SPI_Init
<LI><a href="#[ec]">&gt;&gt;</a>&nbsp;&nbsp;&nbsp;SPI_Cmd
</UL>
<BR>[Called By]<UL><LI><a href="#[dc]">&gt;&gt;</a>&nbsp;&nbsp;&nbsp;drv95HF_InitializeSPI
</UL>

<P><STRONG><a name="[e1]"></a>drv95HF_StructureConfigUART</STRONG> (Thumb, 48 bytes, Stack size 24 bytes, drv_95hf.o(i.drv95HF_StructureConfigUART))
<BR><BR>[Stack]<UL><LI>Max Depth = 68<LI>Call Chain = drv95HF_StructureConfigUART &rArr; USART_Init &rArr; RCC_GetClocksFreq
</UL>
<BR>[Calls]<UL><LI><a href="#[d3]">&gt;&gt;</a>&nbsp;&nbsp;&nbsp;USART_Init
<LI><a href="#[ed]">&gt;&gt;</a>&nbsp;&nbsp;&nbsp;USART_Cmd
</UL>
<BR>[Called By]<UL><LI><a href="#[df]">&gt;&gt;</a>&nbsp;&nbsp;&nbsp;drv95HF_InitializeUART
</UL>

<P><STRONG><a name="[85]"></a>IRQOut_GPIO_Config</STRONG> (Thumb, 40 bytes, Stack size 8 bytes, drv_interrupt.o(i.IRQOut_GPIO_Config))
<BR><BR>[Stack]<UL><LI>Max Depth = 28<LI>Call Chain = IRQOut_GPIO_Config &rArr; GPIO_Init
</UL>
<BR>[Calls]<UL><LI><a href="#[87]">&gt;&gt;</a>&nbsp;&nbsp;&nbsp;GPIO_WriteBit
<LI><a href="#[86]">&gt;&gt;</a>&nbsp;&nbsp;&nbsp;GPIO_Init
</UL>
<BR>[Called By]<UL><LI><a href="#[84]">&gt;&gt;</a>&nbsp;&nbsp;&nbsp;IRQOut_Config
</UL>

<P><STRONG><a name="[95]"></a>FSCIToFSC</STRONG> (Thumb, 70 bytes, Stack size 0 bytes, lib_iso14443apcd.o(i.FSCIToFSC))
<BR><BR>[Called By]<UL><LI><a href="#[8e]">&gt;&gt;</a>&nbsp;&nbsp;&nbsp;ISO14443A_RATS
</UL>

<P><STRONG><a name="[88]"></a>ISO14443A_AC</STRONG> (Thumb, 688 bytes, Stack size 64 bytes, lib_iso14443apcd.o(i.ISO14443A_AC))
<BR><BR>[Stack]<UL><LI>Max Depth = 944<LI>Call Chain = ISO14443A_AC &rArr; PCD_SendRecv &rArr; drv95HF_SendReceive &rArr; drv95HF_SendSPICommand &rArr; SPI_SendReceiveBuffer &rArr; SPI_SendReceiveByte
</UL>
<BR>[Calls]<UL><LI><a href="#[89]">&gt;&gt;</a>&nbsp;&nbsp;&nbsp;PCD_SendRecv
</UL>
<BR>[Called By]<UL><LI><a href="#[8c]">&gt;&gt;</a>&nbsp;&nbsp;&nbsp;ISO14443A_ACLevel3
<LI><a href="#[8b]">&gt;&gt;</a>&nbsp;&nbsp;&nbsp;ISO14443A_ACLevel2
<LI><a href="#[8a]">&gt;&gt;</a>&nbsp;&nbsp;&nbsp;ISO14443A_ACLevel1
</UL>

<P><STRONG><a name="[8a]"></a>ISO14443A_ACLevel1</STRONG> (Thumb, 198 bytes, Stack size 24 bytes, lib_iso14443apcd.o(i.ISO14443A_ACLevel1))
<BR><BR>[Stack]<UL><LI>Max Depth = 968<LI>Call Chain = ISO14443A_ACLevel1 &rArr; ISO14443A_AC &rArr; PCD_SendRecv &rArr; drv95HF_SendReceive &rArr; drv95HF_SendSPICommand &rArr; SPI_SendReceiveBuffer &rArr; SPI_SendReceiveByte
</UL>
<BR>[Calls]<UL><LI><a href="#[89]">&gt;&gt;</a>&nbsp;&nbsp;&nbsp;PCD_SendRecv
<LI><a href="#[88]">&gt;&gt;</a>&nbsp;&nbsp;&nbsp;ISO14443A_AC
</UL>
<BR>[Called By]<UL><LI><a href="#[74]">&gt;&gt;</a>&nbsp;&nbsp;&nbsp;ISO14443A_Anticollision
</UL>

<P><STRONG><a name="[8b]"></a>ISO14443A_ACLevel2</STRONG> (Thumb, 206 bytes, Stack size 24 bytes, lib_iso14443apcd.o(i.ISO14443A_ACLevel2))
<BR><BR>[Stack]<UL><LI>Max Depth = 968<LI>Call Chain = ISO14443A_ACLevel2 &rArr; ISO14443A_AC &rArr; PCD_SendRecv &rArr; drv95HF_SendReceive &rArr; drv95HF_SendSPICommand &rArr; SPI_SendReceiveBuffer &rArr; SPI_SendReceiveByte
</UL>
<BR>[Calls]<UL><LI><a href="#[89]">&gt;&gt;</a>&nbsp;&nbsp;&nbsp;PCD_SendRecv
<LI><a href="#[88]">&gt;&gt;</a>&nbsp;&nbsp;&nbsp;ISO14443A_AC
</UL>
<BR>[Called By]<UL><LI><a href="#[74]">&gt;&gt;</a>&nbsp;&nbsp;&nbsp;ISO14443A_Anticollision
</UL>

<P><STRONG><a name="[8c]"></a>ISO14443A_ACLevel3</STRONG> (Thumb, 152 bytes, Stack size 24 bytes, lib_iso14443apcd.o(i.ISO14443A_ACLevel3))
<BR><BR>[Stack]<UL><LI>Max Depth = 968<LI>Call Chain = ISO14443A_ACLevel3 &rArr; ISO14443A_AC &rArr; PCD_SendRecv &rArr; drv95HF_SendReceive &rArr; drv95HF_SendSPICommand &rArr; SPI_SendReceiveBuffer &rArr; SPI_SendReceiveByte
</UL>
<BR>[Calls]<UL><LI><a href="#[89]">&gt;&gt;</a>&nbsp;&nbsp;&nbsp;PCD_SendRecv
<LI><a href="#[88]">&gt;&gt;</a>&nbsp;&nbsp;&nbsp;ISO14443A_AC
</UL>
<BR>[Called By]<UL><LI><a href="#[74]">&gt;&gt;</a>&nbsp;&nbsp;&nbsp;ISO14443A_Anticollision
</UL>

<P><STRONG><a name="[96]"></a>ISO14443A_CompleteStructure</STRONG> (Thumb, 58 bytes, Stack size 0 bytes, lib_iso14443apcd.o(i.ISO14443A_CompleteStructure))
<BR><BR>[Called By]<UL><LI><a href="#[92]">&gt;&gt;</a>&nbsp;&nbsp;&nbsp;ISO14443A_REQA
</UL>

<P><STRONG><a name="[91]"></a>ISO14443A_InitStructure</STRONG> (Thumb, 26 bytes, Stack size 0 bytes, lib_iso14443apcd.o(i.ISO14443A_InitStructure))
<BR><BR>[Called By]<UL><LI><a href="#[71]">&gt;&gt;</a>&nbsp;&nbsp;&nbsp;ISO14443A_Init
</UL>

<P><STRONG><a name="[8e]"></a>ISO14443A_RATS</STRONG> (Thumb, 140 bytes, Stack size 24 bytes, lib_iso14443apcd.o(i.ISO14443A_RATS))
<BR><BR>[Stack]<UL><LI>Max Depth = 904<LI>Call Chain = ISO14443A_RATS &rArr; PCD_SendRecv &rArr; drv95HF_SendReceive &rArr; drv95HF_SendSPICommand &rArr; SPI_SendReceiveBuffer &rArr; SPI_SendReceiveByte
</UL>
<BR>[Calls]<UL><LI><a href="#[89]">&gt;&gt;</a>&nbsp;&nbsp;&nbsp;PCD_SendRecv
<LI><a href="#[93]">&gt;&gt;</a>&nbsp;&nbsp;&nbsp;PCD_IsReaderResultCodeOk
<LI><a href="#[94]">&gt;&gt;</a>&nbsp;&nbsp;&nbsp;PCD_IsCRCOk
<LI><a href="#[95]">&gt;&gt;</a>&nbsp;&nbsp;&nbsp;FSCIToFSC
</UL>
<BR>[Called By]<UL><LI><a href="#[74]">&gt;&gt;</a>&nbsp;&nbsp;&nbsp;ISO14443A_Anticollision
</UL>

<P><STRONG><a name="[92]"></a>ISO14443A_REQA</STRONG> (Thumb, 52 bytes, Stack size 16 bytes, lib_iso14443apcd.o(i.ISO14443A_REQA))
<BR><BR>[Stack]<UL><LI>Max Depth = 896<LI>Call Chain = ISO14443A_REQA &rArr; PCD_SendRecv &rArr; drv95HF_SendReceive &rArr; drv95HF_SendSPICommand &rArr; SPI_SendReceiveBuffer &rArr; SPI_SendReceiveByte
</UL>
<BR>[Calls]<UL><LI><a href="#[89]">&gt;&gt;</a>&nbsp;&nbsp;&nbsp;PCD_SendRecv
<LI><a href="#[96]">&gt;&gt;</a>&nbsp;&nbsp;&nbsp;ISO14443A_CompleteStructure
</UL>
<BR>[Called By]<UL><LI><a href="#[72]">&gt;&gt;</a>&nbsp;&nbsp;&nbsp;ISO14443A_IsPresent
</UL>

<P><STRONG><a name="[97]"></a>ISO14443BReadARConfigB</STRONG> (Thumb, 72 bytes, Stack size 24 bytes, lib_iso14443bpcd.o(i.ISO14443BReadARConfigB))
<BR><BR>[Stack]<UL><LI>Max Depth = 912<LI>Call Chain = ISO14443BReadARConfigB &rArr; PCD_WriteRegister &rArr; drv95HF_SendReceive &rArr; drv95HF_SendSPICommand &rArr; SPI_SendReceiveBuffer &rArr; SPI_SendReceiveByte
</UL>
<BR>[Calls]<UL><LI><a href="#[98]">&gt;&gt;</a>&nbsp;&nbsp;&nbsp;PCD_ReadRegister
<LI><a href="#[7e]">&gt;&gt;</a>&nbsp;&nbsp;&nbsp;PCD_WriteRegister
</UL>
<BR>[Called By]<UL><LI><a href="#[9d]">&gt;&gt;</a>&nbsp;&nbsp;&nbsp;ISO14443B_WriteAndCheckARConfigB
</UL>

<P><STRONG><a name="[9a]"></a>ISO14443B_CompleteStruture</STRONG> (Thumb, 40 bytes, Stack size 8 bytes, lib_iso14443bpcd.o(i.ISO14443B_CompleteStruture))
<BR><BR>[Stack]<UL><LI>Max Depth = 8<LI>Call Chain = ISO14443B_CompleteStruture
</UL>
<BR>[Calls]<UL><LI><a href="#[82]">&gt;&gt;</a>&nbsp;&nbsp;&nbsp;__aeabi_memcpy
</UL>
<BR>[Called By]<UL><LI><a href="#[9f]">&gt;&gt;</a>&nbsp;&nbsp;&nbsp;ISO14443B_ReqB
</UL>

<P><STRONG><a name="[9c]"></a>ISO14443B_InitStructure</STRONG> (Thumb, 36 bytes, Stack size 8 bytes, lib_iso14443bpcd.o(i.ISO14443B_InitStructure))
<BR><BR>[Stack]<UL><LI>Max Depth = 8<LI>Call Chain = ISO14443B_InitStructure
</UL>
<BR>[Calls]<UL><LI><a href="#[9e]">&gt;&gt;</a>&nbsp;&nbsp;&nbsp;__aeabi_memclr
</UL>
<BR>[Called By]<UL><LI><a href="#[9b]">&gt;&gt;</a>&nbsp;&nbsp;&nbsp;ISO14443B_Init
</UL>

<P><STRONG><a name="[a0]"></a>ISO14443B_WriteARConfigB</STRONG> (Thumb, 46 bytes, Stack size 24 bytes, lib_iso14443bpcd.o(i.ISO14443B_WriteARConfigB))
<BR><BR>[Stack]<UL><LI>Max Depth = 912<LI>Call Chain = ISO14443B_WriteARConfigB &rArr; PCD_WriteRegister &rArr; drv95HF_SendReceive &rArr; drv95HF_SendSPICommand &rArr; SPI_SendReceiveBuffer &rArr; SPI_SendReceiveByte
</UL>
<BR>[Calls]<UL><LI><a href="#[7e]">&gt;&gt;</a>&nbsp;&nbsp;&nbsp;PCD_WriteRegister
</UL>
<BR>[Called By]<UL><LI><a href="#[9d]">&gt;&gt;</a>&nbsp;&nbsp;&nbsp;ISO14443B_WriteAndCheckARConfigB
</UL>

<P><STRONG><a name="[9d]"></a>ISO14443B_WriteAndCheckARConfigB</STRONG> (Thumb, 66 bytes, Stack size 16 bytes, lib_iso14443bpcd.o(i.ISO14443B_WriteAndCheckARConfigB))
<BR><BR>[Stack]<UL><LI>Max Depth = 928<LI>Call Chain = ISO14443B_WriteAndCheckARConfigB &rArr; ISO14443B_WriteARConfigB &rArr; PCD_WriteRegister &rArr; drv95HF_SendReceive &rArr; drv95HF_SendSPICommand &rArr; SPI_SendReceiveBuffer &rArr; SPI_SendReceiveByte
</UL>
<BR>[Calls]<UL><LI><a href="#[a0]">&gt;&gt;</a>&nbsp;&nbsp;&nbsp;ISO14443B_WriteARConfigB
<LI><a href="#[97]">&gt;&gt;</a>&nbsp;&nbsp;&nbsp;ISO14443BReadARConfigB
</UL>
<BR>[Called By]<UL><LI><a href="#[9b]">&gt;&gt;</a>&nbsp;&nbsp;&nbsp;ISO14443B_Init
</UL>

<P><STRONG><a name="[a2]"></a>ISO15693_CreateRequestFlag</STRONG> (Thumb, 82 bytes, Stack size 28 bytes, lib_iso15693pcd.o(i.ISO15693_CreateRequestFlag))
<BR><BR>[Stack]<UL><LI>Max Depth = 28<LI>Call Chain = ISO15693_CreateRequestFlag
</UL>
<BR>[Called By]<UL><LI><a href="#[79]">&gt;&gt;</a>&nbsp;&nbsp;&nbsp;ISO15693_GetUID
</UL>

<P><STRONG><a name="[a5]"></a>ISO15693_GetSelectOrAFIFlag</STRONG> (Thumb, 16 bytes, Stack size 0 bytes, lib_iso15693pcd.o(i.ISO15693_GetSelectOrAFIFlag))
<BR><BR>[Called By]<UL><LI><a href="#[a3]">&gt;&gt;</a>&nbsp;&nbsp;&nbsp;ISO15693_Inventory
</UL>

<P><STRONG><a name="[a3]"></a>ISO15693_Inventory</STRONG> (Thumb, 302 bytes, Stack size 72 bytes, lib_iso15693pcd.o(i.ISO15693_Inventory))
<BR><BR>[Stack]<UL><LI>Max Depth = 952<LI>Call Chain = ISO15693_Inventory &rArr; PCD_SendRecv &rArr; drv95HF_SendReceive &rArr; drv95HF_SendSPICommand &rArr; SPI_SendReceiveBuffer &rArr; SPI_SendReceiveByte
</UL>
<BR>[Calls]<UL><LI><a href="#[89]">&gt;&gt;</a>&nbsp;&nbsp;&nbsp;PCD_SendRecv
<LI><a href="#[a4]">&gt;&gt;</a>&nbsp;&nbsp;&nbsp;ISO15693_IsInventoryFlag
<LI><a href="#[a5]">&gt;&gt;</a>&nbsp;&nbsp;&nbsp;ISO15693_GetSelectOrAFIFlag
<LI><a href="#[93]">&gt;&gt;</a>&nbsp;&nbsp;&nbsp;PCD_IsReaderResultCodeOk
</UL>
<BR>[Called By]<UL><LI><a href="#[79]">&gt;&gt;</a>&nbsp;&nbsp;&nbsp;ISO15693_GetUID
</UL>

<P><STRONG><a name="[a4]"></a>ISO15693_IsInventoryFlag</STRONG> (Thumb, 18 bytes, Stack size 0 bytes, lib_iso15693pcd.o(i.ISO15693_IsInventoryFlag))
<BR><BR>[Called By]<UL><LI><a href="#[a3]">&gt;&gt;</a>&nbsp;&nbsp;&nbsp;ISO15693_Inventory
</UL>

<P><STRONG><a name="[7c]"></a>FELICA_Init</STRONG> (Thumb, 130 bytes, Stack size 32 bytes, lib_iso18092pcd.o(i.FELICA_Init))
<BR><BR>[Stack]<UL><LI>Max Depth = 920<LI>Call Chain = FELICA_Init &rArr; PCD_WriteRegister &rArr; drv95HF_SendReceive &rArr; drv95HF_SendSPICommand &rArr; SPI_SendReceiveBuffer &rArr; SPI_SendReceiveByte
</UL>
<BR>[Calls]<UL><LI><a href="#[7f]">&gt;&gt;</a>&nbsp;&nbsp;&nbsp;delay_us
<LI><a href="#[7e]">&gt;&gt;</a>&nbsp;&nbsp;&nbsp;PCD_WriteRegister
<LI><a href="#[7d]">&gt;&gt;</a>&nbsp;&nbsp;&nbsp;PCD_ProtocolSelect
</UL>
<BR>[Called By]<UL><LI><a href="#[75]">&gt;&gt;</a>&nbsp;&nbsp;&nbsp;FELICA_Initialization
</UL>

<P><STRONG><a name="[81]"></a>FELICA_REQC</STRONG> (Thumb, 36 bytes, Stack size 8 bytes, lib_iso18092pcd.o(i.FELICA_REQC))
<BR><BR>[Stack]<UL><LI>Max Depth = 624<LI>Call Chain = FELICA_REQC &rArr; PCD_CheckSendReceive &rArr; drv95HF_SendReceive &rArr; drv95HF_SendSPICommand &rArr; SPI_SendReceiveBuffer &rArr; SPI_SendReceiveByte
</UL>
<BR>[Calls]<UL><LI><a href="#[83]">&gt;&gt;</a>&nbsp;&nbsp;&nbsp;PCD_CheckSendReceive
</UL>
<BR>[Called By]<UL><LI><a href="#[76]">&gt;&gt;</a>&nbsp;&nbsp;&nbsp;FELICA_IsPresent
</UL>

<P><STRONG><a name="[ad]"></a>IsAnAvailableProtocol</STRONG> (Thumb, 40 bytes, Stack size 0 bytes, lib_pcd.o(i.IsAnAvailableProtocol))
<BR><BR>[Called By]<UL><LI><a href="#[7d]">&gt;&gt;</a>&nbsp;&nbsp;&nbsp;PCD_ProtocolSelect
</UL>

<P><STRONG><a name="[65]"></a>ConfigManager_IDN</STRONG> (Thumb, 22 bytes, Stack size 16 bytes, lib_configmanager.o(i.ConfigManager_IDN))
<BR><BR>[Stack]<UL><LI>Max Depth = 616<LI>Call Chain = ConfigManager_IDN &rArr; drv95HF_SendReceive &rArr; drv95HF_SendSPICommand &rArr; SPI_SendReceiveBuffer &rArr; SPI_SendReceiveByte
</UL>
<BR>[Calls]<UL><LI><a href="#[66]">&gt;&gt;</a>&nbsp;&nbsp;&nbsp;drv95HF_SendReceive
</UL>
<BR>[Called By]<UL><LI><a href="#[62]">&gt;&gt;</a>&nbsp;&nbsp;&nbsp;ConfigManager_HWInit
</UL>

<P><STRONG><a name="[63]"></a>ConfigManager_Init</STRONG> (Thumb, 16 bytes, Stack size 8 bytes, lib_configmanager.o(i.ConfigManager_Init))
<BR><BR>[Stack]<UL><LI>Max Depth = 92<LI>Call Chain = ConfigManager_Init &rArr; drv95HF_InitilizeSerialInterface &rArr; drv95HF_InitializeUART &rArr; drv95HF_StructureConfigUART &rArr; USART_Init &rArr; RCC_GetClocksFreq
</UL>
<BR>[Calls]<UL><LI><a href="#[69]">&gt;&gt;</a>&nbsp;&nbsp;&nbsp;drv95HF_InitilizeSerialInterface
<LI><a href="#[67]">&gt;&gt;</a>&nbsp;&nbsp;&nbsp;drv95HF_InitConfigStructure
<LI><a href="#[68]">&gt;&gt;</a>&nbsp;&nbsp;&nbsp;drv95HF_EnableInterrupt
</UL>
<BR>[Called By]<UL><LI><a href="#[62]">&gt;&gt;</a>&nbsp;&nbsp;&nbsp;ConfigManager_HWInit
</UL>

<P><STRONG><a name="[64]"></a>ConfigManager_PORsequence</STRONG> (Thumb, 126 bytes, Stack size 16 bytes, lib_configmanager.o(i.ConfigManager_PORsequence))
<BR><BR>[Stack]<UL><LI>Max Depth = 616<LI>Call Chain = ConfigManager_PORsequence &rArr; drv95HF_SendReceive &rArr; drv95HF_SendSPICommand &rArr; SPI_SendReceiveBuffer &rArr; SPI_SendReceiveByte
</UL>
<BR>[Calls]<UL><LI><a href="#[66]">&gt;&gt;</a>&nbsp;&nbsp;&nbsp;drv95HF_SendReceive
<LI><a href="#[6a]">&gt;&gt;</a>&nbsp;&nbsp;&nbsp;drv95HF_SendIRQINPulse
<LI><a href="#[6c]">&gt;&gt;</a>&nbsp;&nbsp;&nbsp;drv95HF_ResetSPI
<LI><a href="#[6b]">&gt;&gt;</a>&nbsp;&nbsp;&nbsp;drv95HF_GetSerialInterface
</UL>
<BR>[Called By]<UL><LI><a href="#[62]">&gt;&gt;</a>&nbsp;&nbsp;&nbsp;ConfigManager_HWInit
</UL>

<P><STRONG><a name="[6e]"></a>ConfigManager_Start</STRONG> (Thumb, 20 bytes, Stack size 0 bytes, lib_configmanager.o(i.ConfigManager_Start))
<BR><BR>[Called By]<UL><LI><a href="#[6d]">&gt;&gt;</a>&nbsp;&nbsp;&nbsp;ConfigManager_TagHunting
</UL>

<P><STRONG><a name="[b6]"></a>SetSysClock</STRONG> (Thumb, 8 bytes, Stack size 8 bytes, system_stm32f10x.o(i.SetSysClock))
<BR><BR>[Stack]<UL><LI>Max Depth = 20<LI>Call Chain = SetSysClock &rArr; SetSysClockTo72
</UL>
<BR>[Calls]<UL><LI><a href="#[b7]">&gt;&gt;</a>&nbsp;&nbsp;&nbsp;SetSysClockTo72
</UL>
<BR>[Called By]<UL><LI><a href="#[49]">&gt;&gt;</a>&nbsp;&nbsp;&nbsp;SystemInit
</UL>

<P><STRONG><a name="[b7]"></a>SetSysClockTo72</STRONG> (Thumb, 214 bytes, Stack size 12 bytes, system_stm32f10x.o(i.SetSysClockTo72))
<BR><BR>[Stack]<UL><LI>Max Depth = 12<LI>Call Chain = SetSysClockTo72
</UL>
<BR>[Called By]<UL><LI><a href="#[b6]">&gt;&gt;</a>&nbsp;&nbsp;&nbsp;SetSysClock
</UL>
<P>
<H3>
Undefined Global Symbols
</H3><HR></body></html>
