<html>
<body>
<pre>
<h1>µVision Build Log</h1>
<h2>Tool Versions:</h2>
IDE-Version: ¦ÌVision V5.18.0.0
Copyright (C) 2016 ARM Ltd and ARM Germany GmbH. All rights reserved.
License Information: N Nepenthes, Rainbow_bridge, LIC=585Z9-4B4PV-S9DG4-F6YA1-N00QN-A1NAB
 
Tool Versions:
Toolchain:       MDK-ARM Standard  Version: 5.18
Toolchain Path:  D:\Keil\Software\ARM\ARMCC\Bin
C Compiler:      Armcc.exe V5.06 update 1 (build 61)
Assembler:       Armasm.exe V5.06 update 1 (build 61)
Linker/Locator:  ArmLink.exe V5.06 update 1 (build 61)
Library Manager: ArmAr.exe V5.06 update 1 (build 61)
Hex Converter:   FromElf.exe V5.06 update 1 (build 61)
CPU DLL:         SARMCM3.DLL V5.18
Dialog DLL:      DARMSTM.DLL V1.65.0.0
Target DLL:      STLink\ST-LINKIII-KEIL_SWO.dll V2.0.18.0
Dialog DLL:      TARMSTM.DLL V1.64.0.0
 
<h2>Project:</h2>
E:\My_GTAProject\Project_SmartTraningRoom\software\Code\STM32\en.stsw-m24lr007\DEMOBOARD-CR95HF_FW_V3.7.1\Project\95HF_Example\CR95HF\CR95HF_DEMOBOARD_MB1054A\MDK-ARM\DEMO_BOARD_CR95HF.uvprojx
Project File Date:  01/29/2018

<h2>Output:</h2>
*** Using Compiler 'V5.06 update 1 (build 61)', folder: 'D:\Keil\Software\ARM\ARMCC\Bin'
Build Project 'DEMO_BOARD_CR95HF' - Target 'DEMO_BOARD_CR95HF'
compiling main.c...
compiling hw_config.c...
compiling stm32f10x_it.c...
compiling drv_95HF.c...
compiling drv_spi.c...
compiling drv_interrupt.c...
compiling drv_uart.c...
compiling lib_iso7816pcd.c...
compiling lib_iso14443Apcd.c...
compiling lib_iso14443Bpcd.c...
compiling lib_iso15693pcd.c...
compiling lib_iso18092pcd.c...
compiling lib_PCD.c...
compiling lib_ConfigManager.c...
linking...
Program Size: Code=12472 RO-data=388 RW-data=68 ZI-data=4780  
FromELF: creating hex file...
".\Obj\DEMO_BOARD_CR95HF.axf" - 0 Error(s), 0 Warning(s).

<h2>Collection of Component include folders:</h2>
  E:\My_GTAProject\Project_SmartTraningRoom\software\Code\STM32\en.stsw-m24lr007\DEMOBOARD-CR95HF_FW_V3.7.1\Project\95HF_Example\CR95HF\CR95HF_DEMOBOARD_MB1054A\MDK-ARM\RTE
  D:\Keil\Software\ARM\PACK\Keil\STM32F1xx_DFP\2.2.0\Device\Include

<h2>Collection of Component Files used:</h2>
Build Time Elapsed:  00:00:07
</pre>
</body>
</html>
