Component: ARM Compiler 5.06 update 1 (build 61) Tool: armlink [4d35a8]

==============================================================================

Section Cross References

    main.o(i.main) refers to rt_cmsis.o(i.osKernelInitialize) for osKernelInitialize
    main.o(i.main) refers to delay.o(i.bsp_delayinit) for bsp_delayinit
    main.o(i.main) refers to prtapp_sh95.o(i.devApp95HF_ThreadActive) for devApp95HF_ThreadActive
    main.o(i.main) refers to rt_cmsis.o(i.osKernelStart) for osKernelStart
    stm32f10x_it.o(i.EXTI3_IRQHandler) refers to stm32f10x_exti.o(i.EXTI_GetITStatus) for EXTI_GetITStatus
    stm32f10x_it.o(i.EXTI3_IRQHandler) refers to stm32f10x_exti.o(i.EXTI_ClearITPendingBit) for EXTI_ClearITPendingBit
    stm32f10x_it.o(i.EXTI3_IRQHandler) refers to stm32f10x_it.o(.data) for RF_DataExpected
    delay.o(i.delay_us) refers to system_stm32f10x.o(.data) for SystemCoreClock
    prtapp_sh95.o(i.USART1_dev95HF_Init) refers to usart_stm32f10x.o(.constdata) for Driver_USART1
    prtapp_sh95.o(i.USART1_dev95HF_Init) refers to prtapp_sh95.o(i.USART1_callback) for USART1_callback
    prtapp_sh95.o(i.dev95HF_Init) refers to stm32f10x_rcc.o(i.RCC_APB2PeriphClockCmd) for RCC_APB2PeriphClockCmd
    prtapp_sh95.o(i.dev95HF_Init) refers to hw_config.o(i.Interrupts_Config) for Interrupts_Config
    prtapp_sh95.o(i.dev95HF_Init) refers to prtapp_sh95.o(i.USART1_dev95HF_Init) for USART1_dev95HF_Init
    prtapp_sh95.o(i.dev95HF_Init) refers to drv_led.o(i.LED_Config) for LED_Config
    prtapp_sh95.o(i.dev95HF_Init) refers to rt_cmsis.o(i.osDelay) for osDelay
    prtapp_sh95.o(i.dev95HF_Init) refers to lib_configmanager.o(i.ConfigManager_HWInit) for ConfigManager_HWInit
    prtapp_sh95.o(i.dev95HF_Init) refers to drv_led.o(i.LED_On) for LED_On
    prtapp_sh95.o(i.dev95HF_Init) refers to drv_led.o(i.LED_Off) for LED_Off
    prtapp_sh95.o(i.dev95HF_Init) refers to usart_stm32f10x.o(.constdata) for Driver_USART1
    prtapp_sh95.o(i.devApp95HF_Thread) refers to prtapp_sh95.o(i.prtApp_95HF) for prtApp_95HF
    prtapp_sh95.o(i.devApp95HF_ThreadActive) refers to prtapp_sh95.o(i.dev95HF_Init) for dev95HF_Init
    prtapp_sh95.o(i.devApp95HF_ThreadActive) refers to rt_cmsis.o(i.osThreadCreate) for osThreadCreate
    prtapp_sh95.o(i.devApp95HF_ThreadActive) refers to prtapp_sh95.o(.constdata) for os_thread_def_devApp95HF_Thread
    prtapp_sh95.o(i.devApp95HF_ThreadActive) refers to prtapp_sh95.o(.data) for tid_devApp95HF_Thread
    prtapp_sh95.o(i.prtApp_95HF) refers to _printf_percent.o(.ARM.Collect$$_printf_percent$$00000000) for _printf_percent
    prtapp_sh95.o(i.prtApp_95HF) refers to _printf_s.o(.ARM.Collect$$_printf_percent$$00000014) for _printf_s
    prtapp_sh95.o(i.prtApp_95HF) refers to _printf_str.o(.text) for _printf_str
    prtapp_sh95.o(i.prtApp_95HF) refers to lib_configmanager.o(i.ConfigManager_TagHunting) for ConfigManager_TagHunting
    prtapp_sh95.o(i.prtApp_95HF) refers to drv_led.o(i.LED_Off) for LED_Off
    prtapp_sh95.o(i.prtApp_95HF) refers to rt_memclr_w.o(.text) for __aeabi_memclr4
    prtapp_sh95.o(i.prtApp_95HF) refers to drv_led.o(i.LED_On) for LED_On
    prtapp_sh95.o(i.prtApp_95HF) refers to prtapp_sh95.o(i.Hex2Char) for Hex2Char
    prtapp_sh95.o(i.prtApp_95HF) refers to memcmp.o(.text) for memcmp
    prtapp_sh95.o(i.prtApp_95HF) refers to noretval__2sprintf.o(.text) for __2sprintf
    prtapp_sh95.o(i.prtApp_95HF) refers to strlen.o(.text) for strlen
    prtapp_sh95.o(i.prtApp_95HF) refers to rt_memcpy_v6.o(.text) for __aeabi_memcpy
    prtapp_sh95.o(i.prtApp_95HF) refers to rt_cmsis.o(i.osDelay) for osDelay
    prtapp_sh95.o(i.prtApp_95HF) refers to prtapp_sh95.o(.constdata) for .constdata
    prtapp_sh95.o(i.prtApp_95HF) refers to lib_configmanager.o(.bss) for TagUID
    prtapp_sh95.o(i.prtApp_95HF) refers to usart_stm32f10x.o(.constdata) for Driver_USART1
    prtapp_sh95.o(i.prtApp_95HF) refers to lib_iso14443apcd.o(.bss) for ISO14443A_Card
    prtapp_sh95.o(i.prtApp_95HF) refers to lib_iso18092pcd.o(.bss) for FELICA_Card
    prtapp_sh95.o(i.prtApp_95HF) refers to lib_iso14443bpcd.o(.bss) for ISO14443B_Card
    prtapp_sh95.o(.constdata) refers to prtapp_sh95.o(i.devApp95HF_Thread) for devApp95HF_Thread
    hw_config.o(i.Interrupts_Config) refers to misc.o(i.NVIC_PriorityGroupConfig) for NVIC_PriorityGroupConfig
    hw_config.o(i.Interrupts_Config) refers to misc.o(i.NVIC_Init) for NVIC_Init
    hw_config.o(i.delayHighPriority_ms) refers to rt_cmsis.o(i.osDelay) for osDelay
    drv_95hf.o(i.drv95HF_DisableInterrupt) refers to drv_interrupt.o(i.drvInt_Disable_95HF_IRQ) for drvInt_Disable_95HF_IRQ
    drv_95hf.o(i.drv95HF_DisableInterrupt) refers to drv_95hf.o(.data) for drv95HFConfig
    drv_95hf.o(i.drv95HF_EnableInterrupt) refers to drv_interrupt.o(i.drvInt_Enable_Reply_IRQ) for drvInt_Enable_Reply_IRQ
    drv_95hf.o(i.drv95HF_EnableInterrupt) refers to drv_95hf.o(.data) for drv95HFConfig
    drv_95hf.o(i.drv95HF_GPIOConfigSPI) refers to stm32f10x_gpio.o(i.GPIO_Init) for GPIO_Init
[...]
    can_driver_initialized                   0x2000004d   Data           1  can_stm32f10x.o(.data)
    can_obj_cfg                              0x2000004e   Data           5  can_stm32f10x.o(.data)
    CAN_SignalUnitEvent                      0x20000054   Data           4  can_stm32f10x.o(.data)
    CAN_SignalObjectEvent                    0x20000058   Data           4  can_stm32f10x.o(.data)
    .data                                    0x2000005c   Section       20  system_stm32f10x.o(.data)
    .data                                    0x20000070   Section        8  rt_cmsis.o(.data)
    .data                                    0x20000078   Section        8  rt_task.o(.data)
    .data                                    0x20000080   Section        8  rt_system.o(.data)
    os_lock                                  0x20000080   Data           1  rt_system.o(.data)
    os_psh_flag                              0x20000081   Data           1  rt_system.o(.data)
    pend_flags                               0x20000082   Data           1  rt_system.o(.data)
    .data                                    0x20000088   Section        4  rt_time.o(.data)
    .data                                    0x2000008c   Section        8  rt_robin.o(.data)
    .data                                    0x20000094   Section        1  hal_cm.o(.data)
    .bss                                     0x20000098   Section      529  drv_95hf.o(.bss)
    .bss                                     0x200002a9   Section       16  lib_configmanager.o(.bss)
    .bss                                     0x200002b9   Section      934  lib_iso14443apcd.o(.bss)
    MultiID                                  0x200002b9   Data         200  lib_iso14443apcd.o(.bss)
    MultiIDPart2                             0x20000381   Data          64  lib_iso14443apcd.o(.bss)
    .bss                                     0x2000065f   Section       86  lib_iso14443bpcd.o(.bss)
    .bss                                     0x200006b5   Section       41  lib_iso18092pcd.o(.bss)
    .bss                                     0x200006e0   Section       56  usart_stm32f10x.o(.bss)
    USART1_Info                              0x200006e0   Data          20  usart_stm32f10x.o(.bss)
    USART1_TransferInfo                      0x200006f4   Data          36  usart_stm32f10x.o(.bss)
    .bss                                     0x20000718   Section    14048  rtx_conf_cm.o(.bss)
    std_libspace                             0x20003958   Data        1056  rtx_conf_cm.o(.bss)
    std_libmutex                             0x20003d78   Data         128  rtx_conf_cm.o(.bss)
    .bss                                     0x20003df8   Section       52  rt_task.o(.bss)
    .bss                                     0x20003e2c   Section       48  rt_list.o(.bss)
    .bss                                     0x20003e5c   Section       96  libspace.o(.bss)
    HEAP                                     0x20003ec0   Section      512  startup_stm32f10x_md.o(HEAP)
    Heap_Mem                                 0x20003ec0   Data         512  startup_stm32f10x_md.o(HEAP)
    STACK                                    0x200040c0   Section     1024  startup_stm32f10x_md.o(STACK)
    Stack_Mem                                0x200040c0   Data        1024  startup_stm32f10x_md.o(STACK)
    __initial_sp                             0x200044c0   Data           0  startup_stm32f10x_md.o(STACK)

    Global Symbols

    Symbol Name                              Value     Ov Type        Size  Object(Section)

    BuildAttributes$$THM_ISAv4$P$D$K$B$S$PE$A:L22UL41UL21$X:L11$S22US41US21$IEEE1$IW$USESV6$~STKCKD$USESV7$~SHL$OSPACE$ROPI$EBA8$UX$STANDARDLIB$REQ8$PRES8$EABIv2 0x00000000   Number         0  anon$$obj.o ABSOLUTE
    __ARM_use_no_argv                        0x00000000   Number         0  main.o ABSOLUTE
    __ARM_exceptions_init                     - Undefined Weak Reference
    __alloca_initialize                       - Undefined Weak Reference
    __arm_preinit_                            - Undefined Weak Reference
    __cpp_initialize__aeabi_                  - Undefined Weak Reference
    __cxa_finalize                            - Undefined Weak Reference
    __rt_locale                               - Undefined Weak Reference
    __sigvec_lookup                           - Undefined Weak Reference
    _atexit_init                              - Undefined Weak Reference
    _call_atexit_fns                          - Undefined Weak Reference
    _clock_init                               - Undefined Weak Reference
    _fp_trap_init                             - Undefined Weak Reference
    _fp_trap_shutdown                         - Undefined Weak Reference
    _get_lc_collate                           - Undefined Weak Reference
    _get_lc_ctype                             - Undefined Weak Reference
    _get_lc_monetary                          - Undefined Weak Reference
    _get_lc_numeric                           - Undefined Weak Reference
    _get_lc_time                              - Undefined Weak Reference
    _getenv_init                              - Undefined Weak Reference
    _handle_redirection                       - Undefined Weak Reference
    _init_alloc                               - Undefined Weak Reference
    _init_user_alloc                          - Undefined Weak Reference
    _initio                                   - Undefined Weak Reference
    _printf_mbtowc                            - Undefined Weak Reference
    _printf_post_padding                      - Undefined Weak Reference
    _printf_pre_padding                       - Undefined Weak Reference
    _rand_init                                - Undefined Weak Reference
    _signal_finish                            - Undefined Weak Reference
    _signal_init                              - Undefined Weak Reference
    _terminate_alloc                          - Undefined Weak Reference
    _terminate_user_alloc                     - Undefined Weak Reference
    _terminateio                              - Undefined Weak Reference
    __Vectors_Size                           0x000000ec   Number         0  startup_stm32f10x_md.o ABSOLUTE
    __RL_RTX_VER                             0x00000482   Number         0  rt_system.o ABSOLUTE
    __Vectors                                0x08000000   Data           4  startup_stm32f10x_md.o(RESET)
    __Vectors_End                            0x080000ec   Data           0  startup_stm32f10x_md.o(RESET)
    __main                                   0x080000ed   Thumb Code     8  __main.o(!!!main)
    __scatterload                            0x080000f5   Thumb Code     0  __scatter.o(!!!scatter)
    __scatterload_rt2                        0x080000f5   Thumb Code    44  __scatter.o(!!!scatter)
    __scatterload_rt2_thumb_only             0x080000f5   Thumb Code     0  __scatter.o(!!!scatter)
    __scatterload_null                       0x08000103   Thumb Code     0  __scatter.o(!!!scatter)
    __scatterload_copy                       0x08000129   Thumb Code    26  __scatter_copy.o(!!handler_copy)
    __scatterload_zeroinit                   0x08000145   Thumb Code    28  __scatter_zi.o(!!handler_zi)
    _printf_percent                          0x08000161   Thumb Code     0  _printf_percent.o(.ARM.Collect$$_printf_percent$$00000000)
    _printf_s                                0x08000161   Thumb Code     0  _printf_s.o(.ARM.Collect$$_printf_percent$$00000014)
    _printf_percent_end                      0x08000167   Thumb Code     0  _printf_percent_end.o(.ARM.Collect$$_printf_percent$$00000017)
    __rt_lib_init                            0x0800016b   Thumb Code     0  libinit.o(.ARM.Collect$$libinit$$00000000)
    __rt_lib_init_alloca_1                   0x0800016d   Thumb Code     0  libinit2.o(.ARM.Collect$$libinit$$0000002E)
    __rt_lib_init_argv_1                     0x0800016d   Thumb Code     0  libinit2.o(.ARM.Collect$$libinit$$0000002C)
    __rt_lib_init_atexit_1                   0x0800016d   Thumb Code     0  libinit2.o(.ARM.Collect$$libinit$$0000001B)
    __rt_lib_init_clock_1                    0x0800016d   Thumb Code     0  libinit2.o(.ARM.Collect$$libinit$$00000021)
    __rt_lib_init_cpp_1                      0x0800016d   Thumb Code     0  libinit2.o(.ARM.Collect$$libinit$$00000032)
    __rt_lib_init_exceptions_1               0x0800016d   Thumb Code     0  libinit2.o(.ARM.Collect$$libinit$$00000030)
    __rt_lib_init_fp_1                       0x0800016d   Thumb Code     0  libinit2.o(.ARM.Collect$$libinit$$00000002)
    __rt_lib_init_fp_trap_1                  0x0800016d   Thumb Code     0  libinit2.o(.ARM.Collect$$libinit$$0000001F)
    __rt_lib_init_getenv_1                   0x0800016d   Thumb Code     0  libinit2.o(.ARM.Collect$$libinit$$00000023)
    __rt_lib_init_heap_1                     0x0800016d   Thumb Code     0  libinit2.o(.ARM.Collect$$libinit$$0000000A)
    __rt_lib_init_lc_collate_1               0x0800016d   Thumb Code     0  libinit2.o(.ARM.Collect$$libinit$$00000011)
    __rt_lib_init_lc_ctype_1                 0x0800016d   Thumb Code     0  libinit2.o(.ARM.Collect$$libinit$$00000013)
    __rt_lib_init_lc_monetary_1              0x0800016d   Thumb Code     0  libinit2.o(.ARM.Collect$$libinit$$00000015)
    __rt_lib_init_lc_numeric_1               0x0800016d   Thumb Code     0  libinit2.o(.ARM.Collect$$libinit$$00000017)
    __rt_lib_init_lc_time_1                  0x0800016d   Thumb Code     0  libinit2.o(.ARM.Collect$$libinit$$00000019)
    __rt_lib_init_preinit_1                  0x0800016d   Thumb Code     0  libinit2.o(.ARM.Collect$$libinit$$00000004)
    __rt_lib_init_rand_1                     0x0800016d   Thumb Code     0  libinit2.o(.ARM.Collect$$libinit$$0000000E)
    __rt_lib_init_return                     0x0800016d   Thumb Code     0  libinit2.o(.ARM.Collect$$libinit$$00000033)
    __rt_lib_init_signal_1                   0x0800016d   Thumb Code     0  libinit2.o(.ARM.Collect$$libinit$$0000001D)
    __rt_lib_init_stdio_1                    0x0800016d   Thumb Code     0  libinit2.o(.ARM.Collect$$libinit$$00000025)
    __rt_lib_init_user_alloc_1               0x0800016d   Thumb Code     0  libinit2.o(.ARM.Collect$$libinit$$0000000C)
    __rt_lib_shutdown                        0x0800016f   Thumb Code     0  libshutdown.o(.ARM.Collect$$libshutdown$$00000000)
    __rt_lib_shutdown_cpp_1                  0x08000171   Thumb Code     0  libshutdown2.o(.ARM.Collect$$libshutdown$$00000002)
    __rt_lib_shutdown_fp_trap_1              0x08000171   Thumb Code     0  libshutdown2.o(.ARM.Collect$$libshutdown$$00000007)
    __rt_lib_shutdown_heap_1                 0x08000171   Thumb Code     0  libshutdown2.o(.ARM.Collect$$libshutdown$$0000000F)
    __rt_lib_shutdown_return                 0x08000171   Thumb Code     0  libshutdown2.o(.ARM.Collect$$libshutdown$$00000010)
    __rt_lib_shutdown_signal_1               0x08000171   Thumb Code     0  libshutdown2.o(.ARM.Collect$$libshutdown$$0000000A)
    __rt_lib_shutdown_stdio_1                0x08000171   Thumb Code     0  libshutdown2.o(.ARM.Collect$$libshutdown$$00000004)
    __rt_lib_shutdown_user_alloc_1           0x08000171   Thumb Code     0  libshutdown2.o(.ARM.Collect$$libshutdown$$0000000C)
    __rt_entry                               0x08000173   Thumb Code     0  __rtentry.o(.ARM.Collect$$rtentry$$00000000)
    __rt_entry_presh_1                       0x08000173   Thumb Code     0  __rtentry2.o(.ARM.Collect$$rtentry$$00000002)
    __rt_entry_sh                            0x08000173   Thumb Code     0  __rtentry4.o(.ARM.Collect$$rtentry$$00000004)
    __rt_entry_li                            0x08000179   Thumb Code     0  __rtentry2.o(.ARM.Collect$$rtentry$$0000000A)
    __rt_entry_postsh_1                      0x08000179   Thumb Code     0  __rtentry2.o(.ARM.Collect$$rtentry$$00000009)
    __rt_entry_postli_1                      0x0800017d   Thumb Code     0  __rtentry2.o(.ARM.Collect$$rtentry$$0000000B)
    __rt_entry_main                          0x08000185   Thumb Code     0  __rtentry2.o(.ARM.Collect$$rtentry$$0000000D)
    __rt_exit                                0x0800018d   Thumb Code     0  rtexit.o(.ARM.Collect$$rtexit$$00000000)
    __rt_exit_ls                             0x0800018f   Thumb Code     0  rtexit2.o(.ARM.Collect$$rtexit$$00000003)
    __rt_exit_prels_1                        0x0800018f   Thumb Code     0  rtexit2.o(.ARM.Collect$$rtexit$$00000002)
    __rt_exit_exit                           0x08000193   Thumb Code     0  rtexit2.o(.ARM.Collect$$rtexit$$00000004)
    _platform_post_lib_init                  0x08000199   Thumb Code    24  rtx_conf_cm.o(.emb_text)
    rt_set_PSP                               0x080001b5   Thumb Code     6  hal_cm3.o(.emb_text)
    rt_get_PSP                               0x080001bb   Thumb Code     6  hal_cm3.o(.emb_text)
    os_set_env                               0x080001c1   Thumb Code    24  hal_cm3.o(.emb_text)
    _alloc_box                               0x080001dd   Thumb Code    28  hal_cm3.o(.emb_text)
    _free_box                                0x080001fd   Thumb Code    28  hal_cm3.o(.emb_text)
    SVC_Handler                              0x0800021d   Thumb Code   108  hal_cm3.o(.emb_text)
    PendSV_Handler                           0x08000295   Thumb Code    56  hal_cm3.o(.emb_text)
    SysTick_Handler                          0x080002d1   Thumb Code     8  hal_cm3.o(.emb_text)
    OS_Tick_Handler                          0x080002d9   Thumb Code    12  hal_cm3.o(.emb_text)
    Reset_Handler                            0x080002e5   Thumb Code     8  startup_stm32f10x_md.o(.text)
    ADC1_2_IRQHandler                        0x080002ff   Thumb Code     0  startup_stm32f10x_md.o(.text)
    EXTI0_IRQHandler                         0x080002ff   Thumb Code     0  startup_stm32f10x_md.o(.text)
    EXTI15_10_IRQHandler                     0x080002ff   Thumb Code     0  startup_stm32f10x_md.o(.text)
    EXTI1_IRQHandler                         0x080002ff   Thumb Code     0  startup_stm32f10x_md.o(.text)
    EXTI2_IRQHandler                         0x080002ff   Thumb Code     0  startup_stm32f10x_md.o(.text)
    EXTI4_IRQHandler                         0x080002ff   Thumb Code     0  startup_stm32f10x_md.o(.text)
    EXTI9_5_IRQHandler                       0x080002ff   Thumb Code     0  startup_stm32f10x_md.o(.text)
    FLASH_IRQHandler                         0x080002ff   Thumb Code     0  startup_stm32f10x_md.o(.text)
    I2C1_ER_IRQHandler                       0x080002ff   Thumb Code     0  startup_stm32f10x_md.o(.text)
    I2C1_EV_IRQHandler                       0x080002ff   Thumb Code     0  startup_stm32f10x_md.o(.text)
    I2C2_ER_IRQHandler                       0x080002ff   Thumb Code     0  startup_stm32f10x_md.o(.text)
    I2C2_EV_IRQHandler                       0x080002ff   Thumb Code     0  startup_stm32f10x_md.o(.text)
    PVD_IRQHandler                           0x080002ff   Thumb Code     0  startup_stm32f10x_md.o(.text)
    RCC_IRQHandler                           0x080002ff   Thumb Code     0  startup_stm32f10x_md.o(.text)
    RTCAlarm_IRQHandler                      0x080002ff   Thumb Code     0  startup_stm32f10x_md.o(.text)
    RTC_IRQHandler                           0x080002ff   Thumb Code     0  startup_stm32f10x_md.o(.text)
    SPI1_IRQHandler                          0x080002ff   Thumb Code     0  startup_stm32f10x_md.o(.text)
    SPI2_IRQHandler                          0x080002ff   Thumb Code     0  startup_stm32f10x_md.o(.text)
    TAMPER_IRQHandler                        0x080002ff   Thumb Code     0  startup_stm32f10x_md.o(.text)
    TIM1_BRK_IRQHandler                      0x080002ff   Thumb Code     0  startup_stm32f10x_md.o(.text)
    TIM1_CC_IRQHandler                       0x080002ff   Thumb Code     0  startup_stm32f10x_md.o(.text)
    TIM1_TRG_COM_IRQHandler                  0x080002ff   Thumb Code     0  startup_stm32f10x_md.o(.text)
    TIM1_UP_IRQHandler                       0x080002ff   Thumb Code     0  startup_stm32f10x_md.o(.text)
    TIM2_IRQHandler                          0x080002ff   Thumb Code     0  startup_stm32f10x_md.o(.text)
    TIM3_IRQHandler                          0x080002ff   Thumb Code     0  startup_stm32f10x_md.o(.text)
    TIM4_IRQHandler                          0x080002ff   Thumb Code     0  startup_stm32f10x_md.o(.text)
    USART2_IRQHandler                        0x080002ff   Thumb Code     0  startup_stm32f10x_md.o(.text)
    USART3_IRQHandler                        0x080002ff   Thumb Code     0  startup_stm32f10x_md.o(.text)
    USBWakeUp_IRQHandler                     0x080002ff   Thumb Code     0  startup_stm32f10x_md.o(.text)
    WWDG_IRQHandler                          0x080002ff   Thumb Code     0  startup_stm32f10x_md.o(.text)
    __user_initial_stackheap                 0x08000301   Thumb Code     0  startup_stm32f10x_md.o(.text)
    __user_libspace                          0x08000325   Thumb Code     8  libspace.o(.text)
    __user_perproc_libspace                  0x08000325   Thumb Code     0  libspace.o(.text)
    __2sprintf                               0x0800032d   Thumb Code    34  noretval__2sprintf.o(.text)
    __printf                                 0x08000355   Thumb Code   104  __printf.o(.text)
    _printf_str                              0x080003bd   Thumb Code    82  _printf_str.o(.text)
    exit                                     0x0800040f   Thumb Code    18  exit.o(.text)
    memcmp                                   0x08000421   Thumb Code    88  memcmp.o(.text)
    strlen                                   0x08000479   Thumb Code    62  strlen.o(.text)
    __aeabi_memcpy                           0x080004b7   Thumb Code     0  rt_memcpy_v6.o(.text)
    __rt_memcpy                              0x080004b7   Thumb Code   138  rt_memcpy_v6.o(.text)
    _memcpy_lastbytes                        0x0800051d   Thumb Code     0  rt_memcpy_v6.o(.text)
    __aeabi_memclr                           0x08000541   Thumb Code     0  rt_memclr.o(.text)
    __rt_memclr                              0x08000541   Thumb Code    68  rt_memclr.o(.text)
    _memset                                  0x08000545   Thumb Code     0  rt_memclr.o(.text)
    __aeabi_memclr4                          0x08000585   Thumb Code     0  rt_memclr_w.o(.text)
    __aeabi_memclr8                          0x08000585   Thumb Code     0  rt_memclr_w.o(.text)
    __rt_memclr_w                            0x08000585   Thumb Code    78  rt_memclr_w.o(.text)
    _memset_w                                0x08000589   Thumb Code     0  rt_memclr_w.o(.text)
    __use_two_region_memory                  0x080005d3   Thumb Code     2  heapauxi.o(.text)
    __rt_heap_escrow$2region                 0x080005d5   Thumb Code     2  heapauxi.o(.text)
    __rt_heap_expand$2region                 0x080005d7   Thumb Code     2  heapauxi.o(.text)
    _printf_char_common                      0x080005e3   Thumb Code    32  _printf_char_common.o(.text)
    _sputc                                   0x08000609   Thumb Code    10  _sputc.o(.text)
    _printf_cs_common                        0x08000613   Thumb Code    20  _printf_char.o(.text)
    _printf_char                             0x08000627   Thumb Code    16  _printf_char.o(.text)
    _printf_string                           0x08000637   Thumb Code     8  _printf_char.o(.text)
    __aeabi_memcpy4                          0x0800063f   Thumb Code     0  rt_memcpy_w.o(.text)
    __aeabi_memcpy8                          0x0800063f   Thumb Code     0  rt_memcpy_w.o(.text)
    __rt_memcpy_w                            0x0800063f   Thumb Code   100  rt_memcpy_w.o(.text)
    _memcpy_lastbytes_aligned                0x08000687   Thumb Code     0  rt_memcpy_w.o(.text)
    _sys_exit                                0x080006a5   Thumb Code     8  sys_exit.o(.text)
    __user_setup_stackheap                   0x080006b1   Thumb Code    74  sys_stackheap_outer.o(.text)
    __I$use$semihosting                      0x080006fb   Thumb Code     0  use_no_semi.o(.text)
    __use_no_semihosting_swi                 0x080006fb   Thumb Code     2  use_no_semi.o(.text)
    SVC_Count                                0x080006fc   Data           4  svc_table.o(SVC_TABLE)
    __semihosting_library_function           0x080006fd   Thumb Code     0  indicate_semi.o(.text)
    BusFault_Handler                         0x08000701   Thumb Code     4  stm32f10x_it.o(i.BusFault_Handler)
    SVC_Table                                0x08000700   Data           0  svc_table.o(SVC_TABLE)
    CAN1_RX1_IRQHandler                      0x08000705   Thumb Code   218  can_stm32f10x.o(i.CAN1_RX1_IRQHandler)
    CAN1_SCE_IRQHandler                      0x080007f1   Thumb Code   140  can_stm32f10x.o(i.CAN1_SCE_IRQHandler)
    ConfigManager_HWInit                     0x08000885   Thumb Code    26  lib_configmanager.o(i.ConfigManager_HWInit)
    ConfigManager_TagHunting                 0x08000981   Thumb Code   222  lib_configmanager.o(i.ConfigManager_TagHunting)
    DMA1_Channel1_Event                      0x08000a69   Thumb Code     2  dma_stm32f10x.o(i.DMA1_Channel1_Event)
    DMA1_Channel1_IRQHandler                 0x08000a6d   Thumb Code    22  dma_stm32f10x.o(i.DMA1_Channel1_IRQHandler)
    DMA1_Channel2_Event                      0x08000a89   Thumb Code     2  dma_stm32f10x.o(i.DMA1_Channel2_Event)
    DMA1_Channel2_IRQHandler                 0x08000a8d   Thumb Code    24  dma_stm32f10x.o(i.DMA1_Channel2_IRQHandler)
    DMA1_Channel3_Event                      0x08000aa9   Thumb Code     2  dma_stm32f10x.o(i.DMA1_Channel3_Event)
    DMA1_Channel3_IRQHandler                 0x08000aad   Thumb Code    24  dma_stm32f10x.o(i.DMA1_Channel3_IRQHandler)
    DMA1_Channel4_Event                      0x08000ac9   Thumb Code     2  dma_stm32f10x.o(i.DMA1_Channel4_Event)
    DMA1_Channel4_IRQHandler                 0x08000acd   Thumb Code    24  dma_stm32f10x.o(i.DMA1_Channel4_IRQHandler)
    DMA1_Channel5_Event                      0x08000ae9   Thumb Code     2  dma_stm32f10x.o(i.DMA1_Channel5_Event)
    DMA1_Channel5_IRQHandler                 0x08000aed   Thumb Code    24  dma_stm32f10x.o(i.DMA1_Channel5_IRQHandler)
    DMA1_Channel6_Event                      0x08000b09   Thumb Code     2  dma_stm32f10x.o(i.DMA1_Channel6_Event)
    DMA1_Channel6_IRQHandler                 0x08000b0d   Thumb Code    24  dma_stm32f10x.o(i.DMA1_Channel6_IRQHandler)
    DMA1_Channel7_Event                      0x08000b29   Thumb Code     2  dma_stm32f10x.o(i.DMA1_Channel7_Event)
    DMA1_Channel7_IRQHandler                 0x08000b2d   Thumb Code    24  dma_stm32f10x.o(i.DMA1_Channel7_IRQHandler)
    DebugMon_Handler                         0x08000b49   Thumb Code     2  stm32f10x_it.o(i.DebugMon_Handler)
    EXTI3_IRQHandler                         0x08000b4d   Thumb Code    48  stm32f10x_it.o(i.EXTI3_IRQHandler)
    EXTI_ClearITPendingBit                   0x08000b8d   Thumb Code     6  stm32f10x_exti.o(i.EXTI_ClearITPendingBit)
    EXTI_GetITStatus                         0x08000b99   Thumb Code    34  stm32f10x_exti.o(i.EXTI_GetITStatus)
    EXTI_Init                                0x08000bc1   Thumb Code   142  stm32f10x_exti.o(i.EXTI_Init)
    FELICA_Initialization                    0x08000ce9   Thumb Code    18  lib_iso18092pcd.o(i.FELICA_Initialization)
    FELICA_IsPresent                         0x08000cfd   Thumb Code    82  lib_iso18092pcd.o(i.FELICA_IsPresent)
    GPIO_AFConfigure                         0x08000dcd   Thumb Code   146  gpio_stm32f10x.o(i.GPIO_AFConfigure)
    GPIO_GetPortClockState                   0x08000e69   Thumb Code   118  gpio_stm32f10x.o(i.GPIO_GetPortClockState)
    GPIO_Init                                0x08000f01   Thumb Code   278  stm32f10x_gpio.o(i.GPIO_Init)
    GPIO_PinConfigure                        0x08001017   Thumb Code   120  gpio_stm32f10x.o(i.GPIO_PinConfigure)
    GPIO_PortClock                           0x08001091   Thumb Code   284  gpio_stm32f10x.o(i.GPIO_PortClock)
    GPIO_ReadInputDataBit                    0x080011cd   Thumb Code    18  stm32f10x_gpio.o(i.GPIO_ReadInputDataBit)
    GPIO_ResetBits                           0x080011df   Thumb Code     4  stm32f10x_gpio.o(i.GPIO_ResetBits)
    GPIO_SetBits                             0x080011e3   Thumb Code     4  stm32f10x_gpio.o(i.GPIO_SetBits)
    GPIO_WriteBit                            0x080011e7   Thumb Code    10  stm32f10x_gpio.o(i.GPIO_WriteBit)
    HardFault_Handler                        0x080011f1   Thumb Code     4  stm32f10x_it.o(i.HardFault_Handler)
    Hex2Char                                 0x080011f5   Thumb Code    72  prtapp_sh95.o(i.Hex2Char)
    IRQOut_Config                            0x0800123d   Thumb Code     8  drv_interrupt.o(i.IRQOut_Config)
    ISO14443A_Anticollision                  0x08001771   Thumb Code   180  lib_iso14443apcd.o(i.ISO14443A_Anticollision)
    ISO14443A_ConfigFDT                      0x08001875   Thumb Code   172  lib_iso14443apcd.o(i.ISO14443A_ConfigFDT)
    ISO14443A_ConfigFDTforAnticollision      0x0800193d   Thumb Code   138  lib_iso14443apcd.o(i.ISO14443A_ConfigFDTforAnticollision)
    ISO14443A_ConfigFDTforRATS               0x080019e1   Thumb Code   156  lib_iso14443apcd.o(i.ISO14443A_ConfigFDTforRATS)
    ISO14443A_Init                           0x08001a95   Thumb Code    46  lib_iso14443apcd.o(i.ISO14443A_Init)
    ISO14443A_IsPresent                      0x08001ae9   Thumb Code    60  lib_iso14443apcd.o(i.ISO14443A_IsPresent)
    ISO14443B_Anticollision                  0x08001c49   Thumb Code    76  lib_iso14443bpcd.o(i.ISO14443B_Anticollision)
    ISO14443B_AttriB                         0x08001ca5   Thumb Code    78  lib_iso14443bpcd.o(i.ISO14443B_AttriB)
    ISO14443B_Init                           0x08001d29   Thumb Code   106  lib_iso14443bpcd.o(i.ISO14443B_Init)
    ISO14443B_IsPresent                      0x08001dd1   Thumb Code    50  lib_iso14443bpcd.o(i.ISO14443B_IsPresent)
    ISO14443B_ReqB                           0x08001e09   Thumb Code    54  lib_iso14443bpcd.o(i.ISO14443B_ReqB)
    ISO15693_GetUID                          0x08001f2d   Thumb Code   140  lib_iso15693pcd.o(i.ISO15693_GetUID)
    ISO15693_Init                            0x08001fc1   Thumb Code   108  lib_iso15693pcd.o(i.ISO15693_Init)
    Interrupts_Config                        0x08002175   Thumb Code    94  hw_config.o(i.Interrupts_Config)
    LED_Config                               0x080021fd   Thumb Code    52  drv_led.o(i.LED_Config)
    LED_Off                                  0x0800223d   Thumb Code    16  drv_led.o(i.LED_Off)
    LED_On                                   0x08002255   Thumb Code    16  drv_led.o(i.LED_On)
    MemManage_Handler                        0x0800226d   Thumb Code     4  stm32f10x_it.o(i.MemManage_Handler)
    NMI_Handler                              0x08002271   Thumb Code     2  stm32f10x_it.o(i.NMI_Handler)
    NVIC_Init                                0x08002275   Thumb Code   100  misc.o(i.NVIC_Init)
    NVIC_PriorityGroupConfig                 0x080022e5   Thumb Code    10  misc.o(i.NVIC_PriorityGroupConfig)
    PCD_CheckSendReceive                     0x080022f9   Thumb Code    32  lib_pcd.o(i.PCD_CheckSendReceive)
    PCD_Echo                                 0x08002319   Thumb Code    22  lib_pcd.o(i.PCD_Echo)
    PCD_FieldOff                             0x08002335   Thumb Code    20  lib_pcd.o(i.PCD_FieldOff)
    PCD_IsCRCOk                              0x08002349   Thumb Code   106  lib_pcd.o(i.PCD_IsCRCOk)
    PCD_IsReaderResultCodeOk                 0x080023b3   Thumb Code   254  lib_pcd.o(i.PCD_IsReaderResultCodeOk)
    PCD_PORsequence                          0x080024b1   Thumb Code   110  lib_pcd.o(i.PCD_PORsequence)
    PCD_ProtocolSelect                       0x08002529   Thumb Code   108  lib_pcd.o(i.PCD_ProtocolSelect)
    PCD_ReadRegister                         0x08002599   Thumb Code    66  lib_pcd.o(i.PCD_ReadRegister)
    PCD_SendRecv                             0x080025db   Thumb Code    98  lib_pcd.o(i.PCD_SendRecv)
    PCD_WriteRegister                        0x0800263d   Thumb Code    62  lib_pcd.o(i.PCD_WriteRegister)
    RCC_APB1PeriphResetCmd                   0x0800267d   Thumb Code    26  stm32f10x_rcc.o(i.RCC_APB1PeriphResetCmd)
    RCC_APB2PeriphClockCmd                   0x0800269d   Thumb Code    26  stm32f10x_rcc.o(i.RCC_APB2PeriphClockCmd)
    RCC_APB2PeriphResetCmd                   0x080026bd   Thumb Code    26  stm32f10x_rcc.o(i.RCC_APB2PeriphResetCmd)
    SPI_Cmd                                  0x080026dd   Thumb Code    24  stm32f10x_spi.o(i.SPI_Cmd)
    SPI_I2S_DeInit                           0x080026f5   Thumb Code    76  stm32f10x_spi.o(i.SPI_I2S_DeInit)
    SPI_I2S_GetFlagStatus                    0x0800274d   Thumb Code    18  stm32f10x_spi.o(i.SPI_I2S_GetFlagStatus)
    SPI_I2S_ReceiveData                      0x0800275f   Thumb Code     6  stm32f10x_spi.o(i.SPI_I2S_ReceiveData)
    SPI_I2S_SendData                         0x08002765   Thumb Code     4  stm32f10x_spi.o(i.SPI_I2S_SendData)
    SPI_Init                                 0x08002769   Thumb Code    60  stm32f10x_spi.o(i.SPI_Init)
    SPI_SendReceiveBuffer                    0x080027a5   Thumb Code    54  drv_spi.o(i.SPI_SendReceiveBuffer)
    SPI_SendReceiveByte                      0x080027db   Thumb Code    52  drv_spi.o(i.SPI_SendReceiveByte)
    SPI_StructInit                           0x0800280f   Thumb Code    24  stm32f10x_spi.o(i.SPI_StructInit)
    StartTimeOut                             0x08002911   Thumb Code    32  drv_interrupt.o(i.StartTimeOut)
    StopTimeOut                              0x0800293d   Thumb Code    12  drv_interrupt.o(i.StopTimeOut)
    SystemInit                               0x0800294d   Thumb Code    78  system_stm32f10x.o(i.SystemInit)
    TIM_Cmd                                  0x080029ad   Thumb Code    24  stm32f10x_tim.o(i.TIM_Cmd)
    TIM_SetCounter                           0x080029c5   Thumb Code     4  stm32f10x_tim.o(i.TIM_SetCounter)
    TOPAZ_ID                                 0x080029c9   Thumb Code    82  lib_iso14443apcd.o(i.TOPAZ_ID)
    USART1_IRQHandler                        0x08002a91   Thumb Code    10  usart_stm32f10x.o(i.USART1_IRQHandler)
    USART1_callback                          0x08002b39   Thumb Code     2  prtapp_sh95.o(i.USART1_callback)
    USART1_dev95HF_Init                      0x08002b3d   Thumb Code    62  prtapp_sh95.o(i.USART1_dev95HF_Init)
    USART_IRQHandler                         0x08003537   Thumb Code   630  usart_stm32f10x.o(i.USART_IRQHandler)
    USB_HP_CAN1_TX_IRQHandler                0x08003d55   Thumb Code   264  can_stm32f10x.o(i.USB_HP_CAN1_TX_IRQHandler)
    USB_LP_CAN1_RX0_IRQHandler               0x08003e6d   Thumb Code   218  can_stm32f10x.o(i.USB_LP_CAN1_RX0_IRQHandler)
    UsageFault_Handler                       0x08003f59   Thumb Code     4  stm32f10x_it.o(i.UsageFault_Handler)
    _init_box                                0x08003f5d   Thumb Code    70  rt_membox.o(i._init_box)
    _mutex_acquire                           0x08003fa5   Thumb Code    22  rtx_conf_cm.o(i._mutex_acquire)
    _mutex_release                           0x08003fc5   Thumb Code    18  rtx_conf_cm.o(i._mutex_release)
    bsp_delayinit                            0x08003fe1   Thumb Code    30  delay.o(i.bsp_delayinit)
    dbg_init                                 0x08004009   Thumb Code    34  hal_cm.o(i.dbg_init)
    dbg_task_notify                          0x08004039   Thumb Code    32  hal_cm.o(i.dbg_task_notify)
    dbg_task_switch                          0x08004059   Thumb Code    16  hal_cm.o(i.dbg_task_switch)
    delayHighPriority_ms                     0x08004069   Thumb Code    12  hw_config.o(i.delayHighPriority_ms)
    delay_us                                 0x08004075   Thumb Code    36  delay.o(i.delay_us)
    dev95HF_Init                             0x080040a5   Thumb Code    66  prtapp_sh95.o(i.dev95HF_Init)
    devApp95HF_Thread                        0x08004111   Thumb Code     4  prtapp_sh95.o(i.devApp95HF_Thread)
    devApp95HF_ThreadActive                  0x08004115   Thumb Code    20  prtapp_sh95.o(i.devApp95HF_ThreadActive)
    drv95HF_EnableInterrupt                  0x08004131   Thumb Code    14  drv_95hf.o(i.drv95HF_EnableInterrupt)
    drv95HF_GetInterfacePinState             0x080041a5   Thumb Code    14  drv_95hf.o(i.drv95HF_GetInterfacePinState)
    drv95HF_GetSerialInterface               0x080041b9   Thumb Code     6  drv_95hf.o(i.drv95HF_GetSerialInterface)
    drv95HF_InitConfigStructure              0x080041c5   Thumb Code    22  drv_95hf.o(i.drv95HF_InitConfigStructure)
    drv95HF_InitilizeSerialInterface         0x080041fd   Thumb Code    24  drv_95hf.o(i.drv95HF_InitilizeSerialInterface)
    drv95HF_ReceiveSPIResponse               0x0800422d   Thumb Code   162  drv_95hf.o(i.drv95HF_ReceiveSPIResponse)
    drv95HF_ResetSPI                         0x080042d9   Thumb Code    60  drv_95hf.o(i.drv95HF_ResetSPI)
    drv95HF_SendIRQINPulse                   0x080043c9   Thumb Code    60  drv_95hf.o(i.drv95HF_SendIRQINPulse)
    drv95HF_SendReceive                      0x0800440d   Thumb Code    74  drv_95hf.o(i.drv95HF_SendReceive)
    drv95HF_SendSPICommand                   0x0800445d   Thumb Code   100  drv_95hf.o(i.drv95HF_SendSPICommand)
    drvInt_Enable_RFEvent_IRQ                0x0800451d   Thumb Code    44  drv_interrupt.o(i.drvInt_Enable_RFEvent_IRQ)
    drvInt_Enable_Reply_IRQ                  0x08004551   Thumb Code    42  drv_interrupt.o(i.drvInt_Enable_Reply_IRQ)
    isrMessageGet                            0x08004585   Thumb Code    42  rt_cmsis.o(i.isrMessageGet)
    isrMessagePut                            0x080045af   Thumb Code    44  rt_cmsis.o(i.isrMessagePut)
    isr_mbx_receive                          0x080045dd   Thumb Code    86  rt_mailbox.o(i.isr_mbx_receive)
    isr_mbx_send                             0x08004633   Thumb Code    14  rt_mailbox.o(i.isr_mbx_send)
    main                                     0x08004641   Thumb Code    22  main.o(i.main)
    osDelay                                  0x08004659   Thumb Code    18  rt_cmsis.o(i.osDelay)
    osKernelInitialize                       0x08004671   Thumb Code    30  rt_cmsis.o(i.osKernelInitialize)
    osKernelStart                            0x08004695   Thumb Code    98  rt_cmsis.o(i.osKernelStart)
    osMessageGet                             0x08004701   Thumb Code    18  rt_cmsis.o(i.osMessageGet)
    osThreadCreate                           0x08004719   Thumb Code    36  rt_cmsis.o(i.osThreadCreate)
    osThreadExit                             0x08004745   Thumb Code    14  rt_cmsis.o(i.osThreadExit)
    osTimerCall                              0x0800475d   Thumb Code     8  rt_cmsis.o(i.osTimerCall)
    osTimerThread                            0x08004769   Thumb Code    38  rt_cmsis.o(i.osTimerThread)
    os_error                                 0x08004795   Thumb Code    34  rtx_conf_cm.o(i.os_error)
    os_idle_demon                            0x080047b7   Thumb Code     4  rtx_conf_cm.o(i.os_idle_demon)
    os_tick_init                             0x080047bd   Thumb Code    32  rt_system.o(i.os_tick_init)
    os_tick_irqack                           0x080047e5   Thumb Code     2  rt_system.o(i.os_tick_irqack)
    prtApp_95HF                              0x080047e9   Thumb Code   762  prtapp_sh95.o(i.prtApp_95HF)
    rt_alloc_box                             0x08004b65   Thumb Code    26  rt_membox.o(i.rt_alloc_box)
    rt_alloc_mem                             0x08004b7f   Thumb Code    62  rt_memory.o(i.rt_alloc_mem)
    rt_block                                 0x08004bbd   Thumb Code    48  rt_task.o(i.rt_block)
    rt_chk_robin                             0x08004bf5   Thumb Code    60  rt_robin.o(i.rt_chk_robin)
    rt_dec_dly                               0x08004c3d   Thumb Code   102  rt_list.o(i.rt_dec_dly)
    rt_dispatch                              0x08004cad   Thumb Code    60  rt_task.o(i.rt_dispatch)
    rt_dly_wait                              0x08004cf1   Thumb Code     6  rt_time.o(i.rt_dly_wait)
    rt_evt_psh                               0x08004cf9   Thumb Code    76  rt_event.o(i.rt_evt_psh)
    rt_free_box                              0x08004d49   Thumb Code    44  rt_membox.o(i.rt_free_box)
    rt_free_mem                              0x08004d75   Thumb Code    40  rt_memory.o(i.rt_free_mem)
    rt_get_first                             0x08004d9d   Thumb Code    40  rt_list.o(i.rt_get_first)
    rt_init_mem                              0x08004e15   Thumb Code    26  rt_memory.o(i.rt_init_mem)
    rt_init_robin                            0x08004e31   Thumb Code    14  rt_robin.o(i.rt_init_robin)
    rt_init_stack                            0x08004e49   Thumb Code   118  hal_cm.o(i.rt_init_stack)
    rt_mbx_check                             0x08004ec9   Thumb Code     8  rt_mailbox.o(i.rt_mbx_check)
    rt_mbx_init                              0x08004ed1   Thumb Code    26  rt_mailbox.o(i.rt_mbx_init)
    rt_mbx_psh                               0x08004eed   Thumb Code   236  rt_mailbox.o(i.rt_mbx_psh)
    rt_mbx_wait                              0x08004fdd   Thumb Code   174  rt_mailbox.o(i.rt_mbx_wait)
    rt_mut_release                           0x080050d5   Thumb Code   208  rt_mutex.o(i.rt_mut_release)
    rt_mut_wait                              0x080051ad   Thumb Code   114  rt_mutex.o(i.rt_mut_wait)
    rt_pop_req                               0x08005225   Thumb Code   112  rt_system.o(i.rt_pop_req)
    rt_psh_req                               0x080052a1   Thumb Code    22  rt_system.o(i.rt_psh_req)
    rt_psq_enq                               0x080052c1   Thumb Code    88  rt_list.o(i.rt_psq_enq)
    rt_put_dly                               0x0800531d   Thumb Code    68  rt_list.o(i.rt_put_dly)
    rt_put_prio                              0x08005365   Thumb Code    54  rt_list.o(i.rt_put_prio)
    rt_put_rdy_first                         0x0800539d   Thumb Code    14  rt_list.o(i.rt_put_rdy_first)
    rt_resort_prio                           0x080053b1   Thumb Code    46  rt_list.o(i.rt_resort_prio)
    rt_ret_val                               0x080053e5   Thumb Code     6  hal_cm.o(i.rt_ret_val)
    rt_ret_val2                              0x080053eb   Thumb Code     8  hal_cm.o(i.rt_ret_val2)
    rt_rmv_dly                               0x080053f3   Thumb Code    40  rt_list.o(i.rt_rmv_dly)
    rt_rmv_list                              0x0800541d   Thumb Code    44  rt_list.o(i.rt_rmv_list)
    rt_sem_psh                               0x0800544d   Thumb Code    48  rt_semaphore.o(i.rt_sem_psh)
    rt_stk_check                             0x08005481   Thumb Code    28  rt_system.o(i.rt_stk_check)
    rt_switch_req                            0x080054a5   Thumb Code    30  rt_task.o(i.rt_switch_req)
    rt_sys_init                              0x080054cd   Thumb Code   138  rt_task.o(i.rt_sys_init)
    rt_sys_start                             0x08005599   Thumb Code   110  rt_task.o(i.rt_sys_start)
    rt_systick                               0x08005611   Thumb Code    50  rt_system.o(i.rt_systick)
    rt_tsk_create                            0x08005699   Thumb Code   118  rt_task.o(i.rt_tsk_create)
    rt_tsk_delete                            0x08005721   Thumb Code   352  rt_task.o(i.rt_tsk_delete)
    rt_tsk_prio                              0x0800589d   Thumb Code   108  rt_task.o(i.rt_tsk_prio)
    rt_tsk_self                              0x08005919   Thumb Code    12  rt_task.o(i.rt_tsk_self)
    svcDelay                                 0x08005929   Thumb Code    18  rt_cmsis.o(i.svcDelay)
    svcKernelInitialize                      0x0800593d   Thumb Code    80  rt_cmsis.o(i.svcKernelInitialize)
    svcKernelStart                           0x080059ad   Thumb Code    62  rt_cmsis.o(i.svcKernelStart)
    svcMessageCreate                         0x080059f5   Thumb Code    36  rt_cmsis.o(i.svcMessageCreate)
    svcMessageGet                            0x08005a19   Thumb Code    58  rt_cmsis.o(i.svcMessageGet)
    svcThreadCreate                          0x08005a55   Thumb Code    96  rt_cmsis.o(i.svcThreadCreate)
    svcThreadGetId                           0x08005ac1   Thumb Code    22  rt_cmsis.o(i.svcThreadGetId)
    svcThreadTerminate                       0x08005add   Thumb Code    50  rt_cmsis.o(i.svcThreadTerminate)
    svcTimerCall                             0x08005b15   Thumb Code    24  rt_cmsis.o(i.svcTimerCall)
    sysTimerTick                             0x08005b2d   Thumb Code    84  rt_cmsis.o(i.sysTimerTick)
    os_thread_def_devApp95HF_Thread          0x08005b88   Data          16  prtapp_sh95.o(.constdata)
    GPIO_CLK                                 0x08005bc4   Data           4  drv_led.o(.constdata)
    GPIO_PIN                                 0x08005bc8   Data           2  drv_led.o(.constdata)
    Driver_USART1                            0x08005c18   Data          56  usart_stm32f10x.o(.constdata)
    os_maxtaskrun                            0x08005c50   Data           2  rtx_conf_cm.o(.constdata)
    os_stackinfo                             0x08005c54   Data           4  rtx_conf_cm.o(.constdata)
    os_rrobin                                0x08005c58   Data           4  rtx_conf_cm.o(.constdata)
    os_tickfreq                              0x08005c5c   Data           4  rtx_conf_cm.o(.constdata)
    os_tickus_i                              0x08005c60   Data           2  rtx_conf_cm.o(.constdata)
    os_tickus_f                              0x08005c62   Data           2  rtx_conf_cm.o(.constdata)
    os_trv                                   0x08005c64   Data           4  rtx_conf_cm.o(.constdata)
    os_flags                                 0x08005c68   Data           1  rtx_conf_cm.o(.constdata)
    CMSIS_RTOS_API_Version                   0x08005c6c   Data           4  rtx_conf_cm.o(.constdata)
    CMSIS_RTOS_RTX_Version                   0x08005c70   Data           4  rtx_conf_cm.o(.constdata)
    os_clockrate                             0x08005c74   Data           4  rtx_conf_cm.o(.constdata)
    os_timernum                              0x08005c78   Data           4  rtx_conf_cm.o(.constdata)
    mp_tcb_size                              0x08005c7c   Data           2  rtx_conf_cm.o(.constdata)
    mp_stk_size                              0x08005c80   Data           4  rtx_conf_cm.o(.constdata)
    os_stack_sz                              0x08005c84   Data           4  rtx_conf_cm.o(.constdata)
    os_fifo_size                             0x08005c88   Data           1  rtx_conf_cm.o(.constdata)
    os_thread_def_osTimerThread              0x08005c8c   Data          16  rtx_conf_cm.o(.constdata)
    os_messageQ_def_osTimerMessageQ          0x08005c9c   Data           8  rtx_conf_cm.o(.constdata)
    mp_tmr_size                              0x08005ca4   Data           2  rtx_conf_cm.o(.constdata)
    os_thread_def_main                       0x08005ca8   Data          16  rtx_conf_cm.o(.constdata)
    Region$$Table$$Base                      0x08005cb8   Number         0  anon$$obj.o(Region$$Table)
    Region$$Table$$Limit                     0x08005cd8   Number         0  anon$$obj.o(Region$$Table)
    uDataReady                               0x20000000   Data           1  stm32f10x_it.o(.data)
    RF_DataExpected                          0x20000001   Data           1  stm32f10x_it.o(.data)
    RF_DataReady                             0x20000002   Data           1  stm32f10x_it.o(.data)
    screenRotated                            0x20000003   Data           1  stm32f10x_it.o(.data)
    disableRotate                            0x20000004   Data           1  stm32f10x_it.o(.data)
    nb_ms_elapsed                            0x20000008   Data           4  stm32f10x_it.o(.data)
    tid_devApp95HF_Thread                    0x2000000c   Data           4  prtapp_sh95.o(.data)
    SELStatus                                0x20000014   Data           4  prtapp_sh95.o(.data)
    USB_Control_Allowed                      0x20000018   Data           1  prtapp_sh95.o(.data)
    uTimeOut                                 0x20000019   Data           1  drv_95hf.o(.data)
    EnableTimeOut                            0x2000001a   Data           1  drv_95hf.o(.data)
    drv95HFConfig                            0x2000001b   Data           5  drv_95hf.o(.data)
    delay_appli                              0x20000020   Data           2  drv_interrupt.o(.data)
    delay_timeout                            0x20000022   Data           2  drv_interrupt.o(.data)
    devicemode                               0x20000024   Data           1  lib_configmanager.o(.data)
    nfc_tagtype                              0x20000025   Data           1  lib_configmanager.o(.data)
    IcVers                                   0x20000026   Data           1  lib_configmanager.o(.data)
    TargetMode                               0x20000027   Data           1  lib_configmanager.o(.data)
    uAppliTimeOut                            0x20000028   Data           1  lib_configmanager.o(.data)
    StopProcess                              0x20000029   Data           1  lib_configmanager.o(.data)
    FSC                                      0x2000002c   Data           2  lib_iso14443apcd.o(.data)
    FWI                                      0x2000002e   Data           2  lib_iso14443apcd.o(.data)
    TechnoSelected                           0x20000030   Data           1  lib_pcd.o(.data)
    GPIO_PORT                                0x20000034   Data           4  drv_led.o(.data)
    osThreadId_osTimerThread                 0x20000038   Data           4  rtx_conf_cm.o(.data)
    osMessageQId_osTimerMessageQ             0x2000003c   Data           4  rtx_conf_cm.o(.data)
    os_tmr                                   0x20000040   Data           4  rtx_conf_cm.o(.data)
    m_tmr                                    0x20000044   Data           4  rtx_conf_cm.o(.data)
    SystemCoreClock                          0x2000005c   Data           4  system_stm32f10x.o(.data)
    AHBPrescTable                            0x20000060   Data          16  system_stm32f10x.o(.data)
    os_initialized                           0x20000070   Data           1  rt_cmsis.o(.data)
    os_running                               0x20000071   Data           1  rt_cmsis.o(.data)
    os_timer_head                            0x20000074   Data           4  rt_cmsis.o(.data)
    os_tsk                                   0x20000078   Data           8  rt_task.o(.data)
    os_tick_irqn                             0x20000084   Data           4  rt_system.o(.data)
    os_time                                  0x20000088   Data           4  rt_time.o(.data)
    os_robin                                 0x2000008c   Data           8  rt_robin.o(.data)
    dbg_msg                                  0x20000094   Data           1  hal_cm.o(.data)
    u95HFBuffer                              0x20000098   Data         529  drv_95hf.o(.bss)
    TagUID                                   0x200002a9   Data          16  lib_configmanager.o(.bss)
    ISO14443A_Card                           0x200003c1   Data         141  lib_iso14443apcd.o(.bss)
    u95HFBufferAntiCol                       0x2000044e   Data         529  lib_iso14443apcd.o(.bss)
    ISO14443B_Card                           0x2000065f   Data          86  lib_iso14443bpcd.o(.bss)
    FELICA_Card                              0x200006b5   Data          41  lib_iso18092pcd.o(.bss)
    mp_tcb                                   0x20000718   Data         584  rtx_conf_cm.o(.bss)
    mp_stk                                   0x20000960   Data        1040  rtx_conf_cm.o(.bss)
    os_stack_mem                             0x20000d70   Data       11032  rtx_conf_cm.o(.bss)
    os_fifo                                  0x20003888   Data         132  rtx_conf_cm.o(.bss)
    os_active_TCB                            0x2000390c   Data          44  rtx_conf_cm.o(.bss)
    os_messageQ_q_osTimerMessageQ            0x20003938   Data          32  rtx_conf_cm.o(.bss)
    os_idle_TCB                              0x20003df8   Data          52  rt_task.o(.bss)
    os_rdy                                   0x20003e2c   Data          24  rt_list.o(.bss)
    os_dly                                   0x20003e44   Data          24  rt_list.o(.bss)
    __libspace_start                         0x20003e5c   Data          96  libspace.o(.bss)
    __temporary_stack_top$libspace           0x20003ebc   Data           0  libspace.o(.bss)



==============================================================================

Memory Map of the image

  Image Entry point : 0x080000ed

  Load Region LR_IROM1 (Base: 0x08000000, Size: 0x00005d70, Max: 0x00020000, ABSOLUTE)

    Execution Region ER_IROM1 (Base: 0x08000000, Size: 0x00005cd8, Max: 0x00020000, ABSOLUTE)

    Base Addr    Size         Type   Attr      Idx    E Section Name        Object

    0x08000000   0x000000ec   Data   RO         3962    RESET               startup_stm32f10x_md.o
    0x080000ec   0x00000008   Code   RO         5272  * !!!main             c_w.l(__main.o)
    0x080000f4   0x00000034   Code   RO         5444    !!!scatter          c_w.l(__scatter.o)
    0x08000128   0x0000001a   Code   RO         5446    !!handler_copy      c_w.l(__scatter_copy.o)
    0x08000142   0x00000002   PAD
    0x08000144   0x0000001c   Code   RO         5448    !!handler_zi        c_w.l(__scatter_zi.o)
    0x08000160   0x00000000   Code   RO         5257    .ARM.Collect$$_printf_percent$$00000000  c_w.l(_printf_percent.o)
    0x08000160   0x00000006   Code   RO         5256    .ARM.Collect$$_printf_percent$$00000014  c_w.l(_printf_s.o)
    0x08000166   0x00000004   Code   RO         5287    .ARM.Collect$$_printf_percent$$00000017  c_w.l(_printf_percent_end.o)
    0x0800016a   0x00000002   Code   RO         5330    .ARM.Collect$$libinit$$00000000  c_w.l(libinit.o)
    0x0800016c   0x00000000   Code   RO         5342    .ARM.Collect$$libinit$$00000002  c_w.l(libinit2.o)
    0x0800016c   0x00000000   Code   RO         5344    .ARM.Collect$$libinit$$00000004  c_w.l(libinit2.o)
    0x0800016c   0x00000000   Code   RO         5347    .ARM.Collect$$libinit$$0000000A  c_w.l(libinit2.o)
    0x0800016c   0x00000000   Code   RO         5349    .ARM.Collect$$libinit$$0000000C  c_w.l(libinit2.o)
    0x0800016c   0x00000000   Code   RO         5351    .ARM.Collect$$libinit$$0000000E  c_w.l(libinit2.o)
    0x0800016c   0x00000000   Code   RO         5354    .ARM.Collect$$libinit$$00000011  c_w.l(libinit2.o)
    0x0800016c   0x00000000   Code   RO         5356    .ARM.Collect$$libinit$$00000013  c_w.l(libinit2.o)
    0x0800016c   0x00000000   Code   RO         5358    .ARM.Collect$$libinit$$00000015  c_w.l(libinit2.o)
    0x0800016c   0x00000000   Code   RO         5360    .ARM.Collect$$libinit$$00000017  c_w.l(libinit2.o)
    0x0800016c   0x00000000   Code   RO         5362    .ARM.Collect$$libinit$$00000019  c_w.l(libinit2.o)
    0x0800016c   0x00000000   Code   RO         5364    .ARM.Collect$$libinit$$0000001B  c_w.l(libinit2.o)
    0x0800016c   0x00000000   Code   RO         5366    .ARM.Collect$$libinit$$0000001D  c_w.l(libinit2.o)
    0x0800016c   0x00000000   Code   RO         5368    .ARM.Collect$$libinit$$0000001F  c_w.l(libinit2.o)
    0x0800016c   0x00000000   Code   RO         5370    .ARM.Collect$$libinit$$00000021  c_w.l(libinit2.o)
    0x0800016c   0x00000000   Code   RO         5372    .ARM.Collect$$libinit$$00000023  c_w.l(libinit2.o)
    0x0800016c   0x00000000   Code   RO         5374    .ARM.Collect$$libinit$$00000025  c_w.l(libinit2.o)
    0x0800016c   0x00000000   Code   RO         5378    .ARM.Collect$$libinit$$0000002C  c_w.l(libinit2.o)
    0x0800016c   0x00000000   Code   RO         5380    .ARM.Collect$$libinit$$0000002E  c_w.l(libinit2.o)
    0x0800016c   0x00000000   Code   RO         5382    .ARM.Collect$$libinit$$00000030  c_w.l(libinit2.o)
    0x0800016c   0x00000000   Code   RO         5384    .ARM.Collect$$libinit$$00000032  c_w.l(libinit2.o)
    0x0800016c   0x00000002   Code   RO         5385    .ARM.Collect$$libinit$$00000033  c_w.l(libinit2.o)
    0x0800016e   0x00000002   Code   RO         5331    .ARM.Collect$$libshutdown$$00000000  c_w.l(libshutdown.o)
    0x08000170   0x00000000   Code   RO         5387    .ARM.Collect$$libshutdown$$00000002  c_w.l(libshutdown2.o)
    0x08000170   0x00000000   Code   RO         5389    .ARM.Collect$$libshutdown$$00000004  c_w.l(libshutdown2.o)
    0x08000170   0x00000000   Code   RO         5392    .ARM.Collect$$libshutdown$$00000007  c_w.l(libshutdown2.o)
    0x08000170   0x00000000   Code   RO         5395    .ARM.Collect$$libshutdown$$0000000A  c_w.l(libshutdown2.o)
    0x08000170   0x00000000   Code   RO         5397    .ARM.Collect$$libshutdown$$0000000C  c_w.l(libshutdown2.o)
    0x08000170   0x00000000   Code   RO         5400    .ARM.Collect$$libshutdown$$0000000F  c_w.l(libshutdown2.o)
    0x08000170   0x00000002   Code   RO         5401    .ARM.Collect$$libshutdown$$00000010  c_w.l(libshutdown2.o)
    0x08000172   0x00000000   Code   RO         5274    .ARM.Collect$$rtentry$$00000000  c_w.l(__rtentry.o)
    0x08000172   0x00000000   Code   RO         5291    .ARM.Collect$$rtentry$$00000002  c_w.l(__rtentry2.o)
    0x08000172   0x00000006   Code   RO         5303    .ARM.Collect$$rtentry$$00000004  c_w.l(__rtentry4.o)
    0x08000178   0x00000000   Code   RO         5293    .ARM.Collect$$rtentry$$00000009  c_w.l(__rtentry2.o)
    0x08000178   0x00000004   Code   RO         5294    .ARM.Collect$$rtentry$$0000000A  c_w.l(__rtentry2.o)
    0x0800017c   0x00000008   Code   RO         5295    .ARM.Collect$$rtentry$$0000000B  c_w.l(__rtentry2.o)
    0x08000184   0x00000008   Code   RO         5297    .ARM.Collect$$rtentry$$0000000D  c_w.l(__rtentry2.o)
    0x0800018c   0x00000002   Code   RO         5275    .ARM.Collect$$rtexit$$00000000  c_w.l(rtexit.o)
    0x0800018e   0x00000000   Code   RO         5306    .ARM.Collect$$rtexit$$00000002  c_w.l(rtexit2.o)
    0x0800018e   0x00000004   Code   RO         5307    .ARM.Collect$$rtexit$$00000003  c_w.l(rtexit2.o)
    0x08000192   0x00000006   Code   RO         5308    .ARM.Collect$$rtexit$$00000004  c_w.l(rtexit2.o)
    0x08000198   0x0000001c   Code   RO         1691    .emb_text           rtx_conf_cm.o
    0x080001b4   0x00000130   Code   RO         5208    .emb_text           RTX_CM3.lib(hal_cm3.o)
    0x080002e4   0x00000040   Code   RO         3963    .text               startup_stm32f10x_md.o
    0x08000324   0x00000008   Code   RO         5223    .text               c_w.l(libspace.o)
    0x0800032c   0x00000028   Code   RO         5230    .text               c_w.l(noretval__2sprintf.o)
    0x08000354   0x00000068   Code   RO         5232    .text               c_w.l(__printf.o)
    0x080003bc   0x00000052   Code   RO         5234    .text               c_w.l(_printf_str.o)
    0x0800040e   0x00000012   Code   RO         5258    .text               c_w.l(exit.o)
    0x08000420   0x00000058   Code   RO         5260    .text               c_w.l(memcmp.o)
    0x08000478   0x0000003e   Code   RO         5262    .text               c_w.l(strlen.o)
    0x080004b6   0x0000008a   Code   RO         5264    .text               c_w.l(rt_memcpy_v6.o)
    0x08000540   0x00000044   Code   RO         5266    .text               c_w.l(rt_memclr.o)
    0x08000584   0x0000004e   Code   RO         5268    .text               c_w.l(rt_memclr_w.o)
    0x080005d2   0x00000006   Code   RO         5270    .text               c_w.l(heapauxi.o)
    0x080005d8   0x00000030   Code   RO         5281    .text               c_w.l(_printf_char_common.o)
    0x08000608   0x0000000a   Code   RO         5283    .text               c_w.l(_sputc.o)
    0x08000612   0x0000002c   Code   RO         5285    .text               c_w.l(_printf_char.o)
    0x0800063e   0x00000064   Code   RO         5288    .text               c_w.l(rt_memcpy_w.o)
    0x080006a2   0x00000002   PAD
    0x080006a4   0x0000000c   Code   RO         5316    .text               c_w.l(sys_exit.o)
    0x080006b0   0x0000004a   Code   RO         5318    .text               c_w.l(sys_stackheap_outer.o)
    0x080006fa   0x00000002   Code   RO         5332    .text               c_w.l(use_no_semi.o)
    0x080006fc   0x00000000   Code   RO         5334    .text               c_w.l(indicate_semi.o)
    0x080006fc   0x00000004   Code   RO         5218    SVC_TABLE           RTX_CM3.lib(svc_table.o)
    0x08000700   0x00000004   Code   RO          195    i.BusFault_Handler  stm32f10x_it.o
    0x08000704   0x000000ec   Code   RO         1761    i.CAN1_RX1_IRQHandler  can_stm32f10x.o
    0x080007f0   0x00000094   Code   RO         1762    i.CAN1_SCE_IRQHandler  can_stm32f10x.o
    0x08000884   0x00000024   Code   RO          748    i.ConfigManager_HWInit  lib_configmanager.o
    0x080008a8   0x0000001c   Code   RO          749    i.ConfigManager_IDN  lib_configmanager.o
    0x080008c4   0x00000010   Code   RO          750    i.ConfigManager_Init  lib_configmanager.o
    0x080008d4   0x00000088   Code   RO          751    i.ConfigManager_PORsequence  lib_configmanager.o
    0x0800095c   0x00000024   Code   RO          752    i.ConfigManager_Start  lib_configmanager.o
    0x08000980   0x000000e8   Code   RO          754    i.ConfigManager_TagHunting  lib_configmanager.o
    0x08000a68   0x00000002   Code   RO         3771    i.DMA1_Channel1_Event  dma_stm32f10x.o
    0x08000a6a   0x00000002   PAD
    0x08000a6c   0x0000001c   Code   RO         3772    i.DMA1_Channel1_IRQHandler  dma_stm32f10x.o
    0x08000a88   0x00000002   Code   RO         3773    i.DMA1_Channel2_Event  dma_stm32f10x.o
    0x08000a8a   0x00000002   PAD
    0x08000a8c   0x0000001c   Code   RO         3774    i.DMA1_Channel2_IRQHandler  dma_stm32f10x.o
    0x08000aa8   0x00000002   Code   RO         3775    i.DMA1_Channel3_Event  dma_stm32f10x.o
    0x08000aaa   0x00000002   PAD
    0x08000aac   0x0000001c   Code   RO         3776    i.DMA1_Channel3_IRQHandler  dma_stm32f10x.o
    0x08000ac8   0x00000002   Code   RO         3777    i.DMA1_Channel4_Event  dma_stm32f10x.o
    0x08000aca   0x00000002   PAD
    0x08000acc   0x0000001c   Code   RO         3778    i.DMA1_Channel4_IRQHandler  dma_stm32f10x.o
    0x08000ae8   0x00000002   Code   RO         3779    i.DMA1_Channel5_Event  dma_stm32f10x.o
    0x08000aea   0x00000002   PAD
    0x08000aec   0x0000001c   Code   RO         3780    i.DMA1_Channel5_IRQHandler  dma_stm32f10x.o
    0x08000b08   0x00000002   Code   RO         3781    i.DMA1_Channel6_Event  dma_stm32f10x.o
    0x08000b0a   0x00000002   PAD
    0x08000b0c   0x0000001c   Code   RO         3782    i.DMA1_Channel6_IRQHandler  dma_stm32f10x.o
    0x08000b28   0x00000002   Code   RO         3783    i.DMA1_Channel7_Event  dma_stm32f10x.o
    0x08000b2a   0x00000002   PAD
    0x08000b2c   0x0000001c   Code   RO         3784    i.DMA1_Channel7_IRQHandler  dma_stm32f10x.o
    0x08000b48   0x00000002   Code   RO          196    i.DebugMon_Handler  stm32f10x_it.o
    0x08000b4a   0x00000002   PAD
    0x08000b4c   0x00000040   Code   RO          197    i.EXTI3_IRQHandler  stm32f10x_it.o
    0x08000b8c   0x0000000c   Code   RO         2274    i.EXTI_ClearITPendingBit  stm32f10x_exti.o
    0x08000b98   0x00000028   Code   RO         2278    i.EXTI_GetITStatus  stm32f10x_exti.o
    0x08000bc0   0x00000094   Code   RO         2279    i.EXTI_Init         stm32f10x_exti.o
    0x08000c54   0x00000094   Code   RO         1286    i.FELICA_Init       lib_iso18092pcd.o
    0x08000ce8   0x00000012   Code   RO         1287    i.FELICA_Initialization  lib_iso18092pcd.o
    0x08000cfa   0x00000002   PAD
    0x08000cfc   0x00000060   Code   RO         1288    i.FELICA_IsPresent  lib_iso18092pcd.o
    0x08000d5c   0x00000028   Code   RO         1289    i.FELICA_REQC       lib_iso18092pcd.o
    0x08000d84   0x00000046   Code   RO          858    i.FSCIToFSC         lib_iso14443apcd.o
    0x08000dca   0x00000002   PAD
    0x08000dcc   0x0000009c   Code   RO         3921    i.GPIO_AFConfigure  gpio_stm32f10x.o
    0x08000e68   0x00000098   Code   RO         3922    i.GPIO_GetPortClockState  gpio_stm32f10x.o
    0x08000f00   0x00000116   Code   RO         2531    i.GPIO_Init         stm32f10x_gpio.o
    0x08001016   0x00000078   Code   RO         3923    i.GPIO_PinConfigure  gpio_stm32f10x.o
    0x0800108e   0x00000002   PAD
    0x08001090   0x0000013c   Code   RO         3924    i.GPIO_PortClock    gpio_stm32f10x.o
    0x080011cc   0x00000012   Code   RO         2535    i.GPIO_ReadInputDataBit  stm32f10x_gpio.o
    0x080011de   0x00000004   Code   RO         2538    i.GPIO_ResetBits    stm32f10x_gpio.o
    0x080011e2   0x00000004   Code   RO         2539    i.GPIO_SetBits      stm32f10x_gpio.o
    0x080011e6   0x0000000a   Code   RO         2542    i.GPIO_WriteBit     stm32f10x_gpio.o
    0x080011f0   0x00000004   Code   RO          198    i.HardFault_Handler  stm32f10x_it.o
    0x080011f4   0x00000048   Code   RO          308    i.Hex2Char          prtapp_sh95.o
    0x0800123c   0x00000008   Code   RO          584    i.IRQOut_Config     drv_interrupt.o
    0x08001244   0x0000002c   Code   RO          585    i.IRQOut_GPIO_Config  drv_interrupt.o
    0x08001270   0x000002b8   Code   RO          859    i.ISO14443A_AC      lib_iso14443apcd.o
    0x08001528   0x000000d0   Code   RO          860    i.ISO14443A_ACLevel1  lib_iso14443apcd.o
    0x080015f8   0x000000d8   Code   RO          861    i.ISO14443A_ACLevel2  lib_iso14443apcd.o
    0x080016d0   0x000000a0   Code   RO          862    i.ISO14443A_ACLevel3  lib_iso14443apcd.o
    0x08001770   0x000000c4   Code   RO          863    i.ISO14443A_Anticollision  lib_iso14443apcd.o
    0x08001834   0x00000040   Code   RO          864    i.ISO14443A_CompleteStructure  lib_iso14443apcd.o
    0x08001874   0x000000c8   Code   RO          865    i.ISO14443A_ConfigFDT  lib_iso14443apcd.o
    0x0800193c   0x000000a4   Code   RO          866    i.ISO14443A_ConfigFDTforAnticollision  lib_iso14443apcd.o
    0x080019e0   0x000000b4   Code   RO          867    i.ISO14443A_ConfigFDTforRATS  lib_iso14443apcd.o
    0x08001a94   0x00000034   Code   RO          869    i.ISO14443A_Init    lib_iso14443apcd.o
    0x08001ac8   0x00000020   Code   RO          870    i.ISO14443A_InitStructure  lib_iso14443apcd.o
    0x08001ae8   0x00000044   Code   RO          871    i.ISO14443A_IsPresent  lib_iso14443apcd.o
    0x08001b2c   0x00000098   Code   RO          875    i.ISO14443A_RATS    lib_iso14443apcd.o
    0x08001bc4   0x0000003c   Code   RO          876    i.ISO14443A_REQA    lib_iso14443apcd.o
    0x08001c00   0x00000048   Code   RO          991    i.ISO14443BReadARConfigB  lib_iso14443bpcd.o
    0x08001c48   0x0000005c   Code   RO          992    i.ISO14443B_Anticollision  lib_iso14443bpcd.o
    0x08001ca4   0x00000058   Code   RO          993    i.ISO14443B_AttriB  lib_iso14443bpcd.o
    0x08001cfc   0x0000002c   Code   RO          994    i.ISO14443B_CompleteStruture  lib_iso14443bpcd.o
    0x08001d28   0x00000080   Code   RO          995    i.ISO14443B_Init    lib_iso14443bpcd.o
    0x08001da8   0x00000028   Code   RO          996    i.ISO14443B_InitStructure  lib_iso14443bpcd.o
    0x08001dd0   0x00000038   Code   RO          998    i.ISO14443B_IsPresent  lib_iso14443bpcd.o
    0x08001e08   0x00000040   Code   RO          999    i.ISO14443B_ReqB    lib_iso14443bpcd.o
    0x08001e48   0x00000038   Code   RO         1000    i.ISO14443B_WriteARConfigB  lib_iso14443bpcd.o
    0x08001e80   0x00000048   Code   RO         1001    i.ISO14443B_WriteAndCheckARConfigB  lib_iso14443bpcd.o
    0x08001ec8   0x00000052   Code   RO         1076    i.ISO15693_CreateRequestFlag  lib_iso15693pcd.o
    0x08001f1a   0x00000010   Code   RO         1084    i.ISO15693_GetSelectOrAFIFlag  lib_iso15693pcd.o
    0x08001f2a   0x00000002   PAD
    0x08001f2c   0x00000094   Code   RO         1087    i.ISO15693_GetUID   lib_iso15693pcd.o
    0x08001fc0   0x00000074   Code   RO         1088    i.ISO15693_Init     lib_iso15693pcd.o
    0x08002034   0x0000012e   Code   RO         1089    i.ISO15693_Inventory  lib_iso15693pcd.o
    0x08002162   0x00000012   Code   RO         1096    i.ISO15693_IsInventoryFlag  lib_iso15693pcd.o
    0x08002174   0x0000005e   Code   RO          373    i.Interrupts_Config  hw_config.o
    0x080021d2   0x00000028   Code   RO         1341    i.IsAnAvailableProtocol  lib_pcd.o
    0x080021fa   0x00000002   PAD
    0x080021fc   0x00000040   Code   RO         1459    i.LED_Config        drv_led.o
    0x0800223c   0x00000018   Code   RO         1460    i.LED_Off           drv_led.o
    0x08002254   0x00000018   Code   RO         1461    i.LED_On            drv_led.o
    0x0800226c   0x00000004   Code   RO          199    i.MemManage_Handler  stm32f10x_it.o
    0x08002270   0x00000002   Code   RO          200    i.NMI_Handler       stm32f10x_it.o
    0x08002272   0x00000002   PAD
    0x08002274   0x00000070   Code   RO         1974    i.NVIC_Init         misc.o
    0x080022e4   0x00000014   Code   RO         1975    i.NVIC_PriorityGroupConfig  misc.o
    0x080022f8   0x00000020   Code   RO         1342    i.PCD_CheckSendReceive  lib_pcd.o
    0x08002318   0x0000001c   Code   RO         1343    i.PCD_Echo          lib_pcd.o
    0x08002334   0x00000014   Code   RO         1344    i.PCD_FieldOff      lib_pcd.o
    0x08002348   0x0000006a   Code   RO         1347    i.PCD_IsCRCOk       lib_pcd.o
    0x080023b2   0x000000fe   Code   RO         1348    i.PCD_IsReaderResultCodeOk  lib_pcd.o
    0x080024b0   0x00000078   Code   RO         1349    i.PCD_PORsequence   lib_pcd.o
    0x08002528   0x00000070   Code   RO         1350    i.PCD_ProtocolSelect  lib_pcd.o
    0x08002598   0x00000042   Code   RO         1351    i.PCD_ReadRegister  lib_pcd.o
    0x080025da   0x00000062   Code   RO         1353    i.PCD_SendRecv      lib_pcd.o
    0x0800263c   0x0000003e   Code   RO         1356    i.PCD_WriteRegister  lib_pcd.o
    0x0800267a   0x00000002   PAD
    0x0800267c   0x00000020   Code   RO         2654    i.RCC_APB1PeriphResetCmd  stm32f10x_rcc.o
    0x0800269c   0x00000020   Code   RO         2655    i.RCC_APB2PeriphClockCmd  stm32f10x_rcc.o
    0x080026bc   0x00000020   Code   RO         2656    i.RCC_APB2PeriphResetCmd  stm32f10x_rcc.o
    0x080026dc   0x00000018   Code   RO         2868    i.SPI_Cmd           stm32f10x_spi.o
    0x080026f4   0x00000058   Code   RO         2875    i.SPI_I2S_DeInit    stm32f10x_spi.o
    0x0800274c   0x00000012   Code   RO         2876    i.SPI_I2S_GetFlagStatus  stm32f10x_spi.o
    0x0800275e   0x00000006   Code   RO         2879    i.SPI_I2S_ReceiveData  stm32f10x_spi.o
    0x08002764   0x00000004   Code   RO         2880    i.SPI_I2S_SendData  stm32f10x_spi.o
    0x08002768   0x0000003c   Code   RO         2881    i.SPI_Init          stm32f10x_spi.o
    0x080027a4   0x00000036   Code   RO          689    i.SPI_SendReceiveBuffer  drv_spi.o
    0x080027da   0x00000034   Code   RO          690    i.SPI_SendReceiveByte  drv_spi.o
    0x0800280e   0x00000018   Code   RO         2884    i.SPI_StructInit    stm32f10x_spi.o
    0x08002826   0x00000008   Code   RO         3970    i.SetSysClock       system_stm32f10x.o
    0x0800282e   0x00000002   PAD
    0x08002830   0x000000e0   Code   RO         3971    i.SetSysClockTo72   system_stm32f10x.o
    0x08002910   0x0000002c   Code   RO          588    i.StartTimeOut      drv_interrupt.o
    0x0800293c   0x00000010   Code   RO          590    i.StopTimeOut       drv_interrupt.o
    0x0800294c   0x00000060   Code   RO         3973    i.SystemInit        system_stm32f10x.o
    0x080029ac   0x00000018   Code   RO         3035    i.TIM_Cmd           stm32f10x_tim.o
    0x080029c4   0x00000004   Code   RO         3100    i.TIM_SetCounter    stm32f10x_tim.o
    0x080029c8   0x00000060   Code   RO          877    i.TOPAZ_ID          lib_iso14443apcd.o
    0x08002a28   0x00000018   Code   RO         1504    i.USART1_Control    usart_stm32f10x.o
    0x08002a40   0x00000010   Code   RO         1505    i.USART1_GetCapabilities  usart_stm32f10x.o
    0x08002a50   0x00000010   Code   RO         1506    i.USART1_GetModemStatus  usart_stm32f10x.o
    0x08002a60   0x00000010   Code   RO         1507    i.USART1_GetRxCount  usart_stm32f10x.o
    0x08002a70   0x00000010   Code   RO         1508    i.USART1_GetStatus  usart_stm32f10x.o
    0x08002a80   0x00000010   Code   RO         1509    i.USART1_GetTxCount  usart_stm32f10x.o
    0x08002a90   0x00000010   Code   RO         1510    i.USART1_IRQHandler  usart_stm32f10x.o
    0x08002aa0   0x00000014   Code   RO         1511    i.USART1_Initialize  usart_stm32f10x.o
    0x08002ab4   0x00000014   Code   RO         1512    i.USART1_PowerControl  usart_stm32f10x.o
    0x08002ac8   0x00000018   Code   RO         1513    i.USART1_Receive    usart_stm32f10x.o
    0x08002ae0   0x00000018   Code   RO         1514    i.USART1_Send       usart_stm32f10x.o
    0x08002af8   0x00000014   Code   RO         1515    i.USART1_SetModemControl  usart_stm32f10x.o
    0x08002b0c   0x0000001c   Code   RO         1516    i.USART1_Transfer   usart_stm32f10x.o
    0x08002b28   0x00000010   Code   RO         1517    i.USART1_Uninitialize  usart_stm32f10x.o
    0x08002b38   0x00000002   Code   RO          309    i.USART1_callback   prtapp_sh95.o
    0x08002b3a   0x00000002   PAD
    0x08002b3c   0x00000060   Code   RO          310    i.USART1_dev95HF_Init  prtapp_sh95.o
    0x08002b9c   0x00000820   Code   RO         1518    i.USART_Control     usart_stm32f10x.o
    0x080033bc   0x00000006   Code   RO         1519    i.USART_GetCapabilities  usart_stm32f10x.o
    0x080033c2   0x00000090   Code   RO         1520    i.USART_GetModemStatus  usart_stm32f10x.o
    0x08003452   0x00000008   Code   RO         1521    i.USART_GetRxCount  usart_stm32f10x.o
    0x0800345a   0x000000d4   Code   RO         1522    i.USART_GetStatus   usart_stm32f10x.o
    0x0800352e   0x00000008   Code   RO         1523    i.USART_GetTxCount  usart_stm32f10x.o
    0x08003536   0x00000276   Code   RO         1524    i.USART_IRQHandler  usart_stm32f10x.o
    0x080037ac   0x000000a2   Code   RO         1525    i.USART_Initialize  usart_stm32f10x.o
    0x0800384e   0x00000002   PAD
    0x08003850   0x00000088   Code   RO         1526    i.USART_PeripheralReset  usart_stm32f10x.o
    0x080038d8   0x000001d0   Code   RO         1527    i.USART_PowerControl  usart_stm32f10x.o
    0x08003aa8   0x000000a2   Code   RO         1528    i.USART_Receive     usart_stm32f10x.o
    0x08003b4a   0x00000088   Code   RO         1529    i.USART_Send        usart_stm32f10x.o
    0x08003bd2   0x0000009c   Code   RO         1530    i.USART_SetModemControl  usart_stm32f10x.o
    0x08003c6e   0x0000006a   Code   RO         1531    i.USART_Transfer    usart_stm32f10x.o
    0x08003cd8   0x0000006c   Code   RO         1532    i.USART_Uninitialize  usart_stm32f10x.o
    0x08003d44   0x00000010   Code   RO         1533    i.USARTx_GetVersion  usart_stm32f10x.o
    0x08003d54   0x00000118   Code   RO         1783    i.USB_HP_CAN1_TX_IRQHandler  can_stm32f10x.o
    0x08003e6c   0x000000ec   Code   RO         1784    i.USB_LP_CAN1_RX0_IRQHandler  can_stm32f10x.o
    0x08003f58   0x00000004   Code   RO          201    i.UsageFault_Handler  stm32f10x_it.o
    0x08003f5c   0x00000046   Code   RO         5107    i._init_box         RTX_CM3.lib(rt_membox.o)
    0x08003fa2   0x00000002   PAD
    0x08003fa4   0x00000020   Code   RO         1693    i._mutex_acquire    rtx_conf_cm.o
    0x08003fc4   0x0000001c   Code   RO         1695    i._mutex_release    rtx_conf_cm.o
    0x08003fe0   0x00000028   Code   RO          275    i.bsp_delayinit     delay.o
    0x08004008   0x00000030   Code   RO         5160    i.dbg_init          RTX_CM3.lib(hal_cm.o)
    0x08004038   0x00000020   Code   RO         5161    i.dbg_task_notify   RTX_CM3.lib(hal_cm.o)
    0x08004058   0x00000010   Code   RO         5162    i.dbg_task_switch   RTX_CM3.lib(hal_cm.o)
    0x08004068   0x0000000c   Code   RO          374    i.delayHighPriority_ms  hw_config.o
    0x08004074   0x00000030   Code   RO          276    i.delay_us          delay.o
    0x080040a4   0x0000006c   Code   RO          311    i.dev95HF_Init      prtapp_sh95.o
    0x08004110   0x00000004   Code   RO          312    i.devApp95HF_Thread  prtapp_sh95.o
    0x08004114   0x0000001c   Code   RO          313    i.devApp95HF_ThreadActive  prtapp_sh95.o
    0x08004130   0x00000014   Code   RO          438    i.drv95HF_EnableInterrupt  drv_95hf.o
    0x08004144   0x00000060   Code   RO          439    i.drv95HF_GPIOConfigSPI  drv_95hf.o
    0x080041a4   0x00000014   Code   RO          441    i.drv95HF_GetInterfacePinState  drv_95hf.o
    0x080041b8   0x0000000c   Code   RO          442    i.drv95HF_GetSerialInterface  drv_95hf.o
    0x080041c4   0x0000001c   Code   RO          444    i.drv95HF_InitConfigStructure  drv_95hf.o
    0x080041e0   0x0000001c   Code   RO          445    i.drv95HF_InitializeSPI  drv_95hf.o
    0x080041fc   0x0000001c   Code   RO          446    i.drv95HF_InitilizeSerialInterface  drv_95hf.o
    0x08004218   0x00000014   Code   RO          448    i.drv95HF_RCCConfigSPI  drv_95hf.o
    0x0800422c   0x000000ac   Code   RO          449    i.drv95HF_ReceiveSPIResponse  drv_95hf.o
    0x080042d8   0x00000044   Code   RO          450    i.drv95HF_ResetSPI  drv_95hf.o
    0x0800431c   0x000000ac   Code   RO          451    i.drv95HF_SPIPollingCommand  drv_95hf.o
    0x080043c8   0x00000044   Code   RO          453    i.drv95HF_SendIRQINPulse  drv_95hf.o
    0x0800440c   0x00000050   Code   RO          454    i.drv95HF_SendReceive  drv_95hf.o
    0x0800445c   0x0000006c   Code   RO          455    i.drv95HF_SendSPICommand  drv_95hf.o
    0x080044c8   0x00000010   Code   RO          456    i.drv95HF_SendSPIResetByte  drv_95hf.o
    0x080044d8   0x00000044   Code   RO          457    i.drv95HF_StructureConfigSPI  drv_95hf.o
    0x0800451c   0x00000034   Code   RO          594    i.drvInt_Enable_RFEvent_IRQ  drv_interrupt.o
    0x08004550   0x00000034   Code   RO          595    i.drvInt_Enable_Reply_IRQ  drv_interrupt.o
    0x08004584   0x0000002a   Code   RO         4016    i.isrMessageGet     RTX_CM3.lib(rt_cmsis.o)
    0x080045ae   0x0000002c   Code   RO         4017    i.isrMessagePut     RTX_CM3.lib(rt_cmsis.o)
    0x080045da   0x00000002   PAD
    0x080045dc   0x00000056   Code   RO         4962    i.isr_mbx_receive   RTX_CM3.lib(rt_mailbox.o)
    0x08004632   0x0000000e   Code   RO         4963    i.isr_mbx_send      RTX_CM3.lib(rt_mailbox.o)
    0x08004640   0x00000016   Code   RO            4    i.main              main.o
    0x08004656   0x00000002   PAD
    0x08004658   0x00000018   Code   RO         4020    i.osDelay           RTX_CM3.lib(rt_cmsis.o)
    0x08004670   0x00000024   Code   RO         4021    i.osKernelInitialize  RTX_CM3.lib(rt_cmsis.o)
    0x08004694   0x0000006c   Code   RO         4023    i.osKernelStart     RTX_CM3.lib(rt_cmsis.o)
    0x08004700   0x00000018   Code   RO         4032    i.osMessageGet      RTX_CM3.lib(rt_cmsis.o)
    0x08004718   0x0000002c   Code   RO         4049    i.osThreadCreate    RTX_CM3.lib(rt_cmsis.o)
    0x08004744   0x00000018   Code   RO         4050    i.osThreadExit      RTX_CM3.lib(rt_cmsis.o)
    0x0800475c   0x0000000c   Code   RO         4056    i.osTimerCall       RTX_CM3.lib(rt_cmsis.o)
    0x08004768   0x0000002c   Code   RO         4061    i.osTimerThread     RTX_CM3.lib(rt_cmsis.o)
    0x08004794   0x00000022   Code   RO         1696    i.os_error          rtx_conf_cm.o
    0x080047b6   0x00000004   Code   RO         1697    i.os_idle_demon     rtx_conf_cm.o
    0x080047ba   0x00000002   PAD
    0x080047bc   0x00000028   Code   RO         4754    i.os_tick_init      RTX_CM3.lib(rt_system.o)
    0x080047e4   0x00000002   Code   RO         4755    i.os_tick_irqack    RTX_CM3.lib(rt_system.o)
    0x080047e6   0x00000002   PAD
    0x080047e8   0x0000037c   Code   RO          314    i.prtApp_95HF       prtapp_sh95.o
    0x08004b64   0x0000001a   Code   RO         5108    i.rt_alloc_box      RTX_CM3.lib(rt_membox.o)
    0x08004b7e   0x0000003e   Code   RO         5136    i.rt_alloc_mem      RTX_CM3.lib(rt_memory.o)
    0x08004bbc   0x00000038   Code   RO         4635    i.rt_block          RTX_CM3.lib(rt_task.o)
    0x08004bf4   0x00000048   Code   RO         5085    i.rt_chk_robin      RTX_CM3.lib(rt_robin.o)
    0x08004c3c   0x00000070   Code   RO         4886    i.rt_dec_dly        RTX_CM3.lib(rt_list.o)
    0x08004cac   0x00000044   Code   RO         4636    i.rt_dispatch       RTX_CM3.lib(rt_task.o)
    0x08004cf0   0x00000006   Code   RO         5052    i.rt_dly_wait       RTX_CM3.lib(rt_time.o)
    0x08004cf6   0x00000002   PAD
    0x08004cf8   0x00000050   Code   RO         4847    i.rt_evt_psh        RTX_CM3.lib(rt_event.o)
    0x08004d48   0x0000002c   Code   RO         5109    i.rt_free_box       RTX_CM3.lib(rt_membox.o)
    0x08004d74   0x00000028   Code   RO         5137    i.rt_free_mem       RTX_CM3.lib(rt_memory.o)
    0x08004d9c   0x00000028   Code   RO         4887    i.rt_get_first      RTX_CM3.lib(rt_list.o)
    0x08004dc4   0x00000008   Code   RO         4066    i.rt_id2obj         RTX_CM3.lib(rt_cmsis.o)
    0x08004dcc   0x00000048   Code   RO         4637    i.rt_init_context   RTX_CM3.lib(rt_task.o)
    0x08004e14   0x0000001a   Code   RO         5138    i.rt_init_mem       RTX_CM3.lib(rt_memory.o)
    0x08004e2e   0x00000002   PAD
    0x08004e30   0x00000018   Code   RO         5086    i.rt_init_robin     RTX_CM3.lib(rt_robin.o)
    0x08004e48   0x00000080   Code   RO         5163    i.rt_init_stack     RTX_CM3.lib(hal_cm.o)
    0x08004ec8   0x00000008   Code   RO         4964    i.rt_mbx_check      RTX_CM3.lib(rt_mailbox.o)
    0x08004ed0   0x0000001a   Code   RO         4965    i.rt_mbx_init       RTX_CM3.lib(rt_mailbox.o)
    0x08004eea   0x00000002   PAD
    0x08004eec   0x000000f0   Code   RO         4966    i.rt_mbx_psh        RTX_CM3.lib(rt_mailbox.o)
    0x08004fdc   0x000000b4   Code   RO         4968    i.rt_mbx_wait       RTX_CM3.lib(rt_mailbox.o)
    0x08005090   0x00000044   Code   RO         4067    i.rt_ms2tick        RTX_CM3.lib(rt_cmsis.o)
    0x080050d4   0x000000d8   Code   RO         4721    i.rt_mut_release    RTX_CM3.lib(rt_mutex.o)
    0x080051ac   0x00000078   Code   RO         4722    i.rt_mut_wait       RTX_CM3.lib(rt_mutex.o)
    0x08005224   0x0000007c   Code   RO         4758    i.rt_pop_req        RTX_CM3.lib(rt_system.o)
    0x080052a0   0x00000020   Code   RO         4759    i.rt_psh_req        RTX_CM3.lib(rt_system.o)
    0x080052c0   0x0000005c   Code   RO         4889    i.rt_psq_enq        RTX_CM3.lib(rt_list.o)
    0x0800531c   0x00000048   Code   RO         4890    i.rt_put_dly        RTX_CM3.lib(rt_list.o)
    0x08005364   0x00000036   Code   RO         4891    i.rt_put_prio       RTX_CM3.lib(rt_list.o)
    0x0800539a   0x00000002   PAD
    0x0800539c   0x00000014   Code   RO         4892    i.rt_put_rdy_first  RTX_CM3.lib(rt_list.o)
    0x080053b0   0x00000034   Code   RO         4893    i.rt_resort_prio    RTX_CM3.lib(rt_list.o)
    0x080053e4   0x00000006   Code   RO         5164    i.rt_ret_val        RTX_CM3.lib(hal_cm.o)
    0x080053ea   0x00000008   Code   RO         5165    i.rt_ret_val2       RTX_CM3.lib(hal_cm.o)
    0x080053f2   0x00000028   Code   RO         4894    i.rt_rmv_dly        RTX_CM3.lib(rt_list.o)
    0x0800541a   0x00000002   PAD
    0x0800541c   0x00000030   Code   RO         4895    i.rt_rmv_list       RTX_CM3.lib(rt_list.o)
    0x0800544c   0x00000034   Code   RO         5013    i.rt_sem_psh        RTX_CM3.lib(rt_semaphore.o)
    0x08005480   0x00000024   Code   RO         4761    i.rt_stk_check      RTX_CM3.lib(rt_system.o)
    0x080054a4   0x00000028   Code   RO         4638    i.rt_switch_req     RTX_CM3.lib(rt_task.o)
    0x080054cc   0x000000cc   Code   RO         4639    i.rt_sys_init       RTX_CM3.lib(rt_task.o)
    0x08005598   0x00000078   Code   RO         4640    i.rt_sys_start      RTX_CM3.lib(rt_task.o)
    0x08005610   0x00000040   Code   RO         4763    i.rt_systick        RTX_CM3.lib(rt_system.o)
    0x08005650   0x00000012   Code   RO         4068    i.rt_tid2ptcb       RTX_CM3.lib(rt_cmsis.o)
    0x08005662   0x00000002   PAD
    0x08005664   0x00000034   Code   RO         4069    i.rt_timer_insert   RTX_CM3.lib(rt_cmsis.o)
    0x08005698   0x00000088   Code   RO         4641    i.rt_tsk_create     RTX_CM3.lib(rt_task.o)
    0x08005720   0x0000017c   Code   RO         4642    i.rt_tsk_delete     RTX_CM3.lib(rt_task.o)
    0x0800589c   0x0000007c   Code   RO         4644    i.rt_tsk_prio       RTX_CM3.lib(rt_task.o)
    0x08005918   0x00000010   Code   RO         4645    i.rt_tsk_self       RTX_CM3.lib(rt_task.o)
    0x08005928   0x00000012   Code   RO         4071    i.svcDelay          RTX_CM3.lib(rt_cmsis.o)
    0x0800593a   0x00000002   PAD
    0x0800593c   0x00000070   Code   RO         4072    i.svcKernelInitialize  RTX_CM3.lib(rt_cmsis.o)
    0x080059ac   0x00000048   Code   RO         4074    i.svcKernelStart    RTX_CM3.lib(rt_cmsis.o)
    0x080059f4   0x00000024   Code   RO         4077    i.svcMessageCreate  RTX_CM3.lib(rt_cmsis.o)
    0x08005a18   0x0000003a   Code   RO         4078    i.svcMessageGet     RTX_CM3.lib(rt_cmsis.o)
    0x08005a52   0x00000002   PAD
    0x08005a54   0x0000006c   Code   RO         4092    i.svcThreadCreate   RTX_CM3.lib(rt_cmsis.o)
    0x08005ac0   0x0000001c   Code   RO         4093    i.svcThreadGetId    RTX_CM3.lib(rt_cmsis.o)
    0x08005adc   0x00000038   Code   RO         4096    i.svcThreadTerminate  RTX_CM3.lib(rt_cmsis.o)
    0x08005b14   0x00000018   Code   RO         4098    i.svcTimerCall      RTX_CM3.lib(rt_cmsis.o)
    0x08005b2c   0x0000005c   Code   RO         4107    i.sysTimerTick      RTX_CM3.lib(rt_cmsis.o)
    0x08005b88   0x0000001c   Data   RO          315    .constdata          prtapp_sh95.o
    0x08005ba4   0x0000000a   Data   RO          879    .constdata          lib_iso14443apcd.o
    0x08005bae   0x00000002   PAD
    0x08005bb0   0x0000000d   Data   RO         1003    .constdata          lib_iso14443bpcd.o
    0x08005bbd   0x00000007   Data   RO         1291    .constdata          lib_iso18092pcd.o
    0x08005bc4   0x00000006   Data   RO         1462    .constdata          drv_led.o
    0x08005bca   0x00000002   PAD
    0x08005bcc   0x00000084   Data   RO         1535    .constdata          usart_stm32f10x.o
    0x08005c50   0x00000068   Data   RO         1699    .constdata          rtx_conf_cm.o
    0x08005cb8   0x00000020   Data   RO         5442    Region$$Table       anon$$obj.o


    Execution Region RW_IRAM1 (Base: 0x20000000, Size: 0x000044c0, Max: 0x00005000, ABSOLUTE)

    Base Addr    Size         Type   Attr      Idx    E Section Name        Object

    0x20000000   0x0000000c   Data   RW          202    .data               stm32f10x_it.o
    0x2000000c   0x0000000d   Data   RW          316    .data               prtapp_sh95.o
    0x20000019   0x00000007   Data   RW          459    .data               drv_95hf.o
    0x20000020   0x00000004   Data   RW          597    .data               drv_interrupt.o
    0x20000024   0x00000006   Data   RW          756    .data               lib_configmanager.o
    0x2000002a   0x00000006   Data   RW          880    .data               lib_iso14443apcd.o
    0x20000030   0x00000001   Data   RW         1357    .data               lib_pcd.o
    0x20000031   0x00000003   PAD
    0x20000034   0x00000004   Data   RW         1463    .data               drv_led.o
    0x20000038   0x00000014   Data   RW         1700    .data               rtx_conf_cm.o
    0x2000004c   0x00000010   Data   RW         1789    .data               can_stm32f10x.o
    0x2000005c   0x00000014   Data   RW         3974    .data               system_stm32f10x.o
    0x20000070   0x00000008   Data   RW         4110    .data               RTX_CM3.lib(rt_cmsis.o)
    0x20000078   0x00000008   Data   RW         4647    .data               RTX_CM3.lib(rt_task.o)
    0x20000080   0x00000008   Data   RW         4766    .data               RTX_CM3.lib(rt_system.o)
    0x20000088   0x00000004   Data   RW         5056    .data               RTX_CM3.lib(rt_time.o)
    0x2000008c   0x00000008   Data   RW         5087    .data               RTX_CM3.lib(rt_robin.o)
    0x20000094   0x00000001   Data   RW         5166    .data               RTX_CM3.lib(hal_cm.o)
    0x20000095   0x00000003   PAD
    0x20000098   0x00000211   Zero   RW          458    .bss                drv_95hf.o
    0x200002a9   0x00000010   Zero   RW          755    .bss                lib_configmanager.o
    0x200002b9   0x000003a6   Zero   RW          878    .bss                lib_iso14443apcd.o
    0x2000065f   0x00000056   Zero   RW         1002    .bss                lib_iso14443bpcd.o
    0x200006b5   0x00000029   Zero   RW         1290    .bss                lib_iso18092pcd.o
    0x200006de   0x00000002   PAD
    0x200006e0   0x00000038   Zero   RW         1534    .bss                usart_stm32f10x.o
    0x20000718   0x000036e0   Zero   RW         1698    .bss                rtx_conf_cm.o
    0x20003df8   0x00000034   Zero   RW         4646    .bss                RTX_CM3.lib(rt_task.o)
    0x20003e2c   0x00000030   Zero   RW         4896    .bss                RTX_CM3.lib(rt_list.o)
    0x20003e5c   0x00000060   Zero   RW         5224    .bss                c_w.l(libspace.o)
    0x20003ebc   0x00000004   PAD
    0x20003ec0   0x00000200   Zero   RW         3961    HEAP                startup_stm32f10x_md.o
    0x200040c0   0x00000400   Zero   RW         3960    STACK               startup_stm32f10x_md.o


==============================================================================

Image component sizes


      Code (inc. data)   RO Data    RW Data    ZI Data      Debug   Object Name

       900         60          0         16          0      12603   can_stm32f10x.o
        88         22          0          0          0        975   delay.o
       210         30          0          0          0       7427   dma_stm32f10x.o
      1004        116          0          7        529      13091   drv_95hf.o
       216         38          0          4          0       3663   drv_interrupt.o
       112         28          6          4          0       2474   drv_led.o
       106          0          0          0          0       1818   drv_spi.o
       744         76          0          0          0       3409   gpio_stm32f10x.o
       106          0          0          0          0       1203   hw_config.o
       484         52          0          6         16       4956   lib_configmanager.o
      2614        190         10          6        934      14168   lib_iso14443apcd.o
       712         88         13          0         86       7857   lib_iso14443bpcd.o
       682         16          0          0          0       5694   lib_iso15693pcd.o
       302         36          7          0         41       3565   lib_iso18092pcd.o
         0          0          0          0          0       1412   lib_iso7816pcd.o
       938         44          0          1          0       9081   lib_pcd.o
        22          0          0          0          0     270865   main.o
       132         22          0          0          0       1723   misc.o
      1202        214         28         13          0       5967   prtapp_sh95.o
       126         26        104         20      14048       9323   rtx_conf_cm.o
        64         26        236          0       1536        844   startup_stm32f10x_md.o
       200         18          0          0          0       2344   stm32f10x_exti.o
       314          0          0          0          0       4568   stm32f10x_gpio.o
        84         16          0         12          0       4687   stm32f10x_it.o
        96         18          0          0          0       1851   stm32f10x_rcc.o
       224         12          0          0          0       5348   stm32f10x_spi.o
        28          0          0          0          0       1775   stm32f10x_tim.o
       328         28          0         20          0       2409   system_stm32f10x.o
      4806        158        132          0         56      55066   usart_stm32f10x.o

    ----------------------------------------------------------------------
     16884       1334        572        112      17248     460166   Object Totals
         0          0         32          0          0          0   (incl. Generated)
        40          0          4          3          2          0   (incl. Padding)

    ----------------------------------------------------------------------

      Code (inc. data)   RO Data    RW Data    ZI Data      Debug   Library Member Name

       238         24          0          1          0       3312   hal_cm.o
       304         36          0          0          0        768   hal_cm3.o
      1152        144          0          8          0      32862   rt_cmsis.o
        80          4          0          0          0        661   rt_event.o
       530         34          0          0         48       8253   rt_list.o
       554         10          0          0          0       3949   rt_mailbox.o
       140          0          0          0          0       1925   rt_membox.o
       128          0          0          0          0       2307   rt_memory.o
       336         14          0          0          0       1643   rt_mutex.o
        96         22          0          8          0       1158   rt_robin.o
        52          4          0          0          0        573   rt_semaphore.o
       298         52          0          8          0       6223   rt_system.o
      1216        174          0          8         52       9649   rt_task.o
         6          0          0          4          0        652   rt_time.o
         4          4          0          0          0        208   svc_table.o
         8          0          0          0          0         68   __main.o
       104          0          0          0          0         84   __printf.o
         0          0          0          0          0          0   __rtentry.o
        20          0          0          0          0          0   __rtentry2.o
         6          0          0          0          0          0   __rtentry4.o
        52          8          0          0          0          0   __scatter.o
        26          0          0          0          0          0   __scatter_copy.o
        28          0          0          0          0          0   __scatter_zi.o
        44          0          0          0          0        108   _printf_char.o
        48          6          0          0          0         96   _printf_char_common.o
         0          0          0          0          0          0   _printf_percent.o
         4          0          0          0          0          0   _printf_percent_end.o
         6          0          0          0          0          0   _printf_s.o
        82          0          0          0          0         80   _printf_str.o
        10          0          0          0          0         68   _sputc.o
        18          0          0          0          0         80   exit.o
         6          0          0          0          0        152   heapauxi.o
         0          0          0          0          0          0   indicate_semi.o
         2          0          0          0          0          0   libinit.o
         2          0          0          0          0          0   libinit2.o
         2          0          0          0          0          0   libshutdown.o
         2          0          0          0          0          0   libshutdown2.o
         8          4          0          0         96         68   libspace.o
        88          0          0          0          0         76   memcmp.o
        40          6          0          0          0         84   noretval__2sprintf.o
        68          0          0          0          0         68   rt_memclr.o
        78          0          0          0          0         80   rt_memclr_w.o
       138          0          0          0          0         68   rt_memcpy_v6.o
       100          0          0          0          0         80   rt_memcpy_w.o
         2          0          0          0          0          0   rtexit.o
        10          0          0          0          0          0   rtexit2.o
        62          0          0          0          0         76   strlen.o
        12          4          0          0          0         68   sys_exit.o
        74          0          0          0          0         80   sys_stackheap_outer.o
         2          0          0          0          0         68   use_no_semi.o

    ----------------------------------------------------------------------
      6312        550          0         40        200      75695   Library Totals
        26          0          0          3          4          0   (incl. Padding)

    ----------------------------------------------------------------------

      Code (inc. data)   RO Data    RW Data    ZI Data      Debug   Library Name

      5134        522          0         37        100      74143   RTX_CM3.lib
      1152         28          0          0         96       1552   c_w.l

    ----------------------------------------------------------------------
      6312        550          0         40        200      75695   Library Totals

    ----------------------------------------------------------------------

==============================================================================


      Code (inc. data)   RO Data    RW Data    ZI Data      Debug   

     23196       1884        572        152      17448     522233   Grand Totals
     23196       1884        572        152      17448     522233   ELF Image Totals
     23196       1884        572        152          0          0   ROM Totals

==============================================================================

    Total RO  Size (Code + RO Data)                23768 (  23.21kB)
    Total RW  Size (RW Data + ZI Data)             17600 (  17.19kB)
    Total ROM Size (Code + RO Data + RW Data)      23920 (  23.36kB)

==============================================================================

