<!doctype html public "-//w3c//dtd html 4.0 transitional//en">
<html><head>
<title>Static Call Graph - [.\Objects\SH95_Temp.axf]</title></head>
<body><HR>
<H1>Static Call Graph for image .\Objects\SH95_Temp.axf</H1><HR>
<BR><P>#&#060CALLGRAPH&#062# ARM Linker, 5060061: Last Updated: Mon Jan 29 13:34:08 2018
<BR><P>
<H3>Maximum Stack Usage =       1528 bytes + Unknown(Functions without stacksize, Cycles, Untraceable Function Pointers)</H3><H3>
Call chain for Maximum Stack Depth:</H3>
main &rArr; ConfigManager_TagHunting &rArr; FELICA_Initialization &rArr; FELICA_Init &rArr; PCD_WriteRegister &rArr; drv95HF_SendReceive &rArr; drv95HF_SendSPICommand &rArr; SPI_SendReceiveBuffer &rArr; SPI_SendReceiveByte
<P>
<H3>
Functions with no stack information
</H3><UL>
 <LI><a href="#[6b]">__user_initial_stackheap</a>
</UL>
</UL>
<P>
<H3>
Mutually Recursive functions
</H3> <LI><a href="#[39]">rt_alloc_box</a>&nbsp;&nbsp;&nbsp;&rArr;&nbsp;&nbsp;&nbsp;<a href="#[39]">rt_alloc_box</a><BR>
 <LI><a href="#[20]">ADC1_2_IRQHandler</a>&nbsp;&nbsp;&nbsp;&rArr;&nbsp;&nbsp;&nbsp;<a href="#[20]">ADC1_2_IRQHandler</a><BR>
</UL>
<P>
<H3>
Function Pointers
</H3><UL>
 <LI><a href="#[20]">ADC1_2_IRQHandler</a> from startup_stm32f10x_md.o(.text) referenced from startup_stm32f10x_md.o(RESET)
 <LI><a href="#[8]">BusFault_Handler</a> from stm32f10x_it.o(i.BusFault_Handler) referenced from startup_stm32f10x_md.o(RESET)
 <LI><a href="#[23]">CAN1_RX1_IRQHandler</a> from can_stm32f10x.o(i.CAN1_RX1_IRQHandler) referenced from startup_stm32f10x_md.o(RESET)
 <LI><a href="#[24]">CAN1_SCE_IRQHandler</a> from can_stm32f10x.o(i.CAN1_SCE_IRQHandler) referenced from startup_stm32f10x_md.o(RESET)
 <LI><a href="#[19]">DMA1_Channel1_IRQHandler</a> from dma_stm32f10x.o(i.DMA1_Channel1_IRQHandler) referenced from startup_stm32f10x_md.o(RESET)
 <LI><a href="#[1a]">DMA1_Channel2_IRQHandler</a> from dma_stm32f10x.o(i.DMA1_Channel2_IRQHandler) referenced from startup_stm32f10x_md.o(RESET)
 <LI><a href="#[1b]">DMA1_Channel3_IRQHandler</a> from dma_stm32f10x.o(i.DMA1_Channel3_IRQHandler) referenced from startup_stm32f10x_md.o(RESET)
 <LI><a href="#[1c]">DMA1_Channel4_IRQHandler</a> from dma_stm32f10x.o(i.DMA1_Channel4_IRQHandler) referenced from startup_stm32f10x_md.o(RESET)
 <LI><a href="#[1d]">DMA1_Channel5_IRQHandler</a> from dma_stm32f10x.o(i.DMA1_Channel5_IRQHandler) referenced from startup_stm32f10x_md.o(RESET)
 <LI><a href="#[1e]">DMA1_Channel6_IRQHandler</a> from dma_stm32f10x.o(i.DMA1_Channel6_IRQHandler) referenced from startup_stm32f10x_md.o(RESET)
 <LI><a href="#[1f]">DMA1_Channel7_IRQHandler</a> from dma_stm32f10x.o(i.DMA1_Channel7_IRQHandler) referenced from startup_stm32f10x_md.o(RESET)
 <LI><a href="#[b]">DebugMon_Handler</a> from stm32f10x_it.o(i.DebugMon_Handler) referenced from startup_stm32f10x_md.o(RESET)
 <LI><a href="#[14]">EXTI0_IRQHandler</a> from startup_stm32f10x_md.o(.text) referenced from startup_stm32f10x_md.o(RESET)
 <LI><a href="#[36]">EXTI15_10_IRQHandler</a> from startup_stm32f10x_md.o(.text) referenced from startup_stm32f10x_md.o(RESET)
 <LI><a href="#[15]">EXTI1_IRQHandler</a> from startup_stm32f10x_md.o(.text) referenced from startup_stm32f10x_md.o(RESET)
 <LI><a href="#[16]">EXTI2_IRQHandler</a> from startup_stm32f10x_md.o(.text) referenced from startup_stm32f10x_md.o(RESET)
 <LI><a href="#[17]">EXTI3_IRQHandler</a> from stm32f10x_it.o(i.EXTI3_IRQHandler) referenced from startup_stm32f10x_md.o(RESET)
 <LI><a href="#[18]">EXTI4_IRQHandler</a> from startup_stm32f10x_md.o(.text) referenced from startup_stm32f10x_md.o(RESET)
 <LI><a href="#[25]">EXTI9_5_IRQHandler</a> from startup_stm32f10x_md.o(.text) referenced from startup_stm32f10x_md.o(RESET)
 <LI><a href="#[12]">FLASH_IRQHandler</a> from startup_stm32f10x_md.o(.text) referenced from startup_stm32f10x_md.o(RESET)
 <LI><a href="#[6]">HardFault_Handler</a> from stm32f10x_it.o(i.HardFault_Handler) referenced from startup_stm32f10x_md.o(RESET)
 <LI><a href="#[2e]">I2C1_ER_IRQHandler</a> from startup_stm32f10x_md.o(.text) referenced from startup_stm32f10x_md.o(RESET)
 <LI><a href="#[2d]">I2C1_EV_IRQHandler</a> from startup_stm32f10x_md.o(.text) referenced from startup_stm32f10x_md.o(RESET)
 <LI><a href="#[30]">I2C2_ER_IRQHandler</a> from startup_stm32f10x_md.o(.text) referenced from startup_stm32f10x_md.o(RESET)
 <LI><a href="#[2f]">I2C2_EV_IRQHandler</a> from startup_stm32f10x_md.o(.text) referenced from startup_stm32f10x_md.o(RESET)
 <LI><a href="#[7]">MemManage_Handler</a> from stm32f10x_it.o(i.MemManage_Handler) referenced from startup_stm32f10x_md.o(RESET)
 <LI><a href="#[5]">NMI_Handler</a> from stm32f10x_it.o(i.NMI_Handler) referenced from startup_stm32f10x_md.o(RESET)
 <LI><a href="#[f]">PVD_IRQHandler</a> from startup_stm32f10x_md.o(.text) referenced from startup_stm32f10x_md.o(RESET)
 <LI><a href="#[c]">PendSV_Handler</a> from hal_cm3.o(.emb_text) referenced from startup_stm32f10x_md.o(RESET)
 <LI><a href="#[13]">RCC_IRQHandler</a> from startup_stm32f10x_md.o(.text) referenced from startup_stm32f10x_md.o(RESET)
 <LI><a href="#[37]">RTCAlarm_IRQHandler</a> from startup_stm32f10x_md.o(.text) referenced from startup_stm32f10x_md.o(RESET)
 <LI><a href="#[11]">RTC_IRQHandler</a> from startup_stm32f10x_md.o(.text) referenced from startup_stm32f10x_md.o(RESET)
 <LI><a href="#[4]">Reset_Handler</a> from startup_stm32f10x_md.o(.text) referenced from startup_stm32f10x_md.o(RESET)
 <LI><a href="#[31]">SPI1_IRQHandler</a> from startup_stm32f10x_md.o(.text) referenced from startup_stm32f10x_md.o(RESET)
 <LI><a href="#[32]">SPI2_IRQHandler</a> from startup_stm32f10x_md.o(.text) referenced from startup_stm32f10x_md.o(RESET)
 <LI><a href="#[a]">SVC_Handler</a> from hal_cm3.o(.emb_text) referenced from startup_stm32f10x_md.o(RESET)
 <LI><a href="#[d]">SysTick_Handler</a> from hal_cm3.o(.emb_text) referenced from startup_stm32f10x_md.o(RESET)
 <LI><a href="#[3b]">SystemInit</a> from system_stm32f10x.o(i.SystemInit) referenced from startup_stm32f10x_md.o(.text)
 <LI><a href="#[10]">TAMPER_IRQHandler</a> from startup_stm32f10x_md.o(.text) referenced from startup_stm32f10x_md.o(RESET)
 <LI><a href="#[26]">TIM1_BRK_IRQHandler</a> from startup_stm32f10x_md.o(.text) referenced from startup_stm32f10x_md.o(RESET)
 <LI><a href="#[29]">TIM1_CC_IRQHandler</a> from startup_stm32f10x_md.o(.text) referenced from startup_stm32f10x_md.o(RESET)
 <LI><a href="#[28]">TIM1_TRG_COM_IRQHandler</a> from startup_stm32f10x_md.o(.text) referenced from startup_stm32f10x_md.o(RESET)
 <LI><a href="#[27]">TIM1_UP_IRQHandler</a> from startup_stm32f10x_md.o(.text) referenced from startup_stm32f10x_md.o(RESET)
 <LI><a href="#[2a]">TIM2_IRQHandler</a> from stm32f10x_it.o(i.TIM2_IRQHandler) referenced from startup_stm32f10x_md.o(RESET)
 <LI><a href="#[2b]">TIM3_IRQHandler</a> from drv_interrupt.o(i.TIM3_IRQHandler) referenced from startup_stm32f10x_md.o(RESET)
 <LI><a href="#[2c]">TIM4_IRQHandler</a> from drv_interrupt.o(i.TIM4_IRQHandler) referenced from startup_stm32f10x_md.o(RESET)
 <LI><a href="#[33]">USART1_IRQHandler</a> from startup_stm32f10x_md.o(.text) referenced from startup_stm32f10x_md.o(RESET)
 <LI><a href="#[34]">USART2_IRQHandler</a> from startup_stm32f10x_md.o(.text) referenced from startup_stm32f10x_md.o(RESET)
 <LI><a href="#[35]">USART3_IRQHandler</a> from startup_stm32f10x_md.o(.text) referenced from startup_stm32f10x_md.o(RESET)
 <LI><a href="#[38]">USBWakeUp_IRQHandler</a> from startup_stm32f10x_md.o(.text) referenced from startup_stm32f10x_md.o(RESET)
 <LI><a href="#[21]">USB_HP_CAN1_TX_IRQHandler</a> from can_stm32f10x.o(i.USB_HP_CAN1_TX_IRQHandler) referenced from startup_stm32f10x_md.o(RESET)
 <LI><a href="#[22]">USB_LP_CAN1_RX0_IRQHandler</a> from can_stm32f10x.o(i.USB_LP_CAN1_RX0_IRQHandler) referenced from startup_stm32f10x_md.o(RESET)
 <LI><a href="#[9]">UsageFault_Handler</a> from stm32f10x_it.o(i.UsageFault_Handler) referenced from startup_stm32f10x_md.o(RESET)
 <LI><a href="#[e]">WWDG_IRQHandler</a> from startup_stm32f10x_md.o(.text) referenced from startup_stm32f10x_md.o(RESET)
 <LI><a href="#[4a]">__main</a> from __main.o(!!!main) referenced from startup_stm32f10x_md.o(.text)
 <LI><a href="#[49]">main</a> from main.o(i.main) referenced from rtx_conf_cm.o(.constdata)
 <LI><a href="#[47]">osThreadExit</a> from rt_cmsis.o(i.osThreadExit) referenced from rt_cmsis.o(i.svcThreadCreate)
 <LI><a href="#[48]">osTimerThread</a> from rt_cmsis.o(i.osTimerThread) referenced from rtx_conf_cm.o(.constdata)
 <LI><a href="#[46]">os_idle_demon</a> from rtx_conf_cm.o(i.os_idle_demon) referenced from rt_task.o(i.rt_sys_init)
 <LI><a href="#[39]">rt_alloc_box</a> from rt_membox.o(i.rt_alloc_box) referenced from hal_cm3.o(.emb_text)
 <LI><a href="#[3a]">rt_free_box</a> from rt_membox.o(i.rt_free_box) referenced from hal_cm3.o(.emb_text)
 <LI><a href="#[3e]">rt_mut_release</a> from rt_mutex.o(i.rt_mut_release) referenced from rtx_conf_cm.o(i._mutex_release)
 <LI><a href="#[3d]">rt_mut_wait</a> from rt_mutex.o(i.rt_mut_wait) referenced from rtx_conf_cm.o(i._mutex_acquire)
 <LI><a href="#[3f]">svcKernelInitialize</a> from rt_cmsis.o(i.svcKernelInitialize) referenced from rt_cmsis.o(i.osKernelInitialize)
 <LI><a href="#[40]">svcKernelStart</a> from rt_cmsis.o(i.svcKernelStart) referenced from rt_cmsis.o(i.osKernelStart)
 <LI><a href="#[41]">svcMessageGet</a> from rt_cmsis.o(i.svcMessageGet) referenced from rt_cmsis.o(i.osMessageGet)
 <LI><a href="#[42]">svcThreadCreate</a> from rt_cmsis.o(i.svcThreadCreate) referenced from rt_cmsis.o(i.osThreadCreate)
 <LI><a href="#[43]">svcThreadGetId</a> from rt_cmsis.o(i.svcThreadGetId) referenced from rt_cmsis.o(i.osThreadExit)
 <LI><a href="#[44]">svcThreadTerminate</a> from rt_cmsis.o(i.svcThreadTerminate) referenced from rt_cmsis.o(i.osThreadExit)
 <LI><a href="#[45]">svcTimerCall</a> from rt_cmsis.o(i.svcTimerCall) referenced from rt_cmsis.o(i.osTimerCall)
</UL>
<P>
<H3>
Global Symbols
</H3>
<P><STRONG><a name="[4a]"></a>__main</STRONG> (Thumb, 8 bytes, Stack size 0 bytes, __main.o(!!!main))
<BR><BR>[Calls]<UL><LI><a href="#[4d]">&gt;&gt;</a>&nbsp;&nbsp;&nbsp;__scatterload
<LI><a href="#[4e]">&gt;&gt;</a>&nbsp;&nbsp;&nbsp;__rt_entry
</UL>

<P><STRONG><a name="[4d]"></a>__scatterload</STRONG> (Thumb, 0 bytes, Stack size unknown bytes, __scatter.o(!!!scatter))
<BR><BR>[Called By]<UL><LI><a href="#[4a]">&gt;&gt;</a>&nbsp;&nbsp;&nbsp;__main
</UL>

<P><STRONG><a name="[4f]"></a>__scatterload_rt2</STRONG> (Thumb, 44 bytes, Stack size unknown bytes, __scatter.o(!!!scatter), UNUSED)
<BR><BR>[Calls]<UL><LI><a href="#[4e]">&gt;&gt;</a>&nbsp;&nbsp;&nbsp;__rt_entry
</UL>

<P><STRONG><a name="[12f]"></a>__scatterload_rt2_thumb_only</STRONG> (Thumb, 0 bytes, Stack size unknown bytes, __scatter.o(!!!scatter), UNUSED)

<P><STRONG><a name="[130]"></a>__scatterload_null</STRONG> (Thumb, 0 bytes, Stack size unknown bytes, __scatter.o(!!!scatter), UNUSED)

<P><STRONG><a name="[50]"></a>__scatterload_copy</STRONG> (Thumb, 26 bytes, Stack size unknown bytes, __scatter_copy.o(!!handler_copy), UNUSED)
<BR><BR>[Calls]<UL><LI><a href="#[50]">&gt;&gt;</a>&nbsp;&nbsp;&nbsp;__scatterload_copy
</UL>
<BR>[Called By]<UL><LI><a href="#[50]">&gt;&gt;</a>&nbsp;&nbsp;&nbsp;__scatterload_copy
</UL>

<P><STRONG><a name="[131]"></a>__scatterload_zeroinit</STRONG> (Thumb, 28 bytes, Stack size unknown bytes, __scatter_zi.o(!!handler_zi), UNUSED)

<P><STRONG><a name="[54]"></a>__rt_lib_init</STRONG> (Thumb, 0 bytes, Stack size unknown bytes, libinit.o(.ARM.Collect$$libinit$$00000000))
<BR><BR>[Called By]<UL><LI><a href="#[53]">&gt;&gt;</a>&nbsp;&nbsp;&nbsp;__rt_entry_li
</UL>

<P><STRONG><a name="[132]"></a>__rt_lib_init_alloca_1</STRONG> (Thumb, 0 bytes, Stack size unknown bytes, libinit2.o(.ARM.Collect$$libinit$$0000002E))

<P><STRONG><a name="[133]"></a>__rt_lib_init_argv_1</STRONG> (Thumb, 0 bytes, Stack size unknown bytes, libinit2.o(.ARM.Collect$$libinit$$0000002C))

<P><STRONG><a name="[134]"></a>__rt_lib_init_atexit_1</STRONG> (Thumb, 0 bytes, Stack size unknown bytes, libinit2.o(.ARM.Collect$$libinit$$0000001B))

<P><STRONG><a name="[135]"></a>__rt_lib_init_clock_1</STRONG> (Thumb, 0 bytes, Stack size unknown bytes, libinit2.o(.ARM.Collect$$libinit$$00000021))

<P><STRONG><a name="[136]"></a>__rt_lib_init_cpp_1</STRONG> (Thumb, 0 bytes, Stack size unknown bytes, libinit2.o(.ARM.Collect$$libinit$$00000032))

<P><STRONG><a name="[137]"></a>__rt_lib_init_exceptions_1</STRONG> (Thumb, 0 bytes, Stack size unknown bytes, libinit2.o(.ARM.Collect$$libinit$$00000030))

<P><STRONG><a name="[138]"></a>__rt_lib_init_fp_1</STRONG> (Thumb, 0 bytes, Stack size unknown bytes, libinit2.o(.ARM.Collect$$libinit$$00000002))

<P><STRONG><a name="[139]"></a>__rt_lib_init_fp_trap_1</STRONG> (Thumb, 0 bytes, Stack size unknown bytes, libinit2.o(.ARM.Collect$$libinit$$0000001F))

<P><STRONG><a name="[13a]"></a>__rt_lib_init_getenv_1</STRONG> (Thumb, 0 bytes, Stack size unknown bytes, libinit2.o(.ARM.Collect$$libinit$$00000023))

<P><STRONG><a name="[13b]"></a>__rt_lib_init_heap_1</STRONG> (Thumb, 0 bytes, Stack size unknown bytes, libinit2.o(.ARM.Collect$$libinit$$0000000A))

<P><STRONG><a name="[13c]"></a>__rt_lib_init_lc_collate_1</STRONG> (Thumb, 0 bytes, Stack size unknown bytes, libinit2.o(.ARM.Collect$$libinit$$00000011))

<P><STRONG><a name="[13d]"></a>__rt_lib_init_lc_ctype_1</STRONG> (Thumb, 0 bytes, Stack size unknown bytes, libinit2.o(.ARM.Collect$$libinit$$00000013))

<P><STRONG><a name="[13e]"></a>__rt_lib_init_lc_monetary_1</STRONG> (Thumb, 0 bytes, Stack size unknown bytes, libinit2.o(.ARM.Collect$$libinit$$00000015))

<P><STRONG><a name="[13f]"></a>__rt_lib_init_lc_numeric_1</STRONG> (Thumb, 0 bytes, Stack size unknown bytes, libinit2.o(.ARM.Collect$$libinit$$00000017))

<P><STRONG><a name="[140]"></a>__rt_lib_init_lc_time_1</STRONG> (Thumb, 0 bytes, Stack size unknown bytes, libinit2.o(.ARM.Collect$$libinit$$00000019))

<P><STRONG><a name="[141]"></a>__rt_lib_init_preinit_1</STRONG> (Thumb, 0 bytes, Stack size unknown bytes, libinit2.o(.ARM.Collect$$libinit$$00000004))

<P><STRONG><a name="[142]"></a>__rt_lib_init_rand_1</STRONG> (Thumb, 0 bytes, Stack size unknown bytes, libinit2.o(.ARM.Collect$$libinit$$0000000E))

<P><STRONG><a name="[143]"></a>__rt_lib_init_return</STRONG> (Thumb, 0 bytes, Stack size unknown bytes, libinit2.o(.ARM.Collect$$libinit$$00000033))

<P><STRONG><a name="[144]"></a>__rt_lib_init_signal_1</STRONG> (Thumb, 0 bytes, Stack size unknown bytes, libinit2.o(.ARM.Collect$$libinit$$0000001D))

<P><STRONG><a name="[145]"></a>__rt_lib_init_stdio_1</STRONG> (Thumb, 0 bytes, Stack size unknown bytes, libinit2.o(.ARM.Collect$$libinit$$00000025))

<P><STRONG><a name="[146]"></a>__rt_lib_init_user_alloc_1</STRONG> (Thumb, 0 bytes, Stack size unknown bytes, libinit2.o(.ARM.Collect$$libinit$$0000000C))

<P><STRONG><a name="[5a]"></a>__rt_lib_shutdown</STRONG> (Thumb, 0 bytes, Stack size unknown bytes, libshutdown.o(.ARM.Collect$$libshutdown$$00000000))
<BR><BR>[Called By]<UL><LI><a href="#[59]">&gt;&gt;</a>&nbsp;&nbsp;&nbsp;__rt_exit_ls
</UL>

<P><STRONG><a name="[147]"></a>__rt_lib_shutdown_cpp_1</STRONG> (Thumb, 0 bytes, Stack size unknown bytes, libshutdown2.o(.ARM.Collect$$libshutdown$$00000002))

<P><STRONG><a name="[148]"></a>__rt_lib_shutdown_fp_trap_1</STRONG> (Thumb, 0 bytes, Stack size unknown bytes, libshutdown2.o(.ARM.Collect$$libshutdown$$00000007))

<P><STRONG><a name="[149]"></a>__rt_lib_shutdown_heap_1</STRONG> (Thumb, 0 bytes, Stack size unknown bytes, libshutdown2.o(.ARM.Collect$$libshutdown$$0000000F))

<P><STRONG><a name="[14a]"></a>__rt_lib_shutdown_return</STRONG> (Thumb, 0 bytes, Stack size unknown bytes, libshutdown2.o(.ARM.Collect$$libshutdown$$00000010))

<P><STRONG><a name="[14b]"></a>__rt_lib_shutdown_signal_1</STRONG> (Thumb, 0 bytes, Stack size unknown bytes, libshutdown2.o(.ARM.Collect$$libshutdown$$0000000A))

<P><STRONG><a name="[14c]"></a>__rt_lib_shutdown_stdio_1</STRONG> (Thumb, 0 bytes, Stack size unknown bytes, libshutdown2.o(.ARM.Collect$$libshutdown$$00000004))

<P><STRONG><a name="[14d]"></a>__rt_lib_shutdown_user_alloc_1</STRONG> (Thumb, 0 bytes, Stack size unknown bytes, libshutdown2.o(.ARM.Collect$$libshutdown$$0000000C))

<P><STRONG><a name="[4e]"></a>__rt_entry</STRONG> (Thumb, 0 bytes, Stack size unknown bytes, __rtentry.o(.ARM.Collect$$rtentry$$00000000))
<BR><BR>[Called By]<UL><LI><a href="#[4f]">&gt;&gt;</a>&nbsp;&nbsp;&nbsp;__scatterload_rt2
<LI><a href="#[4a]">&gt;&gt;</a>&nbsp;&nbsp;&nbsp;__main
</UL>

<P><STRONG><a name="[14e]"></a>__rt_entry_presh_1</STRONG> (Thumb, 0 bytes, Stack size unknown bytes, __rtentry2.o(.ARM.Collect$$rtentry$$00000002))

<P><STRONG><a name="[51]"></a>__rt_entry_sh</STRONG> (Thumb, 0 bytes, Stack size unknown bytes, __rtentry4.o(.ARM.Collect$$rtentry$$00000004))
<BR><BR>[Stack]<UL><LI>Max Depth = 8 + Unknown Stack Size
<LI>Call Chain = __rt_entry_sh &rArr; __user_setup_stackheap
</UL>
<BR>[Calls]<UL><LI><a href="#[52]">&gt;&gt;</a>&nbsp;&nbsp;&nbsp;__user_setup_stackheap
</UL>

<P><STRONG><a name="[53]"></a>__rt_entry_li</STRONG> (Thumb, 0 bytes, Stack size unknown bytes, __rtentry2.o(.ARM.Collect$$rtentry$$0000000A))
<BR><BR>[Calls]<UL><LI><a href="#[54]">&gt;&gt;</a>&nbsp;&nbsp;&nbsp;__rt_lib_init
</UL>

<P><STRONG><a name="[14f]"></a>__rt_entry_postsh_1</STRONG> (Thumb, 0 bytes, Stack size unknown bytes, __rtentry2.o(.ARM.Collect$$rtentry$$00000009))

<P><STRONG><a name="[55]"></a>__rt_entry_postli_1</STRONG> (Thumb, 0 bytes, Stack size unknown bytes, __rtentry2.o(.ARM.Collect$$rtentry$$0000000B))
<BR><BR>[Stack]<UL><LI>Max Depth = 80 + Unknown Stack Size
<LI>Call Chain = __rt_entry_postli_1 &rArr; _platform_post_lib_init &rArr; osKernelInitialize &rArr; svcKernelInitialize &rArr; svcThreadCreate &rArr; rt_tsk_create &rArr; rt_init_context &rArr; rt_init_stack
</UL>
<BR>[Calls]<UL><LI><a href="#[56]">&gt;&gt;</a>&nbsp;&nbsp;&nbsp;_platform_post_lib_init
</UL>

<P><STRONG><a name="[57]"></a>__rt_entry_main</STRONG> (Thumb, 0 bytes, Stack size unknown bytes, __rtentry2.o(.ARM.Collect$$rtentry$$0000000D))
<BR><BR>[Stack]<UL><LI>Max Depth = 1528 + Unknown Stack Size
<LI>Call Chain = __rt_entry_main &rArr; main &rArr; ConfigManager_TagHunting &rArr; FELICA_Initialization &rArr; FELICA_Init &rArr; PCD_WriteRegister &rArr; drv95HF_SendReceive &rArr; drv95HF_SendSPICommand &rArr; SPI_SendReceiveBuffer &rArr; SPI_SendReceiveByte
</UL>
<BR>[Calls]<UL><LI><a href="#[49]">&gt;&gt;</a>&nbsp;&nbsp;&nbsp;main
<LI><a href="#[58]">&gt;&gt;</a>&nbsp;&nbsp;&nbsp;exit
</UL>

<P><STRONG><a name="[65]"></a>__rt_exit</STRONG> (Thumb, 0 bytes, Stack size unknown bytes, rtexit.o(.ARM.Collect$$rtexit$$00000000))
<BR><BR>[Called By]<UL><LI><a href="#[58]">&gt;&gt;</a>&nbsp;&nbsp;&nbsp;exit
</UL>

<P><STRONG><a name="[59]"></a>__rt_exit_ls</STRONG> (Thumb, 0 bytes, Stack size unknown bytes, rtexit2.o(.ARM.Collect$$rtexit$$00000003))
<BR><BR>[Calls]<UL><LI><a href="#[5a]">&gt;&gt;</a>&nbsp;&nbsp;&nbsp;__rt_lib_shutdown
</UL>

<P><STRONG><a name="[150]"></a>__rt_exit_prels_1</STRONG> (Thumb, 0 bytes, Stack size unknown bytes, rtexit2.o(.ARM.Collect$$rtexit$$00000002))

<P><STRONG><a name="[5b]"></a>__rt_exit_exit</STRONG> (Thumb, 0 bytes, Stack size unknown bytes, rtexit2.o(.ARM.Collect$$rtexit$$00000004))
<BR><BR>[Calls]<UL><LI><a href="#[5c]">&gt;&gt;</a>&nbsp;&nbsp;&nbsp;_sys_exit
</UL>

<P><STRONG><a name="[56]"></a>_platform_post_lib_init</STRONG> (Thumb, 24 bytes, Stack size 0 bytes, rtx_conf_cm.o(.emb_text))
<BR><BR>[Stack]<UL><LI>Max Depth = 80 + Unknown Stack Size
<LI>Call Chain = _platform_post_lib_init &rArr; osKernelInitialize &rArr; svcKernelInitialize &rArr; svcThreadCreate &rArr; rt_tsk_create &rArr; rt_init_context &rArr; rt_init_stack
</UL>
<BR>[Calls]<UL><LI><a href="#[5e]">&gt;&gt;</a>&nbsp;&nbsp;&nbsp;osThreadCreate
<LI><a href="#[5f]">&gt;&gt;</a>&nbsp;&nbsp;&nbsp;osKernelStart
<LI><a href="#[5d]">&gt;&gt;</a>&nbsp;&nbsp;&nbsp;osKernelInitialize
<LI><a href="#[58]">&gt;&gt;</a>&nbsp;&nbsp;&nbsp;exit
</UL>
<BR>[Called By]<UL><LI><a href="#[55]">&gt;&gt;</a>&nbsp;&nbsp;&nbsp;__rt_entry_postli_1
</UL>

<P><STRONG><a name="[151]"></a>rt_set_PSP</STRONG> (Thumb, 6 bytes, Stack size 0 bytes, hal_cm3.o(.emb_text), UNUSED)

<P><STRONG><a name="[122]"></a>rt_get_PSP</STRONG> (Thumb, 6 bytes, Stack size 0 bytes, hal_cm3.o(.emb_text))
<BR><BR>[Called By]<UL><LI><a href="#[121]">&gt;&gt;</a>&nbsp;&nbsp;&nbsp;rt_tsk_delete
</UL>

<P><STRONG><a name="[152]"></a>os_set_env</STRONG> (Thumb, 24 bytes, Stack size 0 bytes, hal_cm3.o(.emb_text), UNUSED)

<P><STRONG><a name="[153]"></a>_alloc_box</STRONG> (Thumb, 28 bytes, Stack size 0 bytes, hal_cm3.o(.emb_text), UNUSED)

<P><STRONG><a name="[154]"></a>_free_box</STRONG> (Thumb, 28 bytes, Stack size 0 bytes, hal_cm3.o(.emb_text), UNUSED)

<P><STRONG><a name="[a]"></a>SVC_Handler</STRONG> (Thumb, 108 bytes, Stack size 0 bytes, hal_cm3.o(.emb_text))
<BR><BR>[Calls]<UL><LI><a href="#[60]">&gt;&gt;</a>&nbsp;&nbsp;&nbsp;rt_stk_check
</UL>
<BR>[Address Reference Count : 1]<UL><LI> startup_stm32f10x_md.o(RESET)
</UL>
<P><STRONG><a name="[c]"></a>PendSV_Handler</STRONG> (Thumb, 56 bytes, Stack size 0 bytes, hal_cm3.o(.emb_text))
<BR><BR>[Stack]<UL><LI>Max Depth = 52<LI>Call Chain = PendSV_Handler &rArr; rt_pop_req &rArr; rt_mbx_psh &rArr; rt_put_prio
</UL>
<BR>[Calls]<UL><LI><a href="#[61]">&gt;&gt;</a>&nbsp;&nbsp;&nbsp;rt_pop_req
<LI><a href="#[60]">&gt;&gt;</a>&nbsp;&nbsp;&nbsp;rt_stk_check
</UL>
<BR>[Address Reference Count : 1]<UL><LI> startup_stm32f10x_md.o(RESET)
</UL>
<P><STRONG><a name="[d]"></a>SysTick_Handler</STRONG> (Thumb, 8 bytes, Stack size 0 bytes, hal_cm3.o(.emb_text))
<BR><BR>[Stack]<UL><LI>Max Depth = 72<LI>Call Chain = SysTick_Handler &rArr; rt_systick &rArr; sysTimerTick &rArr; isrMessagePut &rArr; isr_mbx_send &rArr; rt_psq_enq
</UL>
<BR>[Calls]<UL><LI><a href="#[62]">&gt;&gt;</a>&nbsp;&nbsp;&nbsp;rt_systick
</UL>
<BR>[Address Reference Count : 1]<UL><LI> startup_stm32f10x_md.o(RESET)
</UL>
<P><STRONG><a name="[63]"></a>OS_Tick_Handler</STRONG> (Thumb, 12 bytes, Stack size 0 bytes, hal_cm3.o(.emb_text), UNUSED)
<BR><BR>[Calls]<UL><LI><a href="#[64]">&gt;&gt;</a>&nbsp;&nbsp;&nbsp;os_tick_irqack
<LI><a href="#[62]">&gt;&gt;</a>&nbsp;&nbsp;&nbsp;rt_systick
</UL>

<P><STRONG><a name="[4]"></a>Reset_Handler</STRONG> (Thumb, 8 bytes, Stack size 0 bytes, startup_stm32f10x_md.o(.text))
<BR>[Address Reference Count : 1]<UL><LI> startup_stm32f10x_md.o(RESET)
</UL>
<P><STRONG><a name="[20]"></a>ADC1_2_IRQHandler</STRONG> (Thumb, 0 bytes, Stack size 0 bytes, startup_stm32f10x_md.o(.text))
<BR><BR>[Calls]<UL><LI><a href="#[20]">&gt;&gt;</a>&nbsp;&nbsp;&nbsp;ADC1_2_IRQHandler
</UL>
<BR>[Called By]<UL><LI><a href="#[20]">&gt;&gt;</a>&nbsp;&nbsp;&nbsp;ADC1_2_IRQHandler
</UL>
<BR>[Address Reference Count : 1]<UL><LI> startup_stm32f10x_md.o(RESET)
</UL>
<P><STRONG><a name="[14]"></a>EXTI0_IRQHandler</STRONG> (Thumb, 0 bytes, Stack size 0 bytes, startup_stm32f10x_md.o(.text))
<BR>[Address Reference Count : 1]<UL><LI> startup_stm32f10x_md.o(RESET)
</UL>
<P><STRONG><a name="[36]"></a>EXTI15_10_IRQHandler</STRONG> (Thumb, 0 bytes, Stack size 0 bytes, startup_stm32f10x_md.o(.text))
<BR>[Address Reference Count : 1]<UL><LI> startup_stm32f10x_md.o(RESET)
</UL>
<P><STRONG><a name="[15]"></a>EXTI1_IRQHandler</STRONG> (Thumb, 0 bytes, Stack size 0 bytes, startup_stm32f10x_md.o(.text))
<BR>[Address Reference Count : 1]<UL><LI> startup_stm32f10x_md.o(RESET)
</UL>
<P><STRONG><a name="[16]"></a>EXTI2_IRQHandler</STRONG> (Thumb, 0 bytes, Stack size 0 bytes, startup_stm32f10x_md.o(.text))
<BR>[Address Reference Count : 1]<UL><LI> startup_stm32f10x_md.o(RESET)
</UL>
<P><STRONG><a name="[18]"></a>EXTI4_IRQHandler</STRONG> (Thumb, 0 bytes, Stack size 0 bytes, startup_stm32f10x_md.o(.text))
<BR>[Address Reference Count : 1]<UL><LI> startup_stm32f10x_md.o(RESET)
</UL>
<P><STRONG><a name="[25]"></a>EXTI9_5_IRQHandler</STRONG> (Thumb, 0 bytes, Stack size 0 bytes, startup_stm32f10x_md.o(.text))
<BR>[Address Reference Count : 1]<UL><LI> startup_stm32f10x_md.o(RESET)
</UL>
<P><STRONG><a name="[12]"></a>FLASH_IRQHandler</STRONG> (Thumb, 0 bytes, Stack size 0 bytes, startup_stm32f10x_md.o(.text))
<BR>[Address Reference Count : 1]<UL><LI> startup_stm32f10x_md.o(RESET)
</UL>
<P><STRONG><a name="[2e]"></a>I2C1_ER_IRQHandler</STRONG> (Thumb, 0 bytes, Stack size 0 bytes, startup_stm32f10x_md.o(.text))
<BR>[Address Reference Count : 1]<UL><LI> startup_stm32f10x_md.o(RESET)
</UL>
<P><STRONG><a name="[2d]"></a>I2C1_EV_IRQHandler</STRONG> (Thumb, 0 bytes, Stack size 0 bytes, startup_stm32f10x_md.o(.text))
<BR>[Address Reference Count : 1]<UL><LI> startup_stm32f10x_md.o(RESET)
</UL>
<P><STRONG><a name="[30]"></a>I2C2_ER_IRQHandler</STRONG> (Thumb, 0 bytes, Stack size 0 bytes, startup_stm32f10x_md.o(.text))
<BR>[Address Reference Count : 1]<UL><LI> startup_stm32f10x_md.o(RESET)
</UL>
<P><STRONG><a name="[2f]"></a>I2C2_EV_IRQHandler</STRONG> (Thumb, 0 bytes, Stack size 0 bytes, startup_stm32f10x_md.o(.text))
<BR>[Address Reference Count : 1]<UL><LI> startup_stm32f10x_md.o(RESET)
</UL>
<P><STRONG><a name="[f]"></a>PVD_IRQHandler</STRONG> (Thumb, 0 bytes, Stack size 0 bytes, startup_stm32f10x_md.o(.text))
<BR>[Address Reference Count : 1]<UL><LI> startup_stm32f10x_md.o(RESET)
</UL>
<P><STRONG><a name="[13]"></a>RCC_IRQHandler</STRONG> (Thumb, 0 bytes, Stack size 0 bytes, startup_stm32f10x_md.o(.text))
<BR>[Address Reference Count : 1]<UL><LI> startup_stm32f10x_md.o(RESET)
</UL>
<P><STRONG><a name="[37]"></a>RTCAlarm_IRQHandler</STRONG> (Thumb, 0 bytes, Stack size 0 bytes, startup_stm32f10x_md.o(.text))
<BR>[Address Reference Count : 1]<UL><LI> startup_stm32f10x_md.o(RESET)
</UL>
<P><STRONG><a name="[11]"></a>RTC_IRQHandler</STRONG> (Thumb, 0 bytes, Stack size 0 bytes, startup_stm32f10x_md.o(.text))
<BR>[Address Reference Count : 1]<UL><LI> startup_stm32f10x_md.o(RESET)
</UL>
<P><STRONG><a name="[31]"></a>SPI1_IRQHandler</STRONG> (Thumb, 0 bytes, Stack size 0 bytes, startup_stm32f10x_md.o(.text))
<BR>[Address Reference Count : 1]<UL><LI> startup_stm32f10x_md.o(RESET)
</UL>
<P><STRONG><a name="[32]"></a>SPI2_IRQHandler</STRONG> (Thumb, 0 bytes, Stack size 0 bytes, startup_stm32f10x_md.o(.text))
<BR>[Address Reference Count : 1]<UL><LI> startup_stm32f10x_md.o(RESET)
</UL>
<P><STRONG><a name="[10]"></a>TAMPER_IRQHandler</STRONG> (Thumb, 0 bytes, Stack size 0 bytes, startup_stm32f10x_md.o(.text))
<BR>[Address Reference Count : 1]<UL><LI> startup_stm32f10x_md.o(RESET)
</UL>
<P><STRONG><a name="[26]"></a>TIM1_BRK_IRQHandler</STRONG> (Thumb, 0 bytes, Stack size 0 bytes, startup_stm32f10x_md.o(.text))
<BR>[Address Reference Count : 1]<UL><LI> startup_stm32f10x_md.o(RESET)
</UL>
<P><STRONG><a name="[29]"></a>TIM1_CC_IRQHandler</STRONG> (Thumb, 0 bytes, Stack size 0 bytes, startup_stm32f10x_md.o(.text))
<BR>[Address Reference Count : 1]<UL><LI> startup_stm32f10x_md.o(RESET)
</UL>
<P><STRONG><a name="[28]"></a>TIM1_TRG_COM_IRQHandler</STRONG> (Thumb, 0 bytes, Stack size 0 bytes, startup_stm32f10x_md.o(.text))
<BR>[Address Reference Count : 1]<UL><LI> startup_stm32f10x_md.o(RESET)
</UL>
<P><STRONG><a name="[27]"></a>TIM1_UP_IRQHandler</STRONG> (Thumb, 0 bytes, Stack size 0 bytes, startup_stm32f10x_md.o(.text))
<BR>[Address Reference Count : 1]<UL><LI> startup_stm32f10x_md.o(RESET)
</UL>
<P><STRONG><a name="[33]"></a>USART1_IRQHandler</STRONG> (Thumb, 0 bytes, Stack size 0 bytes, startup_stm32f10x_md.o(.text))
<BR>[Address Reference Count : 1]<UL><LI> startup_stm32f10x_md.o(RESET)
</UL>
<P><STRONG><a name="[34]"></a>USART2_IRQHandler</STRONG> (Thumb, 0 bytes, Stack size 0 bytes, startup_stm32f10x_md.o(.text))
<BR>[Address Reference Count : 1]<UL><LI> startup_stm32f10x_md.o(RESET)
</UL>
<P><STRONG><a name="[35]"></a>USART3_IRQHandler</STRONG> (Thumb, 0 bytes, Stack size 0 bytes, startup_stm32f10x_md.o(.text))
<BR>[Address Reference Count : 1]<UL><LI> startup_stm32f10x_md.o(RESET)
</UL>
<P><STRONG><a name="[38]"></a>USBWakeUp_IRQHandler</STRONG> (Thumb, 0 bytes, Stack size 0 bytes, startup_stm32f10x_md.o(.text))
<BR>[Address Reference Count : 1]<UL><LI> startup_stm32f10x_md.o(RESET)
</UL>
<P><STRONG><a name="[e]"></a>WWDG_IRQHandler</STRONG> (Thumb, 0 bytes, Stack size 0 bytes, startup_stm32f10x_md.o(.text))
<BR>[Address Reference Count : 1]<UL><LI> startup_stm32f10x_md.o(RESET)
</UL>
<P><STRONG><a name="[6b]"></a>__user_initial_stackheap</STRONG> (Thumb, 0 bytes, Stack size unknown bytes, startup_stm32f10x_md.o(.text))
<BR><BR>[Called By]<UL><LI><a href="#[52]">&gt;&gt;</a>&nbsp;&nbsp;&nbsp;__user_setup_stackheap
</UL>

<P><STRONG><a name="[155]"></a>__user_libspace</STRONG> (Thumb, 8 bytes, Stack size 0 bytes, libspace.o(.text), UNUSED)

<P><STRONG><a name="[6a]"></a>__user_perproc_libspace</STRONG> (Thumb, 0 bytes, Stack size 0 bytes, libspace.o(.text))
<BR><BR>[Called By]<UL><LI><a href="#[52]">&gt;&gt;</a>&nbsp;&nbsp;&nbsp;__user_setup_stackheap
</UL>

<P><STRONG><a name="[58]"></a>exit</STRONG> (Thumb, 18 bytes, Stack size 8 bytes, exit.o(.text))
<BR><BR>[Stack]<UL><LI>Max Depth = 8 + Unknown Stack Size
<LI>Call Chain = exit
</UL>
<BR>[Calls]<UL><LI><a href="#[65]">&gt;&gt;</a>&nbsp;&nbsp;&nbsp;__rt_exit
</UL>
<BR>[Called By]<UL><LI><a href="#[56]">&gt;&gt;</a>&nbsp;&nbsp;&nbsp;_platform_post_lib_init
<LI><a href="#[57]">&gt;&gt;</a>&nbsp;&nbsp;&nbsp;__rt_entry_main
</UL>

<P><STRONG><a name="[fe]"></a>memcmp</STRONG> (Thumb, 88 bytes, Stack size 8 bytes, memcmp.o(.text))
<BR><BR>[Stack]<UL><LI>Max Depth = 8<LI>Call Chain = memcmp
</UL>
<BR>[Called By]<UL><LI><a href="#[49]">&gt;&gt;</a>&nbsp;&nbsp;&nbsp;main
</UL>

<P><STRONG><a name="[ff]"></a>strlen</STRONG> (Thumb, 62 bytes, Stack size 8 bytes, strlen.o(.text))
<BR><BR>[Stack]<UL><LI>Max Depth = 8<LI>Call Chain = strlen
</UL>
<BR>[Called By]<UL><LI><a href="#[49]">&gt;&gt;</a>&nbsp;&nbsp;&nbsp;main
</UL>

<P><STRONG><a name="[93]"></a>__aeabi_memcpy</STRONG> (Thumb, 0 bytes, Stack size 0 bytes, rt_memcpy_v6.o(.text))
<BR><BR>[Called By]<UL><LI><a href="#[49]">&gt;&gt;</a>&nbsp;&nbsp;&nbsp;main
<LI><a href="#[ab]">&gt;&gt;</a>&nbsp;&nbsp;&nbsp;ISO14443B_CompleteStruture
<LI><a href="#[8f]">&gt;&gt;</a>&nbsp;&nbsp;&nbsp;PCD_WriteRegister
<LI><a href="#[8e]">&gt;&gt;</a>&nbsp;&nbsp;&nbsp;PCD_ProtocolSelect
<LI><a href="#[9a]">&gt;&gt;</a>&nbsp;&nbsp;&nbsp;PCD_SendRecv
<LI><a href="#[80]">&gt;&gt;</a>&nbsp;&nbsp;&nbsp;FELICA_IsPresent
</UL>

<P><STRONG><a name="[66]"></a>__rt_memcpy</STRONG> (Thumb, 138 bytes, Stack size 0 bytes, rt_memcpy_v6.o(.text), UNUSED)
<BR><BR>[Calls]<UL><LI><a href="#[67]">&gt;&gt;</a>&nbsp;&nbsp;&nbsp;__aeabi_memcpy4
</UL>

<P><STRONG><a name="[156]"></a>_memcpy_lastbytes</STRONG> (Thumb, 0 bytes, Stack size unknown bytes, rt_memcpy_v6.o(.text), UNUSED)

<P><STRONG><a name="[af]"></a>__aeabi_memclr</STRONG> (Thumb, 0 bytes, Stack size 0 bytes, rt_memclr.o(.text))
<BR><BR>[Called By]<UL><LI><a href="#[ad]">&gt;&gt;</a>&nbsp;&nbsp;&nbsp;ISO14443B_InitStructure
</UL>

<P><STRONG><a name="[68]"></a>__rt_memclr</STRONG> (Thumb, 68 bytes, Stack size 0 bytes, rt_memclr.o(.text), UNUSED)
<BR><BR>[Calls]<UL><LI><a href="#[69]">&gt;&gt;</a>&nbsp;&nbsp;&nbsp;_memset_w
</UL>

<P><STRONG><a name="[157]"></a>_memset</STRONG> (Thumb, 0 bytes, Stack size unknown bytes, rt_memclr.o(.text), UNUSED)

<P><STRONG><a name="[91]"></a>__aeabi_memclr4</STRONG> (Thumb, 0 bytes, Stack size 4 bytes, rt_memclr_w.o(.text))
<BR><BR>[Stack]<UL><LI>Max Depth = 4<LI>Call Chain = __aeabi_memclr4
</UL>
<BR>[Called By]<UL><LI><a href="#[80]">&gt;&gt;</a>&nbsp;&nbsp;&nbsp;FELICA_IsPresent
</UL>

<P><STRONG><a name="[158]"></a>__aeabi_memclr8</STRONG> (Thumb, 0 bytes, Stack size 4 bytes, rt_memclr_w.o(.text), UNUSED)

<P><STRONG><a name="[159]"></a>__rt_memclr_w</STRONG> (Thumb, 78 bytes, Stack size 4 bytes, rt_memclr_w.o(.text), UNUSED)

<P><STRONG><a name="[69]"></a>_memset_w</STRONG> (Thumb, 0 bytes, Stack size unknown bytes, rt_memclr_w.o(.text), UNUSED)
<BR><BR>[Called By]<UL><LI><a href="#[68]">&gt;&gt;</a>&nbsp;&nbsp;&nbsp;__rt_memclr
</UL>

<P><STRONG><a name="[15a]"></a>__use_two_region_memory</STRONG> (Thumb, 2 bytes, Stack size 0 bytes, heapauxi.o(.text), UNUSED)

<P><STRONG><a name="[15b]"></a>__rt_heap_escrow$2region</STRONG> (Thumb, 2 bytes, Stack size 0 bytes, heapauxi.o(.text), UNUSED)

<P><STRONG><a name="[15c]"></a>__rt_heap_expand$2region</STRONG> (Thumb, 2 bytes, Stack size 0 bytes, heapauxi.o(.text), UNUSED)

<P><STRONG><a name="[67]"></a>__aeabi_memcpy4</STRONG> (Thumb, 0 bytes, Stack size 8 bytes, rt_memcpy_w.o(.text), UNUSED)
<BR><BR>[Called By]<UL><LI><a href="#[66]">&gt;&gt;</a>&nbsp;&nbsp;&nbsp;__rt_memcpy
</UL>

<P><STRONG><a name="[15d]"></a>__aeabi_memcpy8</STRONG> (Thumb, 0 bytes, Stack size 8 bytes, rt_memcpy_w.o(.text), UNUSED)

<P><STRONG><a name="[15e]"></a>__rt_memcpy_w</STRONG> (Thumb, 100 bytes, Stack size 8 bytes, rt_memcpy_w.o(.text), UNUSED)

<P><STRONG><a name="[15f]"></a>_memcpy_lastbytes_aligned</STRONG> (Thumb, 0 bytes, Stack size unknown bytes, rt_memcpy_w.o(.text), UNUSED)

<P><STRONG><a name="[5c]"></a>_sys_exit</STRONG> (Thumb, 8 bytes, Stack size 0 bytes, sys_exit.o(.text))
<BR><BR>[Called By]<UL><LI><a href="#[5b]">&gt;&gt;</a>&nbsp;&nbsp;&nbsp;__rt_exit_exit
</UL>

<P><STRONG><a name="[52]"></a>__user_setup_stackheap</STRONG> (Thumb, 74 bytes, Stack size 8 bytes, sys_stackheap_outer.o(.text))
<BR><BR>[Stack]<UL><LI>Max Depth = 8 + Unknown Stack Size
<LI>Call Chain = __user_setup_stackheap
</UL>
<BR>[Calls]<UL><LI><a href="#[6b]">&gt;&gt;</a>&nbsp;&nbsp;&nbsp;__user_initial_stackheap
<LI><a href="#[6a]">&gt;&gt;</a>&nbsp;&nbsp;&nbsp;__user_perproc_libspace
</UL>
<BR>[Called By]<UL><LI><a href="#[51]">&gt;&gt;</a>&nbsp;&nbsp;&nbsp;__rt_entry_sh
</UL>

<P><STRONG><a name="[160]"></a>__I$use$semihosting</STRONG> (Thumb, 0 bytes, Stack size 0 bytes, use_no_semi.o(.text), UNUSED)

<P><STRONG><a name="[161]"></a>__use_no_semihosting_swi</STRONG> (Thumb, 2 bytes, Stack size 0 bytes, use_no_semi.o(.text), UNUSED)

<P><STRONG><a name="[162]"></a>__semihosting_library_function</STRONG> (Thumb, 0 bytes, Stack size unknown bytes, indicate_semi.o(.text), UNUSED)

<P><STRONG><a name="[8]"></a>BusFault_Handler</STRONG> (Thumb, 4 bytes, Stack size 0 bytes, stm32f10x_it.o(i.BusFault_Handler))
<BR>[Address Reference Count : 1]<UL><LI> startup_stm32f10x_md.o(RESET)
</UL>
<P><STRONG><a name="[23]"></a>CAN1_RX1_IRQHandler</STRONG> (Thumb, 218 bytes, Stack size 16 bytes, can_stm32f10x.o(i.CAN1_RX1_IRQHandler))
<BR><BR>[Stack]<UL><LI>Max Depth = 16<LI>Call Chain = CAN1_RX1_IRQHandler
</UL>
<BR>[Address Reference Count : 1]<UL><LI> startup_stm32f10x_md.o(RESET)
</UL>
<P><STRONG><a name="[24]"></a>CAN1_SCE_IRQHandler</STRONG> (Thumb, 140 bytes, Stack size 16 bytes, can_stm32f10x.o(i.CAN1_SCE_IRQHandler))
<BR><BR>[Stack]<UL><LI>Max Depth = 16<LI>Call Chain = CAN1_SCE_IRQHandler
</UL>
<BR>[Address Reference Count : 1]<UL><LI> startup_stm32f10x_md.o(RESET)
</UL>
<P><STRONG><a name="[6c]"></a>ConfigManager_HWInit</STRONG> (Thumb, 26 bytes, Stack size 8 bytes, lib_configmanager.o(i.ConfigManager_HWInit))
<BR><BR>[Stack]<UL><LI>Max Depth = 624<LI>Call Chain = ConfigManager_HWInit &rArr; ConfigManager_PORsequence &rArr; drv95HF_SendReceive &rArr; drv95HF_SendSPICommand &rArr; SPI_SendReceiveBuffer &rArr; SPI_SendReceiveByte
</UL>
<BR>[Calls]<UL><LI><a href="#[6e]">&gt;&gt;</a>&nbsp;&nbsp;&nbsp;ConfigManager_PORsequence
<LI><a href="#[6d]">&gt;&gt;</a>&nbsp;&nbsp;&nbsp;ConfigManager_Init
<LI><a href="#[6f]">&gt;&gt;</a>&nbsp;&nbsp;&nbsp;ConfigManager_IDN
</UL>
<BR>[Called By]<UL><LI><a href="#[49]">&gt;&gt;</a>&nbsp;&nbsp;&nbsp;main
</UL>

<P><STRONG><a name="[77]"></a>ConfigManager_TagHunting</STRONG> (Thumb, 222 bytes, Stack size 8 bytes, lib_configmanager.o(i.ConfigManager_TagHunting))
<BR><BR>[Stack]<UL><LI>Max Depth = 1464<LI>Call Chain = ConfigManager_TagHunting &rArr; FELICA_Initialization &rArr; FELICA_Init &rArr; PCD_WriteRegister &rArr; drv95HF_SendReceive &rArr; drv95HF_SendSPICommand &rArr; SPI_SendReceiveBuffer &rArr; SPI_SendReceiveByte
</UL>
<BR>[Calls]<UL><LI><a href="#[78]">&gt;&gt;</a>&nbsp;&nbsp;&nbsp;ConfigManager_Start
<LI><a href="#[7a]">&gt;&gt;</a>&nbsp;&nbsp;&nbsp;delay_ms
<LI><a href="#[7d]">&gt;&gt;</a>&nbsp;&nbsp;&nbsp;TOPAZ_ID
<LI><a href="#[79]">&gt;&gt;</a>&nbsp;&nbsp;&nbsp;PCD_FieldOff
<LI><a href="#[83]">&gt;&gt;</a>&nbsp;&nbsp;&nbsp;ISO15693_GetUID
<LI><a href="#[81]">&gt;&gt;</a>&nbsp;&nbsp;&nbsp;ISO14443B_IsPresent
<LI><a href="#[82]">&gt;&gt;</a>&nbsp;&nbsp;&nbsp;ISO14443B_Anticollision
<LI><a href="#[7c]">&gt;&gt;</a>&nbsp;&nbsp;&nbsp;ISO14443A_IsPresent
<LI><a href="#[7b]">&gt;&gt;</a>&nbsp;&nbsp;&nbsp;ISO14443A_Init
<LI><a href="#[7e]">&gt;&gt;</a>&nbsp;&nbsp;&nbsp;ISO14443A_Anticollision
<LI><a href="#[80]">&gt;&gt;</a>&nbsp;&nbsp;&nbsp;FELICA_IsPresent
<LI><a href="#[7f]">&gt;&gt;</a>&nbsp;&nbsp;&nbsp;FELICA_Initialization
</UL>
<BR>[Called By]<UL><LI><a href="#[49]">&gt;&gt;</a>&nbsp;&nbsp;&nbsp;main
</UL>

<P><STRONG><a name="[84]"></a>DMA1_Channel1_Event</STRONG> (Thumb, 2 bytes, Stack size 0 bytes, dma_stm32f10x.o(i.DMA1_Channel1_Event))
<BR><BR>[Called By]<UL><LI><a href="#[19]">&gt;&gt;</a>&nbsp;&nbsp;&nbsp;DMA1_Channel1_IRQHandler
</UL>

<P><STRONG><a name="[19]"></a>DMA1_Channel1_IRQHandler</STRONG> (Thumb, 22 bytes, Stack size 8 bytes, dma_stm32f10x.o(i.DMA1_Channel1_IRQHandler))
<BR><BR>[Stack]<UL><LI>Max Depth = 8<LI>Call Chain = DMA1_Channel1_IRQHandler
</UL>
<BR>[Calls]<UL><LI><a href="#[84]">&gt;&gt;</a>&nbsp;&nbsp;&nbsp;DMA1_Channel1_Event
</UL>
<BR>[Address Reference Count : 1]<UL><LI> startup_stm32f10x_md.o(RESET)
</UL>
<P><STRONG><a name="[85]"></a>DMA1_Channel2_Event</STRONG> (Thumb, 2 bytes, Stack size 0 bytes, dma_stm32f10x.o(i.DMA1_Channel2_Event))
<BR><BR>[Called By]<UL><LI><a href="#[1a]">&gt;&gt;</a>&nbsp;&nbsp;&nbsp;DMA1_Channel2_IRQHandler
</UL>

<P><STRONG><a name="[1a]"></a>DMA1_Channel2_IRQHandler</STRONG> (Thumb, 24 bytes, Stack size 8 bytes, dma_stm32f10x.o(i.DMA1_Channel2_IRQHandler))
<BR><BR>[Stack]<UL><LI>Max Depth = 8<LI>Call Chain = DMA1_Channel2_IRQHandler
</UL>
<BR>[Calls]<UL><LI><a href="#[85]">&gt;&gt;</a>&nbsp;&nbsp;&nbsp;DMA1_Channel2_Event
</UL>
<BR>[Address Reference Count : 1]<UL><LI> startup_stm32f10x_md.o(RESET)
</UL>
<P><STRONG><a name="[86]"></a>DMA1_Channel3_Event</STRONG> (Thumb, 2 bytes, Stack size 0 bytes, dma_stm32f10x.o(i.DMA1_Channel3_Event))
<BR><BR>[Called By]<UL><LI><a href="#[1b]">&gt;&gt;</a>&nbsp;&nbsp;&nbsp;DMA1_Channel3_IRQHandler
</UL>

<P><STRONG><a name="[1b]"></a>DMA1_Channel3_IRQHandler</STRONG> (Thumb, 24 bytes, Stack size 8 bytes, dma_stm32f10x.o(i.DMA1_Channel3_IRQHandler))
<BR><BR>[Stack]<UL><LI>Max Depth = 8<LI>Call Chain = DMA1_Channel3_IRQHandler
</UL>
<BR>[Calls]<UL><LI><a href="#[86]">&gt;&gt;</a>&nbsp;&nbsp;&nbsp;DMA1_Channel3_Event
</UL>
<BR>[Address Reference Count : 1]<UL><LI> startup_stm32f10x_md.o(RESET)
</UL>
<P><STRONG><a name="[87]"></a>DMA1_Channel4_Event</STRONG> (Thumb, 2 bytes, Stack size 0 bytes, dma_stm32f10x.o(i.DMA1_Channel4_Event))
<BR><BR>[Called By]<UL><LI><a href="#[1c]">&gt;&gt;</a>&nbsp;&nbsp;&nbsp;DMA1_Channel4_IRQHandler
</UL>

<P><STRONG><a name="[1c]"></a>DMA1_Channel4_IRQHandler</STRONG> (Thumb, 24 bytes, Stack size 8 bytes, dma_stm32f10x.o(i.DMA1_Channel4_IRQHandler))
<BR><BR>[Stack]<UL><LI>Max Depth = 8<LI>Call Chain = DMA1_Channel4_IRQHandler
</UL>
<BR>[Calls]<UL><LI><a href="#[87]">&gt;&gt;</a>&nbsp;&nbsp;&nbsp;DMA1_Channel4_Event
</UL>
<BR>[Address Reference Count : 1]<UL><LI> startup_stm32f10x_md.o(RESET)
</UL>
<P><STRONG><a name="[88]"></a>DMA1_Channel5_Event</STRONG> (Thumb, 2 bytes, Stack size 0 bytes, dma_stm32f10x.o(i.DMA1_Channel5_Event))
<BR><BR>[Called By]<UL><LI><a href="#[1d]">&gt;&gt;</a>&nbsp;&nbsp;&nbsp;DMA1_Channel5_IRQHandler
</UL>

<P><STRONG><a name="[1d]"></a>DMA1_Channel5_IRQHandler</STRONG> (Thumb, 24 bytes, Stack size 8 bytes, dma_stm32f10x.o(i.DMA1_Channel5_IRQHandler))
<BR><BR>[Stack]<UL><LI>Max Depth = 8<LI>Call Chain = DMA1_Channel5_IRQHandler
</UL>
<BR>[Calls]<UL><LI><a href="#[88]">&gt;&gt;</a>&nbsp;&nbsp;&nbsp;DMA1_Channel5_Event
</UL>
<BR>[Address Reference Count : 1]<UL><LI> startup_stm32f10x_md.o(RESET)
</UL>
<P><STRONG><a name="[89]"></a>DMA1_Channel6_Event</STRONG> (Thumb, 2 bytes, Stack size 0 bytes, dma_stm32f10x.o(i.DMA1_Channel6_Event))
<BR><BR>[Called By]<UL><LI><a href="#[1e]">&gt;&gt;</a>&nbsp;&nbsp;&nbsp;DMA1_Channel6_IRQHandler
</UL>

<P><STRONG><a name="[1e]"></a>DMA1_Channel6_IRQHandler</STRONG> (Thumb, 24 bytes, Stack size 8 bytes, dma_stm32f10x.o(i.DMA1_Channel6_IRQHandler))
<BR><BR>[Stack]<UL><LI>Max Depth = 8<LI>Call Chain = DMA1_Channel6_IRQHandler
</UL>
<BR>[Calls]<UL><LI><a href="#[89]">&gt;&gt;</a>&nbsp;&nbsp;&nbsp;DMA1_Channel6_Event
</UL>
<BR>[Address Reference Count : 1]<UL><LI> startup_stm32f10x_md.o(RESET)
</UL>
<P><STRONG><a name="[8a]"></a>DMA1_Channel7_Event</STRONG> (Thumb, 2 bytes, Stack size 0 bytes, dma_stm32f10x.o(i.DMA1_Channel7_Event))
<BR><BR>[Called By]<UL><LI><a href="#[1f]">&gt;&gt;</a>&nbsp;&nbsp;&nbsp;DMA1_Channel7_IRQHandler
</UL>

<P><STRONG><a name="[1f]"></a>DMA1_Channel7_IRQHandler</STRONG> (Thumb, 24 bytes, Stack size 8 bytes, dma_stm32f10x.o(i.DMA1_Channel7_IRQHandler))
<BR><BR>[Stack]<UL><LI>Max Depth = 8<LI>Call Chain = DMA1_Channel7_IRQHandler
</UL>
<BR>[Calls]<UL><LI><a href="#[8a]">&gt;&gt;</a>&nbsp;&nbsp;&nbsp;DMA1_Channel7_Event
</UL>
<BR>[Address Reference Count : 1]<UL><LI> startup_stm32f10x_md.o(RESET)
</UL>
<P><STRONG><a name="[b]"></a>DebugMon_Handler</STRONG> (Thumb, 2 bytes, Stack size 0 bytes, stm32f10x_it.o(i.DebugMon_Handler))
<BR>[Address Reference Count : 1]<UL><LI> startup_stm32f10x_md.o(RESET)
</UL>
<P><STRONG><a name="[17]"></a>EXTI3_IRQHandler</STRONG> (Thumb, 48 bytes, Stack size 8 bytes, stm32f10x_it.o(i.EXTI3_IRQHandler))
<BR><BR>[Stack]<UL><LI>Max Depth = 8<LI>Call Chain = EXTI3_IRQHandler
</UL>
<BR>[Calls]<UL><LI><a href="#[8b]">&gt;&gt;</a>&nbsp;&nbsp;&nbsp;EXTI_GetITStatus
<LI><a href="#[8c]">&gt;&gt;</a>&nbsp;&nbsp;&nbsp;EXTI_ClearITPendingBit
</UL>
<BR>[Address Reference Count : 1]<UL><LI> startup_stm32f10x_md.o(RESET)
</UL>
<P><STRONG><a name="[8c]"></a>EXTI_ClearITPendingBit</STRONG> (Thumb, 6 bytes, Stack size 0 bytes, stm32f10x_exti.o(i.EXTI_ClearITPendingBit))
<BR><BR>[Called By]<UL><LI><a href="#[17]">&gt;&gt;</a>&nbsp;&nbsp;&nbsp;EXTI3_IRQHandler
</UL>

<P><STRONG><a name="[8b]"></a>EXTI_GetITStatus</STRONG> (Thumb, 34 bytes, Stack size 0 bytes, stm32f10x_exti.o(i.EXTI_GetITStatus))
<BR><BR>[Called By]<UL><LI><a href="#[17]">&gt;&gt;</a>&nbsp;&nbsp;&nbsp;EXTI3_IRQHandler
</UL>

<P><STRONG><a name="[ee]"></a>EXTI_Init</STRONG> (Thumb, 142 bytes, Stack size 0 bytes, stm32f10x_exti.o(i.EXTI_Init))
<BR><BR>[Called By]<UL><LI><a href="#[dd]">&gt;&gt;</a>&nbsp;&nbsp;&nbsp;drvInt_Enable_Reply_IRQ
<LI><a href="#[ea]">&gt;&gt;</a>&nbsp;&nbsp;&nbsp;drvInt_Enable_RFEvent_IRQ
</UL>

<P><STRONG><a name="[7f]"></a>FELICA_Initialization</STRONG> (Thumb, 18 bytes, Stack size 536 bytes, lib_iso18092pcd.o(i.FELICA_Initialization))
<BR><BR>[Stack]<UL><LI>Max Depth = 1456<LI>Call Chain = FELICA_Initialization &rArr; FELICA_Init &rArr; PCD_WriteRegister &rArr; drv95HF_SendReceive &rArr; drv95HF_SendSPICommand &rArr; SPI_SendReceiveBuffer &rArr; SPI_SendReceiveByte
</UL>
<BR>[Calls]<UL><LI><a href="#[8d]">&gt;&gt;</a>&nbsp;&nbsp;&nbsp;FELICA_Init
</UL>
<BR>[Called By]<UL><LI><a href="#[77]">&gt;&gt;</a>&nbsp;&nbsp;&nbsp;ConfigManager_TagHunting
</UL>

<P><STRONG><a name="[80]"></a>FELICA_IsPresent</STRONG> (Thumb, 82 bytes, Stack size 536 bytes, lib_iso18092pcd.o(i.FELICA_IsPresent))
<BR><BR>[Stack]<UL><LI>Max Depth = 1160<LI>Call Chain = FELICA_IsPresent &rArr; FELICA_REQC &rArr; PCD_CheckSendReceive &rArr; drv95HF_SendReceive &rArr; drv95HF_SendSPICommand &rArr; SPI_SendReceiveBuffer &rArr; SPI_SendReceiveByte
</UL>
<BR>[Calls]<UL><LI><a href="#[92]">&gt;&gt;</a>&nbsp;&nbsp;&nbsp;FELICA_REQC
<LI><a href="#[91]">&gt;&gt;</a>&nbsp;&nbsp;&nbsp;__aeabi_memclr4
<LI><a href="#[93]">&gt;&gt;</a>&nbsp;&nbsp;&nbsp;__aeabi_memcpy
</UL>
<BR>[Called By]<UL><LI><a href="#[77]">&gt;&gt;</a>&nbsp;&nbsp;&nbsp;ConfigManager_TagHunting
</UL>

<P><STRONG><a name="[97]"></a>GPIO_Init</STRONG> (Thumb, 278 bytes, Stack size 24 bytes, stm32f10x_gpio.o(i.GPIO_Init))
<BR><BR>[Stack]<UL><LI>Max Depth = 24<LI>Call Chain = GPIO_Init
</UL>
<BR>[Called By]<UL><LI><a href="#[96]">&gt;&gt;</a>&nbsp;&nbsp;&nbsp;IRQOut_GPIO_Config
<LI><a href="#[de]">&gt;&gt;</a>&nbsp;&nbsp;&nbsp;drv95HF_GPIOConfigSPI
<LI><a href="#[ba]">&gt;&gt;</a>&nbsp;&nbsp;&nbsp;LED_Config
<LI><a href="#[fa]">&gt;&gt;</a>&nbsp;&nbsp;&nbsp;usr_fwdUARTInit
</UL>

<P><STRONG><a name="[e1]"></a>GPIO_ReadInputDataBit</STRONG> (Thumb, 18 bytes, Stack size 0 bytes, stm32f10x_gpio.o(i.GPIO_ReadInputDataBit))
<BR><BR>[Called By]<UL><LI><a href="#[e0]">&gt;&gt;</a>&nbsp;&nbsp;&nbsp;drv95HF_GetInterfacePinState
</UL>

<P><STRONG><a name="[e6]"></a>GPIO_ResetBits</STRONG> (Thumb, 4 bytes, Stack size 0 bytes, stm32f10x_gpio.o(i.GPIO_ResetBits))
<BR><BR>[Called By]<UL><LI><a href="#[e9]">&gt;&gt;</a>&nbsp;&nbsp;&nbsp;drv95HF_SendSPICommand
<LI><a href="#[76]">&gt;&gt;</a>&nbsp;&nbsp;&nbsp;drv95HF_ResetSPI
<LI><a href="#[e5]">&gt;&gt;</a>&nbsp;&nbsp;&nbsp;drv95HF_ReceiveSPIResponse
<LI><a href="#[e8]">&gt;&gt;</a>&nbsp;&nbsp;&nbsp;drv95HF_SPIPollingCommand
</UL>

<P><STRONG><a name="[df]"></a>GPIO_SetBits</STRONG> (Thumb, 4 bytes, Stack size 0 bytes, stm32f10x_gpio.o(i.GPIO_SetBits))
<BR><BR>[Called By]<UL><LI><a href="#[e9]">&gt;&gt;</a>&nbsp;&nbsp;&nbsp;drv95HF_SendSPICommand
<LI><a href="#[76]">&gt;&gt;</a>&nbsp;&nbsp;&nbsp;drv95HF_ResetSPI
<LI><a href="#[e5]">&gt;&gt;</a>&nbsp;&nbsp;&nbsp;drv95HF_ReceiveSPIResponse
<LI><a href="#[e8]">&gt;&gt;</a>&nbsp;&nbsp;&nbsp;drv95HF_SPIPollingCommand
<LI><a href="#[de]">&gt;&gt;</a>&nbsp;&nbsp;&nbsp;drv95HF_GPIOConfigSPI
</UL>

<P><STRONG><a name="[98]"></a>GPIO_WriteBit</STRONG> (Thumb, 10 bytes, Stack size 0 bytes, stm32f10x_gpio.o(i.GPIO_WriteBit))
<BR><BR>[Called By]<UL><LI><a href="#[96]">&gt;&gt;</a>&nbsp;&nbsp;&nbsp;IRQOut_GPIO_Config
<LI><a href="#[74]">&gt;&gt;</a>&nbsp;&nbsp;&nbsp;drv95HF_SendIRQINPulse
</UL>

<P><STRONG><a name="[6]"></a>HardFault_Handler</STRONG> (Thumb, 4 bytes, Stack size 0 bytes, stm32f10x_it.o(i.HardFault_Handler))
<BR>[Address Reference Count : 1]<UL><LI> startup_stm32f10x_md.o(RESET)
</UL>
<P><STRONG><a name="[fd]"></a>Hex2Char</STRONG> (Thumb, 72 bytes, Stack size 12 bytes, main.o(i.Hex2Char))
<BR><BR>[Stack]<UL><LI>Max Depth = 12<LI>Call Chain = Hex2Char
</UL>
<BR>[Called By]<UL><LI><a href="#[49]">&gt;&gt;</a>&nbsp;&nbsp;&nbsp;main
</UL>

<P><STRONG><a name="[95]"></a>IRQOut_Config</STRONG> (Thumb, 8 bytes, Stack size 8 bytes, drv_interrupt.o(i.IRQOut_Config))
<BR><BR>[Stack]<UL><LI>Max Depth = 40<LI>Call Chain = IRQOut_Config &rArr; IRQOut_GPIO_Config &rArr; GPIO_Init
</UL>
<BR>[Calls]<UL><LI><a href="#[96]">&gt;&gt;</a>&nbsp;&nbsp;&nbsp;IRQOut_GPIO_Config
</UL>
<BR>[Called By]<UL><LI><a href="#[73]">&gt;&gt;</a>&nbsp;&nbsp;&nbsp;drv95HF_InitilizeSerialInterface
</UL>

<P><STRONG><a name="[7e]"></a>ISO14443A_Anticollision</STRONG> (Thumb, 180 bytes, Stack size 16 bytes, lib_iso14443apcd.o(i.ISO14443A_Anticollision))
<BR><BR>[Stack]<UL><LI>Max Depth = 984<LI>Call Chain = ISO14443A_Anticollision &rArr; ISO14443A_ACLevel3 &rArr; ISO14443A_AC &rArr; PCD_SendRecv &rArr; drv95HF_SendReceive &rArr; drv95HF_SendSPICommand &rArr; SPI_SendReceiveBuffer &rArr; SPI_SendReceiveByte
</UL>
<BR>[Calls]<UL><LI><a href="#[9e]">&gt;&gt;</a>&nbsp;&nbsp;&nbsp;ISO14443A_ConfigFDTforRATS
<LI><a href="#[9f]">&gt;&gt;</a>&nbsp;&nbsp;&nbsp;ISO14443A_RATS
<LI><a href="#[9d]">&gt;&gt;</a>&nbsp;&nbsp;&nbsp;ISO14443A_ACLevel3
<LI><a href="#[9c]">&gt;&gt;</a>&nbsp;&nbsp;&nbsp;ISO14443A_ACLevel2
<LI><a href="#[9b]">&gt;&gt;</a>&nbsp;&nbsp;&nbsp;ISO14443A_ACLevel1
<LI><a href="#[a0]">&gt;&gt;</a>&nbsp;&nbsp;&nbsp;ISO14443A_ConfigFDT
</UL>
<BR>[Called By]<UL><LI><a href="#[77]">&gt;&gt;</a>&nbsp;&nbsp;&nbsp;ConfigManager_TagHunting
</UL>

<P><STRONG><a name="[a0]"></a>ISO14443A_ConfigFDT</STRONG> (Thumb, 172 bytes, Stack size 40 bytes, lib_iso14443apcd.o(i.ISO14443A_ConfigFDT))
<BR><BR>[Stack]<UL><LI>Max Depth = 928<LI>Call Chain = ISO14443A_ConfigFDT &rArr; PCD_WriteRegister &rArr; drv95HF_SendReceive &rArr; drv95HF_SendSPICommand &rArr; SPI_SendReceiveBuffer &rArr; SPI_SendReceiveByte
</UL>
<BR>[Calls]<UL><LI><a href="#[8f]">&gt;&gt;</a>&nbsp;&nbsp;&nbsp;PCD_WriteRegister
<LI><a href="#[8e]">&gt;&gt;</a>&nbsp;&nbsp;&nbsp;PCD_ProtocolSelect
</UL>
<BR>[Called By]<UL><LI><a href="#[7e]">&gt;&gt;</a>&nbsp;&nbsp;&nbsp;ISO14443A_Anticollision
</UL>

<P><STRONG><a name="[a1]"></a>ISO14443A_ConfigFDTforAnticollision</STRONG> (Thumb, 138 bytes, Stack size 40 bytes, lib_iso14443apcd.o(i.ISO14443A_ConfigFDTforAnticollision))
<BR><BR>[Stack]<UL><LI>Max Depth = 928<LI>Call Chain = ISO14443A_ConfigFDTforAnticollision &rArr; PCD_WriteRegister &rArr; drv95HF_SendReceive &rArr; drv95HF_SendSPICommand &rArr; SPI_SendReceiveBuffer &rArr; SPI_SendReceiveByte
</UL>
<BR>[Calls]<UL><LI><a href="#[8f]">&gt;&gt;</a>&nbsp;&nbsp;&nbsp;PCD_WriteRegister
<LI><a href="#[8e]">&gt;&gt;</a>&nbsp;&nbsp;&nbsp;PCD_ProtocolSelect
</UL>
<BR>[Called By]<UL><LI><a href="#[7b]">&gt;&gt;</a>&nbsp;&nbsp;&nbsp;ISO14443A_Init
</UL>

<P><STRONG><a name="[9e]"></a>ISO14443A_ConfigFDTforRATS</STRONG> (Thumb, 156 bytes, Stack size 40 bytes, lib_iso14443apcd.o(i.ISO14443A_ConfigFDTforRATS))
<BR><BR>[Stack]<UL><LI>Max Depth = 928<LI>Call Chain = ISO14443A_ConfigFDTforRATS &rArr; PCD_WriteRegister &rArr; drv95HF_SendReceive &rArr; drv95HF_SendSPICommand &rArr; SPI_SendReceiveBuffer &rArr; SPI_SendReceiveByte
</UL>
<BR>[Calls]<UL><LI><a href="#[8f]">&gt;&gt;</a>&nbsp;&nbsp;&nbsp;PCD_WriteRegister
<LI><a href="#[8e]">&gt;&gt;</a>&nbsp;&nbsp;&nbsp;PCD_ProtocolSelect
</UL>
<BR>[Called By]<UL><LI><a href="#[7e]">&gt;&gt;</a>&nbsp;&nbsp;&nbsp;ISO14443A_Anticollision
</UL>

<P><STRONG><a name="[7b]"></a>ISO14443A_Init</STRONG> (Thumb, 46 bytes, Stack size 8 bytes, lib_iso14443apcd.o(i.ISO14443A_Init))
<BR><BR>[Stack]<UL><LI>Max Depth = 936<LI>Call Chain = ISO14443A_Init &rArr; ISO14443A_ConfigFDTforAnticollision &rArr; PCD_WriteRegister &rArr; drv95HF_SendReceive &rArr; drv95HF_SendSPICommand &rArr; SPI_SendReceiveBuffer &rArr; SPI_SendReceiveByte
</UL>
<BR>[Calls]<UL><LI><a href="#[90]">&gt;&gt;</a>&nbsp;&nbsp;&nbsp;delay_us
<LI><a href="#[a1]">&gt;&gt;</a>&nbsp;&nbsp;&nbsp;ISO14443A_ConfigFDTforAnticollision
<LI><a href="#[a2]">&gt;&gt;</a>&nbsp;&nbsp;&nbsp;ISO14443A_InitStructure
</UL>
<BR>[Called By]<UL><LI><a href="#[77]">&gt;&gt;</a>&nbsp;&nbsp;&nbsp;ConfigManager_TagHunting
</UL>

<P><STRONG><a name="[7c]"></a>ISO14443A_IsPresent</STRONG> (Thumb, 60 bytes, Stack size 16 bytes, lib_iso14443apcd.o(i.ISO14443A_IsPresent))
<BR><BR>[Stack]<UL><LI>Max Depth = 912<LI>Call Chain = ISO14443A_IsPresent &rArr; ISO14443A_REQA &rArr; PCD_SendRecv &rArr; drv95HF_SendReceive &rArr; drv95HF_SendSPICommand &rArr; SPI_SendReceiveBuffer &rArr; SPI_SendReceiveByte
</UL>
<BR>[Calls]<UL><LI><a href="#[a4]">&gt;&gt;</a>&nbsp;&nbsp;&nbsp;PCD_IsReaderResultCodeOk
<LI><a href="#[a3]">&gt;&gt;</a>&nbsp;&nbsp;&nbsp;ISO14443A_REQA
</UL>
<BR>[Called By]<UL><LI><a href="#[77]">&gt;&gt;</a>&nbsp;&nbsp;&nbsp;ConfigManager_TagHunting
</UL>

<P><STRONG><a name="[82]"></a>ISO14443B_Anticollision</STRONG> (Thumb, 76 bytes, Stack size 16 bytes, lib_iso14443bpcd.o(i.ISO14443B_Anticollision))
<BR><BR>[Stack]<UL><LI>Max Depth = 928<LI>Call Chain = ISO14443B_Anticollision &rArr; ISO14443B_AttriB &rArr; PCD_SendRecv &rArr; drv95HF_SendReceive &rArr; drv95HF_SendSPICommand &rArr; SPI_SendReceiveBuffer &rArr; SPI_SendReceiveByte
</UL>
<BR>[Calls]<UL><LI><a href="#[aa]">&gt;&gt;</a>&nbsp;&nbsp;&nbsp;ISO14443B_AttriB
<LI><a href="#[8e]">&gt;&gt;</a>&nbsp;&nbsp;&nbsp;PCD_ProtocolSelect
</UL>
<BR>[Called By]<UL><LI><a href="#[77]">&gt;&gt;</a>&nbsp;&nbsp;&nbsp;ConfigManager_TagHunting
</UL>

<P><STRONG><a name="[aa]"></a>ISO14443B_AttriB</STRONG> (Thumb, 78 bytes, Stack size 32 bytes, lib_iso14443bpcd.o(i.ISO14443B_AttriB))
<BR><BR>[Stack]<UL><LI>Max Depth = 912<LI>Call Chain = ISO14443B_AttriB &rArr; PCD_SendRecv &rArr; drv95HF_SendReceive &rArr; drv95HF_SendSPICommand &rArr; SPI_SendReceiveBuffer &rArr; SPI_SendReceiveByte
</UL>
<BR>[Calls]<UL><LI><a href="#[a5]">&gt;&gt;</a>&nbsp;&nbsp;&nbsp;PCD_IsCRCOk
<LI><a href="#[9a]">&gt;&gt;</a>&nbsp;&nbsp;&nbsp;PCD_SendRecv
</UL>
<BR>[Called By]<UL><LI><a href="#[82]">&gt;&gt;</a>&nbsp;&nbsp;&nbsp;ISO14443B_Anticollision
</UL>

<P><STRONG><a name="[ac]"></a>ISO14443B_Init</STRONG> (Thumb, 106 bytes, Stack size 32 bytes, lib_iso14443bpcd.o(i.ISO14443B_Init))
<BR><BR>[Stack]<UL><LI>Max Depth = 960<LI>Call Chain = ISO14443B_Init &rArr; ISO14443B_WriteAndCheckARConfigB &rArr; ISO14443B_WriteARConfigB &rArr; PCD_WriteRegister &rArr; drv95HF_SendReceive &rArr; drv95HF_SendSPICommand &rArr; SPI_SendReceiveBuffer &rArr; SPI_SendReceiveByte
</UL>
<BR>[Calls]<UL><LI><a href="#[90]">&gt;&gt;</a>&nbsp;&nbsp;&nbsp;delay_us
<LI><a href="#[ae]">&gt;&gt;</a>&nbsp;&nbsp;&nbsp;ISO14443B_WriteAndCheckARConfigB
<LI><a href="#[ad]">&gt;&gt;</a>&nbsp;&nbsp;&nbsp;ISO14443B_InitStructure
<LI><a href="#[8e]">&gt;&gt;</a>&nbsp;&nbsp;&nbsp;PCD_ProtocolSelect
</UL>
<BR>[Called By]<UL><LI><a href="#[81]">&gt;&gt;</a>&nbsp;&nbsp;&nbsp;ISO14443B_IsPresent
</UL>

<P><STRONG><a name="[81]"></a>ISO14443B_IsPresent</STRONG> (Thumb, 50 bytes, Stack size 16 bytes, lib_iso14443bpcd.o(i.ISO14443B_IsPresent))
<BR><BR>[Stack]<UL><LI>Max Depth = 976<LI>Call Chain = ISO14443B_IsPresent &rArr; ISO14443B_Init &rArr; ISO14443B_WriteAndCheckARConfigB &rArr; ISO14443B_WriteARConfigB &rArr; PCD_WriteRegister &rArr; drv95HF_SendReceive &rArr; drv95HF_SendSPICommand &rArr; SPI_SendReceiveBuffer &rArr; SPI_SendReceiveByte
</UL>
<BR>[Calls]<UL><LI><a href="#[b0]">&gt;&gt;</a>&nbsp;&nbsp;&nbsp;ISO14443B_ReqB
<LI><a href="#[ac]">&gt;&gt;</a>&nbsp;&nbsp;&nbsp;ISO14443B_Init
</UL>
<BR>[Called By]<UL><LI><a href="#[77]">&gt;&gt;</a>&nbsp;&nbsp;&nbsp;ConfigManager_TagHunting
</UL>

<P><STRONG><a name="[b0]"></a>ISO14443B_ReqB</STRONG> (Thumb, 54 bytes, Stack size 16 bytes, lib_iso14443bpcd.o(i.ISO14443B_ReqB))
<BR><BR>[Stack]<UL><LI>Max Depth = 896<LI>Call Chain = ISO14443B_ReqB &rArr; PCD_SendRecv &rArr; drv95HF_SendReceive &rArr; drv95HF_SendSPICommand &rArr; SPI_SendReceiveBuffer &rArr; SPI_SendReceiveByte
</UL>
<BR>[Calls]<UL><LI><a href="#[ab]">&gt;&gt;</a>&nbsp;&nbsp;&nbsp;ISO14443B_CompleteStruture
<LI><a href="#[9a]">&gt;&gt;</a>&nbsp;&nbsp;&nbsp;PCD_SendRecv
</UL>
<BR>[Called By]<UL><LI><a href="#[81]">&gt;&gt;</a>&nbsp;&nbsp;&nbsp;ISO14443B_IsPresent
</UL>

<P><STRONG><a name="[83]"></a>ISO15693_GetUID</STRONG> (Thumb, 140 bytes, Stack size 56 bytes, lib_iso15693pcd.o(i.ISO15693_GetUID))
<BR><BR>[Stack]<UL><LI>Max Depth = 1008<LI>Call Chain = ISO15693_GetUID &rArr; ISO15693_Inventory &rArr; PCD_SendRecv &rArr; drv95HF_SendReceive &rArr; drv95HF_SendSPICommand &rArr; SPI_SendReceiveBuffer &rArr; SPI_SendReceiveByte
</UL>
<BR>[Calls]<UL><LI><a href="#[7a]">&gt;&gt;</a>&nbsp;&nbsp;&nbsp;delay_ms
<LI><a href="#[b2]">&gt;&gt;</a>&nbsp;&nbsp;&nbsp;ISO15693_Init
<LI><a href="#[b4]">&gt;&gt;</a>&nbsp;&nbsp;&nbsp;ISO15693_Inventory
<LI><a href="#[b3]">&gt;&gt;</a>&nbsp;&nbsp;&nbsp;ISO15693_CreateRequestFlag
</UL>
<BR>[Called By]<UL><LI><a href="#[77]">&gt;&gt;</a>&nbsp;&nbsp;&nbsp;ConfigManager_TagHunting
</UL>

<P><STRONG><a name="[b2]"></a>ISO15693_Init</STRONG> (Thumb, 108 bytes, Stack size 24 bytes, lib_iso15693pcd.o(i.ISO15693_Init))
<BR><BR>[Stack]<UL><LI>Max Depth = 912<LI>Call Chain = ISO15693_Init &rArr; PCD_WriteRegister &rArr; drv95HF_SendReceive &rArr; drv95HF_SendSPICommand &rArr; SPI_SendReceiveBuffer &rArr; SPI_SendReceiveByte
</UL>
<BR>[Calls]<UL><LI><a href="#[8f]">&gt;&gt;</a>&nbsp;&nbsp;&nbsp;PCD_WriteRegister
<LI><a href="#[8e]">&gt;&gt;</a>&nbsp;&nbsp;&nbsp;PCD_ProtocolSelect
<LI><a href="#[a4]">&gt;&gt;</a>&nbsp;&nbsp;&nbsp;PCD_IsReaderResultCodeOk
</UL>
<BR>[Called By]<UL><LI><a href="#[83]">&gt;&gt;</a>&nbsp;&nbsp;&nbsp;ISO15693_GetUID
</UL>

<P><STRONG><a name="[b7]"></a>Interrupts_Config</STRONG> (Thumb, 180 bytes, Stack size 8 bytes, hw_config.o(i.Interrupts_Config))
<BR><BR>[Stack]<UL><LI>Max Depth = 24<LI>Call Chain = Interrupts_Config &rArr; NVIC_Init
</UL>
<BR>[Calls]<UL><LI><a href="#[b8]">&gt;&gt;</a>&nbsp;&nbsp;&nbsp;NVIC_PriorityGroupConfig
<LI><a href="#[b9]">&gt;&gt;</a>&nbsp;&nbsp;&nbsp;NVIC_Init
</UL>
<BR>[Called By]<UL><LI><a href="#[49]">&gt;&gt;</a>&nbsp;&nbsp;&nbsp;main
</UL>

<P><STRONG><a name="[ba]"></a>LED_Config</STRONG> (Thumb, 52 bytes, Stack size 16 bytes, drv_led.o(i.LED_Config))
<BR><BR>[Stack]<UL><LI>Max Depth = 40<LI>Call Chain = LED_Config &rArr; GPIO_Init
</UL>
<BR>[Calls]<UL><LI><a href="#[bb]">&gt;&gt;</a>&nbsp;&nbsp;&nbsp;RCC_APB2PeriphClockCmd
<LI><a href="#[97]">&gt;&gt;</a>&nbsp;&nbsp;&nbsp;GPIO_Init
</UL>
<BR>[Called By]<UL><LI><a href="#[49]">&gt;&gt;</a>&nbsp;&nbsp;&nbsp;main
</UL>

<P><STRONG><a name="[fc]"></a>LED_Off</STRONG> (Thumb, 16 bytes, Stack size 0 bytes, drv_led.o(i.LED_Off))
<BR><BR>[Called By]<UL><LI><a href="#[49]">&gt;&gt;</a>&nbsp;&nbsp;&nbsp;main
</UL>

<P><STRONG><a name="[fb]"></a>LED_On</STRONG> (Thumb, 16 bytes, Stack size 0 bytes, drv_led.o(i.LED_On))
<BR><BR>[Called By]<UL><LI><a href="#[49]">&gt;&gt;</a>&nbsp;&nbsp;&nbsp;main
</UL>

<P><STRONG><a name="[7]"></a>MemManage_Handler</STRONG> (Thumb, 4 bytes, Stack size 0 bytes, stm32f10x_it.o(i.MemManage_Handler))
<BR>[Address Reference Count : 1]<UL><LI> startup_stm32f10x_md.o(RESET)
</UL>
<P><STRONG><a name="[5]"></a>NMI_Handler</STRONG> (Thumb, 2 bytes, Stack size 0 bytes, stm32f10x_it.o(i.NMI_Handler))
<BR>[Address Reference Count : 1]<UL><LI> startup_stm32f10x_md.o(RESET)
</UL>
<P><STRONG><a name="[b9]"></a>NVIC_Init</STRONG> (Thumb, 100 bytes, Stack size 16 bytes, misc.o(i.NVIC_Init))
<BR><BR>[Stack]<UL><LI>Max Depth = 16<LI>Call Chain = NVIC_Init
</UL>
<BR>[Called By]<UL><LI><a href="#[dc]">&gt;&gt;</a>&nbsp;&nbsp;&nbsp;delayHighPriority_ms
<LI><a href="#[b7]">&gt;&gt;</a>&nbsp;&nbsp;&nbsp;Interrupts_Config
</UL>

<P><STRONG><a name="[b8]"></a>NVIC_PriorityGroupConfig</STRONG> (Thumb, 10 bytes, Stack size 0 bytes, misc.o(i.NVIC_PriorityGroupConfig))
<BR><BR>[Called By]<UL><LI><a href="#[b7]">&gt;&gt;</a>&nbsp;&nbsp;&nbsp;Interrupts_Config
</UL>

<P><STRONG><a name="[94]"></a>PCD_CheckSendReceive</STRONG> (Thumb, 32 bytes, Stack size 16 bytes, lib_pcd.o(i.PCD_CheckSendReceive))
<BR><BR>[Stack]<UL><LI>Max Depth = 616<LI>Call Chain = PCD_CheckSendReceive &rArr; drv95HF_SendReceive &rArr; drv95HF_SendSPICommand &rArr; SPI_SendReceiveBuffer &rArr; SPI_SendReceiveByte
</UL>
<BR>[Calls]<UL><LI><a href="#[70]">&gt;&gt;</a>&nbsp;&nbsp;&nbsp;drv95HF_SendReceive
<LI><a href="#[a4]">&gt;&gt;</a>&nbsp;&nbsp;&nbsp;PCD_IsReaderResultCodeOk
</UL>
<BR>[Called By]<UL><LI><a href="#[92]">&gt;&gt;</a>&nbsp;&nbsp;&nbsp;FELICA_REQC
<LI><a href="#[7d]">&gt;&gt;</a>&nbsp;&nbsp;&nbsp;TOPAZ_ID
</UL>

<P><STRONG><a name="[bc]"></a>PCD_Echo</STRONG> (Thumb, 22 bytes, Stack size 16 bytes, lib_pcd.o(i.PCD_Echo))
<BR><BR>[Stack]<UL><LI>Max Depth = 616<LI>Call Chain = PCD_Echo &rArr; drv95HF_SendReceive &rArr; drv95HF_SendSPICommand &rArr; SPI_SendReceiveBuffer &rArr; SPI_SendReceiveByte
</UL>
<BR>[Calls]<UL><LI><a href="#[70]">&gt;&gt;</a>&nbsp;&nbsp;&nbsp;drv95HF_SendReceive
</UL>
<BR>[Called By]<UL><LI><a href="#[bd]">&gt;&gt;</a>&nbsp;&nbsp;&nbsp;PCD_PORsequence
<LI><a href="#[8e]">&gt;&gt;</a>&nbsp;&nbsp;&nbsp;PCD_ProtocolSelect
</UL>

<P><STRONG><a name="[79]"></a>PCD_FieldOff</STRONG> (Thumb, 20 bytes, Stack size 24 bytes, lib_pcd.o(i.PCD_FieldOff))
<BR><BR>[Stack]<UL><LI>Max Depth = 688<LI>Call Chain = PCD_FieldOff &rArr; PCD_ProtocolSelect &rArr; PCD_PORsequence &rArr; PCD_Echo &rArr; drv95HF_SendReceive &rArr; drv95HF_SendSPICommand &rArr; SPI_SendReceiveBuffer &rArr; SPI_SendReceiveByte
</UL>
<BR>[Calls]<UL><LI><a href="#[8e]">&gt;&gt;</a>&nbsp;&nbsp;&nbsp;PCD_ProtocolSelect
</UL>
<BR>[Called By]<UL><LI><a href="#[77]">&gt;&gt;</a>&nbsp;&nbsp;&nbsp;ConfigManager_TagHunting
</UL>

<P><STRONG><a name="[a5]"></a>PCD_IsCRCOk</STRONG> (Thumb, 106 bytes, Stack size 0 bytes, lib_pcd.o(i.PCD_IsCRCOk))
<BR><BR>[Called By]<UL><LI><a href="#[aa]">&gt;&gt;</a>&nbsp;&nbsp;&nbsp;ISO14443B_AttriB
<LI><a href="#[9f]">&gt;&gt;</a>&nbsp;&nbsp;&nbsp;ISO14443A_RATS
</UL>

<P><STRONG><a name="[a4]"></a>PCD_IsReaderResultCodeOk</STRONG> (Thumb, 254 bytes, Stack size 0 bytes, lib_pcd.o(i.PCD_IsReaderResultCodeOk))
<BR><BR>[Called By]<UL><LI><a href="#[b2]">&gt;&gt;</a>&nbsp;&nbsp;&nbsp;ISO15693_Init
<LI><a href="#[b4]">&gt;&gt;</a>&nbsp;&nbsp;&nbsp;ISO15693_Inventory
<LI><a href="#[a9]">&gt;&gt;</a>&nbsp;&nbsp;&nbsp;PCD_ReadRegister
<LI><a href="#[94]">&gt;&gt;</a>&nbsp;&nbsp;&nbsp;PCD_CheckSendReceive
<LI><a href="#[9f]">&gt;&gt;</a>&nbsp;&nbsp;&nbsp;ISO14443A_RATS
<LI><a href="#[9a]">&gt;&gt;</a>&nbsp;&nbsp;&nbsp;PCD_SendRecv
<LI><a href="#[7c]">&gt;&gt;</a>&nbsp;&nbsp;&nbsp;ISO14443A_IsPresent
</UL>

<P><STRONG><a name="[bd]"></a>PCD_PORsequence</STRONG> (Thumb, 110 bytes, Stack size 8 bytes, lib_pcd.o(i.PCD_PORsequence))
<BR><BR>[Stack]<UL><LI>Max Depth = 624<LI>Call Chain = PCD_PORsequence &rArr; PCD_Echo &rArr; drv95HF_SendReceive &rArr; drv95HF_SendSPICommand &rArr; SPI_SendReceiveBuffer &rArr; SPI_SendReceiveByte
</UL>
<BR>[Calls]<UL><LI><a href="#[76]">&gt;&gt;</a>&nbsp;&nbsp;&nbsp;drv95HF_ResetSPI
<LI><a href="#[bc]">&gt;&gt;</a>&nbsp;&nbsp;&nbsp;PCD_Echo
</UL>
<BR>[Called By]<UL><LI><a href="#[8e]">&gt;&gt;</a>&nbsp;&nbsp;&nbsp;PCD_ProtocolSelect
</UL>

<P><STRONG><a name="[8e]"></a>PCD_ProtocolSelect</STRONG> (Thumb, 108 bytes, Stack size 40 bytes, lib_pcd.o(i.PCD_ProtocolSelect))
<BR><BR>[Stack]<UL><LI>Max Depth = 664<LI>Call Chain = PCD_ProtocolSelect &rArr; PCD_PORsequence &rArr; PCD_Echo &rArr; drv95HF_SendReceive &rArr; drv95HF_SendSPICommand &rArr; SPI_SendReceiveBuffer &rArr; SPI_SendReceiveByte
</UL>
<BR>[Calls]<UL><LI><a href="#[70]">&gt;&gt;</a>&nbsp;&nbsp;&nbsp;drv95HF_SendReceive
<LI><a href="#[bd]">&gt;&gt;</a>&nbsp;&nbsp;&nbsp;PCD_PORsequence
<LI><a href="#[bc]">&gt;&gt;</a>&nbsp;&nbsp;&nbsp;PCD_Echo
<LI><a href="#[be]">&gt;&gt;</a>&nbsp;&nbsp;&nbsp;IsAnAvailableProtocol
<LI><a href="#[93]">&gt;&gt;</a>&nbsp;&nbsp;&nbsp;__aeabi_memcpy
</UL>
<BR>[Called By]<UL><LI><a href="#[8d]">&gt;&gt;</a>&nbsp;&nbsp;&nbsp;FELICA_Init
<LI><a href="#[b2]">&gt;&gt;</a>&nbsp;&nbsp;&nbsp;ISO15693_Init
<LI><a href="#[ac]">&gt;&gt;</a>&nbsp;&nbsp;&nbsp;ISO14443B_Init
<LI><a href="#[9e]">&gt;&gt;</a>&nbsp;&nbsp;&nbsp;ISO14443A_ConfigFDTforRATS
<LI><a href="#[a1]">&gt;&gt;</a>&nbsp;&nbsp;&nbsp;ISO14443A_ConfigFDTforAnticollision
<LI><a href="#[a0]">&gt;&gt;</a>&nbsp;&nbsp;&nbsp;ISO14443A_ConfigFDT
<LI><a href="#[79]">&gt;&gt;</a>&nbsp;&nbsp;&nbsp;PCD_FieldOff
<LI><a href="#[82]">&gt;&gt;</a>&nbsp;&nbsp;&nbsp;ISO14443B_Anticollision
</UL>

<P><STRONG><a name="[a9]"></a>PCD_ReadRegister</STRONG> (Thumb, 66 bytes, Stack size 32 bytes, lib_pcd.o(i.PCD_ReadRegister))
<BR><BR>[Stack]<UL><LI>Max Depth = 632<LI>Call Chain = PCD_ReadRegister &rArr; drv95HF_SendReceive &rArr; drv95HF_SendSPICommand &rArr; SPI_SendReceiveBuffer &rArr; SPI_SendReceiveByte
</UL>
<BR>[Calls]<UL><LI><a href="#[70]">&gt;&gt;</a>&nbsp;&nbsp;&nbsp;drv95HF_SendReceive
<LI><a href="#[a4]">&gt;&gt;</a>&nbsp;&nbsp;&nbsp;PCD_IsReaderResultCodeOk
</UL>
<BR>[Called By]<UL><LI><a href="#[a8]">&gt;&gt;</a>&nbsp;&nbsp;&nbsp;ISO14443BReadARConfigB
</UL>

<P><STRONG><a name="[9a]"></a>PCD_SendRecv</STRONG> (Thumb, 98 bytes, Stack size 280 bytes, lib_pcd.o(i.PCD_SendRecv))
<BR><BR>[Stack]<UL><LI>Max Depth = 880<LI>Call Chain = PCD_SendRecv &rArr; drv95HF_SendReceive &rArr; drv95HF_SendSPICommand &rArr; SPI_SendReceiveBuffer &rArr; SPI_SendReceiveByte
</UL>
<BR>[Calls]<UL><LI><a href="#[70]">&gt;&gt;</a>&nbsp;&nbsp;&nbsp;drv95HF_SendReceive
<LI><a href="#[a4]">&gt;&gt;</a>&nbsp;&nbsp;&nbsp;PCD_IsReaderResultCodeOk
<LI><a href="#[93]">&gt;&gt;</a>&nbsp;&nbsp;&nbsp;__aeabi_memcpy
</UL>
<BR>[Called By]<UL><LI><a href="#[b4]">&gt;&gt;</a>&nbsp;&nbsp;&nbsp;ISO15693_Inventory
<LI><a href="#[b0]">&gt;&gt;</a>&nbsp;&nbsp;&nbsp;ISO14443B_ReqB
<LI><a href="#[aa]">&gt;&gt;</a>&nbsp;&nbsp;&nbsp;ISO14443B_AttriB
<LI><a href="#[a3]">&gt;&gt;</a>&nbsp;&nbsp;&nbsp;ISO14443A_REQA
<LI><a href="#[9f]">&gt;&gt;</a>&nbsp;&nbsp;&nbsp;ISO14443A_RATS
<LI><a href="#[9d]">&gt;&gt;</a>&nbsp;&nbsp;&nbsp;ISO14443A_ACLevel3
<LI><a href="#[9c]">&gt;&gt;</a>&nbsp;&nbsp;&nbsp;ISO14443A_ACLevel2
<LI><a href="#[9b]">&gt;&gt;</a>&nbsp;&nbsp;&nbsp;ISO14443A_ACLevel1
<LI><a href="#[99]">&gt;&gt;</a>&nbsp;&nbsp;&nbsp;ISO14443A_AC
</UL>

<P><STRONG><a name="[8f]"></a>PCD_WriteRegister</STRONG> (Thumb, 62 bytes, Stack size 288 bytes, lib_pcd.o(i.PCD_WriteRegister))
<BR><BR>[Stack]<UL><LI>Max Depth = 888<LI>Call Chain = PCD_WriteRegister &rArr; drv95HF_SendReceive &rArr; drv95HF_SendSPICommand &rArr; SPI_SendReceiveBuffer &rArr; SPI_SendReceiveByte
</UL>
<BR>[Calls]<UL><LI><a href="#[70]">&gt;&gt;</a>&nbsp;&nbsp;&nbsp;drv95HF_SendReceive
<LI><a href="#[93]">&gt;&gt;</a>&nbsp;&nbsp;&nbsp;__aeabi_memcpy
</UL>
<BR>[Called By]<UL><LI><a href="#[8d]">&gt;&gt;</a>&nbsp;&nbsp;&nbsp;FELICA_Init
<LI><a href="#[b2]">&gt;&gt;</a>&nbsp;&nbsp;&nbsp;ISO15693_Init
<LI><a href="#[b1]">&gt;&gt;</a>&nbsp;&nbsp;&nbsp;ISO14443B_WriteARConfigB
<LI><a href="#[a8]">&gt;&gt;</a>&nbsp;&nbsp;&nbsp;ISO14443BReadARConfigB
<LI><a href="#[9e]">&gt;&gt;</a>&nbsp;&nbsp;&nbsp;ISO14443A_ConfigFDTforRATS
<LI><a href="#[a1]">&gt;&gt;</a>&nbsp;&nbsp;&nbsp;ISO14443A_ConfigFDTforAnticollision
<LI><a href="#[a0]">&gt;&gt;</a>&nbsp;&nbsp;&nbsp;ISO14443A_ConfigFDT
</UL>

<P><STRONG><a name="[d7]"></a>RCC_APB1PeriphClockCmd</STRONG> (Thumb, 26 bytes, Stack size 0 bytes, stm32f10x_rcc.o(i.RCC_APB1PeriphClockCmd))
<BR><BR>[Called By]<UL><LI><a href="#[d5]">&gt;&gt;</a>&nbsp;&nbsp;&nbsp;Timer_RCC_Config
</UL>

<P><STRONG><a name="[c1]"></a>RCC_APB1PeriphResetCmd</STRONG> (Thumb, 26 bytes, Stack size 0 bytes, stm32f10x_rcc.o(i.RCC_APB1PeriphResetCmd))
<BR><BR>[Called By]<UL><LI><a href="#[bf]">&gt;&gt;</a>&nbsp;&nbsp;&nbsp;SPI_I2S_DeInit
</UL>

<P><STRONG><a name="[bb]"></a>RCC_APB2PeriphClockCmd</STRONG> (Thumb, 26 bytes, Stack size 0 bytes, stm32f10x_rcc.o(i.RCC_APB2PeriphClockCmd))
<BR><BR>[Called By]<UL><LI><a href="#[e3]">&gt;&gt;</a>&nbsp;&nbsp;&nbsp;drv95HF_RCCConfigSPI
<LI><a href="#[ba]">&gt;&gt;</a>&nbsp;&nbsp;&nbsp;LED_Config
<LI><a href="#[fa]">&gt;&gt;</a>&nbsp;&nbsp;&nbsp;usr_fwdUARTInit
<LI><a href="#[49]">&gt;&gt;</a>&nbsp;&nbsp;&nbsp;main
</UL>

<P><STRONG><a name="[c0]"></a>RCC_APB2PeriphResetCmd</STRONG> (Thumb, 26 bytes, Stack size 0 bytes, stm32f10x_rcc.o(i.RCC_APB2PeriphResetCmd))
<BR><BR>[Called By]<UL><LI><a href="#[bf]">&gt;&gt;</a>&nbsp;&nbsp;&nbsp;SPI_I2S_DeInit
</UL>

<P><STRONG><a name="[db]"></a>RCC_GetClocksFreq</STRONG> (Thumb, 192 bytes, Stack size 12 bytes, stm32f10x_rcc.o(i.RCC_GetClocksFreq))
<BR><BR>[Stack]<UL><LI>Max Depth = 12<LI>Call Chain = RCC_GetClocksFreq
</UL>
<BR>[Called By]<UL><LI><a href="#[da]">&gt;&gt;</a>&nbsp;&nbsp;&nbsp;USART_Init
</UL>

<P><STRONG><a name="[ed]"></a>SPI_Cmd</STRONG> (Thumb, 24 bytes, Stack size 0 bytes, stm32f10x_spi.o(i.SPI_Cmd))
<BR><BR>[Called By]<UL><LI><a href="#[e4]">&gt;&gt;</a>&nbsp;&nbsp;&nbsp;drv95HF_StructureConfigSPI
</UL>

<P><STRONG><a name="[bf]"></a>SPI_I2S_DeInit</STRONG> (Thumb, 76 bytes, Stack size 8 bytes, stm32f10x_spi.o(i.SPI_I2S_DeInit))
<BR><BR>[Stack]<UL><LI>Max Depth = 8<LI>Call Chain = SPI_I2S_DeInit
</UL>
<BR>[Calls]<UL><LI><a href="#[c0]">&gt;&gt;</a>&nbsp;&nbsp;&nbsp;RCC_APB2PeriphResetCmd
<LI><a href="#[c1]">&gt;&gt;</a>&nbsp;&nbsp;&nbsp;RCC_APB1PeriphResetCmd
</UL>
<BR>[Called By]<UL><LI><a href="#[e2]">&gt;&gt;</a>&nbsp;&nbsp;&nbsp;drv95HF_InitializeSPI
</UL>

<P><STRONG><a name="[c4]"></a>SPI_I2S_GetFlagStatus</STRONG> (Thumb, 18 bytes, Stack size 0 bytes, stm32f10x_spi.o(i.SPI_I2S_GetFlagStatus))
<BR><BR>[Called By]<UL><LI><a href="#[c3]">&gt;&gt;</a>&nbsp;&nbsp;&nbsp;SPI_SendReceiveByte
</UL>

<P><STRONG><a name="[c6]"></a>SPI_I2S_ReceiveData</STRONG> (Thumb, 6 bytes, Stack size 0 bytes, stm32f10x_spi.o(i.SPI_I2S_ReceiveData))
<BR><BR>[Called By]<UL><LI><a href="#[c3]">&gt;&gt;</a>&nbsp;&nbsp;&nbsp;SPI_SendReceiveByte
</UL>

<P><STRONG><a name="[c5]"></a>SPI_I2S_SendData</STRONG> (Thumb, 4 bytes, Stack size 0 bytes, stm32f10x_spi.o(i.SPI_I2S_SendData))
<BR><BR>[Called By]<UL><LI><a href="#[c3]">&gt;&gt;</a>&nbsp;&nbsp;&nbsp;SPI_SendReceiveByte
</UL>

<P><STRONG><a name="[ec]"></a>SPI_Init</STRONG> (Thumb, 60 bytes, Stack size 8 bytes, stm32f10x_spi.o(i.SPI_Init))
<BR><BR>[Stack]<UL><LI>Max Depth = 8<LI>Call Chain = SPI_Init
</UL>
<BR>[Called By]<UL><LI><a href="#[e4]">&gt;&gt;</a>&nbsp;&nbsp;&nbsp;drv95HF_StructureConfigSPI
</UL>

<P><STRONG><a name="[c2]"></a>SPI_SendReceiveBuffer</STRONG> (Thumb, 54 bytes, Stack size 24 bytes, drv_spi.o(i.SPI_SendReceiveBuffer))
<BR><BR>[Stack]<UL><LI>Max Depth = 40<LI>Call Chain = SPI_SendReceiveBuffer &rArr; SPI_SendReceiveByte
</UL>
<BR>[Calls]<UL><LI><a href="#[c3]">&gt;&gt;</a>&nbsp;&nbsp;&nbsp;SPI_SendReceiveByte
</UL>
<BR>[Called By]<UL><LI><a href="#[e9]">&gt;&gt;</a>&nbsp;&nbsp;&nbsp;drv95HF_SendSPICommand
<LI><a href="#[e5]">&gt;&gt;</a>&nbsp;&nbsp;&nbsp;drv95HF_ReceiveSPIResponse
</UL>

<P><STRONG><a name="[c3]"></a>SPI_SendReceiveByte</STRONG> (Thumb, 52 bytes, Stack size 16 bytes, drv_spi.o(i.SPI_SendReceiveByte))
<BR><BR>[Stack]<UL><LI>Max Depth = 16<LI>Call Chain = SPI_SendReceiveByte
</UL>
<BR>[Calls]<UL><LI><a href="#[c5]">&gt;&gt;</a>&nbsp;&nbsp;&nbsp;SPI_I2S_SendData
<LI><a href="#[c6]">&gt;&gt;</a>&nbsp;&nbsp;&nbsp;SPI_I2S_ReceiveData
<LI><a href="#[c4]">&gt;&gt;</a>&nbsp;&nbsp;&nbsp;SPI_I2S_GetFlagStatus
</UL>
<BR>[Called By]<UL><LI><a href="#[c2]">&gt;&gt;</a>&nbsp;&nbsp;&nbsp;SPI_SendReceiveBuffer
<LI><a href="#[e9]">&gt;&gt;</a>&nbsp;&nbsp;&nbsp;drv95HF_SendSPICommand
<LI><a href="#[e5]">&gt;&gt;</a>&nbsp;&nbsp;&nbsp;drv95HF_ReceiveSPIResponse
<LI><a href="#[e7]">&gt;&gt;</a>&nbsp;&nbsp;&nbsp;drv95HF_SendSPIResetByte
<LI><a href="#[e8]">&gt;&gt;</a>&nbsp;&nbsp;&nbsp;drv95HF_SPIPollingCommand
</UL>

<P><STRONG><a name="[eb]"></a>SPI_StructInit</STRONG> (Thumb, 24 bytes, Stack size 0 bytes, stm32f10x_spi.o(i.SPI_StructInit))
<BR><BR>[Called By]<UL><LI><a href="#[e4]">&gt;&gt;</a>&nbsp;&nbsp;&nbsp;drv95HF_StructureConfigSPI
</UL>

<P><STRONG><a name="[c9]"></a>StartTimeOut</STRONG> (Thumb, 32 bytes, Stack size 8 bytes, drv_interrupt.o(i.StartTimeOut))
<BR><BR>[Stack]<UL><LI>Max Depth = 8<LI>Call Chain = StartTimeOut
</UL>
<BR>[Calls]<UL><LI><a href="#[ca]">&gt;&gt;</a>&nbsp;&nbsp;&nbsp;TIM_SetCounter
<LI><a href="#[cb]">&gt;&gt;</a>&nbsp;&nbsp;&nbsp;TIM_Cmd
</UL>
<BR>[Called By]<UL><LI><a href="#[e8]">&gt;&gt;</a>&nbsp;&nbsp;&nbsp;drv95HF_SPIPollingCommand
</UL>

<P><STRONG><a name="[cc]"></a>StopTimeOut</STRONG> (Thumb, 12 bytes, Stack size 8 bytes, drv_interrupt.o(i.StopTimeOut))
<BR><BR>[Stack]<UL><LI>Max Depth = 8<LI>Call Chain = StopTimeOut
</UL>
<BR>[Calls]<UL><LI><a href="#[cb]">&gt;&gt;</a>&nbsp;&nbsp;&nbsp;TIM_Cmd
</UL>
<BR>[Called By]<UL><LI><a href="#[e8]">&gt;&gt;</a>&nbsp;&nbsp;&nbsp;drv95HF_SPIPollingCommand
</UL>

<P><STRONG><a name="[3b]"></a>SystemInit</STRONG> (Thumb, 78 bytes, Stack size 8 bytes, system_stm32f10x.o(i.SystemInit))
<BR><BR>[Stack]<UL><LI>Max Depth = 28<LI>Call Chain = SystemInit &rArr; SetSysClock &rArr; SetSysClockTo72
</UL>
<BR>[Calls]<UL><LI><a href="#[c7]">&gt;&gt;</a>&nbsp;&nbsp;&nbsp;SetSysClock
</UL>
<BR>[Address Reference Count : 1]<UL><LI> startup_stm32f10x_md.o(.text)
</UL>
<P><STRONG><a name="[2a]"></a>TIM2_IRQHandler</STRONG> (Thumb, 16 bytes, Stack size 8 bytes, stm32f10x_it.o(i.TIM2_IRQHandler))
<BR><BR>[Stack]<UL><LI>Max Depth = 8<LI>Call Chain = TIM2_IRQHandler
</UL>
<BR>[Calls]<UL><LI><a href="#[ce]">&gt;&gt;</a>&nbsp;&nbsp;&nbsp;decrement_delay
<LI><a href="#[cd]">&gt;&gt;</a>&nbsp;&nbsp;&nbsp;TIM_ClearITPendingBit
</UL>
<BR>[Address Reference Count : 1]<UL><LI> startup_stm32f10x_md.o(RESET)
</UL>
<P><STRONG><a name="[2b]"></a>TIM3_IRQHandler</STRONG> (Thumb, 46 bytes, Stack size 8 bytes, drv_interrupt.o(i.TIM3_IRQHandler))
<BR><BR>[Stack]<UL><LI>Max Depth = 8<LI>Call Chain = TIM3_IRQHandler
</UL>
<BR>[Calls]<UL><LI><a href="#[cb]">&gt;&gt;</a>&nbsp;&nbsp;&nbsp;TIM_Cmd
<LI><a href="#[cd]">&gt;&gt;</a>&nbsp;&nbsp;&nbsp;TIM_ClearITPendingBit
</UL>
<BR>[Address Reference Count : 1]<UL><LI> startup_stm32f10x_md.o(RESET)
</UL>
<P><STRONG><a name="[2c]"></a>TIM4_IRQHandler</STRONG> (Thumb, 46 bytes, Stack size 8 bytes, drv_interrupt.o(i.TIM4_IRQHandler))
<BR><BR>[Stack]<UL><LI>Max Depth = 8<LI>Call Chain = TIM4_IRQHandler
</UL>
<BR>[Calls]<UL><LI><a href="#[cb]">&gt;&gt;</a>&nbsp;&nbsp;&nbsp;TIM_Cmd
<LI><a href="#[cd]">&gt;&gt;</a>&nbsp;&nbsp;&nbsp;TIM_ClearITPendingBit
</UL>
<BR>[Address Reference Count : 1]<UL><LI> startup_stm32f10x_md.o(RESET)
</UL>
<P><STRONG><a name="[cd]"></a>TIM_ClearITPendingBit</STRONG> (Thumb, 6 bytes, Stack size 0 bytes, stm32f10x_tim.o(i.TIM_ClearITPendingBit))
<BR><BR>[Called By]<UL><LI><a href="#[2c]">&gt;&gt;</a>&nbsp;&nbsp;&nbsp;TIM4_IRQHandler
<LI><a href="#[2b]">&gt;&gt;</a>&nbsp;&nbsp;&nbsp;TIM3_IRQHandler
<LI><a href="#[d8]">&gt;&gt;</a>&nbsp;&nbsp;&nbsp;drvInt_TimeoutTimerConfig
<LI><a href="#[d9]">&gt;&gt;</a>&nbsp;&nbsp;&nbsp;drvInt_AppliTimeoutTimerConfig
<LI><a href="#[dc]">&gt;&gt;</a>&nbsp;&nbsp;&nbsp;delayHighPriority_ms
<LI><a href="#[d6]">&gt;&gt;</a>&nbsp;&nbsp;&nbsp;Timer_Structure_Config
<LI><a href="#[d3]">&gt;&gt;</a>&nbsp;&nbsp;&nbsp;TimerDelay_us_Config
<LI><a href="#[cf]">&gt;&gt;</a>&nbsp;&nbsp;&nbsp;TimerDelay_ms_Config
<LI><a href="#[2a]">&gt;&gt;</a>&nbsp;&nbsp;&nbsp;TIM2_IRQHandler
</UL>

<P><STRONG><a name="[cb]"></a>TIM_Cmd</STRONG> (Thumb, 24 bytes, Stack size 0 bytes, stm32f10x_tim.o(i.TIM_Cmd))
<BR><BR>[Called By]<UL><LI><a href="#[2c]">&gt;&gt;</a>&nbsp;&nbsp;&nbsp;TIM4_IRQHandler
<LI><a href="#[2b]">&gt;&gt;</a>&nbsp;&nbsp;&nbsp;TIM3_IRQHandler
<LI><a href="#[cc]">&gt;&gt;</a>&nbsp;&nbsp;&nbsp;StopTimeOut
<LI><a href="#[c9]">&gt;&gt;</a>&nbsp;&nbsp;&nbsp;StartTimeOut
<LI><a href="#[e8]">&gt;&gt;</a>&nbsp;&nbsp;&nbsp;drv95HF_SPIPollingCommand
<LI><a href="#[d8]">&gt;&gt;</a>&nbsp;&nbsp;&nbsp;drvInt_TimeoutTimerConfig
<LI><a href="#[d9]">&gt;&gt;</a>&nbsp;&nbsp;&nbsp;drvInt_AppliTimeoutTimerConfig
<LI><a href="#[90]">&gt;&gt;</a>&nbsp;&nbsp;&nbsp;delay_us
<LI><a href="#[dc]">&gt;&gt;</a>&nbsp;&nbsp;&nbsp;delayHighPriority_ms
<LI><a href="#[d3]">&gt;&gt;</a>&nbsp;&nbsp;&nbsp;TimerDelay_us_Config
<LI><a href="#[cf]">&gt;&gt;</a>&nbsp;&nbsp;&nbsp;TimerDelay_ms_Config
<LI><a href="#[7a]">&gt;&gt;</a>&nbsp;&nbsp;&nbsp;delay_ms
</UL>

<P><STRONG><a name="[d2]"></a>TIM_ITConfig</STRONG> (Thumb, 18 bytes, Stack size 0 bytes, stm32f10x_tim.o(i.TIM_ITConfig))
<BR><BR>[Called By]<UL><LI><a href="#[d8]">&gt;&gt;</a>&nbsp;&nbsp;&nbsp;drvInt_TimeoutTimerConfig
<LI><a href="#[d9]">&gt;&gt;</a>&nbsp;&nbsp;&nbsp;drvInt_AppliTimeoutTimerConfig
<LI><a href="#[d6]">&gt;&gt;</a>&nbsp;&nbsp;&nbsp;Timer_Structure_Config
<LI><a href="#[d3]">&gt;&gt;</a>&nbsp;&nbsp;&nbsp;TimerDelay_us_Config
<LI><a href="#[cf]">&gt;&gt;</a>&nbsp;&nbsp;&nbsp;TimerDelay_ms_Config
</UL>

<P><STRONG><a name="[ca]"></a>TIM_SetCounter</STRONG> (Thumb, 4 bytes, Stack size 0 bytes, stm32f10x_tim.o(i.TIM_SetCounter))
<BR><BR>[Called By]<UL><LI><a href="#[c9]">&gt;&gt;</a>&nbsp;&nbsp;&nbsp;StartTimeOut
<LI><a href="#[90]">&gt;&gt;</a>&nbsp;&nbsp;&nbsp;delay_us
<LI><a href="#[dc]">&gt;&gt;</a>&nbsp;&nbsp;&nbsp;delayHighPriority_ms
<LI><a href="#[7a]">&gt;&gt;</a>&nbsp;&nbsp;&nbsp;delay_ms
</UL>

<P><STRONG><a name="[d0]"></a>TIM_TimeBaseInit</STRONG> (Thumb, 122 bytes, Stack size 0 bytes, stm32f10x_tim.o(i.TIM_TimeBaseInit))
<BR><BR>[Called By]<UL><LI><a href="#[d8]">&gt;&gt;</a>&nbsp;&nbsp;&nbsp;drvInt_TimeoutTimerConfig
<LI><a href="#[d9]">&gt;&gt;</a>&nbsp;&nbsp;&nbsp;drvInt_AppliTimeoutTimerConfig
<LI><a href="#[d6]">&gt;&gt;</a>&nbsp;&nbsp;&nbsp;Timer_Structure_Config
<LI><a href="#[d3]">&gt;&gt;</a>&nbsp;&nbsp;&nbsp;TimerDelay_us_Config
<LI><a href="#[cf]">&gt;&gt;</a>&nbsp;&nbsp;&nbsp;TimerDelay_ms_Config
</UL>

<P><STRONG><a name="[d1]"></a>TIM_UpdateRequestConfig</STRONG> (Thumb, 24 bytes, Stack size 0 bytes, stm32f10x_tim.o(i.TIM_UpdateRequestConfig))
<BR><BR>[Called By]<UL><LI><a href="#[d8]">&gt;&gt;</a>&nbsp;&nbsp;&nbsp;drvInt_TimeoutTimerConfig
<LI><a href="#[d9]">&gt;&gt;</a>&nbsp;&nbsp;&nbsp;drvInt_AppliTimeoutTimerConfig
<LI><a href="#[d6]">&gt;&gt;</a>&nbsp;&nbsp;&nbsp;Timer_Structure_Config
<LI><a href="#[d3]">&gt;&gt;</a>&nbsp;&nbsp;&nbsp;TimerDelay_us_Config
<LI><a href="#[cf]">&gt;&gt;</a>&nbsp;&nbsp;&nbsp;TimerDelay_ms_Config
</UL>

<P><STRONG><a name="[7d]"></a>TOPAZ_ID</STRONG> (Thumb, 82 bytes, Stack size 16 bytes, lib_iso14443apcd.o(i.TOPAZ_ID))
<BR><BR>[Stack]<UL><LI>Max Depth = 632<LI>Call Chain = TOPAZ_ID &rArr; PCD_CheckSendReceive &rArr; drv95HF_SendReceive &rArr; drv95HF_SendSPICommand &rArr; SPI_SendReceiveBuffer &rArr; SPI_SendReceiveByte
</UL>
<BR>[Calls]<UL><LI><a href="#[94]">&gt;&gt;</a>&nbsp;&nbsp;&nbsp;PCD_CheckSendReceive
</UL>
<BR>[Called By]<UL><LI><a href="#[77]">&gt;&gt;</a>&nbsp;&nbsp;&nbsp;ConfigManager_TagHunting
</UL>

<P><STRONG><a name="[d4]"></a>Timer_Config</STRONG> (Thumb, 12 bytes, Stack size 8 bytes, hw_config.o(i.Timer_Config))
<BR><BR>[Stack]<UL><LI>Max Depth = 40<LI>Call Chain = Timer_Config &rArr; Timer_Structure_Config &rArr; drvInt_TimeoutTimerConfig
</UL>
<BR>[Calls]<UL><LI><a href="#[d6]">&gt;&gt;</a>&nbsp;&nbsp;&nbsp;Timer_Structure_Config
<LI><a href="#[d5]">&gt;&gt;</a>&nbsp;&nbsp;&nbsp;Timer_RCC_Config
</UL>
<BR>[Called By]<UL><LI><a href="#[49]">&gt;&gt;</a>&nbsp;&nbsp;&nbsp;main
</UL>

<P><STRONG><a name="[d5]"></a>Timer_RCC_Config</STRONG> (Thumb, 12 bytes, Stack size 8 bytes, hw_config.o(i.Timer_RCC_Config))
<BR><BR>[Stack]<UL><LI>Max Depth = 8<LI>Call Chain = Timer_RCC_Config
</UL>
<BR>[Calls]<UL><LI><a href="#[d7]">&gt;&gt;</a>&nbsp;&nbsp;&nbsp;RCC_APB1PeriphClockCmd
</UL>
<BR>[Called By]<UL><LI><a href="#[d4]">&gt;&gt;</a>&nbsp;&nbsp;&nbsp;Timer_Config
</UL>

<P><STRONG><a name="[d6]"></a>Timer_Structure_Config</STRONG> (Thumb, 74 bytes, Stack size 16 bytes, hw_config.o(i.Timer_Structure_Config))
<BR><BR>[Stack]<UL><LI>Max Depth = 32<LI>Call Chain = Timer_Structure_Config &rArr; drvInt_TimeoutTimerConfig
</UL>
<BR>[Calls]<UL><LI><a href="#[d8]">&gt;&gt;</a>&nbsp;&nbsp;&nbsp;drvInt_TimeoutTimerConfig
<LI><a href="#[d9]">&gt;&gt;</a>&nbsp;&nbsp;&nbsp;drvInt_AppliTimeoutTimerConfig
<LI><a href="#[d1]">&gt;&gt;</a>&nbsp;&nbsp;&nbsp;TIM_UpdateRequestConfig
<LI><a href="#[d0]">&gt;&gt;</a>&nbsp;&nbsp;&nbsp;TIM_TimeBaseInit
<LI><a href="#[d2]">&gt;&gt;</a>&nbsp;&nbsp;&nbsp;TIM_ITConfig
<LI><a href="#[cd]">&gt;&gt;</a>&nbsp;&nbsp;&nbsp;TIM_ClearITPendingBit
</UL>
<BR>[Called By]<UL><LI><a href="#[d4]">&gt;&gt;</a>&nbsp;&nbsp;&nbsp;Timer_Config
</UL>

<P><STRONG><a name="[12e]"></a>USART_Cmd</STRONG> (Thumb, 24 bytes, Stack size 0 bytes, stm32f10x_usart.o(i.USART_Cmd))
<BR><BR>[Called By]<UL><LI><a href="#[fa]">&gt;&gt;</a>&nbsp;&nbsp;&nbsp;usr_fwdUARTInit
</UL>

<P><STRONG><a name="[f1]"></a>USART_GetFlagStatus</STRONG> (Thumb, 26 bytes, Stack size 0 bytes, stm32f10x_usart.o(i.USART_GetFlagStatus))
<BR><BR>[Called By]<UL><LI><a href="#[ef]">&gt;&gt;</a>&nbsp;&nbsp;&nbsp;forwardingPutChar
</UL>

<P><STRONG><a name="[da]"></a>USART_Init</STRONG> (Thumb, 210 bytes, Stack size 56 bytes, stm32f10x_usart.o(i.USART_Init))
<BR><BR>[Stack]<UL><LI>Max Depth = 68<LI>Call Chain = USART_Init &rArr; RCC_GetClocksFreq
</UL>
<BR>[Calls]<UL><LI><a href="#[db]">&gt;&gt;</a>&nbsp;&nbsp;&nbsp;RCC_GetClocksFreq
</UL>
<BR>[Called By]<UL><LI><a href="#[fa]">&gt;&gt;</a>&nbsp;&nbsp;&nbsp;usr_fwdUARTInit
</UL>

<P><STRONG><a name="[f0]"></a>USART_SendData</STRONG> (Thumb, 8 bytes, Stack size 0 bytes, stm32f10x_usart.o(i.USART_SendData))
<BR><BR>[Called By]<UL><LI><a href="#[ef]">&gt;&gt;</a>&nbsp;&nbsp;&nbsp;forwardingPutChar
</UL>

<P><STRONG><a name="[21]"></a>USB_HP_CAN1_TX_IRQHandler</STRONG> (Thumb, 264 bytes, Stack size 16 bytes, can_stm32f10x.o(i.USB_HP_CAN1_TX_IRQHandler))
[...]
<LI><a href="#[97]">&gt;&gt;</a>&nbsp;&nbsp;&nbsp;GPIO_Init
</UL>
<BR>[Called By]<UL><LI><a href="#[49]">&gt;&gt;</a>&nbsp;&nbsp;&nbsp;main
</UL>
<P>
<H3>
Local Symbols
</H3>
<P><STRONG><a name="[cf]"></a>TimerDelay_ms_Config</STRONG> (Thumb, 76 bytes, Stack size 16 bytes, hw_config.o(i.TimerDelay_ms_Config))
<BR><BR>[Stack]<UL><LI>Max Depth = 16<LI>Call Chain = TimerDelay_ms_Config
</UL>
<BR>[Calls]<UL><LI><a href="#[d1]">&gt;&gt;</a>&nbsp;&nbsp;&nbsp;TIM_UpdateRequestConfig
<LI><a href="#[d0]">&gt;&gt;</a>&nbsp;&nbsp;&nbsp;TIM_TimeBaseInit
<LI><a href="#[d2]">&gt;&gt;</a>&nbsp;&nbsp;&nbsp;TIM_ITConfig
<LI><a href="#[cb]">&gt;&gt;</a>&nbsp;&nbsp;&nbsp;TIM_Cmd
<LI><a href="#[cd]">&gt;&gt;</a>&nbsp;&nbsp;&nbsp;TIM_ClearITPendingBit
</UL>
<BR>[Called By]<UL><LI><a href="#[7a]">&gt;&gt;</a>&nbsp;&nbsp;&nbsp;delay_ms
</UL>

<P><STRONG><a name="[d3]"></a>TimerDelay_us_Config</STRONG> (Thumb, 74 bytes, Stack size 16 bytes, hw_config.o(i.TimerDelay_us_Config))
<BR><BR>[Stack]<UL><LI>Max Depth = 16<LI>Call Chain = TimerDelay_us_Config
</UL>
<BR>[Calls]<UL><LI><a href="#[d1]">&gt;&gt;</a>&nbsp;&nbsp;&nbsp;TIM_UpdateRequestConfig
<LI><a href="#[d0]">&gt;&gt;</a>&nbsp;&nbsp;&nbsp;TIM_TimeBaseInit
<LI><a href="#[d2]">&gt;&gt;</a>&nbsp;&nbsp;&nbsp;TIM_ITConfig
<LI><a href="#[cb]">&gt;&gt;</a>&nbsp;&nbsp;&nbsp;TIM_Cmd
<LI><a href="#[cd]">&gt;&gt;</a>&nbsp;&nbsp;&nbsp;TIM_ClearITPendingBit
</UL>
<BR>[Called By]<UL><LI><a href="#[90]">&gt;&gt;</a>&nbsp;&nbsp;&nbsp;delay_us
</UL>

<P><STRONG><a name="[de]"></a>drv95HF_GPIOConfigSPI</STRONG> (Thumb, 90 bytes, Stack size 8 bytes, drv_95hf.o(i.drv95HF_GPIOConfigSPI))
<BR><BR>[Stack]<UL><LI>Max Depth = 32<LI>Call Chain = drv95HF_GPIOConfigSPI &rArr; GPIO_Init
</UL>
<BR>[Calls]<UL><LI><a href="#[df]">&gt;&gt;</a>&nbsp;&nbsp;&nbsp;GPIO_SetBits
<LI><a href="#[97]">&gt;&gt;</a>&nbsp;&nbsp;&nbsp;GPIO_Init
</UL>
<BR>[Called By]<UL><LI><a href="#[e2]">&gt;&gt;</a>&nbsp;&nbsp;&nbsp;drv95HF_InitializeSPI
</UL>

<P><STRONG><a name="[e2]"></a>drv95HF_InitializeSPI</STRONG> (Thumb, 22 bytes, Stack size 8 bytes, drv_95hf.o(i.drv95HF_InitializeSPI))
<BR><BR>[Stack]<UL><LI>Max Depth = 40<LI>Call Chain = drv95HF_InitializeSPI &rArr; drv95HF_StructureConfigSPI &rArr; SPI_Init
</UL>
<BR>[Calls]<UL><LI><a href="#[bf]">&gt;&gt;</a>&nbsp;&nbsp;&nbsp;SPI_I2S_DeInit
<LI><a href="#[e4]">&gt;&gt;</a>&nbsp;&nbsp;&nbsp;drv95HF_StructureConfigSPI
<LI><a href="#[e3]">&gt;&gt;</a>&nbsp;&nbsp;&nbsp;drv95HF_RCCConfigSPI
<LI><a href="#[de]">&gt;&gt;</a>&nbsp;&nbsp;&nbsp;drv95HF_GPIOConfigSPI
</UL>
<BR>[Called By]<UL><LI><a href="#[73]">&gt;&gt;</a>&nbsp;&nbsp;&nbsp;drv95HF_InitilizeSerialInterface
</UL>

<P><STRONG><a name="[e3]"></a>drv95HF_RCCConfigSPI</STRONG> (Thumb, 20 bytes, Stack size 8 bytes, drv_95hf.o(i.drv95HF_RCCConfigSPI))
<BR><BR>[Stack]<UL><LI>Max Depth = 8<LI>Call Chain = drv95HF_RCCConfigSPI
</UL>
<BR>[Calls]<UL><LI><a href="#[bb]">&gt;&gt;</a>&nbsp;&nbsp;&nbsp;RCC_APB2PeriphClockCmd
</UL>
<BR>[Called By]<UL><LI><a href="#[e2]">&gt;&gt;</a>&nbsp;&nbsp;&nbsp;drv95HF_InitializeSPI
</UL>

<P><STRONG><a name="[e8]"></a>drv95HF_SPIPollingCommand</STRONG> (Thumb, 144 bytes, Stack size 8 bytes, drv_95hf.o(i.drv95HF_SPIPollingCommand))
<BR><BR>[Stack]<UL><LI>Max Depth = 32<LI>Call Chain = drv95HF_SPIPollingCommand &rArr; delay_ms &rArr; TimerDelay_ms_Config
</UL>
<BR>[Calls]<UL><LI><a href="#[cc]">&gt;&gt;</a>&nbsp;&nbsp;&nbsp;StopTimeOut
<LI><a href="#[c9]">&gt;&gt;</a>&nbsp;&nbsp;&nbsp;StartTimeOut
<LI><a href="#[c3]">&gt;&gt;</a>&nbsp;&nbsp;&nbsp;SPI_SendReceiveByte
<LI><a href="#[df]">&gt;&gt;</a>&nbsp;&nbsp;&nbsp;GPIO_SetBits
<LI><a href="#[e6]">&gt;&gt;</a>&nbsp;&nbsp;&nbsp;GPIO_ResetBits
<LI><a href="#[cb]">&gt;&gt;</a>&nbsp;&nbsp;&nbsp;TIM_Cmd
<LI><a href="#[7a]">&gt;&gt;</a>&nbsp;&nbsp;&nbsp;delay_ms
</UL>
<BR>[Called By]<UL><LI><a href="#[70]">&gt;&gt;</a>&nbsp;&nbsp;&nbsp;drv95HF_SendReceive
</UL>

<P><STRONG><a name="[e7]"></a>drv95HF_SendSPIResetByte</STRONG> (Thumb, 12 bytes, Stack size 8 bytes, drv_95hf.o(i.drv95HF_SendSPIResetByte))
<BR><BR>[Stack]<UL><LI>Max Depth = 24<LI>Call Chain = drv95HF_SendSPIResetByte &rArr; SPI_SendReceiveByte
</UL>
<BR>[Calls]<UL><LI><a href="#[c3]">&gt;&gt;</a>&nbsp;&nbsp;&nbsp;SPI_SendReceiveByte
</UL>
<BR>[Called By]<UL><LI><a href="#[76]">&gt;&gt;</a>&nbsp;&nbsp;&nbsp;drv95HF_ResetSPI
</UL>

<P><STRONG><a name="[e4]"></a>drv95HF_StructureConfigSPI</STRONG> (Thumb, 64 bytes, Stack size 24 bytes, drv_95hf.o(i.drv95HF_StructureConfigSPI))
<BR><BR>[Stack]<UL><LI>Max Depth = 32<LI>Call Chain = drv95HF_StructureConfigSPI &rArr; SPI_Init
</UL>
<BR>[Calls]<UL><LI><a href="#[eb]">&gt;&gt;</a>&nbsp;&nbsp;&nbsp;SPI_StructInit
<LI><a href="#[ec]">&gt;&gt;</a>&nbsp;&nbsp;&nbsp;SPI_Init
<LI><a href="#[ed]">&gt;&gt;</a>&nbsp;&nbsp;&nbsp;SPI_Cmd
</UL>
<BR>[Called By]<UL><LI><a href="#[e2]">&gt;&gt;</a>&nbsp;&nbsp;&nbsp;drv95HF_InitializeSPI
</UL>

<P><STRONG><a name="[96]"></a>IRQOut_GPIO_Config</STRONG> (Thumb, 40 bytes, Stack size 8 bytes, drv_interrupt.o(i.IRQOut_GPIO_Config))
<BR><BR>[Stack]<UL><LI>Max Depth = 32<LI>Call Chain = IRQOut_GPIO_Config &rArr; GPIO_Init
</UL>
<BR>[Calls]<UL><LI><a href="#[98]">&gt;&gt;</a>&nbsp;&nbsp;&nbsp;GPIO_WriteBit
<LI><a href="#[97]">&gt;&gt;</a>&nbsp;&nbsp;&nbsp;GPIO_Init
</UL>
<BR>[Called By]<UL><LI><a href="#[95]">&gt;&gt;</a>&nbsp;&nbsp;&nbsp;IRQOut_Config
</UL>

<P><STRONG><a name="[6f]"></a>ConfigManager_IDN</STRONG> (Thumb, 22 bytes, Stack size 16 bytes, lib_configmanager.o(i.ConfigManager_IDN))
<BR><BR>[Stack]<UL><LI>Max Depth = 616<LI>Call Chain = ConfigManager_IDN &rArr; drv95HF_SendReceive &rArr; drv95HF_SendSPICommand &rArr; SPI_SendReceiveBuffer &rArr; SPI_SendReceiveByte
</UL>
<BR>[Calls]<UL><LI><a href="#[70]">&gt;&gt;</a>&nbsp;&nbsp;&nbsp;drv95HF_SendReceive
</UL>
<BR>[Called By]<UL><LI><a href="#[6c]">&gt;&gt;</a>&nbsp;&nbsp;&nbsp;ConfigManager_HWInit
</UL>

<P><STRONG><a name="[6d]"></a>ConfigManager_Init</STRONG> (Thumb, 16 bytes, Stack size 8 bytes, lib_configmanager.o(i.ConfigManager_Init))
<BR><BR>[Stack]<UL><LI>Max Depth = 56<LI>Call Chain = ConfigManager_Init &rArr; drv95HF_InitilizeSerialInterface &rArr; IRQOut_Config &rArr; IRQOut_GPIO_Config &rArr; GPIO_Init
</UL>
<BR>[Calls]<UL><LI><a href="#[73]">&gt;&gt;</a>&nbsp;&nbsp;&nbsp;drv95HF_InitilizeSerialInterface
<LI><a href="#[71]">&gt;&gt;</a>&nbsp;&nbsp;&nbsp;drv95HF_InitConfigStructure
<LI><a href="#[72]">&gt;&gt;</a>&nbsp;&nbsp;&nbsp;drv95HF_EnableInterrupt
</UL>
<BR>[Called By]<UL><LI><a href="#[6c]">&gt;&gt;</a>&nbsp;&nbsp;&nbsp;ConfigManager_HWInit
</UL>

<P><STRONG><a name="[6e]"></a>ConfigManager_PORsequence</STRONG> (Thumb, 126 bytes, Stack size 16 bytes, lib_configmanager.o(i.ConfigManager_PORsequence))
<BR><BR>[Stack]<UL><LI>Max Depth = 616<LI>Call Chain = ConfigManager_PORsequence &rArr; drv95HF_SendReceive &rArr; drv95HF_SendSPICommand &rArr; SPI_SendReceiveBuffer &rArr; SPI_SendReceiveByte
</UL>
<BR>[Calls]<UL><LI><a href="#[70]">&gt;&gt;</a>&nbsp;&nbsp;&nbsp;drv95HF_SendReceive
<LI><a href="#[74]">&gt;&gt;</a>&nbsp;&nbsp;&nbsp;drv95HF_SendIRQINPulse
<LI><a href="#[76]">&gt;&gt;</a>&nbsp;&nbsp;&nbsp;drv95HF_ResetSPI
<LI><a href="#[75]">&gt;&gt;</a>&nbsp;&nbsp;&nbsp;drv95HF_GetSerialInterface
</UL>
<BR>[Called By]<UL><LI><a href="#[6c]">&gt;&gt;</a>&nbsp;&nbsp;&nbsp;ConfigManager_HWInit
</UL>

<P><STRONG><a name="[78]"></a>ConfigManager_Start</STRONG> (Thumb, 20 bytes, Stack size 0 bytes, lib_configmanager.o(i.ConfigManager_Start))
<BR><BR>[Called By]<UL><LI><a href="#[77]">&gt;&gt;</a>&nbsp;&nbsp;&nbsp;ConfigManager_TagHunting
</UL>

<P><STRONG><a name="[a6]"></a>FSCIToFSC</STRONG> (Thumb, 70 bytes, Stack size 0 bytes, lib_iso14443apcd.o(i.FSCIToFSC))
<BR><BR>[Called By]<UL><LI><a href="#[9f]">&gt;&gt;</a>&nbsp;&nbsp;&nbsp;ISO14443A_RATS
</UL>

<P><STRONG><a name="[99]"></a>ISO14443A_AC</STRONG> (Thumb, 688 bytes, Stack size 64 bytes, lib_iso14443apcd.o(i.ISO14443A_AC))
<BR><BR>[Stack]<UL><LI>Max Depth = 944<LI>Call Chain = ISO14443A_AC &rArr; PCD_SendRecv &rArr; drv95HF_SendReceive &rArr; drv95HF_SendSPICommand &rArr; SPI_SendReceiveBuffer &rArr; SPI_SendReceiveByte
</UL>
<BR>[Calls]<UL><LI><a href="#[9a]">&gt;&gt;</a>&nbsp;&nbsp;&nbsp;PCD_SendRecv
</UL>
<BR>[Called By]<UL><LI><a href="#[9d]">&gt;&gt;</a>&nbsp;&nbsp;&nbsp;ISO14443A_ACLevel3
<LI><a href="#[9c]">&gt;&gt;</a>&nbsp;&nbsp;&nbsp;ISO14443A_ACLevel2
<LI><a href="#[9b]">&gt;&gt;</a>&nbsp;&nbsp;&nbsp;ISO14443A_ACLevel1
</UL>

<P><STRONG><a name="[9b]"></a>ISO14443A_ACLevel1</STRONG> (Thumb, 198 bytes, Stack size 24 bytes, lib_iso14443apcd.o(i.ISO14443A_ACLevel1))
<BR><BR>[Stack]<UL><LI>Max Depth = 968<LI>Call Chain = ISO14443A_ACLevel1 &rArr; ISO14443A_AC &rArr; PCD_SendRecv &rArr; drv95HF_SendReceive &rArr; drv95HF_SendSPICommand &rArr; SPI_SendReceiveBuffer &rArr; SPI_SendReceiveByte
</UL>
<BR>[Calls]<UL><LI><a href="#[99]">&gt;&gt;</a>&nbsp;&nbsp;&nbsp;ISO14443A_AC
<LI><a href="#[9a]">&gt;&gt;</a>&nbsp;&nbsp;&nbsp;PCD_SendRecv
</UL>
<BR>[Called By]<UL><LI><a href="#[7e]">&gt;&gt;</a>&nbsp;&nbsp;&nbsp;ISO14443A_Anticollision
</UL>

<P><STRONG><a name="[9c]"></a>ISO14443A_ACLevel2</STRONG> (Thumb, 206 bytes, Stack size 24 bytes, lib_iso14443apcd.o(i.ISO14443A_ACLevel2))
<BR><BR>[Stack]<UL><LI>Max Depth = 968<LI>Call Chain = ISO14443A_ACLevel2 &rArr; ISO14443A_AC &rArr; PCD_SendRecv &rArr; drv95HF_SendReceive &rArr; drv95HF_SendSPICommand &rArr; SPI_SendReceiveBuffer &rArr; SPI_SendReceiveByte
</UL>
<BR>[Calls]<UL><LI><a href="#[99]">&gt;&gt;</a>&nbsp;&nbsp;&nbsp;ISO14443A_AC
<LI><a href="#[9a]">&gt;&gt;</a>&nbsp;&nbsp;&nbsp;PCD_SendRecv
</UL>
<BR>[Called By]<UL><LI><a href="#[7e]">&gt;&gt;</a>&nbsp;&nbsp;&nbsp;ISO14443A_Anticollision
</UL>

<P><STRONG><a name="[9d]"></a>ISO14443A_ACLevel3</STRONG> (Thumb, 152 bytes, Stack size 24 bytes, lib_iso14443apcd.o(i.ISO14443A_ACLevel3))
<BR><BR>[Stack]<UL><LI>Max Depth = 968<LI>Call Chain = ISO14443A_ACLevel3 &rArr; ISO14443A_AC &rArr; PCD_SendRecv &rArr; drv95HF_SendReceive &rArr; drv95HF_SendSPICommand &rArr; SPI_SendReceiveBuffer &rArr; SPI_SendReceiveByte
</UL>
<BR>[Calls]<UL><LI><a href="#[99]">&gt;&gt;</a>&nbsp;&nbsp;&nbsp;ISO14443A_AC
<LI><a href="#[9a]">&gt;&gt;</a>&nbsp;&nbsp;&nbsp;PCD_SendRecv
</UL>
<BR>[Called By]<UL><LI><a href="#[7e]">&gt;&gt;</a>&nbsp;&nbsp;&nbsp;ISO14443A_Anticollision
</UL>

<P><STRONG><a name="[a7]"></a>ISO14443A_CompleteStructure</STRONG> (Thumb, 58 bytes, Stack size 0 bytes, lib_iso14443apcd.o(i.ISO14443A_CompleteStructure))
<BR><BR>[Called By]<UL><LI><a href="#[a3]">&gt;&gt;</a>&nbsp;&nbsp;&nbsp;ISO14443A_REQA
</UL>

<P><STRONG><a name="[a2]"></a>ISO14443A_InitStructure</STRONG> (Thumb, 26 bytes, Stack size 0 bytes, lib_iso14443apcd.o(i.ISO14443A_InitStructure))
<BR><BR>[Called By]<UL><LI><a href="#[7b]">&gt;&gt;</a>&nbsp;&nbsp;&nbsp;ISO14443A_Init
</UL>

<P><STRONG><a name="[9f]"></a>ISO14443A_RATS</STRONG> (Thumb, 140 bytes, Stack size 24 bytes, lib_iso14443apcd.o(i.ISO14443A_RATS))
<BR><BR>[Stack]<UL><LI>Max Depth = 904<LI>Call Chain = ISO14443A_RATS &rArr; PCD_SendRecv &rArr; drv95HF_SendReceive &rArr; drv95HF_SendSPICommand &rArr; SPI_SendReceiveBuffer &rArr; SPI_SendReceiveByte
</UL>
<BR>[Calls]<UL><LI><a href="#[a4]">&gt;&gt;</a>&nbsp;&nbsp;&nbsp;PCD_IsReaderResultCodeOk
<LI><a href="#[a5]">&gt;&gt;</a>&nbsp;&nbsp;&nbsp;PCD_IsCRCOk
<LI><a href="#[a6]">&gt;&gt;</a>&nbsp;&nbsp;&nbsp;FSCIToFSC
<LI><a href="#[9a]">&gt;&gt;</a>&nbsp;&nbsp;&nbsp;PCD_SendRecv
</UL>
<BR>[Called By]<UL><LI><a href="#[7e]">&gt;&gt;</a>&nbsp;&nbsp;&nbsp;ISO14443A_Anticollision
</UL>

<P><STRONG><a name="[a3]"></a>ISO14443A_REQA</STRONG> (Thumb, 52 bytes, Stack size 16 bytes, lib_iso14443apcd.o(i.ISO14443A_REQA))
<BR><BR>[Stack]<UL><LI>Max Depth = 896<LI>Call Chain = ISO14443A_REQA &rArr; PCD_SendRecv &rArr; drv95HF_SendReceive &rArr; drv95HF_SendSPICommand &rArr; SPI_SendReceiveBuffer &rArr; SPI_SendReceiveByte
</UL>
<BR>[Calls]<UL><LI><a href="#[a7]">&gt;&gt;</a>&nbsp;&nbsp;&nbsp;ISO14443A_CompleteStructure
<LI><a href="#[9a]">&gt;&gt;</a>&nbsp;&nbsp;&nbsp;PCD_SendRecv
</UL>
<BR>[Called By]<UL><LI><a href="#[7c]">&gt;&gt;</a>&nbsp;&nbsp;&nbsp;ISO14443A_IsPresent
</UL>

<P><STRONG><a name="[a8]"></a>ISO14443BReadARConfigB</STRONG> (Thumb, 72 bytes, Stack size 24 bytes, lib_iso14443bpcd.o(i.ISO14443BReadARConfigB))
<BR><BR>[Stack]<UL><LI>Max Depth = 912<LI>Call Chain = ISO14443BReadARConfigB &rArr; PCD_WriteRegister &rArr; drv95HF_SendReceive &rArr; drv95HF_SendSPICommand &rArr; SPI_SendReceiveBuffer &rArr; SPI_SendReceiveByte
</UL>
<BR>[Calls]<UL><LI><a href="#[a9]">&gt;&gt;</a>&nbsp;&nbsp;&nbsp;PCD_ReadRegister
<LI><a href="#[8f]">&gt;&gt;</a>&nbsp;&nbsp;&nbsp;PCD_WriteRegister
</UL>
<BR>[Called By]<UL><LI><a href="#[ae]">&gt;&gt;</a>&nbsp;&nbsp;&nbsp;ISO14443B_WriteAndCheckARConfigB
</UL>

<P><STRONG><a name="[ab]"></a>ISO14443B_CompleteStruture</STRONG> (Thumb, 40 bytes, Stack size 8 bytes, lib_iso14443bpcd.o(i.ISO14443B_CompleteStruture))
<BR><BR>[Stack]<UL><LI>Max Depth = 8<LI>Call Chain = ISO14443B_CompleteStruture
</UL>
<BR>[Calls]<UL><LI><a href="#[93]">&gt;&gt;</a>&nbsp;&nbsp;&nbsp;__aeabi_memcpy
</UL>
<BR>[Called By]<UL><LI><a href="#[b0]">&gt;&gt;</a>&nbsp;&nbsp;&nbsp;ISO14443B_ReqB
</UL>

<P><STRONG><a name="[ad]"></a>ISO14443B_InitStructure</STRONG> (Thumb, 36 bytes, Stack size 8 bytes, lib_iso14443bpcd.o(i.ISO14443B_InitStructure))
<BR><BR>[Stack]<UL><LI>Max Depth = 8<LI>Call Chain = ISO14443B_InitStructure
</UL>
<BR>[Calls]<UL><LI><a href="#[af]">&gt;&gt;</a>&nbsp;&nbsp;&nbsp;__aeabi_memclr
</UL>
<BR>[Called By]<UL><LI><a href="#[ac]">&gt;&gt;</a>&nbsp;&nbsp;&nbsp;ISO14443B_Init
</UL>

<P><STRONG><a name="[b1]"></a>ISO14443B_WriteARConfigB</STRONG> (Thumb, 46 bytes, Stack size 24 bytes, lib_iso14443bpcd.o(i.ISO14443B_WriteARConfigB))
<BR><BR>[Stack]<UL><LI>Max Depth = 912<LI>Call Chain = ISO14443B_WriteARConfigB &rArr; PCD_WriteRegister &rArr; drv95HF_SendReceive &rArr; drv95HF_SendSPICommand &rArr; SPI_SendReceiveBuffer &rArr; SPI_SendReceiveByte
</UL>
<BR>[Calls]<UL><LI><a href="#[8f]">&gt;&gt;</a>&nbsp;&nbsp;&nbsp;PCD_WriteRegister
</UL>
<BR>[Called By]<UL><LI><a href="#[ae]">&gt;&gt;</a>&nbsp;&nbsp;&nbsp;ISO14443B_WriteAndCheckARConfigB
</UL>

<P><STRONG><a name="[ae]"></a>ISO14443B_WriteAndCheckARConfigB</STRONG> (Thumb, 66 bytes, Stack size 16 bytes, lib_iso14443bpcd.o(i.ISO14443B_WriteAndCheckARConfigB))
<BR><BR>[Stack]<UL><LI>Max Depth = 928<LI>Call Chain = ISO14443B_WriteAndCheckARConfigB &rArr; ISO14443B_WriteARConfigB &rArr; PCD_WriteRegister &rArr; drv95HF_SendReceive &rArr; drv95HF_SendSPICommand &rArr; SPI_SendReceiveBuffer &rArr; SPI_SendReceiveByte
</UL>
<BR>[Calls]<UL><LI><a href="#[b1]">&gt;&gt;</a>&nbsp;&nbsp;&nbsp;ISO14443B_WriteARConfigB
<LI><a href="#[a8]">&gt;&gt;</a>&nbsp;&nbsp;&nbsp;ISO14443BReadARConfigB
</UL>
<BR>[Called By]<UL><LI><a href="#[ac]">&gt;&gt;</a>&nbsp;&nbsp;&nbsp;ISO14443B_Init
</UL>

<P><STRONG><a name="[b3]"></a>ISO15693_CreateRequestFlag</STRONG> (Thumb, 82 bytes, Stack size 28 bytes, lib_iso15693pcd.o(i.ISO15693_CreateRequestFlag))
<BR><BR>[Stack]<UL><LI>Max Depth = 28<LI>Call Chain = ISO15693_CreateRequestFlag
</UL>
<BR>[Called By]<UL><LI><a href="#[83]">&gt;&gt;</a>&nbsp;&nbsp;&nbsp;ISO15693_GetUID
</UL>

<P><STRONG><a name="[b6]"></a>ISO15693_GetSelectOrAFIFlag</STRONG> (Thumb, 16 bytes, Stack size 0 bytes, lib_iso15693pcd.o(i.ISO15693_GetSelectOrAFIFlag))
<BR><BR>[Called By]<UL><LI><a href="#[b4]">&gt;&gt;</a>&nbsp;&nbsp;&nbsp;ISO15693_Inventory
</UL>

<P><STRONG><a name="[b4]"></a>ISO15693_Inventory</STRONG> (Thumb, 302 bytes, Stack size 72 bytes, lib_iso15693pcd.o(i.ISO15693_Inventory))
<BR><BR>[Stack]<UL><LI>Max Depth = 952<LI>Call Chain = ISO15693_Inventory &rArr; PCD_SendRecv &rArr; drv95HF_SendReceive &rArr; drv95HF_SendSPICommand &rArr; SPI_SendReceiveBuffer &rArr; SPI_SendReceiveByte
</UL>
<BR>[Calls]<UL><LI><a href="#[b5]">&gt;&gt;</a>&nbsp;&nbsp;&nbsp;ISO15693_IsInventoryFlag
<LI><a href="#[b6]">&gt;&gt;</a>&nbsp;&nbsp;&nbsp;ISO15693_GetSelectOrAFIFlag
<LI><a href="#[a4]">&gt;&gt;</a>&nbsp;&nbsp;&nbsp;PCD_IsReaderResultCodeOk
<LI><a href="#[9a]">&gt;&gt;</a>&nbsp;&nbsp;&nbsp;PCD_SendRecv
</UL>
<BR>[Called By]<UL><LI><a href="#[83]">&gt;&gt;</a>&nbsp;&nbsp;&nbsp;ISO15693_GetUID
</UL>

<P><STRONG><a name="[b5]"></a>ISO15693_IsInventoryFlag</STRONG> (Thumb, 18 bytes, Stack size 0 bytes, lib_iso15693pcd.o(i.ISO15693_IsInventoryFlag))
<BR><BR>[Called By]<UL><LI><a href="#[b4]">&gt;&gt;</a>&nbsp;&nbsp;&nbsp;ISO15693_Inventory
</UL>

<P><STRONG><a name="[8d]"></a>FELICA_Init</STRONG> (Thumb, 130 bytes, Stack size 32 bytes, lib_iso18092pcd.o(i.FELICA_Init))
<BR><BR>[Stack]<UL><LI>Max Depth = 920<LI>Call Chain = FELICA_Init &rArr; PCD_WriteRegister &rArr; drv95HF_SendReceive &rArr; drv95HF_SendSPICommand &rArr; SPI_SendReceiveBuffer &rArr; SPI_SendReceiveByte
</UL>
<BR>[Calls]<UL><LI><a href="#[90]">&gt;&gt;</a>&nbsp;&nbsp;&nbsp;delay_us
<LI><a href="#[8f]">&gt;&gt;</a>&nbsp;&nbsp;&nbsp;PCD_WriteRegister
<LI><a href="#[8e]">&gt;&gt;</a>&nbsp;&nbsp;&nbsp;PCD_ProtocolSelect
</UL>
<BR>[Called By]<UL><LI><a href="#[7f]">&gt;&gt;</a>&nbsp;&nbsp;&nbsp;FELICA_Initialization
</UL>

<P><STRONG><a name="[92]"></a>FELICA_REQC</STRONG> (Thumb, 36 bytes, Stack size 8 bytes, lib_iso18092pcd.o(i.FELICA_REQC))
<BR><BR>[Stack]<UL><LI>Max Depth = 624<LI>Call Chain = FELICA_REQC &rArr; PCD_CheckSendReceive &rArr; drv95HF_SendReceive &rArr; drv95HF_SendSPICommand &rArr; SPI_SendReceiveBuffer &rArr; SPI_SendReceiveByte
</UL>
<BR>[Calls]<UL><LI><a href="#[94]">&gt;&gt;</a>&nbsp;&nbsp;&nbsp;PCD_CheckSendReceive
</UL>
<BR>[Called By]<UL><LI><a href="#[80]">&gt;&gt;</a>&nbsp;&nbsp;&nbsp;FELICA_IsPresent
</UL>

<P><STRONG><a name="[be]"></a>IsAnAvailableProtocol</STRONG> (Thumb, 40 bytes, Stack size 0 bytes, lib_pcd.o(i.IsAnAvailableProtocol))
<BR><BR>[Called By]<UL><LI><a href="#[8e]">&gt;&gt;</a>&nbsp;&nbsp;&nbsp;PCD_ProtocolSelect
</UL>

<P><STRONG><a name="[c7]"></a>SetSysClock</STRONG> (Thumb, 8 bytes, Stack size 8 bytes, system_stm32f10x.o(i.SetSysClock))
<BR><BR>[Stack]<UL><LI>Max Depth = 20<LI>Call Chain = SetSysClock &rArr; SetSysClockTo72
</UL>
<BR>[Calls]<UL><LI><a href="#[c8]">&gt;&gt;</a>&nbsp;&nbsp;&nbsp;SetSysClockTo72
</UL>
<BR>[Called By]<UL><LI><a href="#[3b]">&gt;&gt;</a>&nbsp;&nbsp;&nbsp;SystemInit
</UL>

<P><STRONG><a name="[c8]"></a>SetSysClockTo72</STRONG> (Thumb, 214 bytes, Stack size 12 bytes, system_stm32f10x.o(i.SetSysClockTo72))
<BR><BR>[Stack]<UL><LI>Max Depth = 12<LI>Call Chain = SetSysClockTo72
</UL>
<BR>[Called By]<UL><LI><a href="#[c7]">&gt;&gt;</a>&nbsp;&nbsp;&nbsp;SetSysClock
</UL>

<P><STRONG><a name="[12c]"></a>rt_id2obj</STRONG> (Thumb, 8 bytes, Stack size 0 bytes, rt_cmsis.o(i.rt_id2obj))
<BR><BR>[Called By]<UL><LI><a href="#[45]">&gt;&gt;</a>&nbsp;&nbsp;&nbsp;svcTimerCall
</UL>

<P><STRONG><a name="[127]"></a>rt_ms2tick</STRONG> (Thumb, 58 bytes, Stack size 0 bytes, rt_cmsis.o(i.rt_ms2tick))
<BR><BR>[Called By]<UL><LI><a href="#[41]">&gt;&gt;</a>&nbsp;&nbsp;&nbsp;svcMessageGet
</UL>

<P><STRONG><a name="[12b]"></a>rt_tid2ptcb</STRONG> (Thumb, 18 bytes, Stack size 0 bytes, rt_cmsis.o(i.rt_tid2ptcb))
<BR><BR>[Called By]<UL><LI><a href="#[44]">&gt;&gt;</a>&nbsp;&nbsp;&nbsp;svcThreadTerminate
</UL>

<P><STRONG><a name="[12d]"></a>rt_timer_insert</STRONG> (Thumb, 48 bytes, Stack size 12 bytes, rt_cmsis.o(i.rt_timer_insert))
<BR><BR>[Stack]<UL><LI>Max Depth = 12<LI>Call Chain = rt_timer_insert
</UL>
<BR>[Called By]<UL><LI><a href="#[11e]">&gt;&gt;</a>&nbsp;&nbsp;&nbsp;sysTimerTick
</UL>

<P><STRONG><a name="[10e]"></a>rt_init_context</STRONG> (Thumb, 66 bytes, Stack size 16 bytes, rt_task.o(i.rt_init_context))
<BR><BR>[Stack]<UL><LI>Max Depth = 32<LI>Call Chain = rt_init_context &rArr; rt_init_stack
</UL>
<BR>[Calls]<UL><LI><a href="#[10f]">&gt;&gt;</a>&nbsp;&nbsp;&nbsp;rt_init_stack
<LI><a href="#[39]">&gt;&gt;</a>&nbsp;&nbsp;&nbsp;rt_alloc_box
</UL>
<BR>[Called By]<UL><LI><a href="#[11f]">&gt;&gt;</a>&nbsp;&nbsp;&nbsp;rt_tsk_create
<LI><a href="#[118]">&gt;&gt;</a>&nbsp;&nbsp;&nbsp;rt_sys_init
</UL>
<P>
<H3>
Undefined Global Symbols
</H3><HR></body></html>
